Microchip MPLAB XC8 Compiler V2.32

Linker command line:

-W-3 --edf=C:\Program Files\Microchip\xc8\v2.32\pic\dat\en_msgs.txt \
  -pivt0x8=08h -cn -h+dist/default/production\ASB.X.production.sym \
  --cmf=dist/default/production\ASB.X.production.cmf -z -Q18F26Q84 \
  -oC:\Users\DAVIDJ\AppData\Local\Temp\xcAs748.4 --defsym=__MPLAB_BUILD=1 \
  -Mdist/default/production/ASB.X.production.map -E1 -ver=XC8 Compiler \
  --acfsm=1493 -ASTACK=062Eh-025FFh -pstack=STACK -ACODE=00h-0FFFFh \
  -ACONST=00h-0FFFFh -ASMALLCONST=02600h-026FFhx218 \
  -AMEDIUMCONST=02600h-0FFFFh -ACOMRAM=0501h-055Fh -AABS1=0500h-025FFh \
  -ABIGRAM=0501h-025FFh -ARAM=0560h-05FFh,0600h-06FFhx32 \
  -ABANK5=0560h-05FFh -ABANK6=0600h-06FFh -ABANK7=0700h-07FFh \
  -ABANK8=0800h-08FFh -ABANK9=0900h-09FFh -ABANK10=0A00h-0AFFh \
  -ABANK11=0B00h-0BFFh -ABANK12=0C00h-0CFFh -ABANK13=0D00h-0DFFh \
  -ABANK14=0E00h-0EFFh -ABANK15=0F00h-0FFFh -ABANK16=01000h-010FFh \
  -ABANK17=01100h-011FFh -ABANK18=01200h-012FFh -ABANK19=01300h-013FFh \
  -ABANK20=01400h-014FFh -ABANK21=01500h-015FFh -ABANK22=01600h-016FFh \
  -ABANK23=01700h-017FFh -ABANK24=01800h-018FFh -ABANK25=01900h-019FFh \
  -ABANK26=01A00h-01AFFh -ABANK27=01B00h-01BFFh -ABANK28=01C00h-01CFFh \
  -ABANK29=01D00h-01DFFh -ABANK30=01E00h-01EFFh -ABANK31=01F00h-01FFFh \
  -ABANK32=02000h-020FFh -ABANK33=02100h-021FFh -ABANK34=02200h-022FFh \
  -ABANK35=02300h-023FFh -ABANK36=02400h-024FFh -ABANK37=02500h-025FFh \
  -ASFR=00h-0FFhx4,0400h-045Fh,0460h-04FFh -ACONFIG=0300000h-0300023h \
  -AIDLOC=0200000h-020001Fh -AEEDATA=0380000h-03803FFh -peeprom_data=EEDATA \
  -preset_vec=00h -ppowerup=CODE,init -pramtop=02600h \
  -psmallconst=SMALLCONST -pmediumconst=MEDIUMCONST -pconst=CONST \
  -AFARRAM=00h-00h \
  -prdata=COMRAM,nvrram=COMRAM,nvbit=COMRAM,rbss=COMRAM,rbit=COMRAM \
  -pfarbss=FARRAM,fardata=FARRAM,nvFARRAM=FARRAM \
  -pintsave_regs=BIGRAM,bigbss=BIGRAM,bigdata=BIGRAM -pbss=RAM \
  -pidata=CODE,irdata=CODE,ibigdata=CODE,ifardata=CODE -prparam=COMRAM \
  C:\Users\DAVIDJ\AppData\Local\Temp\xcAs748.o \
  dist/default/production\ASB.X.production.o 

Object code version is 3.11

Machine type is 18F26Q84



                Name                               Link     Load   Length Selector   Space Scale
C:\Users\DAVIDJ\AppData\Local\Temp\xcAs748.o
                idloc                            200000   200000       20        0       5
                config                           300000   300000       24        0       4
                init                                 1A       1A        4        4       0
                reset_vec                             0        0        4        0       0
dist/default/production\ASB.X.production.o
                idloc                            200000   200000       20        0       5
                config                           300000   300000       24        0       4
                smallconst                         2600     2600        E     1300       0
                ivt0x8                                8        8       12        4       0
                text120                            5490     5490        2     1307       0
                text119                            548E     548E        2     1307       0
                text118                            548C     548C        2     1307       0
                text117                            548A     548A        2     1307       0
                text116                            5488     5488        2     1307       0
                text115                            5486     5486        2     1307       0
                text114                            5484     5484        2     1307       0
                text113                            3EA0     3EA0      156     1307       0
                text112                            5456     5456        6     1307       0
                text111                            4F3A     4F3A       32     1307       0
                text110                            5436     5436        A     1307       0
                text109                            2F90     2F90      44E     1307       0
                text108                            2AD0     2AD0      4C0     1307       0
                text107                            420C     420C      106     1307       0
                text106                            4B32     4B32       74     1307       0
                text105                            50D8     50D8       2A     1307       0
                text104                            3CEC     3CEC      1B4     1307       0
                text103                            33DE     33DE      2EA     1307       0
                text102                            4F08     4F08       32     1307       0
                text101                            5482     5482        2     1307       0
                text100                            4ED6     4ED6       32     1307       0
                text99                             5448     5448        8     1307       0
                text98                             5480     5480        2     1307       0
                text97                             5054     5054       2E     1307       0
                text96                             5440     5440        8     1307       0
                text95                             4C18     4C18       62     1307       0
                text94                             52A4     52A4       16     1307       0
                text93                             528E     528E       16     1307       0
                text92                             5200     5200       1A     1307       0
                text91                             5278     5278       16     1307       0
                text90                             524A     524A       18     1307       0
                text89                             542C     542C        A     1307       0
                text88                             4698     4698       D8     1307       0
                text87                             4D32     4D32       5A     1307       0
                text86                             36C8     36C8      246     1307       0
                text85                             4E66     4E66       3E     1307       0
                text84                             48C6     48C6       94     1307       0
                text83                             5152     5152       28     1307       0
                text82                             4312     4312       E8     1307       0
                text81                             4E28     4E28       3E     1307       0
                text80                             547E     547E        2     1307       0
                text79                             547C     547C        2     1307       0
                text78                             517A     517A       24     1307       0
                text77                             547A     547A        2     1307       0
                text76                             5478     5478        2     1307       0
                text75                             5476     5476        2     1307       0
                text74                             5026     5026       2E     1307       0
                text73                             4FF8     4FF8       2E     1307       0
                text72                             4770     4770       BE     1307       0
                text71                             5474     5474        2     1307       0
                text70                             5472     5472        2     1307       0
                text69                             4FCA     4FCA       2E     1307       0
                text68                             5326     5326        C     1307       0
                text67                             43FA     43FA       E6     1307       0
                text66                             546C     546C        4     1307       0
                text65                             530C     530C        E     1307       0
                text64                             52FE     52FE        E     1307       0
                text63                             3FF6     3FF6      10E     1307       0
                text62                             260E     260E      4C2     1307       0
                text61                             4104     4104      108     1307       0
                text60                             49D4     49D4       76     1307       0
                text59                             5082     5082       2C     1307       0
                text58                             3B34     3B34      1B8     1307       0
                text57                             45BC     45BC       DC     1307       0
                text56                             5468     5468        4     1307       0
                text55                             5464     5464        4     1307       0
                text54                             4CD6     4CD6       5C     1307       0
                text53                             531A     531A        C     1307       0
                text52                             51E2     51E2       1E     1307       0
                text51                             5460     5460        4     1307       0
                text50                             52F0     52F0        E     1307       0
                text49                             52E2     52E2        E     1307       0
                text48                             44E0     44E0       DC     1307       0
                text47                             5232     5232       18     1307       0
                text46                             5422     5422        A     1307       0
                text45                             5418     5418        A     1307       0
                text44                             540E     540E        A     1307       0
                text43                             5404     5404        A     1307       0
                text42                             53FA     53FA        A     1307       0
                text41                             53F0     53F0        A     1307       0
                text40                             390E     390E      226     1307       0
                text39                             52CE     52CE       14     1307       0
                text38                             53E6     53E6        A     1307       0
                text37                             53DC     53DC        A     1307       0
                text36                             53D2     53D2        A     1307       0
                text35                             53C8     53C8        A     1307       0
                text34                             53BE     53BE        A     1307       0
                text33                             53B4     53B4        A     1307       0
                text32                             53AA     53AA        A     1307       0
                text31                             495A     495A       7A     1307       0
                text30                             53A0     53A0        A     1307       0
                text29                             482E     482E       98     1307       0
                text28                             5396     5396        A     1307       0
                text27                             50AE     50AE       2A     1307       0
                text26                             51C0     51C0       22     1307       0
                text25                             4F9C     4F9C       2E     1307       0
                text24                             52BA     52BA       14     1307       0
                text23                             4C7A     4C7A       5C     1307       0
                text22                             538C     538C        A     1307       0
                text21                             5262     5262       16     1307       0
                text20                             545C     545C        4     1307       0
                text19                             521A     521A       18     1307       0
                text18                             4BA6     4BA6       72     1307       0
                text17                             512A     512A       28     1307       0
                text16                             5382     5382        A     1307       0
                text15                             5378     5378        A     1307       0
                text14                             536E     536E        A     1307       0
                text13                             4ABE     4ABE       74     1307       0
                text12                             5364     5364        A     1307       0
                text11                             535A     535A        A     1307       0
                text10                             5350     5350        A     1307       0
                text9                              4A4A     4A4A       74     1307       0
                text8                              5346     5346        A     1307       0
                text7                              5102     5102       28     1307       0
                text6                              533C     533C        A     1307       0
                text5                              4DE0     4DE0       48     1307       0
                text4                              5332     5332        A     1307       0
                text3                              4F6C     4F6C       30     1307       0
                text2                              4EA4     4EA4       32     1307       0
                text1                              5450     5450        6     1307       0
                text0                              519E     519E       22     1307       0
                cstackCOMRAM                        501      501       51      501       1
                cstackBANK5                         5B8      5B8       43      560       1
                bssBANK6                            61A      61A       14      600       1
                dataBANK5                           5FD      5FD        2      560       1
                bssBANK5                            560      560       58      560       1
                bssCOMRAM                           552      552        C      501       1
                cinit                              4D8C     4D8C       54     1307       0
                nvBANK6                             600      600       1A      600       1
                nvBANK5                             5FB      5FB        2      560       1
                idataBANK5                         5470     5470        2     1307       0

TOTAL           Name                               Link     Load   Length     Space
        CLASS   STACK          

        CLASS   CODE           
                init                                 1A       1A        4         0
                reset_vec                             0        0        4         0
                ivt0x8                                8        8       12         0
                text120                            5490     5490        2         0
                text119                            548E     548E        2         0
                text118                            548C     548C        2         0
                text117                            548A     548A        2         0
                text116                            5488     5488        2         0
                text115                            5486     5486        2         0
                text114                            5484     5484        2         0
                text113                            3EA0     3EA0      156         0
                text112                            5456     5456        6         0
                text111                            4F3A     4F3A       32         0
                text110                            5436     5436        A         0
                text109                            2F90     2F90      44E         0
                text108                            2AD0     2AD0      4C0         0
                text107                            420C     420C      106         0
                text106                            4B32     4B32       74         0
                text105                            50D8     50D8       2A         0
                text104                            3CEC     3CEC      1B4         0
                text103                            33DE     33DE      2EA         0
                text102                            4F08     4F08       32         0
                text101                            5482     5482        2         0
                text100                            4ED6     4ED6       32         0
                text99                             5448     5448        8         0
                text98                             5480     5480        2         0
                text97                             5054     5054       2E         0
                text96                             5440     5440        8         0
                text95                             4C18     4C18       62         0
                text94                             52A4     52A4       16         0
                text93                             528E     528E       16         0
                text92                             5200     5200       1A         0
                text91                             5278     5278       16         0
                text90                             524A     524A       18         0
                text89                             542C     542C        A         0
                text88                             4698     4698       D8         0
                text87                             4D32     4D32       5A         0
                text86                             36C8     36C8      246         0
                text85                             4E66     4E66       3E         0
                text84                             48C6     48C6       94         0
                text83                             5152     5152       28         0
                text82                             4312     4312       E8         0
                text81                             4E28     4E28       3E         0
                text80                             547E     547E        2         0
                text79                             547C     547C        2         0
                text78                             517A     517A       24         0
                text77                             547A     547A        2         0
                text76                             5478     5478        2         0
                text75                             5476     5476        2         0
                text74                             5026     5026       2E         0
                text73                             4FF8     4FF8       2E         0
                text72                             4770     4770       BE         0
                text71                             5474     5474        2         0
                text70                             5472     5472        2         0
                text69                             4FCA     4FCA       2E         0
                text68                             5326     5326        C         0
                text67                             43FA     43FA       E6         0
                text66                             546C     546C        4         0
                text65                             530C     530C        E         0
                text64                             52FE     52FE        E         0
                text63                             3FF6     3FF6      10E         0
                text62                             260E     260E      4C2         0
                text61                             4104     4104      108         0
                text60                             49D4     49D4       76         0
                text59                             5082     5082       2C         0
                text58                             3B34     3B34      1B8         0
                text57                             45BC     45BC       DC         0
                text56                             5468     5468        4         0
                text55                             5464     5464        4         0
                text54                             4CD6     4CD6       5C         0
                text53                             531A     531A        C         0
                text52                             51E2     51E2       1E         0
                text51                             5460     5460        4         0
                text50                             52F0     52F0        E         0
                text49                             52E2     52E2        E         0
                text48                             44E0     44E0       DC         0
                text47                             5232     5232       18         0
                text46                             5422     5422        A         0
                text45                             5418     5418        A         0
                text44                             540E     540E        A         0
                text43                             5404     5404        A         0
                text42                             53FA     53FA        A         0
                text41                             53F0     53F0        A         0
                text40                             390E     390E      226         0
                text39                             52CE     52CE       14         0
                text38                             53E6     53E6        A         0
                text37                             53DC     53DC        A         0
                text36                             53D2     53D2        A         0
                text35                             53C8     53C8        A         0
                text34                             53BE     53BE        A         0
                text33                             53B4     53B4        A         0
                text32                             53AA     53AA        A         0
                text31                             495A     495A       7A         0
                text30                             53A0     53A0        A         0
                text29                             482E     482E       98         0
                text28                             5396     5396        A         0
                text27                             50AE     50AE       2A         0
                text26                             51C0     51C0       22         0
                text25                             4F9C     4F9C       2E         0
                text24                             52BA     52BA       14         0
                text23                             4C7A     4C7A       5C         0
                text22                             538C     538C        A         0
                text21                             5262     5262       16         0
                text20                             545C     545C        4         0
                text19                             521A     521A       18         0
                text18                             4BA6     4BA6       72         0
                text17                             512A     512A       28         0
                text16                             5382     5382        A         0
                text15                             5378     5378        A         0
                text14                             536E     536E        A         0
                text13                             4ABE     4ABE       74         0
                text12                             5364     5364        A         0
                text11                             535A     535A        A         0
                text10                             5350     5350        A         0
                text9                              4A4A     4A4A       74         0
                text8                              5346     5346        A         0
                text7                              5102     5102       28         0
                text6                              533C     533C        A         0
                text5                              4DE0     4DE0       48         0
                text4                              5332     5332        A         0
                text3                              4F6C     4F6C       30         0
                text2                              4EA4     4EA4       32         0
                text1                              5450     5450        6         0
                text0                              519E     519E       22         0
                cinit                              4D8C     4D8C       54         0
                idataBANK5                         5470     5470        2         0

        CLASS   CONST          

        CLASS   SMALLCONST     
                smallconst                         2600     2600        E         0

        CLASS   MEDIUMCONST    

        CLASS   COMRAM         
                cstackCOMRAM                        501      501       51         1
                bssCOMRAM                           552      552        C         1

        CLASS   ABS1           

        CLASS   BIGRAM         

        CLASS   RAM            

        CLASS   BANK5          
                cstackBANK5                         5B8      5B8       43         1
                dataBANK5                           5FD      5FD        2         1
                bssBANK5                            560      560       58         1
                nvBANK5                             5FB      5FB        2         1

        CLASS   BANK6          
                bssBANK6                            61A      61A       14         1
                nvBANK6                             600      600       1A         1

        CLASS   BANK7          

        CLASS   BANK8          

        CLASS   BANK9          

        CLASS   BANK10         

        CLASS   BANK11         

        CLASS   BANK12         

        CLASS   BANK13         

        CLASS   BANK14         

        CLASS   BANK15         

        CLASS   BANK16         

        CLASS   BANK17         

        CLASS   BANK18         

        CLASS   BANK19         

        CLASS   BANK20         

        CLASS   BANK21         

        CLASS   BANK22         

        CLASS   BANK23         

        CLASS   BANK24         

        CLASS   BANK25         

        CLASS   BANK26         

        CLASS   BANK27         

        CLASS   BANK28         

        CLASS   BANK29         

        CLASS   BANK30         

        CLASS   BANK31         

        CLASS   BANK32         

        CLASS   BANK33         

        CLASS   BANK34         

        CLASS   BANK35         

        CLASS   BANK36         

        CLASS   BANK37         

        CLASS   SFR            

        CLASS   CONFIG         
                config                           300000   300000       24         4

        CLASS   IDLOC          
                idloc                            200000   200000       20         5

        CLASS   EEDATA         

        CLASS   FARRAM         



SEGMENTS        Name                           Load    Length   Top    Selector   Space  Class

                reset_vec                      000000  000004  000004         0       0  CODE    
                ivt0x8                         000008  000016  00001E         4       0  CODE    
                cstackCOMRAM                   000501  00005D  00055E       501       1  COMRAM  
                bssBANK5                       000560  00009F  0005FF       560       1  BANK5   
                nvBANK6                        000600  00002E  00062E       600       1  BANK6   
                smallconst                     002600  00000E  00260E      1300       0  SMALLCON
                text62                         00260E  002E84  005492      1307       0  CODE    


UNUSED ADDRESS RANGES

        Name                Unused          Largest block    Delta
        BANK10           000A00-000AFF              100
        BANK11           000B00-000BFF              100
        BANK12           000C00-000CFF              100
        BANK13           000D00-000DFF              100
        BANK14           000E00-000EFF              100
        BANK15           000F00-000FFF              100
        BANK16           001000-0010FF              100
        BANK17           001100-0011FF              100
        BANK18           001200-0012FF              100
        BANK19           001300-0013FF              100
        BANK20           001400-0014FF              100
        BANK21           001500-0015FF              100
        BANK22           001600-0016FF              100
        BANK23           001700-0017FF              100
        BANK24           001800-0018FF              100
        BANK25           001900-0019FF              100
        BANK26           001A00-001AFF              100
        BANK27           001B00-001BFF              100
        BANK28           001C00-001CFF              100
        BANK29           001D00-001DFF              100
        BANK30           001E00-001EFF              100
        BANK31           001F00-001FFF              100
        BANK32           002000-0020FF              100
        BANK33           002100-0021FF              100
        BANK34           002200-0022FF              100
        BANK35           002300-0023FF              100
        BANK36           002400-0024FF              100
        BANK37           002500-0025FF              100
        BANK5            0005FF-0005FF                1
        BANK6            00062E-0006FF               D2
        BANK7            000700-0007FF              100
        BANK8            000800-0008FF              100
        BANK9            000900-0009FF              100
        BIGRAM           00055E-00055F                2
                         0005FF-0005FF                1
                         00062E-0025FF             1FD2
        CODE             000004-000007                4
                         00001E-0025FF             25E2
                         005492-00FFFF             AB6E
        COMRAM           00055E-00055F                2
        CONST            000004-000007                4
                         00001E-0025FF             25E2
                         005492-00FFFF             AB6E
        EEDATA           380000-3803FF              400
        MEDIUMCONST      005492-00FFFF             AB6E
        RAM              0005FF-0005FF                1
                         00062E-0025FF              100
        SFR              000000-0004FF              100
        SMALLCONST       005492-00FFFF              100
        STACK            00062E-0025FF             1FD2

                                  Symbol Table

?_ADC_GetSingleConversion                                     cstackCOMRAM 000501
?___aldiv                                                     cstackBANK5  0005B8
?___fladd                                                     cstackBANK5  0005D4
?___flmul                                                     cstackCOMRAM 00050F
?___fltol                                                     cstackBANK5  0005E4
?___lwdiv                                                     cstackBANK5  0005B8
?___wmul                                                      cstackBANK5  0005BF
?___xxtofl                                                    cstackBANK5  0005C6
?i2___fladd                                                   cstackCOMRAM 000528
?i2___fltol                                                   cstackCOMRAM 000538
?i2___lwdiv                                                   cstackCOMRAM 000501
?i2___wmul                                                    cstackCOMRAM 000501
?i2___xxtofl                                                  cstackCOMRAM 000501
ADC_GetSingleConversion@channel                               cstackCOMRAM 000505
ADC_SelectContext@context                                     cstackCOMRAM 000501
ADC_SetADIInterruptHandler@InterruptHandler                   cstackBANK5  0005B8
ADC_SetActiveClockTuningInterruptHandler@InterruptHandler     cstackBANK5  0005B8
ADC_SetContext1ThresholdInterruptHandler@InterruptHandler     cstackBANK5  0005B8
ADC_SetContext2ThresholdInterruptHandler@InterruptHandler     cstackBANK5  0005B8
ADC_SetContext3ThresholdInterruptHandler@InterruptHandler     cstackBANK5  0005B8
ADC_SetContext4ThresholdInterruptHandler@InterruptHandler     cstackBANK5  0005B8
ANALOG_GetVoltage@ucEntradaAnalogica                          cstackCOMRAM 000544
ANALOG_GetVoltage@ucFlag                                      cstackCOMRAM 000548
ANALOG_GetVoltage@ucValor                                     cstackCOMRAM 000545
ANALOG_GetVoltage@uiValorAnalog                               cstackCOMRAM 000546
ANALOG_GetVoltage@uiValorCalculado                            cstackCOMRAM 00054B
ANALOG_GetVoltage@uiValorVoltage                              cstackCOMRAM 000549
CAN1_OperationModeSet@opMode                                  cstackBANK5  0005B8
CAN1_OperationModeSet@requestMode                             cstackBANK5  0005BA
CAN1_OperationModeSet@status                                  cstackBANK5  0005B9
CAN1_RX_FIFO_ResetInfo@index                                  cstackBANK5  0005B8
CAN1_SetBusErrorInterruptHandler@handler                      cstackBANK5  0005B8
CAN1_SetBusWakeUpActivityInterruptHandler@handler             cstackBANK5  0005B8
CAN1_SetFIFO1NotEmptyHandler@handler                          cstackBANK5  0005B8
CAN1_SetInvalidMessageInterruptHandler@handler                cstackBANK5  0005B8
CAN1_SetModeChangeInterruptHandler@handler                    cstackBANK5  0005B8
CAN1_SetRxBufferOverFlowInterruptHandler@handler              cstackBANK5  0005B8
CAN1_SetSystemErrorInterruptHandler@handler                   cstackBANK5  0005B8
CAN1_SetTxAttemptInterruptHandler@handler                     cstackBANK5  0005B8
CAN1_Transmit@fifoChannel                                     cstackCOMRAM 00051C
CAN1_Transmit@status                                          cstackCOMRAM 000519
CAN1_Transmit@txCanMsg                                        cstackCOMRAM 000517
CAN1_Transmit@txFifoObj                                       cstackCOMRAM 00051A
CAN1_TransmitFIFOStatusGet@fifoChannel                        cstackCOMRAM 000504
CAN1_TransmitFIFOStatusGet@status                             cstackCOMRAM 000503
CANWriteMessage@data1                                         cstackCOMRAM 000522
CANWriteMessage@data2                                         cstackCOMRAM 000523
CANWriteMessage@data3                                         cstackCOMRAM 000524
CANWriteMessage@data4                                         cstackCOMRAM 000525
CANWriteMessage@data5                                         cstackCOMRAM 000526
CANWriteMessage@data6                                         cstackCOMRAM 000527
CANWriteMessage@data7                                         cstackCOMRAM 000528
CANWriteMessage@data8                                         cstackCOMRAM 000529
CANWriteMessage@dataLength                                    cstackCOMRAM 000521
CANWriteMessage@id                                            cstackCOMRAM 00051D
EBS_Watchdog@ucWDState                                        cstackBANK5  0005FA
GPIO_PWM1_Control@uiConvertedDC                               cstackBANK5  0005F6
GPIO_PWM1_Control@uiConvertedPeriod                           cstackBANK5  0005F4
GPIO_PWM1_Control@uiDutyCycle                                 cstackBANK5  0005EE
GPIO_PWM1_Control@uiFreq                                      cstackBANK5  0005F0
GPIO_PWM2_Control@uiConvertedDC                               cstackBANK5  0005F6
GPIO_PWM2_Control@uiConvertedPeriod                           cstackBANK5  0005F4
GPIO_PWM2_Control@uiDutyCycle                                 cstackBANK5  0005EE
GPIO_PWM2_Control@uiFreq                                      cstackBANK5  0005F0
GetTxFifoStatus@validChannel                                  cstackCOMRAM 000501
INT0_SetInterruptHandler@InterruptHandler                     cstackBANK5  0005B8
IVTBASEH                                                      (abs)        00045E
IVTBASEL                                                      (abs)        00045D
IVTBASEU                                                      (abs)        00045F
PWM1_16BIT_Period_SetInterruptHandler@InterruptHandler        cstackBANK5  0005B8
PWM1_16BIT_SetSlice1Output1DutyCycleRegister@registerValue    cstackBANK5  0005B8
PWM1_16BIT_Slice1Output1_SetInterruptHandler@InterruptHandler cstackBANK5  0005B8
PWM1_16BIT_Slice1Output2_SetInterruptHandler@InterruptHandler cstackBANK5  0005B8
PWM1_16BIT_WritePeriodRegister@periodCount                    cstackBANK5  0005B8
PWM2_16BIT_Period_SetInterruptHandler@InterruptHandler        cstackBANK5  0005B8
PWM2_16BIT_SetSlice1Output1DutyCycleRegister@registerValue    cstackBANK5  0005B8
PWM2_16BIT_Slice1Output1_SetInterruptHandler@InterruptHandler cstackBANK5  0005B8
PWM2_16BIT_Slice1Output2_SetInterruptHandler@InterruptHandler cstackBANK5  0005B8
PWM2_16BIT_WritePeriodRegister@periodCount                    cstackBANK5  0005B8
TMR0_SetInterruptHandler@InterruptHandler                     cstackBANK5  0005B8
TMR1_SetInterruptHandler@InterruptHandler                     cstackBANK5  0005B8
TMR1_WriteTimer@timerVal                                      cstackCOMRAM 000501
TMR2_SetInterruptHandler@InterruptHandler                     cstackBANK5  0005B8
ValidateTransmission@field                                    cstackCOMRAM 000509
ValidateTransmission@txCanMsg                                 cstackCOMRAM 000502
ValidateTransmission@txMsgStatus                              cstackCOMRAM 000508
ValidateTransmission@validChannel                             cstackCOMRAM 000507
WriteMessageToFifo@msgId                                      cstackCOMRAM 000513
WriteMessageToFifo@status                                     cstackCOMRAM 000512
WriteMessageToFifo@txCanMsg                                   cstackCOMRAM 00050E
WriteMessageToFifo@txFifoObj                                  cstackCOMRAM 00050C
_ADACCH                                                       (abs)        0003E4
_ADACCL                                                       (abs)        0003E3
_ADACCU                                                       (abs)        0003E5
_ADACQH                                                       (abs)        0003EF
_ADACQL                                                       (abs)        0003EE
_ADACT                                                        (abs)        0003F9
_ADACTPPS                                                     (abs)        000269
_ADCAP                                                        (abs)        0003F0
_ADCLK                                                        (abs)        0003FA
_ADCNT                                                        (abs)        0003E6
_ADCON0                                                       (abs)        0003F3
_ADCON0bits                                                   (abs)        0003F3
_ADCON1                                                       (abs)        0003F4
_ADCON1bits                                                   (abs)        0003F4
_ADCON2                                                       (abs)        0003F5
_ADCON2bits                                                   (abs)        0003F5
_ADCON3                                                       (abs)        0003F6
_ADCON3bits                                                   (abs)        0003F6
_ADCP                                                         (abs)        0003D8
_ADCPbits                                                     (abs)        0003D8
_ADCSEL1                                                      (abs)        0003FC
_ADCSEL1bits                                                  (abs)        0003FC
_ADCSEL2                                                      (abs)        0003FD
_ADCSEL2bits                                                  (abs)        0003FD
_ADCSEL3                                                      (abs)        0003FE
_ADCSEL3bits                                                  (abs)        0003FE
_ADCSEL4                                                      (abs)        0003FF
_ADCSEL4bits                                                  (abs)        0003FF
_ADCTX                                                        (abs)        0003FB
_ADC_ActiveClockTuning_ISR                                    nvBANK6      00060C
_ADC_Context1Thereshld_ISR                                    nvBANK6      000614
_ADC_Context2Thereshld_ISR                                    nvBANK6      000612
_ADC_Context3Thereshld_ISR                                    nvBANK6      000610
_ADC_Context4Thereshld_ISR                                    nvBANK6      00060E
_ADC_ConversionComplete_ISR                                   nvBANK6      000616
_ADC_DefaultADI_ISR                                           (abs)        000000
_ADC_DefaultActiveClockTuning_ISR                             (abs)        000000
_ADC_DefaultContext1Threshold_ISR                             (abs)        000000
_ADC_DefaultContext2Threshold_ISR                             (abs)        000000
_ADC_DefaultContext3Threshold_ISR                             (abs)        000000
_ADC_DefaultContext4Threshold_ISR                             (abs)        000000
_ADC_DisableChannelSequencer                                  text112      005456
_ADC_GetSingleConversion                                      text111      004F3A
_ADC_Initialize                                               text40       00390E
_ADC_SelectContext                                            text110      005436
_ADC_SetADIInterruptHandler                                   text46       005422
_ADC_SetActiveClockTuningInterruptHandler                     text45       005418
_ADC_SetContext1ThresholdInterruptHandler                     text44       00540E
_ADC_SetContext2ThresholdInterruptHandler                     text43       005404
_ADC_SetContext3ThresholdInterruptHandler                     text42       0053FA
_ADC_SetContext4ThresholdInterruptHandler                     text41       0053F0
_ADERRH                                                       (abs)        0003DE
_ADERRL                                                       (abs)        0003DD
_ADFLTRH                                                      (abs)        0003E2
_ADFLTRL                                                      (abs)        0003E1
_ADLTHH                                                       (abs)        0003DA
_ADLTHL                                                       (abs)        0003D9
_ADPCH                                                        (abs)        0003EC
_ADPREH                                                       (abs)        0003F2
_ADPREL                                                       (abs)        0003F1
_ADPREVH                                                      (abs)        0003E9
_ADPREVL                                                      (abs)        0003E8
_ADREF                                                        (abs)        0003F8
_ADRESH                                                       (abs)        0003EB
_ADRESL                                                       (abs)        0003EA
_ADRPT                                                        (abs)        0003E7
_ADSTAT                                                       (abs)        0003F7
_ADSTATbits                                                   (abs)        0003F7
_ADSTPTH                                                      (abs)        0003E0
_ADSTPTL                                                      (abs)        0003DF
_ADUTHH                                                       (abs)        0003DC
_ADUTHL                                                       (abs)        0003DB
_ANALOG_GetVoltage                                            text103      0033DE
_ANALOG_RedAll                                                text95       004C18
_ANSELA                                                       (abs)        000400
_ANSELAbits                                                   (abs)        000400
_ANSELB                                                       (abs)        000408
_ANSELC                                                       (abs)        000410
_ANSELCbits                                                   (abs)        000410
_C1CONH                                                       (abs)        000101
_C1CONHbits                                                   (abs)        000101
_C1CONL                                                       (abs)        000100
_C1CONTbits                                                   (abs)        000103
_C1CONU                                                       (abs)        000102
_C1CONUbits                                                   (abs)        000102
_C1FIFOBA                                                     (abs)        00014C
_C1FIFOCON1H                                                  (abs)        00015D
_C1FIFOCON1L                                                  (abs)        00015C
_C1FIFOCON1T                                                  (abs)        00015F
_C1FIFOCON1U                                                  (abs)        00015E
_C1FIFOSTA1Lbits                                              (abs)        000160
_C1FLTCON0H                                                   (abs)        000181
_C1FLTOBJ1H                                                   (abs)        000195
_C1FLTOBJ1L                                                   (abs)        000194
_C1FLTOBJ1T                                                   (abs)        000197
_C1FLTOBJ1U                                                   (abs)        000196
_C1INTH                                                       (abs)        00011D
_C1INTHbits                                                   (abs)        00011D
_C1INTL                                                       (abs)        00011C
_C1INTLbits                                                   (abs)        00011C
_C1INTT                                                       (abs)        00011F
_C1INTTbits                                                   (abs)        00011F
_C1INTU                                                       (abs)        00011E
_C1INTUbits                                                   (abs)        00011E
_C1MASK1H                                                     (abs)        000199
_C1MASK1L                                                     (abs)        000198
_C1MASK1T                                                     (abs)        00019B
_C1MASK1U                                                     (abs)        00019A
_C1NBTCFGH                                                    (abs)        000105
_C1NBTCFGL                                                    (abs)        000104
_C1NBTCFGT                                                    (abs)        000107
_C1NBTCFGU                                                    (abs)        000106
_C1TRECUbits                                                  (abs)        000136
_C1TXQCONH                                                    (abs)        000151
_C1TXQCONL                                                    (abs)        000150
_C1TXQCONT                                                    (abs)        000153
_C1TXQCONU                                                    (abs)        000152
_C1TXQSTALbits                                                (abs)        000154
_CAN1_BitRateConfiguration                                    text39       0052CE
_CAN1_BusErrorHandler                                         bssBANK5     000582
_CAN1_BusWakeUpActivityHandler                                bssBANK5     000584
_CAN1_ErrorNotificationInterruptEnable                        text31       00495A
_CAN1_FIFO1NotEmptyHandler                                    bssBANK5     000588
_CAN1_ISR                                                     text113      003EA0
_CAN1_Initialize                                              text23       004C7A
_CAN1_InvalidMessageHandler                                   bssBANK5     000586
_CAN1_IsBusOff                                                text94       0052A4
_CAN1_IsTxErrorActive                                         text92       005200
_CAN1_IsTxErrorPassive                                        text93       00528E
_CAN1_IsTxErrorWarning                                        text91       005278
_CAN1_ModeChangeHandler                                       bssBANK5     000580
_CAN1_OperationModeGet                                        text30       0053A0
_CAN1_OperationModeSet                                        text29       00482E
_CAN1_RX_FIFO_Configuration                                   text27       0050AE
_CAN1_RX_FIFO_FilterMaskConfiguration                         text26       0051C0
_CAN1_RX_FIFO_ResetInfo                                       text25       004F9C
_CAN1_RxBufferOverflowHandler                                 bssBANK5     00057A
_CAN1_SetBusErrorInterruptHandler                             text38       0053E6
_CAN1_SetBusWakeUpActivityInterruptHandler                    text37       0053DC
_CAN1_SetFIFO1NotEmptyHandler                                 text28       005396
_CAN1_SetInvalidMessageInterruptHandler                       text36       0053D2
_CAN1_SetModeChangeInterruptHandler                           text35       0053C8
_CAN1_SetRxBufferOverFlowInterruptHandler                     text34       0053BE
_CAN1_SetSystemErrorInterruptHandler                          text33       0053B4
_CAN1_SetTxAttemptInterruptHandler                            text32       0053AA
_CAN1_SystemErrorHandler                                      bssBANK5     00057E
_CAN1_TX_FIFO_Configuration                                   text24       0052BA
_CAN1_Transmit                                                text84       0048C6
_CAN1_TransmitFIFOStatusGet                                   text83       005152
_CAN1_TxAttemptHandler                                        bssBANK5     00057C
_CANDATAdata                                                  bssBANK6     00061E
_CANRXPPS                                                     (abs)        00023D
_CANWriteMessage                                              text82       004312
_DLC_BYTES                                                    smallconst   002601
_DefaultBusErrorHandler                                       text120      005490
_DefaultBusWakeUpActivityHandler                              text119      00548E
_DefaultFIFO1NotEmptyHandler                                  (abs)        000000
_DefaultInvalidMessageHandler                                 text118      00548C
_DefaultModeChangeHandler                                     text117      00548A
_DefaultRxBufferOverflowHandler                               text116      005488
_DefaultSystemErrorHandler                                    text115      005486
_DefaultTxAttemptHandler                                      text114      005484
_EBS_Init                                                     text53       00531A
_EBS_Watchdog                                                 text54       004CD6
_EXT_INT_Initialize                                           text21       005262
_GPIO_BrakePedalAtRest                                        text102      004F08
_GPIO_Init                                                    text52       0051E2
_GPIO_PWM1_Control                                            text48       0044E0
_GPIO_PWM2_Control                                            text57       0045BC
_GetTxFifoStatus                                              text90       00524A
_HDRPRES_max                                                  bssCOMRAM    000555
_HDRPRES_min                                                  bssCOMRAM    000556
_INLVLA                                                       (abs)        000404
_INLVLB                                                       (abs)        00040C
_INLVLC                                                       (abs)        000414
_INLVLE                                                       (abs)        000424
_INT0PPS                                                      (abs)        00023E
_INT0_CallBack                                                text100      004ED6
_INT0_DefaultInterruptHandler                                 text101      005482
_INT0_ISR                                                     text99       005448
_INT0_InterruptHandler                                        nvBANK6      000618
_INT0_SetInterruptHandler                                     text22       00538C
_INTCON0bits                                                  (abs)        0004D6
_INTERRUPT_Initialize                                         text20       00545C
_INTERRUPT_InterruptManager                                   text67       0043FA
_LATA                                                         (abs)        0004BE
_LATAbits                                                     (abs)        0004BE
_LATB                                                         (abs)        0004BF
_LATBbits                                                     (abs)        0004BF
_LATC                                                         (abs)        0004C0
_NPRES_max                                                    bssBANK5     000590
_NPRES_min                                                    bssCOMRAM    000554
_ODCONA                                                       (abs)        000402
_ODCONB                                                       (abs)        00040A
_ODCONC                                                       (abs)        000412
_OSCCON1                                                      (abs)        0000AD
_OSCCON3                                                      (abs)        0000AF
_OSCEN                                                        (abs)        0000B3
_OSCFRQ                                                       (abs)        0000B1
_OSCILLATOR_Initialize                                        text19       00521A
_OSCTUNE                                                      (abs)        0000B0
_PIE0bits                                                     (abs)        00049E
_PIE1bits                                                     (abs)        00049F
_PIE3bits                                                     (abs)        0004A1
_PIE4bits                                                     (abs)        0004A2
_PIE5bits                                                     (abs)        0004A3
_PIN_MANAGER_Initialize                                       text18       004BA6
_PIR0bits                                                     (abs)        0004AE
_PIR1bits                                                     (abs)        0004AF
_PIR2bits                                                     (abs)        0004B0
_PIR3bits                                                     (abs)        0004B1
_PIR4bits                                                     (abs)        0004B2
_PIR5bits                                                     (abs)        0004B3
_PMD0                                                         (abs)        000060
_PMD1                                                         (abs)        000061
_PMD2                                                         (abs)        000062
_PMD3                                                         (abs)        000063
_PMD4                                                         (abs)        000064
_PMD5                                                         (abs)        000065
_PMD6                                                         (abs)        000066
_PMD7                                                         (abs)        000067
_PMD8                                                         (abs)        000068
_PMD_Initialize                                               text17       00512A
_PORTAbits                                                    (abs)        0004CE
_PORTCbits                                                    (abs)        0004D0
_PR2                                                          (abs)        000323
_PWM1CLK                                                      (abs)        000461
_PWM1CON                                                      (abs)        000469
_PWM1CONbits                                                  (abs)        000469
_PWM1CPRE                                                     (abs)        000465
_PWM1ERS                                                      (abs)        000460
_PWM1GIE                                                      (abs)        000468
_PWM1GIEbits                                                  (abs)        000468
_PWM1GIR                                                      (abs)        000467
_PWM1GIRbits                                                  (abs)        000467
_PWM1LDS                                                      (abs)        000462
_PWM1PIPOS                                                    (abs)        000466
_PWM1PRH                                                      (abs)        000464
_PWM1PRL                                                      (abs)        000463
_PWM1S1CFG                                                    (abs)        00046A
_PWM1S1P1H                                                    (abs)        00046C
_PWM1S1P1L                                                    (abs)        00046B
_PWM1S1P2H                                                    (abs)        00046E
_PWM1S1P2L                                                    (abs)        00046D
_PWM1_16BIT_Initialize                                        text13       004ABE
_PWM1_16BIT_LoadBufferRegisters                               text51       005460
_PWM1_16BIT_Period_DefaultInterruptHandler                    (abs)        000000
_PWM1_16BIT_Period_InterruptHandler                           bssBANK5     00058A
_PWM1_16BIT_Period_SetInterruptHandler                        text16       005382
_PWM1_16BIT_SetSlice1Output1DutyCycleRegister                 text50       0052F0
_PWM1_16BIT_Slice1Output1_DefaultInterruptHandler             (abs)        000000
_PWM1_16BIT_Slice1Output1_InterruptHandler                    bssBANK5     00058E
_PWM1_16BIT_Slice1Output1_SetInterruptHandler                 text15       005378
_PWM1_16BIT_Slice1Output2_DefaultInterruptHandler             (abs)        000000
_PWM1_16BIT_Slice1Output2_InterruptHandler                    bssBANK5     00058C
_PWM1_16BIT_Slice1Output2_SetInterruptHandler                 text14       00536E
_PWM1_16BIT_WritePeriodRegister                               text49       0052E2
_PWM2CLK                                                      (abs)        000470
_PWM2CON                                                      (abs)        000478
_PWM2CONbits                                                  (abs)        000478
_PWM2CPRE                                                     (abs)        000474
_PWM2ERS                                                      (abs)        00046F
_PWM2GIE                                                      (abs)        000477
_PWM2GIEbits                                                  (abs)        000477
_PWM2GIR                                                      (abs)        000476
_PWM2GIRbits                                                  (abs)        000476
_PWM2LDS                                                      (abs)        000471
_PWM2PIPOS                                                    (abs)        000475
_PWM2PRH                                                      (abs)        000473
_PWM2PRL                                                      (abs)        000472
_PWM2S1CFG                                                    (abs)        000479
_PWM2S1P1H                                                    (abs)        00047B
_PWM2S1P1L                                                    (abs)        00047A
_PWM2S1P2H                                                    (abs)        00047D
_PWM2S1P2L                                                    (abs)        00047C
_PWM2_16BIT_Disable                                           text56       005468
_PWM2_16BIT_Enable                                            text55       005464
_PWM2_16BIT_Initialize                                        text9        004A4A
_PWM2_16BIT_LoadBufferRegisters                               text66       00546C
_PWM2_16BIT_Period_DefaultInterruptHandler                    (abs)        000000
_PWM2_16BIT_Period_InterruptHandler                           nvBANK6      000606
_PWM2_16BIT_Period_SetInterruptHandler                        text12       005364
_PWM2_16BIT_SetSlice1Output1DutyCycleRegister                 text65       00530C
_PWM2_16BIT_Slice1Output1_DefaultInterruptHandler             (abs)        000000
_PWM2_16BIT_Slice1Output1_InterruptHandler                    nvBANK6      00060A
_PWM2_16BIT_Slice1Output1_SetInterruptHandler                 text11       00535A
_PWM2_16BIT_Slice1Output2_DefaultInterruptHandler             (abs)        000000
_PWM2_16BIT_Slice1Output2_InterruptHandler                    nvBANK6      000608
_PWM2_16BIT_Slice1Output2_SetInterruptHandler                 text10       005350
_PWM2_16BIT_WritePeriodRegister                               text64       0052FE
_RB4PPS                                                       (abs)        00020D
_RC0PPS                                                       (abs)        000211
_RC1PPS                                                       (abs)        000212
_SERVICEBRAKE_Init                                            text47       005232
_SLRCONA                                                      (abs)        000403
_SLRCONB                                                      (abs)        00040B
_SLRCONC                                                      (abs)        000413
_SYSTEM_Initialize                                            text2        004EA4
_T0CON0                                                       (abs)        00031A
_T0CON0bits                                                   (abs)        00031A
_T0CON1                                                       (abs)        00031B
_T1CLK                                                        (abs)        000321
_T1CON                                                        (abs)        00031E
_T1CONbits                                                    (abs)        00031E
_T1GATE                                                       (abs)        000320
_T1GCON                                                       (abs)        00031F
_T1GCONbits                                                   (abs)        00031F
_T2CLKCON                                                     (abs)        000326
_T2CON                                                        (abs)        000324
_T2CONbits                                                    (abs)        000324
_T2HLT                                                        (abs)        000325
_T2HLTbits                                                    (abs)        000325
_T2PR                                                         (abs)        000323
_T2RST                                                        (abs)        000327
_T2RSTbits                                                    (abs)        000327
_T2TMR                                                        (abs)        000322
_TEMPORIZATION_100ms                                          text81       004E28
_TEMPORIZATION_10ms                                           text71       005474
_TEMPORIZATION_10s                                            text80       00547E
_TEMPORIZATION_1mins                                          text79       00547C
_TEMPORIZATION_1s                                             text78       00517A
_TEMPORIZATION_30s                                            text77       00547A
_TEMPORIZATION_500ms                                          text76       005478
_TMR0H                                                        (abs)        000319
_TMR0L                                                        (abs)        000318
_TMR0_CallBack                                                text97       005054
_TMR0_DefaultInterruptHandler                                 text98       005480
_TMR0_ISR                                                     text96       005440
_TMR0_Initialize                                              text7        005102
_TMR0_InterruptHandler                                        nvBANK6      000600
_TMR0_SetInterruptHandler                                     text8        005346
_TMR0_StopTimer                                               text1        005450
_TMR1H                                                        (abs)        00031D
_TMR1L                                                        (abs)        00031C
_TMR1_CallBack                                                text74       005026
_TMR1_DefaultInterruptHandler                                 text75       005476
_TMR1_ISR                                                     text72       004770
_TMR1_Initialize                                              text5        004DE0
_TMR1_InterruptHandler                                        nvBANK6      000604
_TMR1_SetInterruptHandler                                     text6        00533C
_TMR1_WriteTimer                                              text73       004FF8
_TMR2                                                         (abs)        000322
_TMR2_CallBack                                                text69       004FCA
_TMR2_DefaultInterruptHandler                                 text70       005472
_TMR2_ISR                                                     text68       005326
_TMR2_Initialize                                              text3        004F6C
_TMR2_InterruptHandler                                        nvBANK6      000602
_TMR2_SetInterruptHandler                                     text4        005332
_TRISA                                                        (abs)        0004C6
_TRISAbits                                                    (abs)        0004C6
_TRISB                                                        (abs)        0004C7
_TRISBbits                                                    (abs)        0004C7
_TRISC                                                        (abs)        0004C8
_TRISCbits                                                    (abs)        0004C8
_TRISE                                                        (abs)        0004CA
_ValidateTransmission                                         text88       004698
_WPUA                                                         (abs)        000401
_WPUB                                                         (abs)        000409
_WPUC                                                         (abs)        000411
_WPUE                                                         (abs)        000421
_WriteMessageToFifo                                           text86       0036C8
__HRAM                                                        (abs)        000000
__Habs1                                                       abs1         000000
__Hbank10                                                     bank10       000000
__Hbank11                                                     bank11       000000
__Hbank12                                                     bank12       000000
__Hbank13                                                     bank13       000000
__Hbank14                                                     bank14       000000
__Hbank15                                                     bank15       000000
__Hbank16                                                     bank16       000000
__Hbank17                                                     bank17       000000
__Hbank18                                                     bank18       000000
__Hbank19                                                     bank19       000000
__Hbank20                                                     bank20       000000
__Hbank21                                                     bank21       000000
__Hbank22                                                     bank22       000000
__Hbank23                                                     bank23       000000
__Hbank24                                                     bank24       000000
__Hbank25                                                     bank25       000000
__Hbank26                                                     bank26       000000
__Hbank27                                                     bank27       000000
__Hbank28                                                     bank28       000000
__Hbank29                                                     bank29       000000
__Hbank30                                                     bank30       000000
__Hbank31                                                     bank31       000000
__Hbank32                                                     bank32       000000
__Hbank33                                                     bank33       000000
__Hbank34                                                     bank34       000000
__Hbank35                                                     bank35       000000
__Hbank36                                                     bank36       000000
__Hbank37                                                     bank37       000000
__Hbank5                                                      bank5        000000
__Hbank6                                                      bank6        000000
__Hbank7                                                      bank7        000000
__Hbank8                                                      bank8        000000
__Hbank9                                                      bank9        000000
__Hbigbss                                                     bigbss       000000
__Hbigdata                                                    bigdata      000000
__Hbigram                                                     bigram       000000
__Hbss                                                        bss          000000
__HbssBANK5                                                   bssBANK5     000000
__HbssBANK6                                                   bssBANK6     000000
__HbssCOMRAM                                                  bssCOMRAM    000000
__Hcinit                                                      cinit        000000
__Hclrtext                                                    clrtext      000000
__Hcomram                                                     comram       000000
__Hconfig                                                     config       300024
__Hconst                                                      const        000000
__HcstackBANK5                                                cstackBANK5  000000
__HcstackCOMRAM                                               cstackCOMRAM 000000
__Hdata                                                       data         000000
__HdataBANK5                                                  dataBANK5    000000
__Heeprom_data                                                eeprom_data  000000
__Hfarbss                                                     farbss       000000
__Hfardata                                                    fardata      000000
__Hibigdata                                                   ibigdata     000000
__Hidata                                                      idata        000000
__HidataBANK5                                                 idataBANK5   000000
__Hidloc                                                      idloc        200020
__Hifardata                                                   ifardata     000000
__Hinit                                                       init         00001E
__Hintsave_regs                                               intsave_regs 000000
__Hirdata                                                     irdata       000000
__Hivt0x8                                                     ivt0x8       00001A
__Hmediumconst                                                mediumconst  000000
__HnvBANK5                                                    nvBANK5      000000
__HnvBANK6                                                    nvBANK6      000000
__HnvFARRAM                                                   nvFARRAM     000000
__Hnvbit                                                      nvbit        000000
__Hnvrram                                                     nvrram       000000
__Hparam                                                      rparam       000000
__Hpowerup                                                    powerup      000000
__Hram                                                        ram          000000
__Hramtop                                                     ramtop       002600
__Hrbit                                                       rbit         000000
__Hrbss                                                       rbss         000000
__Hrdata                                                      rdata        000000
__Hreset_vec                                                  reset_vec    000004
__Hrparam                                                     rparam       000000
__Hsfr                                                        sfr          000000
__Hsmallconst                                                 smallconst   00260E
__Hspace_0                                                    (abs)        005492
__Hspace_1                                                    (abs)        00062E
__Hspace_2                                                    (abs)        000000
__Hspace_4                                                    (abs)        600024
__Hstack                                                      stack        000000
__Hstruct                                                     struct       000000
__Htemp                                                       temp         000000
__Htext                                                       text         000000
__Htext0                                                      text0        000000
__Htext1                                                      text1        000000
__Htext10                                                     text10       000000
__Htext100                                                    text100      000000
__Htext101                                                    text101      000000
__Htext102                                                    text102      000000
__Htext103                                                    text103      000000
__Htext104                                                    text104      000000
__Htext105                                                    text105      000000
__Htext106                                                    text106      000000
__Htext107                                                    text107      000000
__Htext108                                                    text108      000000
__Htext109                                                    text109      000000
__Htext11                                                     text11       000000
__Htext110                                                    text110      000000
__Htext111                                                    text111      000000
__Htext112                                                    text112      000000
__Htext113                                                    text113      000000
__Htext114                                                    text114      000000
__Htext115                                                    text115      000000
__Htext116                                                    text116      000000
__Htext117                                                    text117      000000
__Htext118                                                    text118      000000
__Htext119                                                    text119      000000
__Htext12                                                     text12       000000
__Htext120                                                    text120      000000
__Htext121                                                    text121      000000
__Htext13                                                     text13       000000
__Htext14                                                     text14       000000
__Htext15                                                     text15       000000
__Htext16                                                     text16       000000
__Htext17                                                     text17       000000
__Htext18                                                     text18       000000
__Htext19                                                     text19       000000
__Htext2                                                      text2        000000
__Htext20                                                     text20       000000
__Htext21                                                     text21       000000
__Htext22                                                     text22       000000
__Htext23                                                     text23       000000
__Htext24                                                     text24       000000
__Htext25                                                     text25       000000
__Htext26                                                     text26       000000
__Htext27                                                     text27       000000
__Htext28                                                     text28       000000
__Htext29                                                     text29       000000
__Htext3                                                      text3        000000
__Htext30                                                     text30       000000
[...]
__size_of_TMR2_CallBack                                       (abs)        000000
__size_of_TMR2_DefaultInterruptHandler                        (abs)        000000
__size_of_TMR2_ISR                                            (abs)        000000
__size_of_TMR2_Initialize                                     (abs)        000000
__size_of_TMR2_SetInterruptHandler                            (abs)        000000
__size_of_ValidateTransmission                                (abs)        000000
__size_of_WriteMessageToFifo                                  (abs)        000000
__size_of___aldiv                                             (abs)        000000
__size_of___fladd                                             (abs)        000000
__size_of___flmul                                             (abs)        000000
__size_of___fltol                                             (abs)        000000
__size_of___lwdiv                                             (abs)        000000
__size_of___wmul                                              (abs)        000000
__size_of___xxtofl                                            (abs)        000000
__size_of_isTxChannel                                         (abs)        000000
__size_of_main                                                (abs)        000000
__size_of_memcpy                                              (abs)        000000
__size_ofi2_CAN1_OperationModeGet                             (abs)        000000
__size_ofi2___fladd                                           (abs)        000000
__size_ofi2___fltol                                           (abs)        000000
__size_ofi2___lwdiv                                           (abs)        000000
__size_ofi2___wmul                                            (abs)        000000
__size_ofi2___xxtofl                                          (abs)        000000
__smallconst                                                  smallconst   002600
_isTxChannel                                                  text85       004E66
_isTxChannel$1956                                             cstackCOMRAM 000501
_main                                                         text0        00519E
_memcpy                                                       text87       004D32
_msgReceipt                                                   bssBANK5     0005AA
_msgTransmit                                                  bssBANK5     0005B1
_rxFifos                                                      dataBANK5    0005FD
_rxMsgData                                                    bssBANK6     000626
_timer1ReloadVal                                              nvBANK5      0005FB
_ucAMI_state                                                  bssBANK5     0005A3
_ucAN1                                                        bssBANK5     000562
_ucAN2                                                        bssBANK5     000560
_ucASBState                                                   bssBANK5     000596
_ucASRequesState                                              bssCOMRAM    000558
_ucAS_state                                                   bssBANK5     0005A5
_ucBrake_hydr_actual                                          bssBANK5     00059A
_ucBrake_hydr_target                                          bssBANK5     000599
_ucCones_count_actual                                         bssBANK5     00059F
_ucCount10s                                                   bssCOMRAM    00055B
_ucCount1s                                                    bssCOMRAM    00055C
_ucCount500ms                                                 bssCOMRAM    00055D
_ucEBS_state                                                  bssBANK5     0005A4
_ucLEDState                                                   bssCOMRAM    00055A
_ucLap_counter                                                bssBANK5     0005A0
_ucMotor_moment_actual                                        bssBANK5     000598
_ucMotor_moment_target                                        bssBANK5     000597
_ucPICHDRPRES1                                                bssBANK5     00056E
_ucPICHDRPRES1min                                             bssBANK5     000594
_ucPICHDRPRES2                                                bssBANK5     00056C
_ucPICHDRPRES2min                                             bssBANK5     000593
_ucPICNPRES1                                                  bssBANK5     00056A
_ucPICNPRES2                                                  bssBANK5     000568
_ucPICNPRES3                                                  bssBANK5     000566
_ucPICNPRES4                                                  bssBANK5     000564
_ucPedalPos                                                   bssCOMRAM    000557
_ucService_brake                                              bssBANK5     0005A1
_ucServoLDif                                                  bssBANK5     000591
_ucServoLmax                                                  bssBANK5     000592
_ucServoLmin                                                  bssBANK5     000595
_ucSpeed_actual                                               bssBANK5     00059E
_ucSpeed_target                                               bssBANK5     00059D
_ucSteering_angle_actual                                      bssBANK5     00059C
_ucSteering_angle_target                                      bssBANK5     00059B
_ucSteering_state                                             bssBANK5     0005A2
_ucTargetAccelerator                                          bssBANK5     0005A9
_ucTargetBrake                                                bssCOMRAM    000559
_ucTargetClutch                                               bssBANK5     0005A8
_ucTargetDirection                                            bssBANK5     0005A7
_ucTargetGear                                                 bssBANK5     0005A6
_uiAcc_lateral                                                bssBANK6     00061C
_uiAcc_longitudinal                                           bssBANK5     000570
_uiCones_count_all                                            bssBANK5     000572
_uiCount1min                                                  bssBANK5     000576
_uiCount30s                                                   bssBANK5     000578
_uiDutyServomotor                                             bssCOMRAM    000552
_uiIndex                                                      bssBANK5     000574
_uiYaw_rate                                                   bssBANK6     00061A
end_of_initialization                                         cinit        004DDA
i2_CAN1_OperationModeGet                                      text89       00542C
i2___fladd                                                    text108      002AD0
i2___fladd@a                                                  cstackCOMRAM 00052C
i2___fladd@aexp                                               cstackCOMRAM 000535
i2___fladd@b                                                  cstackCOMRAM 000528
i2___fladd@bexp                                               cstackCOMRAM 000536
i2___fladd@grs                                                cstackCOMRAM 000537
i2___fladd@signs                                              cstackCOMRAM 000534
i2___fltol                                                    text107      00420C
i2___fltol@exp1                                               cstackCOMRAM 000541
i2___fltol@f1                                                 cstackCOMRAM 000538
i2___fltol@sign1                                              cstackCOMRAM 000540
i2___lwdiv                                                    text106      004B32
i2___lwdiv@counter                                            cstackCOMRAM 000507
i2___lwdiv@dividend                                           cstackCOMRAM 000501
i2___lwdiv@divisor                                            cstackCOMRAM 000503
i2___lwdiv@quotient                                           cstackCOMRAM 000505
i2___wmul                                                     text105      0050D8
i2___wmul@multiplicand                                        cstackCOMRAM 000503
i2___wmul@multiplier                                          cstackCOMRAM 000501
i2___wmul@product                                             cstackCOMRAM 000505
i2___xxtofl                                                   text104      003CEC
i2___xxtofl@arg                                               cstackCOMRAM 00050B
i2___xxtofl@exp                                               cstackCOMRAM 00050A
i2___xxtofl@sign                                              cstackCOMRAM 000509
i2___xxtofl@val                                               cstackCOMRAM 000501
intlevel0                                                     text         000000
intlevel1                                                     text         000000
intlevel2                                                     text         000000
intlevel3                                                     text         000000
isTxChannel@channel                                           cstackCOMRAM 000502
isa$std                                                       (abs)        000001
isa$xinst                                                     (abs)        000000
ivt0x8_base                                                   ivt0x8       000008
memcpy@d                                                      cstackCOMRAM 000507
memcpy@d1                                                     cstackCOMRAM 000501
memcpy@n                                                      cstackCOMRAM 000505
memcpy@s                                                      cstackCOMRAM 000509
memcpy@s1                                                     cstackCOMRAM 000503
memcpy@tmp                                                    cstackCOMRAM 00050B
stackhi                                                       (abs)        0025FF
stacklo                                                       (abs)        00062E
start                                                         init         00001A
start_initialization                                          cinit        004D8C


MODULE INFORMATION

Module		Function		Class		Link	Load	Size
mcc_generated_files/can1.c
		_ValidateTransmission		CODE           	4698	0000	216
		_CAN1_IsTxErrorPassive		CODE           	528E	0000	22
		_CAN1_BitRateConfiguration		CODE           	52CE	0000	20
		_CAN1_SetTxAttemptInterruptHandler		CODE           	53AA	0000	10
		_CAN1_SetInvalidMessageInterruptHandler		CODE           	53D2	0000	10
		_CAN1_TX_FIFO_Configuration		CODE           	52BA	0000	20
		_CAN1_ISR      		CODE           	3EA0	0000	342
		_DefaultBusErrorHandler		CODE           	5490	0000	2
		_CAN1_OperationModeGet		CODE           	53A0	0000	10
		_CAN1_IsBusOff 		CODE           	52A4	0000	22
		_CAN1_Initialize		CODE           	4C7A	0000	92
		_DefaultInvalidMessageHandler		CODE           	548C	0000	2
		_CAN1_SetFIFO1NotEmptyHandler		CODE           	5396	0000	10
		_DefaultBusWakeUpActivityHandler		CODE           	548E	0000	2
		_CAN1_TransmitFIFOStatusGet		CODE           	5152	0000	40
		_CAN1_Transmit 		CODE           	48C6	0000	148
		_CAN1_RX_FIFO_FilterMaskConfiguration		CODE           	51C0	0000	34
		_CAN1_RX_FIFO_Configuration		CODE           	50AE	0000	42
		_CAN1_IsTxErrorActive		CODE           	5200	0000	26
		_CAN1_SetBusErrorInterruptHandler		CODE           	53E6	0000	10
		_CAN1_SetSystemErrorInterruptHandler		CODE           	53B4	0000	10
		_DefaultSystemErrorHandler		CODE           	5486	0000	2
		_CAN1_IsTxErrorWarning		CODE           	5278	0000	22
		_isTxChannel   		CODE           	4E66	0000	62
		_GetTxFifoStatus		CODE           	524A	0000	24
		_WriteMessageToFifo		CODE           	36C8	0000	582
		_DefaultRxBufferOverflowHandler		CODE           	5488	0000	2
		_CAN1_ErrorNotificationInterruptEnable		CODE           	495A	0000	122
		_CAN1_SetBusWakeUpActivityInterruptHandler		CODE           	53DC	0000	10
		_CAN1_SetRxBufferOverFlowInterruptHandler		CODE           	53BE	0000	10
		_CAN1_RX_FIFO_ResetInfo		CODE           	4F9C	0000	46
		_CAN1_OperationModeSet		CODE           	482E	0000	152
		_CAN1_SetModeChangeInterruptHandler		CODE           	53C8	0000	10
		_DefaultTxAttemptHandler		CODE           	5484	0000	2
		_DefaultModeChangeHandler		CODE           	548A	0000	2

mcc_generated_files/can1.c estimated size: 2138

C:\Program Files\Microchip\xc8\v2.32\pic\sources\c99\common\sprcadd.c
		___fladd       		CODE           	260E	0000	1218

C:\Program Files\Microchip\xc8\v2.32\pic\sources\c99\common\sprcadd.c estimated size: 1218

C:\Program Files\Microchip\xc8\v2.32\pic\sources\c99\common\aldiv.c
		___aldiv       		CODE           	3FF6	0000	270

C:\Program Files\Microchip\xc8\v2.32\pic\sources\c99\common\aldiv.c estimated size: 270

mcc_generated_files/pwm2_16bit.c
		_PWM2_16BIT_WritePeriodRegister		CODE           	52FE	0000	14
		_PWM2_16BIT_Disable		CODE           	5468	0000	4
		_PWM2_16BIT_Period_SetInterruptHandler		CODE           	5364	0000	10
		_PWM2_16BIT_Slice1Output1_SetInterruptHandler		CODE           	535A	0000	10
		_PWM2_16BIT_Slice1Output2_SetInterruptHandler		CODE           	5350	0000	10
		_PWM2_16BIT_Initialize		CODE           	4A4A	0000	116
		_PWM2_16BIT_LoadBufferRegisters		CODE           	546C	0000	4
		_PWM2_16BIT_SetSlice1Output1DutyCycleRegister		CODE           	530C	0000	14
		_PWM2_16BIT_Enable		CODE           	5464	0000	4

mcc_generated_files/pwm2_16bit.c estimated size: 186

TEMPORIZATIONS.c
		_TEMPORIZATION_1mins		CODE           	547C	0000	2
		_TEMPORIZATION_100ms		CODE           	4E28	0000	62
		_TEMPORIZATION_500ms		CODE           	5478	0000	2
		_TEMPORIZATION_10s		CODE           	547E	0000	2
		_TEMPORIZATION_30s		CODE           	547A	0000	2
		_TEMPORIZATION_1s		CODE           	517A	0000	36
		_TEMPORIZATION_10ms		CODE           	5474	0000	2

TEMPORIZATIONS.c estimated size: 108

MESSAGES.c
		_CANWriteMessage		CODE           	4312	0000	232

MESSAGES.c estimated size: 232

mcc_generated_files/tmr2.c
		_TMR2_ISR      		CODE           	5326	0000	12
		_TMR2_Initialize		CODE           	4F6C	0000	48
		_TMR2_SetInterruptHandler		CODE           	5332	0000	10
		_TMR2_DefaultInterruptHandler		CODE           	5472	0000	2
		_TMR2_CallBack 		CODE           	4FCA	0000	46

mcc_generated_files/tmr2.c estimated size: 118

mcc_generated_files/interrupt_manager.c
		_INTERRUPT_Initialize		CODE           	545C	0000	4
		_INTERRUPT_InterruptManager		CODE           	43FA	0000	230

mcc_generated_files/interrupt_manager.c estimated size: 234

mcc_generated_files/tmr0.c
		_TMR0_SetInterruptHandler		CODE           	5346	0000	10
		_TMR0_StopTimer		CODE           	5450	0000	6
		_TMR0_DefaultInterruptHandler		CODE           	5480	0000	2
		_TMR0_CallBack 		CODE           	5054	0000	46
		_TMR0_ISR      		CODE           	5440	0000	8
		_TMR0_Initialize		CODE           	5102	0000	40

mcc_generated_files/tmr0.c estimated size: 112

mcc_generated_files/pin_manager.c
		_PIN_MANAGER_Initialize		CODE           	4BA6	0000	114

mcc_generated_files/pin_manager.c estimated size: 114

C:\Program Files\Microchip\xc8\v2.32\pic\sources\c99\common\memcpy.c
		_memcpy        		CODE           	4D32	0000	90

C:\Program Files\Microchip\xc8\v2.32\pic\sources\c99\common\memcpy.c estimated size: 90

mcc_generated_files/adc.c
		_ADC_SelectContext		CODE           	5436	0000	10
		_ADC_Initialize		CODE           	390E	0000	550
		_ADC_DisableChannelSequencer		CODE           	5456	0000	6
		_ADC_GetSingleConversion		CODE           	4F3A	0000	50
		_ADC_SetActiveClockTuningInterruptHandler		CODE           	5418	0000	10
		_ADC_SetADIInterruptHandler		CODE           	5422	0000	10
		_ADC_SetContext1ThresholdInterruptHandler		CODE           	540E	0000	10
		_ADC_SetContext2ThresholdInterruptHandler		CODE           	5404	0000	10
		_ADC_SetContext3ThresholdInterruptHandler		CODE           	53FA	0000	10
		_ADC_SetContext4ThresholdInterruptHandler		CODE           	53F0	0000	10

mcc_generated_files/adc.c estimated size: 676

C:\Program Files\Microchip\xc8\v2.32\pic\sources\c99\common\Umul16.c
		___wmul        		CODE           	5082	0000	44

C:\Program Files\Microchip\xc8\v2.32\pic\sources\c99\common\Umul16.c estimated size: 44

mcc_generated_files/ext_int.c
		_INT0_SetInterruptHandler		CODE           	538C	0000	10
		_EXT_INT_Initialize		CODE           	5262	0000	22
		_INT0_DefaultInterruptHandler		CODE           	5482	0000	2
		_INT0_CallBack 		CODE           	4ED6	0000	50
		_INT0_ISR      		CODE           	5448	0000	8

mcc_generated_files/ext_int.c estimated size: 92

mcc_generated_files/pwm1_16bit.c
		_PWM1_16BIT_Period_SetInterruptHandler		CODE           	5382	0000	10
		_PWM1_16BIT_Slice1Output1_SetInterruptHandler		CODE           	5378	0000	10
		_PWM1_16BIT_Slice1Output2_SetInterruptHandler		CODE           	536E	0000	10
		_PWM1_16BIT_Initialize		CODE           	4ABE	0000	116
		_PWM1_16BIT_LoadBufferRegisters		CODE           	5460	0000	4
		_PWM1_16BIT_SetSlice1Output1DutyCycleRegister		CODE           	52F0	0000	14
		_PWM1_16BIT_WritePeriodRegister		CODE           	52E2	0000	14

mcc_generated_files/pwm1_16bit.c estimated size: 178

shared
		_FIFO          		SMALLCONST     	0000	0000	0
		_DLC_BYTES     		SMALLCONST     	2601	0000	9
		i2___lwdiv     		CODE           	4B32	0000	116
		i2___fladd     		CODE           	2AD0	0000	1216
		i2___wmul      		CODE           	50D8	0000	42
		i2___fltol     		CODE           	420C	0000	262
		__initialization		CODE           	4D8C	0000	78
		i2___xxtofl    		CODE           	3CEC	0000	436
		i2_CAN1_OperationModeGet		CODE           	542C	0000	10

shared estimated size: 2169

C:\Program Files\Microchip\xc8\v2.32\pic\sources\c99\common\sprcmul.c
		___flmul       		CODE           	2F90	0000	1102

C:\Program Files\Microchip\xc8\v2.32\pic\sources\c99\common\sprcmul.c estimated size: 1102

mcc_generated_files/mcc.c
		_PMD_Initialize		CODE           	512A	0000	40
		_OSCILLATOR_Initialize		CODE           	521A	0000	24
		_SYSTEM_Initialize		CODE           	4EA4	0000	50

mcc_generated_files/mcc.c estimated size: 114

EBS.c
		_EBS_Watchdog  		CODE           	4CD6	0000	92
		_EBS_Init      		CODE           	531A	0000	12

EBS.c estimated size: 104

GPIO.c
		_GPIO_BrakePedalAtRest		CODE           	4F08	0000	50
		_GPIO_PWM1_Control		CODE           	44E0	0000	220
		_GPIO_PWM2_Control		CODE           	45BC	0000	220
		_GPIO_Init     		CODE           	51E2	0000	30

GPIO.c estimated size: 520

mcc_generated_files/tmr1.c
		_TMR1_Initialize		CODE           	4DE0	0000	72
		_TMR1_SetInterruptHandler		CODE           	533C	0000	10
		_TMR1_DefaultInterruptHandler		CODE           	5476	0000	2
		_TMR1_CallBack 		CODE           	5026	0000	46
		_TMR1_WriteTimer		CODE           	4FF8	0000	46
		_TMR1_ISR      		CODE           	4770	0000	190

mcc_generated_files/tmr1.c estimated size: 366

C:\Program Files\Microchip\xc8\v2.32\pic\sources\c99\common\lwdiv.c
		___lwdiv       		CODE           	49D4	0000	118

C:\Program Files\Microchip\xc8\v2.32\pic\sources\c99\common\lwdiv.c estimated size: 118

C:\Program Files\Microchip\xc8\v2.32\pic\sources\c99\common\fltol.c
		___fltol       		CODE           	4104	0000	264

C:\Program Files\Microchip\xc8\v2.32\pic\sources\c99\common\fltol.c estimated size: 264

C:\Program Files\Microchip\xc8\v2.32\pic\sources\c99\common\xxtofl.c
		___xxtofl      		CODE           	3B34	0000	440

C:\Program Files\Microchip\xc8\v2.32\pic\sources\c99\common\xxtofl.c estimated size: 440

ANALOG.c
		_ANALOG_RedAll 		CODE           	4C18	0000	98
		_ANALOG_GetVoltage		CODE           	33DE	0000	746

ANALOG.c estimated size: 844

main.c
		_main          		CODE           	519E	0000	34

main.c estimated size: 34

SERVICEBRAKE.c
		_SERVICEBRAKE_Init		CODE           	5232	0000	24

SERVICEBRAKE.c estimated size: 24

