Microchip MPLAB XC8 Compiler V2.31

Linker command line:

-W-3 --edf=C:\Program Files\Microchip\xc8\v2.31\pic\dat\en_msgs.txt \
  -pivt0x8=08h -cn -h+dist/default/production\ASB.X.production.sym \
  --cmf=dist/default/production\ASB.X.production.cmf -z -Q18F26Q84 \
  -oC:\Users\panze\AppData\Local\Temp\sluc.2 --defsym=__MPLAB_BUILD=1 \
  -Mdist/default/production/ASB.X.production.map -E1 -ver=XC8 Compiler \
  --acfsm=1493 -ASTACK=061Ch-025FFh -pstack=STACK -ACODE=00h-0FFFFh \
  -ACONST=00h-0FFFFh -ASMALLCONST=02600h-026FFhx218 \
  -AMEDIUMCONST=02600h-0FFFFh -ACOMRAM=0501h-055Fh -AABS1=0500h-025FFh \
  -ABIGRAM=0501h-025FFh -ARAM=0560h-05FFh,0600h-06FFhx32 \
  -ABANK5=0560h-05FFh -ABANK6=0600h-06FFh -ABANK7=0700h-07FFh \
  -ABANK8=0800h-08FFh -ABANK9=0900h-09FFh -ABANK10=0A00h-0AFFh \
  -ABANK11=0B00h-0BFFh -ABANK12=0C00h-0CFFh -ABANK13=0D00h-0DFFh \
  -ABANK14=0E00h-0EFFh -ABANK15=0F00h-0FFFh -ABANK16=01000h-010FFh \
  -ABANK17=01100h-011FFh -ABANK18=01200h-012FFh -ABANK19=01300h-013FFh \
  -ABANK20=01400h-014FFh -ABANK21=01500h-015FFh -ABANK22=01600h-016FFh \
  -ABANK23=01700h-017FFh -ABANK24=01800h-018FFh -ABANK25=01900h-019FFh \
  -ABANK26=01A00h-01AFFh -ABANK27=01B00h-01BFFh -ABANK28=01C00h-01CFFh \
  -ABANK29=01D00h-01DFFh -ABANK30=01E00h-01EFFh -ABANK31=01F00h-01FFFh \
  -ABANK32=02000h-020FFh -ABANK33=02100h-021FFh -ABANK34=02200h-022FFh \
  -ABANK35=02300h-023FFh -ABANK36=02400h-024FFh -ABANK37=02500h-025FFh \
  -ASFR=00h-0FFhx4,0400h-045Fh,0460h-04FFh -ACONFIG=0300000h-0300023h \
  -AIDLOC=0200000h-020001Fh -AEEDATA=0380000h-03803FFh -peeprom_data=EEDATA \
  -preset_vec=00h -ppowerup=CODE,init -pramtop=02600h \
  -psmallconst=SMALLCONST -pmediumconst=MEDIUMCONST -pconst=CONST \
  -AFARRAM=00h-00h \
  -prdata=COMRAM,nvrram=COMRAM,nvbit=COMRAM,rbss=COMRAM,rbit=COMRAM \
  -pfarbss=FARRAM,fardata=FARRAM,nvFARRAM=FARRAM \
  -pintsave_regs=BIGRAM,bigbss=BIGRAM,bigdata=BIGRAM -pbss=RAM \
  -pidata=CODE,irdata=CODE,ibigdata=CODE,ifardata=CODE -prparam=COMRAM \
  C:\Users\panze\AppData\Local\Temp\sluc.o \
  dist/default/production\ASB.X.production.o 

Object code version is 3.11

Machine type is 18F26Q84



                Name                               Link     Load   Length Selector   Space Scale
C:\Users\panze\AppData\Local\Temp\sluc.o
                idloc                            200000   200000       20        0       5
                config                           300000   300000       24        0       4
                init                                 1A       1A        4        4       0
                reset_vec                             0        0        4        0       0
dist/default/production\ASB.X.production.o
                idloc                            200000   200000       20        0       5
                config                           300000   300000       24        0       4
                smallconst                         2600     2600        E     1300       0
                ivt0x8                                8        8       12        4       0
                text97                             4F76     4F76        2     1307       0
                text96                             4F74     4F74        2     1307       0
                text95                             4F72     4F72        2     1307       0
                text94                             4F70     4F70        2     1307       0
                text93                             4F6E     4F6E        2     1307       0
                text92                             4F6C     4F6C        2     1307       0
                text91                             4F6A     4F6A        2     1307       0
                text90                             3EFA     3EFA      156     1307       0
                text89                             4F46     4F46        6     1307       0
                text88                             4B2E     4B2E       32     1307       0
                text87                             4F2C     4F2C        A     1307       0
                text86                             33DE     33DE      39A     1307       0
                text85                             2F90     2F90      44E     1307       0
                text84                             2AD0     2AD0      4C0     1307       0
                text83                             4266     4266      106     1307       0
                text82                             3D46     3D46      1B4     1307       0
                text81                             399E     399E      1F0     1307       0
                text80                             4AFC     4AFC       32     1307       0
                text79                             4F68     4F68        2     1307       0
                text78                             4ACA     4ACA       32     1307       0
                text77                             4F3E     4F3E        8     1307       0
                text76                             4F66     4F66        2     1307       0
                text75                             4C76     4C76       2E     1307       0
                text74                             4F36     4F36        8     1307       0
                text73                             4F64     4F64        2     1307       0
                text72                             4C48     4C48       2E     1307       0
                text71                             4C1A     4C1A       2E     1307       0
                text70                             4DDA     4DDA       14     1307       0
                text69                             4F62     4F62        2     1307       0
                text68                             4BEC     4BEC       2E     1307       0
                text67                             4BBE     4BBE       2E     1307       0
                text66                             4524     4524       B6     1307       0
                text65                             4A64     4A64       34     1307       0
                text64                             4F5C     4F5C        4     1307       0
                text63                             4E18     4E18        E     1307       0
                text62                             4E0A     4E0A        E     1307       0
                text61                             4050     4050      10E     1307       0
                text60                             260E     260E      4C2     1307       0
                text59                             415E     415E      108     1307       0
                text58                             46EC     46EC       76     1307       0
                text57                             4CA4     4CA4       2C     1307       0
                text56                             3B8E     3B8E      1B8     1307       0
                text55                             4448     4448       DC     1307       0
                text54                             4F58     4F58        4     1307       0
                text53                             4F54     4F54        4     1307       0
                text52                             4918     4918       5C     1307       0
                text51                             4E26     4E26        C     1307       0
                text50                             4F50     4F50        4     1307       0
                text49                             4DFC     4DFC        E     1307       0
                text48                             4DEE     4DEE        E     1307       0
                text47                             436C     436C       DC     1307       0
                text46                             4D84     4D84       18     1307       0
                text45                             4F22     4F22        A     1307       0
                text44                             4F18     4F18        A     1307       0
                text43                             4F0E     4F0E        A     1307       0
                text42                             4F04     4F04        A     1307       0
                text41                             4EFA     4EFA        A     1307       0
                text40                             4EF0     4EF0        A     1307       0
                text39                             3778     3778      226     1307       0
                text38                             4DC6     4DC6       14     1307       0
                text37                             4EE6     4EE6        A     1307       0
                text36                             4EDC     4EDC        A     1307       0
                text35                             4ED2     4ED2        A     1307       0
                text34                             4EC8     4EC8        A     1307       0
                text33                             4EBE     4EBE        A     1307       0
                text32                             4EB4     4EB4        A     1307       0
                text31                             4EAA     4EAA        A     1307       0
                text30                             4672     4672       7A     1307       0
                text29                             4EA0     4EA0        A     1307       0
                text28                             45DA     45DA       98     1307       0
                text27                             4E96     4E96        A     1307       0
                text26                             4CD0     4CD0       2A     1307       0
                text25                             4D4A     4D4A       22     1307       0
                text24                             4B90     4B90       2E     1307       0
                text23                             4DB2     4DB2       14     1307       0
                text22                             48BC     48BC       5C     1307       0
                text21                             4E8C     4E8C        A     1307       0
                text20                             4D9C     4D9C       16     1307       0
                text19                             4F4C     4F4C        4     1307       0
                text18                             4D6C     4D6C       18     1307       0
                text17                             484A     484A       72     1307       0
                text16                             4D22     4D22       28     1307       0
                text15                             4E82     4E82        A     1307       0
                text14                             4E78     4E78        A     1307       0
                text13                             4E6E     4E6E        A     1307       0
                text12                             47D6     47D6       74     1307       0
                text11                             4E64     4E64        A     1307       0
                text10                             4E5A     4E5A        A     1307       0
                text9                              4E50     4E50        A     1307       0
                text8                              4762     4762       74     1307       0
                text7                              4E46     4E46        A     1307       0
                text6                              4CFA     4CFA       28     1307       0
                text5                              4E3C     4E3C        A     1307       0
                text4                              4A1C     4A1C       48     1307       0
                text3                              4E32     4E32        A     1307       0
                text2                              4B60     4B60       30     1307       0
                text1                              4A98     4A98       32     1307       0
                text0                              49C8     49C8       54     1307       0
                cstackCOMRAM                        501      501       49      501       1
                cstackBANK5                         5AB      5AB       43      560       1
                bssBANK6                            600      600       10      600       1
                dataBANK5                           5FE      5FE        2      560       1
                bssBANK5                            560      560       4B      560       1
                bssCOMRAM                           54A      54A       16      501       1
                cinit                              4974     4974       54     1307       0
                nvBANK6                             610      610        C      600       1
                nvBANK5                             5EE      5EE       10      560       1
                idataBANK5                         4F60     4F60        2     1307       0

TOTAL           Name                               Link     Load   Length     Space
        CLASS   STACK          

        CLASS   CODE           
                init                                 1A       1A        4         0
                reset_vec                             0        0        4         0
                ivt0x8                                8        8       12         0
                text97                             4F76     4F76        2         0
                text96                             4F74     4F74        2         0
                text95                             4F72     4F72        2         0
                text94                             4F70     4F70        2         0
                text93                             4F6E     4F6E        2         0
                text92                             4F6C     4F6C        2         0
                text91                             4F6A     4F6A        2         0
                text90                             3EFA     3EFA      156         0
                text89                             4F46     4F46        6         0
                text88                             4B2E     4B2E       32         0
                text87                             4F2C     4F2C        A         0
                text86                             33DE     33DE      39A         0
                text85                             2F90     2F90      44E         0
                text84                             2AD0     2AD0      4C0         0
                text83                             4266     4266      106         0
                text82                             3D46     3D46      1B4         0
                text81                             399E     399E      1F0         0
                text80                             4AFC     4AFC       32         0
                text79                             4F68     4F68        2         0
                text78                             4ACA     4ACA       32         0
                text77                             4F3E     4F3E        8         0
                text76                             4F66     4F66        2         0
                text75                             4C76     4C76       2E         0
                text74                             4F36     4F36        8         0
                text73                             4F64     4F64        2         0
                text72                             4C48     4C48       2E         0
                text71                             4C1A     4C1A       2E         0
                text70                             4DDA     4DDA       14         0
                text69                             4F62     4F62        2         0
                text68                             4BEC     4BEC       2E         0
                text67                             4BBE     4BBE       2E         0
                text66                             4524     4524       B6         0
                text65                             4A64     4A64       34         0
                text64                             4F5C     4F5C        4         0
                text63                             4E18     4E18        E         0
                text62                             4E0A     4E0A        E         0
                text61                             4050     4050      10E         0
                text60                             260E     260E      4C2         0
                text59                             415E     415E      108         0
                text58                             46EC     46EC       76         0
                text57                             4CA4     4CA4       2C         0
                text56                             3B8E     3B8E      1B8         0
                text55                             4448     4448       DC         0
                text54                             4F58     4F58        4         0
                text53                             4F54     4F54        4         0
                text52                             4918     4918       5C         0
                text51                             4E26     4E26        C         0
                text50                             4F50     4F50        4         0
                text49                             4DFC     4DFC        E         0
                text48                             4DEE     4DEE        E         0
                text47                             436C     436C       DC         0
                text46                             4D84     4D84       18         0
                text45                             4F22     4F22        A         0
                text44                             4F18     4F18        A         0
                text43                             4F0E     4F0E        A         0
                text42                             4F04     4F04        A         0
                text41                             4EFA     4EFA        A         0
                text40                             4EF0     4EF0        A         0
                text39                             3778     3778      226         0
                text38                             4DC6     4DC6       14         0
                text37                             4EE6     4EE6        A         0
                text36                             4EDC     4EDC        A         0
                text35                             4ED2     4ED2        A         0
                text34                             4EC8     4EC8        A         0
                text33                             4EBE     4EBE        A         0
                text32                             4EB4     4EB4        A         0
                text31                             4EAA     4EAA        A         0
                text30                             4672     4672       7A         0
                text29                             4EA0     4EA0        A         0
                text28                             45DA     45DA       98         0
                text27                             4E96     4E96        A         0
                text26                             4CD0     4CD0       2A         0
                text25                             4D4A     4D4A       22         0
                text24                             4B90     4B90       2E         0
                text23                             4DB2     4DB2       14         0
                text22                             48BC     48BC       5C         0
                text21                             4E8C     4E8C        A         0
                text20                             4D9C     4D9C       16         0
                text19                             4F4C     4F4C        4         0
                text18                             4D6C     4D6C       18         0
                text17                             484A     484A       72         0
                text16                             4D22     4D22       28         0
                text15                             4E82     4E82        A         0
                text14                             4E78     4E78        A         0
                text13                             4E6E     4E6E        A         0
                text12                             47D6     47D6       74         0
                text11                             4E64     4E64        A         0
                text10                             4E5A     4E5A        A         0
                text9                              4E50     4E50        A         0
                text8                              4762     4762       74         0
                text7                              4E46     4E46        A         0
                text6                              4CFA     4CFA       28         0
                text5                              4E3C     4E3C        A         0
                text4                              4A1C     4A1C       48         0
                text3                              4E32     4E32        A         0
                text2                              4B60     4B60       30         0
                text1                              4A98     4A98       32         0
                text0                              49C8     49C8       54         0
                cinit                              4974     4974       54         0
                idataBANK5                         4F60     4F60        2         0

        CLASS   CONST          

        CLASS   SMALLCONST     
                smallconst                         2600     2600        E         0

        CLASS   MEDIUMCONST    

        CLASS   COMRAM         
                cstackCOMRAM                        501      501       49         1
                bssCOMRAM                           54A      54A       16         1

        CLASS   ABS1           

        CLASS   BIGRAM         

        CLASS   RAM            

        CLASS   BANK5          
                cstackBANK5                         5AB      5AB       43         1
                dataBANK5                           5FE      5FE        2         1
                bssBANK5                            560      560       4B         1
                nvBANK5                             5EE      5EE       10         1

        CLASS   BANK6          
                bssBANK6                            600      600       10         1
                nvBANK6                             610      610        C         1

        CLASS   BANK7          

        CLASS   BANK8          

        CLASS   BANK9          

        CLASS   BANK10         

        CLASS   BANK11         

        CLASS   BANK12         

        CLASS   BANK13         

        CLASS   BANK14         

        CLASS   BANK15         

        CLASS   BANK16         

        CLASS   BANK17         

        CLASS   BANK18         

        CLASS   BANK19         

        CLASS   BANK20         

        CLASS   BANK21         

        CLASS   BANK22         

        CLASS   BANK23         

        CLASS   BANK24         

        CLASS   BANK25         

        CLASS   BANK26         

        CLASS   BANK27         

        CLASS   BANK28         

        CLASS   BANK29         

        CLASS   BANK30         

        CLASS   BANK31         

        CLASS   BANK32         

        CLASS   BANK33         

        CLASS   BANK34         

        CLASS   BANK35         

        CLASS   BANK36         

        CLASS   BANK37         

        CLASS   SFR            

        CLASS   CONFIG         
                config                           300000   300000       24         4

        CLASS   IDLOC          
                idloc                            200000   200000       20         5

        CLASS   EEDATA         

        CLASS   FARRAM         



SEGMENTS        Name                           Load    Length   Top    Selector   Space  Class

                reset_vec                      000000  000004  000004         0       0  CODE    
                ivt0x8                         000008  000016  00001E         4       0  CODE    
                cstackCOMRAM                   000501  00005F  000560       501       1  COMRAM  
                bssBANK5                       000560  0000A0  000600       560       1  BANK5   
                bssBANK6                       000600  00001C  00061C       600       1  BANK6   
                smallconst                     002600  00000E  00260E      1300       0  SMALLCON
                text60                         00260E  00296A  004F78      1307       0  CODE    


UNUSED ADDRESS RANGES

        Name                Unused          Largest block    Delta
        BANK10           000A00-000AFF              100
        BANK11           000B00-000BFF              100
        BANK12           000C00-000CFF              100
        BANK13           000D00-000DFF              100
        BANK14           000E00-000EFF              100
        BANK15           000F00-000FFF              100
        BANK16           001000-0010FF              100
        BANK17           001100-0011FF              100
        BANK18           001200-0012FF              100
        BANK19           001300-0013FF              100
        BANK20           001400-0014FF              100
        BANK21           001500-0015FF              100
        BANK22           001600-0016FF              100
        BANK23           001700-0017FF              100
        BANK24           001800-0018FF              100
        BANK25           001900-0019FF              100
        BANK26           001A00-001AFF              100
        BANK27           001B00-001BFF              100
        BANK28           001C00-001CFF              100
        BANK29           001D00-001DFF              100
        BANK30           001E00-001EFF              100
        BANK31           001F00-001FFF              100
        BANK32           002000-0020FF              100
        BANK33           002100-0021FF              100
        BANK34           002200-0022FF              100
        BANK35           002300-0023FF              100
        BANK36           002400-0024FF              100
        BANK37           002500-0025FF              100
        BANK6            00061C-0006FF               E4
        BANK7            000700-0007FF              100
        BANK8            000800-0008FF              100
        BANK9            000900-0009FF              100
        BIGRAM           00061C-0025FF             1FE4
        CODE             000004-000007                4
                         00001E-0025FF             25E2
                         004F78-00FFFF             B088
        CONST            000004-000007                4
                         00001E-0025FF             25E2
                         004F78-00FFFF             B088
        EEDATA           380000-3803FF              400
        MEDIUMCONST      004F78-00FFFF             B088
        RAM              00061C-0025FF              100
        SFR              000000-0004FF              100
        SMALLCONST       004F78-00FFFF              100
        STACK            00061C-0025FF             1FE4

                                  Symbol Table

?_ADC_GetSingleConversion                                     cstackCOMRAM 000501
?___aldiv                                                     cstackBANK5  0005AB
?___fladd                                                     cstackBANK5  0005C7
?___fldiv                                                     cstackCOMRAM 00050F
?___flmul                                                     cstackCOMRAM 00050F
?___fltol                                                     cstackBANK5  0005D7
?___lwdiv                                                     cstackBANK5  0005AB
?___wmul                                                      cstackBANK5  0005B2
?___xxtofl                                                    cstackBANK5  0005B9
?i2___fladd                                                   cstackCOMRAM 000528
?i2___fltol                                                   cstackCOMRAM 000538
?i2___xxtofl                                                  cstackCOMRAM 000501
ADC_GetSingleConversion@channel                               cstackCOMRAM 000505
ADC_SelectContext@context                                     cstackCOMRAM 000501
ADC_SetADIInterruptHandler@InterruptHandler                   cstackBANK5  0005AB
ADC_SetActiveClockTuningInterruptHandler@InterruptHandler     cstackBANK5  0005AB
ADC_SetContext1ThresholdInterruptHandler@InterruptHandler     cstackBANK5  0005AB
ADC_SetContext2ThresholdInterruptHandler@InterruptHandler     cstackBANK5  0005AB
ADC_SetContext3ThresholdInterruptHandler@InterruptHandler     cstackBANK5  0005AB
ADC_SetContext4ThresholdInterruptHandler@InterruptHandler     cstackBANK5  0005AB
ANALOG_GetVoltage@ucEntradaAnalogica                          cstackCOMRAM 000544
ANALOG_GetVoltage@ucFlag                                      cstackCOMRAM 000549
ANALOG_GetVoltage@uiValorAnalog                               cstackCOMRAM 000547
ANALOG_GetVoltage@uiValorVoltage                              cstackCOMRAM 000545
CAN1_OperationModeSet@opMode                                  cstackBANK5  0005AB
CAN1_OperationModeSet@requestMode                             cstackBANK5  0005AD
CAN1_OperationModeSet@status                                  cstackBANK5  0005AC
CAN1_RX_FIFO_ResetInfo@index                                  cstackBANK5  0005AB
CAN1_SetBusErrorInterruptHandler@handler                      cstackBANK5  0005AB
CAN1_SetBusWakeUpActivityInterruptHandler@handler             cstackBANK5  0005AB
CAN1_SetFIFO1NotEmptyHandler@handler                          cstackBANK5  0005AB
CAN1_SetInvalidMessageInterruptHandler@handler                cstackBANK5  0005AB
CAN1_SetModeChangeInterruptHandler@handler                    cstackBANK5  0005AB
CAN1_SetRxBufferOverFlowInterruptHandler@handler              cstackBANK5  0005AB
CAN1_SetSystemErrorInterruptHandler@handler                   cstackBANK5  0005AB
CAN1_SetTxAttemptInterruptHandler@handler                     cstackBANK5  0005AB
DELAY_milliseconds@milliseconds                               cstackBANK5  0005AB
EBS_Watchdog@ucWDState                                        cstackBANK5  0005ED
GPIO_PWM1_Control@uiConvertedDC                               cstackBANK5  0005E9
GPIO_PWM1_Control@uiConvertedPeriod                           cstackBANK5  0005E7
GPIO_PWM1_Control@uiDutyCycle                                 cstackBANK5  0005E1
GPIO_PWM1_Control@uiFreq                                      cstackBANK5  0005E3
GPIO_PWM2_Control@uiConvertedDC                               cstackBANK5  0005E9
GPIO_PWM2_Control@uiConvertedPeriod                           cstackBANK5  0005E7
GPIO_PWM2_Control@uiDutyCycle                                 cstackBANK5  0005E1
GPIO_PWM2_Control@uiFreq                                      cstackBANK5  0005E3
INT0_SetInterruptHandler@InterruptHandler                     cstackBANK5  0005AB
IVTBASEH                                                      (abs)        00045E
IVTBASEL                                                      (abs)        00045D
IVTBASEU                                                      (abs)        00045F
PWM1_16BIT_Period_SetInterruptHandler@InterruptHandler        cstackBANK5  0005AB
PWM1_16BIT_SetSlice1Output1DutyCycleRegister@registerValue    cstackBANK5  0005AB
PWM1_16BIT_Slice1Output1_SetInterruptHandler@InterruptHandler cstackBANK5  0005AB
PWM1_16BIT_Slice1Output2_SetInterruptHandler@InterruptHandler cstackBANK5  0005AB
PWM1_16BIT_WritePeriodRegister@periodCount                    cstackBANK5  0005AB
PWM2_16BIT_Period_SetInterruptHandler@InterruptHandler        cstackBANK5  0005AB
PWM2_16BIT_SetSlice1Output1DutyCycleRegister@registerValue    cstackBANK5  0005AB
PWM2_16BIT_Slice1Output1_SetInterruptHandler@InterruptHandler cstackBANK5  0005AB
PWM2_16BIT_Slice1Output2_SetInterruptHandler@InterruptHandler cstackBANK5  0005AB
PWM2_16BIT_WritePeriodRegister@periodCount                    cstackBANK5  0005AB
TMR0_SetInterruptHandler@InterruptHandler                     cstackBANK5  0005AB
TMR1_SetInterruptHandler@InterruptHandler                     cstackBANK5  0005AB
TMR1_WriteTimer@timerVal                                      cstackCOMRAM 000501
TMR2_ISR@CountCallBack                                        bssBANK5     00057A
TMR2_SetInterruptHandler@InterruptHandler                     cstackBANK5  0005AB
_ADACCH                                                       (abs)        0003E4
_ADACCL                                                       (abs)        0003E3
_ADACCU                                                       (abs)        0003E5
_ADACQH                                                       (abs)        0003EF
_ADACQL                                                       (abs)        0003EE
_ADACT                                                        (abs)        0003F9
_ADACTPPS                                                     (abs)        000269
_ADCAP                                                        (abs)        0003F0
_ADCLK                                                        (abs)        0003FA
_ADCNT                                                        (abs)        0003E6
_ADCON0                                                       (abs)        0003F3
_ADCON0bits                                                   (abs)        0003F3
_ADCON1                                                       (abs)        0003F4
_ADCON1bits                                                   (abs)        0003F4
_ADCON2                                                       (abs)        0003F5
_ADCON2bits                                                   (abs)        0003F5
_ADCON3                                                       (abs)        0003F6
_ADCON3bits                                                   (abs)        0003F6
_ADCP                                                         (abs)        0003D8
_ADCPbits                                                     (abs)        0003D8
_ADCSEL1                                                      (abs)        0003FC
_ADCSEL1bits                                                  (abs)        0003FC
_ADCSEL2                                                      (abs)        0003FD
_ADCSEL2bits                                                  (abs)        0003FD
_ADCSEL3                                                      (abs)        0003FE
_ADCSEL3bits                                                  (abs)        0003FE
_ADCSEL4                                                      (abs)        0003FF
_ADCSEL4bits                                                  (abs)        0003FF
_ADCTX                                                        (abs)        0003FB
_ADC_ActiveClockTuning_ISR                                    nvBANK5      0005F0
_ADC_Context1Thereshld_ISR                                    nvBANK5      0005F8
_ADC_Context2Thereshld_ISR                                    nvBANK5      0005F6
_ADC_Context3Thereshld_ISR                                    nvBANK5      0005F4
_ADC_Context4Thereshld_ISR                                    nvBANK5      0005F2
_ADC_ConversionComplete_ISR                                   nvBANK5      0005FA
_ADC_DefaultADI_ISR                                           (abs)        000000
_ADC_DefaultActiveClockTuning_ISR                             (abs)        000000
_ADC_DefaultContext1Threshold_ISR                             (abs)        000000
_ADC_DefaultContext2Threshold_ISR                             (abs)        000000
_ADC_DefaultContext3Threshold_ISR                             (abs)        000000
_ADC_DefaultContext4Threshold_ISR                             (abs)        000000
_ADC_DisableChannelSequencer                                  text89       004F46
_ADC_GetSingleConversion                                      text88       004B2E
_ADC_Initialize                                               text39       003778
_ADC_SelectContext                                            text87       004F2C
_ADC_SetADIInterruptHandler                                   text45       004F22
_ADC_SetActiveClockTuningInterruptHandler                     text44       004F18
_ADC_SetContext1ThresholdInterruptHandler                     text43       004F0E
_ADC_SetContext2ThresholdInterruptHandler                     text42       004F04
_ADC_SetContext3ThresholdInterruptHandler                     text41       004EFA
_ADC_SetContext4ThresholdInterruptHandler                     text40       004EF0
_ADERRH                                                       (abs)        0003DE
_ADERRL                                                       (abs)        0003DD
_ADFLTRH                                                      (abs)        0003E2
_ADFLTRL                                                      (abs)        0003E1
_ADLTHH                                                       (abs)        0003DA
_ADLTHL                                                       (abs)        0003D9
_ADPCH                                                        (abs)        0003EC
_ADPREH                                                       (abs)        0003F2
_ADPREL                                                       (abs)        0003F1
_ADPREVH                                                      (abs)        0003E9
_ADPREVL                                                      (abs)        0003E8
_ADREF                                                        (abs)        0003F8
_ADRESH                                                       (abs)        0003EB
_ADRESL                                                       (abs)        0003EA
_ADRPT                                                        (abs)        0003E7
_ADSTAT                                                       (abs)        0003F7
_ADSTATbits                                                   (abs)        0003F7
_ADSTPTH                                                      (abs)        0003E0
_ADSTPTL                                                      (abs)        0003DF
_ADUTHH                                                       (abs)        0003DC
_ADUTHL                                                       (abs)        0003DB
_ANALOG_GetVoltage                                            text81       00399E
_ANSELA                                                       (abs)        000400
_ANSELB                                                       (abs)        000408
_ANSELC                                                       (abs)        000410
_C1CONH                                                       (abs)        000101
_C1CONHbits                                                   (abs)        000101
_C1CONL                                                       (abs)        000100
_C1CONTbits                                                   (abs)        000103
_C1CONU                                                       (abs)        000102
_C1CONUbits                                                   (abs)        000102
_C1FIFOBA                                                     (abs)        00014C
_C1FIFOCON1H                                                  (abs)        00015D
_C1FIFOCON1L                                                  (abs)        00015C
_C1FIFOCON1T                                                  (abs)        00015F
_C1FIFOCON1U                                                  (abs)        00015E
_C1FIFOSTA1Lbits                                              (abs)        000160
_C1FLTCON0H                                                   (abs)        000181
_C1FLTOBJ1H                                                   (abs)        000195
_C1FLTOBJ1L                                                   (abs)        000194
_C1FLTOBJ1T                                                   (abs)        000197
_C1FLTOBJ1U                                                   (abs)        000196
_C1INTH                                                       (abs)        00011D
_C1INTHbits                                                   (abs)        00011D
_C1INTL                                                       (abs)        00011C
_C1INTLbits                                                   (abs)        00011C
_C1INTT                                                       (abs)        00011F
_C1INTTbits                                                   (abs)        00011F
_C1INTU                                                       (abs)        00011E
_C1INTUbits                                                   (abs)        00011E
_C1MASK1H                                                     (abs)        000199
_C1MASK1L                                                     (abs)        000198
_C1MASK1T                                                     (abs)        00019B
_C1MASK1U                                                     (abs)        00019A
_C1NBTCFGH                                                    (abs)        000105
_C1NBTCFGL                                                    (abs)        000104
_C1NBTCFGT                                                    (abs)        000107
_C1NBTCFGU                                                    (abs)        000106
_C1TRECUbits                                                  (abs)        000136
_C1TXQCONH                                                    (abs)        000151
_C1TXQCONL                                                    (abs)        000150
_C1TXQCONT                                                    (abs)        000153
_C1TXQCONU                                                    (abs)        000152
_C1TXQSTALbits                                                (abs)        000154
_CAN1_BitRateConfiguration                                    text38       004DC6
_CAN1_BusErrorHandler                                         bssBANK5     000584
_CAN1_BusWakeUpActivityHandler                                bssBANK5     000586
_CAN1_ErrorNotificationInterruptEnable                        text30       004672
_CAN1_FIFO1NotEmptyHandler                                    bssBANK5     00058A
_CAN1_ISR                                                     text90       003EFA
_CAN1_Initialize                                              text22       0048BC
_CAN1_InvalidMessageHandler                                   bssBANK5     000588
_CAN1_ModeChangeHandler                                       bssBANK5     000582
_CAN1_OperationModeGet                                        text29       004EA0
_CAN1_OperationModeSet                                        text28       0045DA
_CAN1_RX_FIFO_Configuration                                   text26       004CD0
_CAN1_RX_FIFO_FilterMaskConfiguration                         text25       004D4A
_CAN1_RX_FIFO_ResetInfo                                       text24       004B90
_CAN1_RxBufferOverflowHandler                                 bssBANK5     00057C
_CAN1_SetBusErrorInterruptHandler                             text37       004EE6
_CAN1_SetBusWakeUpActivityInterruptHandler                    text36       004EDC
_CAN1_SetFIFO1NotEmptyHandler                                 text27       004E96
_CAN1_SetInvalidMessageInterruptHandler                       text35       004ED2
_CAN1_SetModeChangeInterruptHandler                           text34       004EC8
_CAN1_SetRxBufferOverFlowInterruptHandler                     text33       004EBE
_CAN1_SetSystemErrorInterruptHandler                          text32       004EB4
_CAN1_SetTxAttemptInterruptHandler                            text31       004EAA
_CAN1_SystemErrorHandler                                      bssBANK5     000580
_CAN1_TX_FIFO_Configuration                                   text23       004DB2
_CAN1_TxAttemptHandler                                        bssBANK5     00057E
_CANDATAdata                                                  bssBANK6     000600
_CANRXPPS                                                     (abs)        00023D
_DELAY_milliseconds                                           text65       004A64
_DLC_BYTES                                                    smallconst   002601
_DefaultBusErrorHandler                                       text97       004F76
_DefaultBusWakeUpActivityHandler                              text96       004F74
_DefaultFIFO1NotEmptyHandler                                  (abs)        000000
_DefaultInvalidMessageHandler                                 text95       004F72
_DefaultModeChangeHandler                                     text94       004F70
_DefaultRxBufferOverflowHandler                               text93       004F6E
_DefaultSystemErrorHandler                                    text92       004F6C
_DefaultTxAttemptHandler                                      text91       004F6A
_EBS_Init                                                     text51       004E26
_EBS_Watchdog                                                 text52       004918
_EXT_INT_Initialize                                           text20       004D9C
_GPIO_BrakePedalAtRest                                        text80       004AFC
_GPIO_PWM1_Control                                            text47       00436C
_GPIO_PWM2_Control                                            text55       004448
_HDRPRES_max                                                  bssCOMRAM    00054B
_HDRPRES_min                                                  bssCOMRAM    00054C
_INLVLA                                                       (abs)        000404
_INLVLB                                                       (abs)        00040C
_INLVLC                                                       (abs)        000414
_INLVLE                                                       (abs)        000424
_INT0PPS                                                      (abs)        00023E
_INT0_CallBack                                                text78       004ACA
_INT0_DefaultInterruptHandler                                 text79       004F68
_INT0_ISR                                                     text77       004F3E
_INT0_InterruptHandler                                        nvBANK5      0005FC
_INT0_SetInterruptHandler                                     text21       004E8C
_INTCON0bits                                                  (abs)        0004D6
_INTERRUPT_Initialize                                         text19       004F4C
_INTERRUPT_InterruptManager                                   text66       004524
_LATA                                                         (abs)        0004BE
_LATAbits                                                     (abs)        0004BE
_LATB                                                         (abs)        0004BF
_LATBbits                                                     (abs)        0004BF
_LATC                                                         (abs)        0004C0
_LATCbits                                                     (abs)        0004C0
_NPRES_max                                                    bssBANK5     000592
_NPRES_min                                                    bssCOMRAM    00054A
_ODCONA                                                       (abs)        000402
_ODCONB                                                       (abs)        00040A
_ODCONC                                                       (abs)        000412
_OSCCON1                                                      (abs)        0000AD
_OSCCON3                                                      (abs)        0000AF
_OSCEN                                                        (abs)        0000B3
_OSCFRQ                                                       (abs)        0000B1
_OSCILLATOR_Initialize                                        text18       004D6C
_OSCTUNE                                                      (abs)        0000B0
_PIE0bits                                                     (abs)        00049E
_PIE1bits                                                     (abs)        00049F
_PIE3bits                                                     (abs)        0004A1
_PIE4bits                                                     (abs)        0004A2
_PIE5bits                                                     (abs)        0004A3
_PIN_MANAGER_Initialize                                       text17       00484A
_PIR0bits                                                     (abs)        0004AE
_PIR1bits                                                     (abs)        0004AF
_PIR2bits                                                     (abs)        0004B0
_PIR3bits                                                     (abs)        0004B1
_PIR4bits                                                     (abs)        0004B2
_PIR5bits                                                     (abs)        0004B3
_PMD0                                                         (abs)        000060
_PMD1                                                         (abs)        000061
_PMD2                                                         (abs)        000062
_PMD3                                                         (abs)        000063
_PMD4                                                         (abs)        000064
_PMD5                                                         (abs)        000065
_PMD6                                                         (abs)        000066
_PMD7                                                         (abs)        000067
_PMD8                                                         (abs)        000068
_PMD_Initialize                                               text16       004D22
_PORTAbits                                                    (abs)        0004CE
_PORTCbits                                                    (abs)        0004D0
_PR2                                                          (abs)        000323
_PWM1CLK                                                      (abs)        000461
_PWM1CON                                                      (abs)        000469
_PWM1CONbits                                                  (abs)        000469
_PWM1CPRE                                                     (abs)        000465
_PWM1ERS                                                      (abs)        000460
_PWM1GIE                                                      (abs)        000468
_PWM1GIEbits                                                  (abs)        000468
_PWM1GIR                                                      (abs)        000467
_PWM1GIRbits                                                  (abs)        000467
_PWM1LDS                                                      (abs)        000462
_PWM1PIPOS                                                    (abs)        000466
_PWM1PRH                                                      (abs)        000464
_PWM1PRL                                                      (abs)        000463
_PWM1S1CFG                                                    (abs)        00046A
_PWM1S1P1H                                                    (abs)        00046C
_PWM1S1P1L                                                    (abs)        00046B
_PWM1S1P2H                                                    (abs)        00046E
_PWM1S1P2L                                                    (abs)        00046D
_PWM1_16BIT_Initialize                                        text12       0047D6
_PWM1_16BIT_LoadBufferRegisters                               text50       004F50
_PWM1_16BIT_Period_DefaultInterruptHandler                    (abs)        000000
_PWM1_16BIT_Period_InterruptHandler                           bssBANK5     00058C
_PWM1_16BIT_Period_SetInterruptHandler                        text15       004E82
_PWM1_16BIT_SetSlice1Output1DutyCycleRegister                 text49       004DFC
_PWM1_16BIT_Slice1Output1_DefaultInterruptHandler             (abs)        000000
_PWM1_16BIT_Slice1Output1_InterruptHandler                    bssBANK5     000590
_PWM1_16BIT_Slice1Output1_SetInterruptHandler                 text14       004E78
_PWM1_16BIT_Slice1Output2_DefaultInterruptHandler             (abs)        000000
_PWM1_16BIT_Slice1Output2_InterruptHandler                    bssBANK5     00058E
_PWM1_16BIT_Slice1Output2_SetInterruptHandler                 text13       004E6E
_PWM1_16BIT_WritePeriodRegister                               text48       004DEE
_PWM2CLK                                                      (abs)        000470
_PWM2CON                                                      (abs)        000478
_PWM2CONbits                                                  (abs)        000478
_PWM2CPRE                                                     (abs)        000474
_PWM2ERS                                                      (abs)        00046F
_PWM2GIE                                                      (abs)        000477
_PWM2GIEbits                                                  (abs)        000477
_PWM2GIR                                                      (abs)        000476
_PWM2GIRbits                                                  (abs)        000476
_PWM2LDS                                                      (abs)        000471
_PWM2PIPOS                                                    (abs)        000475
_PWM2PRH                                                      (abs)        000473
_PWM2PRL                                                      (abs)        000472
_PWM2S1CFG                                                    (abs)        000479
_PWM2S1P1H                                                    (abs)        00047B
_PWM2S1P1L                                                    (abs)        00047A
_PWM2S1P2H                                                    (abs)        00047D
_PWM2S1P2L                                                    (abs)        00047C
_PWM2_16BIT_Disable                                           text54       004F58
_PWM2_16BIT_Enable                                            text53       004F54
_PWM2_16BIT_Initialize                                        text8        004762
_PWM2_16BIT_LoadBufferRegisters                               text64       004F5C
_PWM2_16BIT_Period_DefaultInterruptHandler                    (abs)        000000
_PWM2_16BIT_Period_InterruptHandler                           nvBANK6      000616
_PWM2_16BIT_Period_SetInterruptHandler                        text11       004E64
_PWM2_16BIT_SetSlice1Output1DutyCycleRegister                 text63       004E18
_PWM2_16BIT_Slice1Output1_DefaultInterruptHandler             (abs)        000000
_PWM2_16BIT_Slice1Output1_InterruptHandler                    nvBANK6      00061A
_PWM2_16BIT_Slice1Output1_SetInterruptHandler                 text10       004E5A
_PWM2_16BIT_Slice1Output2_DefaultInterruptHandler             (abs)        000000
_PWM2_16BIT_Slice1Output2_InterruptHandler                    nvBANK6      000618
_PWM2_16BIT_Slice1Output2_SetInterruptHandler                 text9        004E50
_PWM2_16BIT_WritePeriodRegister                               text62       004E0A
_RB4PPS                                                       (abs)        00020D
_RC0PPS                                                       (abs)        000211
_RC1PPS                                                       (abs)        000212
_SERVICEBRAKE_Init                                            text46       004D84
_SLRCONA                                                      (abs)        000403
_SLRCONB                                                      (abs)        00040B
_SLRCONC                                                      (abs)        000413
_SYSTEM_Initialize                                            text1        004A98
_T0CON0                                                       (abs)        00031A
_T0CON0bits                                                   (abs)        00031A
_T0CON1                                                       (abs)        00031B
_T1CLK                                                        (abs)        000321
_T1CON                                                        (abs)        00031E
_T1CONbits                                                    (abs)        00031E
_T1GATE                                                       (abs)        000320
_T1GCON                                                       (abs)        00031F
_T1GCONbits                                                   (abs)        00031F
_T2CLKCON                                                     (abs)        000326
_T2CON                                                        (abs)        000324
_T2CONbits                                                    (abs)        000324
_T2HLT                                                        (abs)        000325
_T2HLTbits                                                    (abs)        000325
_T2PR                                                         (abs)        000323
_T2RST                                                        (abs)        000327
_T2RSTbits                                                    (abs)        000327
_T2TMR                                                        (abs)        000322
_TMR0H                                                        (abs)        000319
_TMR0L                                                        (abs)        000318
_TMR0_CallBack                                                text75       004C76
_TMR0_DefaultInterruptHandler                                 text76       004F66
_TMR0_ISR                                                     text74       004F36
_TMR0_Initialize                                              text6        004CFA
_TMR0_InterruptHandler                                        nvBANK6      000610
_TMR0_SetInterruptHandler                                     text7        004E46
_TMR1H                                                        (abs)        00031D
_TMR1L                                                        (abs)        00031C
_TMR1_CallBack                                                text72       004C48
_TMR1_DefaultInterruptHandler                                 text73       004F64
_TMR1_ISR                                                     text70       004DDA
_TMR1_Initialize                                              text4        004A1C
_TMR1_InterruptHandler                                        nvBANK6      000614
_TMR1_SetInterruptHandler                                     text5        004E3C
_TMR1_WriteTimer                                              text71       004C1A
_TMR2                                                         (abs)        000322
_TMR2_CallBack                                                text68       004BEC
_TMR2_DefaultInterruptHandler                                 text69       004F62
_TMR2_ISR                                                     text67       004BBE
_TMR2_Initialize                                              text2        004B60
_TMR2_InterruptHandler                                        nvBANK6      000612
_TMR2_SetInterruptHandler                                     text3        004E32
_TRISA                                                        (abs)        0004C6
_TRISB                                                        (abs)        0004C7
_TRISBbits                                                    (abs)        0004C7
_TRISC                                                        (abs)        0004C8
_TRISCbits                                                    (abs)        0004C8
_TRISE                                                        (abs)        0004CA
_WPUA                                                         (abs)        000401
_WPUB                                                         (abs)        000409
_WPUC                                                         (abs)        000411
_WPUE                                                         (abs)        000421
__HRAM                                                        (abs)        000000
__Habs1                                                       abs1         000000
__Hbank10                                                     bank10       000000
__Hbank11                                                     bank11       000000
__Hbank12                                                     bank12       000000
__Hbank13                                                     bank13       000000
__Hbank14                                                     bank14       000000
__Hbank15                                                     bank15       000000
__Hbank16                                                     bank16       000000
__Hbank17                                                     bank17       000000
__Hbank18                                                     bank18       000000
__Hbank19                                                     bank19       000000
__Hbank20                                                     bank20       000000
__Hbank21                                                     bank21       000000
__Hbank22                                                     bank22       000000
__Hbank23                                                     bank23       000000
__Hbank24                                                     bank24       000000
__Hbank25                                                     bank25       000000
__Hbank26                                                     bank26       000000
__Hbank27                                                     bank27       000000
__Hbank28                                                     bank28       000000
__Hbank29                                                     bank29       000000
__Hbank30                                                     bank30       000000
__Hbank31                                                     bank31       000000
__Hbank32                                                     bank32       000000
__Hbank33                                                     bank33       000000
__Hbank34                                                     bank34       000000
__Hbank35                                                     bank35       000000
__Hbank36                                                     bank36       000000
__Hbank37                                                     bank37       000000
__Hbank5                                                      bank5        000000
__Hbank6                                                      bank6        000000
__Hbank7                                                      bank7        000000
__Hbank8                                                      bank8        000000
__Hbank9                                                      bank9        000000
__Hbigbss                                                     bigbss       000000
__Hbigdata                                                    bigdata      000000
__Hbigram                                                     bigram       000000
__Hbss                                                        bss          000000
__HbssBANK5                                                   bssBANK5     000000
__HbssBANK6                                                   bssBANK6     000000
__HbssCOMRAM                                                  bssCOMRAM    000000
__Hcinit                                                      cinit        000000
__Hclrtext                                                    clrtext      000000
__Hcomram                                                     comram       000000
__Hconfig                                                     config       300024
__Hconst                                                      const        000000
__HcstackBANK5                                                cstackBANK5  000000
__HcstackCOMRAM                                               cstackCOMRAM 000000
__Hdata                                                       data         000000
__HdataBANK5                                                  dataBANK5    000000
__Heeprom_data                                                eeprom_data  000000
__Hfarbss                                                     farbss       000000
__Hfardata                                                    fardata      000000
__Hibigdata                                                   ibigdata     000000
__Hidata                                                      idata        000000
__HidataBANK5                                                 idataBANK5   000000
__Hidloc                                                      idloc        200020
__Hifardata                                                   ifardata     000000
__Hinit                                                       init         00001E
__Hintsave_regs                                               intsave_regs 000000
__Hirdata                                                     irdata       000000
__Hivt0x8                                                     ivt0x8       00001A
__Hmediumconst                                                mediumconst  000000
__HnvBANK5                                                    nvBANK5      000000
__HnvBANK6                                                    nvBANK6      000000
__HnvFARRAM                                                   nvFARRAM     000000
__Hnvbit                                                      nvbit        000000
__Hnvrram                                                     nvrram       000000
__Hparam                                                      rparam       000000
__Hpowerup                                                    powerup      000000
__Hram                                                        ram          000000
__Hramtop                                                     ramtop       002600
__Hrbit                                                       rbit         000000
__Hrbss                                                       rbss         000000
__Hrdata                                                      rdata        000000
__Hreset_vec                                                  reset_vec    000004
__Hrparam                                                     rparam       000000
__Hsfr                                                        sfr          000000
__Hsmallconst                                                 smallconst   00260E
__Hspace_0                                                    (abs)        004F78
__Hspace_1                                                    (abs)        00061C
__Hspace_2                                                    (abs)        000000
__Hspace_4                                                    (abs)        600024
__Hstack                                                      stack        000000
__Hstruct                                                     struct       000000
__Htemp                                                       temp         000000
__Htext                                                       text         000000
__Htext0                                                      text0        000000
__Htext1                                                      text1        000000
__Htext10                                                     text10       000000
__Htext11                                                     text11       000000
__Htext12                                                     text12       000000
__Htext13                                                     text13       000000
__Htext14                                                     text14       000000
__Htext15                                                     text15       000000
__Htext16                                                     text16       000000
__Htext17                                                     text17       000000
__Htext18                                                     text18       000000
__Htext19                                                     text19       000000
__Htext2                                                      text2        000000
__Htext20                                                     text20       000000
__Htext21                                                     text21       000000
__Htext22                                                     text22       000000
__Htext23                                                     text23       000000
__Htext24                                                     text24       000000
__Htext25                                                     text25       000000
__Htext26                                                     text26       000000
__Htext27                                                     text27       000000
__Htext28                                                     text28       000000
__Htext29                                                     text29       000000
__Htext3                                                      text3        000000
__Htext30                                                     text30       000000
__Htext31                                                     text31       000000
__Htext32                                                     text32       000000
__Htext33                                                     text33       000000
__Htext34                                                     text34       000000
__Htext35                                                     text35       000000
__Htext36                                                     text36       000000
__Htext37                                                     text37       000000
__Htext38                                                     text38       000000
__Htext39                                                     text39       000000
__Htext4                                                      text4        000000
__Htext40                                                     text40       000000
__Htext41                                                     text41       000000
__Htext42                                                     text42       000000
__Htext43                                                     text43       000000
__Htext44                                                     text44       000000
__Htext45                                                     text45       000000
__Htext46                                                     text46       000000
__Htext47                                                     text47       000000
__Htext48                                                     text48       000000
__Htext49                                                     text49       000000
__Htext5                                                      text5        000000
__Htext50                                                     text50       000000
__Htext51                                                     text51       000000
__Htext52                                                     text52       000000
__Htext53                                                     text53       000000
__Htext54                                                     text54       000000
__Htext55                                                     text55       000000
__Htext56                                                     text56       000000
__Htext57                                                     text57       000000
__Htext58                                                     text58       000000
__Htext59                                                     text59       000000
__Htext6                                                      text6        000000
__Htext60                                                     text60       000000
__Htext61                                                     text61       000000
__Htext62                                                     text62       000000
__Htext63                                                     text63       000000
__Htext64                                                     text64       000000
__Htext65                                                     text65       000000
__Htext66                                                     text66       000000
__Htext67                                                     text67       000000
__Htext68                                                     text68       000000
__Htext69                                                     text69       000000
__Htext7                                                      text7        000000
__Htext70                                                     text70       000000
__Htext71                                                     text71       000000
__Htext72                                                     text72       000000
__Htext73                                                     text73       000000
__Htext74                                                     text74       000000
__Htext75                                                     text75       000000
__Htext76                                                     text76       000000
__Htext77                                                     text77       000000
__Htext78                                                     text78       000000
__Htext79                                                     text79       000000
__Htext8                                                      text8        000000
__Htext80                                                     text80       000000
__Htext81                                                     text81       000000
__Htext82                                                     text82       000000
__Htext83                                                     text83       000000
__Htext84                                                     text84       000000
__Htext85                                                     text85       000000
__Htext86                                                     text86       000000
__Htext87                                                     text87       000000
__Htext88                                                     text88       000000
__Htext89                                                     text89       000000
__Htext9                                                      text9        000000
__Htext90                                                     text90       000000
__Htext91                                                     text91       000000
__Htext92                                                     text92       000000
__Htext93                                                     text93       000000
__Htext94                                                     text94       000000
__Htext95                                                     text95       000000
__Htext96                                                     text96       000000
__Htext97                                                     text97       000000
__Htext98                                                     text98       000000
__LRAM                                                        (abs)        000001
__Labs1                                                       abs1         000000
__Lbank10                                                     bank10       000000
__Lbank11                                                     bank11       000000
__Lbank12                                                     bank12       000000
__Lbank13                                                     bank13       000000
__Lbank14                                                     bank14       000000
__Lbank15                                                     bank15       000000
__Lbank16                                                     bank16       000000
__Lbank17                                                     bank17       000000
__Lbank18                                                     bank18       000000
__Lbank19                                                     bank19       000000
__Lbank20                                                     bank20       000000
__Lbank21                                                     bank21       000000
__Lbank22                                                     bank22       000000
__Lbank23                                                     bank23       000000
__Lbank24                                                     bank24       000000
__Lbank25                                                     bank25       000000
__Lbank26                                                     bank26       000000
__Lbank27                                                     bank27       000000
__Lbank28                                                     bank28       000000
__Lbank29                                                     bank29       000000
__Lbank30                                                     bank30       000000
__Lbank31                                                     bank31       000000
__Lbank32                                                     bank32       000000
__Lbank33                                                     bank33       000000
__Lbank34                                                     bank34       000000
__Lbank35                                                     bank35       000000
__Lbank36                                                     bank36       000000
__Lbank37                                                     bank37       000000
__Lbank5                                                      bank5        000000
__Lbank6                                                      bank6        000000
__Lbank7                                                      bank7        000000
__Lbank8                                                      bank8        000000
__Lbank9                                                      bank9        000000
__Lbigbss                                                     bigbss       000000
__Lbigdata                                                    bigdata      000000
__Lbigram                                                     bigram       000000
__Lbss                                                        bss          000000
__LbssBANK5                                                   bssBANK5     000000
__LbssBANK6                                                   bssBANK6     000000
__LbssCOMRAM                                                  bssCOMRAM    000000
__Lcinit                                                      cinit        000000
__Lclrtext                                                    clrtext      000000
__Lcomram                                                     comram       000000
__Lconfig                                                     config       000000
__Lconst                                                      const        000000
[...]
      Locals:         0       0       0       0       0       0       0       0       0       0       0       0       0       0       0       0       0       0       0       0       0       0       0       0       0       0       0       0       0       0       0       0       0       0
      Temps:          0       0       0       0       0       0       0       0       0       0       0       0       0       0       0       0       0       0       0       0       0       0       0       0       0       0       0       0       0       0       0       0       0       0
      Totals:         0       0       0       0       0       0       0       0       0       0       0       0       0       0       0       0       0       0       0       0       0       0       0       0       0       0       0       0       0       0       0       0       0       0
Total ram usage:        0 bytes
 Hardware stack levels used:    1
 This function calls:
		Nothing
 This function is called by:
		_CAN1_ErrorNotificationInterruptEnable
		_CAN1_ISR
 This function uses a non-reentrant model


 *************** function _DefaultRxBufferOverflowHandler *****************
 Defined at:
		line 149 in file "mcc_generated_files/can1.c"
 Parameters:    Size  Location     Type
		None
 Auto vars:     Size  Location     Type
		None
 Return value:  Size  Location     Type
                  1    wreg      void 
 Registers used:
		None
 Tracked objects:
		On entry : 
		On exit  : 
		Unchanged: 
 Data sizes:     COMRAM   BANK5   BANK6   BANK7   BANK8   BANK9  BANK10  BANK11  BANK12  BANK13  BANK14  BANK15  BANK16  BANK17  BANK18  BANK19  BANK20  BANK21  BANK22  BANK23  BANK24  BANK25  BANK26  BANK27  BANK28  BANK29  BANK30  BANK31  BANK32  BANK33  BANK34  BANK35  BANK36  BANK37
      Params:         0       0       0       0       0       0       0       0       0       0       0       0       0       0       0       0       0       0       0       0       0       0       0       0       0       0       0       0       0       0       0       0       0       0
      Locals:         0       0       0       0       0       0       0       0       0       0       0       0       0       0       0       0       0       0       0       0       0       0       0       0       0       0       0       0       0       0       0       0       0       0
      Temps:          0       0       0       0       0       0       0       0       0       0       0       0       0       0       0       0       0       0       0       0       0       0       0       0       0       0       0       0       0       0       0       0       0       0
      Totals:         0       0       0       0       0       0       0       0       0       0       0       0       0       0       0       0       0       0       0       0       0       0       0       0       0       0       0       0       0       0       0       0       0       0
Total ram usage:        0 bytes
 Hardware stack levels used:    1
 This function calls:
		Nothing
 This function is called by:
		_CAN1_ErrorNotificationInterruptEnable
		_CAN1_ISR
 This function uses a non-reentrant model


 *************** function _DefaultModeChangeHandler *****************
 Defined at:
		line 137 in file "mcc_generated_files/can1.c"
 Parameters:    Size  Location     Type
		None
 Auto vars:     Size  Location     Type
		None
 Return value:  Size  Location     Type
                  1    wreg      void 
 Registers used:
		None
 Tracked objects:
		On entry : 
		On exit  : 
		Unchanged: 
 Data sizes:     COMRAM   BANK5   BANK6   BANK7   BANK8   BANK9  BANK10  BANK11  BANK12  BANK13  BANK14  BANK15  BANK16  BANK17  BANK18  BANK19  BANK20  BANK21  BANK22  BANK23  BANK24  BANK25  BANK26  BANK27  BANK28  BANK29  BANK30  BANK31  BANK32  BANK33  BANK34  BANK35  BANK36  BANK37
      Params:         0       0       0       0       0       0       0       0       0       0       0       0       0       0       0       0       0       0       0       0       0       0       0       0       0       0       0       0       0       0       0       0       0       0
      Locals:         0       0       0       0       0       0       0       0       0       0       0       0       0       0       0       0       0       0       0       0       0       0       0       0       0       0       0       0       0       0       0       0       0       0
      Temps:          0       0       0       0       0       0       0       0       0       0       0       0       0       0       0       0       0       0       0       0       0       0       0       0       0       0       0       0       0       0       0       0       0       0
      Totals:         0       0       0       0       0       0       0       0       0       0       0       0       0       0       0       0       0       0       0       0       0       0       0       0       0       0       0       0       0       0       0       0       0       0
Total ram usage:        0 bytes
 Hardware stack levels used:    1
 This function calls:
		Nothing
 This function is called by:
		_CAN1_ErrorNotificationInterruptEnable
		_CAN1_ISR
 This function uses a non-reentrant model


 *************** function _DefaultInvalidMessageHandler *****************
 Defined at:
		line 125 in file "mcc_generated_files/can1.c"
 Parameters:    Size  Location     Type
		None
 Auto vars:     Size  Location     Type
		None
 Return value:  Size  Location     Type
                  1    wreg      void 
 Registers used:
		None
 Tracked objects:
		On entry : 
		On exit  : 
		Unchanged: 
 Data sizes:     COMRAM   BANK5   BANK6   BANK7   BANK8   BANK9  BANK10  BANK11  BANK12  BANK13  BANK14  BANK15  BANK16  BANK17  BANK18  BANK19  BANK20  BANK21  BANK22  BANK23  BANK24  BANK25  BANK26  BANK27  BANK28  BANK29  BANK30  BANK31  BANK32  BANK33  BANK34  BANK35  BANK36  BANK37
      Params:         0       0       0       0       0       0       0       0       0       0       0       0       0       0       0       0       0       0       0       0       0       0       0       0       0       0       0       0       0       0       0       0       0       0
      Locals:         0       0       0       0       0       0       0       0       0       0       0       0       0       0       0       0       0       0       0       0       0       0       0       0       0       0       0       0       0       0       0       0       0       0
      Temps:          0       0       0       0       0       0       0       0       0       0       0       0       0       0       0       0       0       0       0       0       0       0       0       0       0       0       0       0       0       0       0       0       0       0
      Totals:         0       0       0       0       0       0       0       0       0       0       0       0       0       0       0       0       0       0       0       0       0       0       0       0       0       0       0       0       0       0       0       0       0       0
Total ram usage:        0 bytes
 Hardware stack levels used:    1
 This function calls:
		Nothing
 This function is called by:
		_CAN1_ErrorNotificationInterruptEnable
		_CAN1_ISR
 This function uses a non-reentrant model


 *************** function _DefaultBusWakeUpActivityHandler *****************
 Defined at:
		line 129 in file "mcc_generated_files/can1.c"
 Parameters:    Size  Location     Type
		None
 Auto vars:     Size  Location     Type
		None
 Return value:  Size  Location     Type
                  1    wreg      void 
 Registers used:
		None
 Tracked objects:
		On entry : 
		On exit  : 
		Unchanged: 
 Data sizes:     COMRAM   BANK5   BANK6   BANK7   BANK8   BANK9  BANK10  BANK11  BANK12  BANK13  BANK14  BANK15  BANK16  BANK17  BANK18  BANK19  BANK20  BANK21  BANK22  BANK23  BANK24  BANK25  BANK26  BANK27  BANK28  BANK29  BANK30  BANK31  BANK32  BANK33  BANK34  BANK35  BANK36  BANK37
      Params:         0       0       0       0       0       0       0       0       0       0       0       0       0       0       0       0       0       0       0       0       0       0       0       0       0       0       0       0       0       0       0       0       0       0
      Locals:         0       0       0       0       0       0       0       0       0       0       0       0       0       0       0       0       0       0       0       0       0       0       0       0       0       0       0       0       0       0       0       0       0       0
      Temps:          0       0       0       0       0       0       0       0       0       0       0       0       0       0       0       0       0       0       0       0       0       0       0       0       0       0       0       0       0       0       0       0       0       0
      Totals:         0       0       0       0       0       0       0       0       0       0       0       0       0       0       0       0       0       0       0       0       0       0       0       0       0       0       0       0       0       0       0       0       0       0
Total ram usage:        0 bytes
 Hardware stack levels used:    1
 This function calls:
		Nothing
 This function is called by:
		_CAN1_ErrorNotificationInterruptEnable
		_CAN1_ISR
 This function uses a non-reentrant model


 *************** function _DefaultBusErrorHandler *****************
 Defined at:
		line 133 in file "mcc_generated_files/can1.c"
 Parameters:    Size  Location     Type
		None
 Auto vars:     Size  Location     Type
		None
 Return value:  Size  Location     Type
                  1    wreg      void 
 Registers used:
		None
 Tracked objects:
		On entry : 
		On exit  : 
		Unchanged: 
 Data sizes:     COMRAM   BANK5   BANK6   BANK7   BANK8   BANK9  BANK10  BANK11  BANK12  BANK13  BANK14  BANK15  BANK16  BANK17  BANK18  BANK19  BANK20  BANK21  BANK22  BANK23  BANK24  BANK25  BANK26  BANK27  BANK28  BANK29  BANK30  BANK31  BANK32  BANK33  BANK34  BANK35  BANK36  BANK37
      Params:         0       0       0       0       0       0       0       0       0       0       0       0       0       0       0       0       0       0       0       0       0       0       0       0       0       0       0       0       0       0       0       0       0       0
      Locals:         0       0       0       0       0       0       0       0       0       0       0       0       0       0       0       0       0       0       0       0       0       0       0       0       0       0       0       0       0       0       0       0       0       0
      Temps:          0       0       0       0       0       0       0       0       0       0       0       0       0       0       0       0       0       0       0       0       0       0       0       0       0       0       0       0       0       0       0       0       0       0
      Totals:         0       0       0       0       0       0       0       0       0       0       0       0       0       0       0       0       0       0       0       0       0       0       0       0       0       0       0       0       0       0       0       0       0       0
Total ram usage:        0 bytes
 Hardware stack levels used:    1
 This function calls:
		Nothing
 This function is called by:
		_CAN1_ErrorNotificationInterruptEnable
		_CAN1_ISR
 This function uses a non-reentrant model



MODULE INFORMATION

Module		Function		Class		Link	Load	Size
mcc_generated_files/can1.c
		_CAN1_BitRateConfiguration		CODE           	4DC6	0000	20
		_CAN1_SetTxAttemptInterruptHandler		CODE           	4EAA	0000	10
		_CAN1_SetInvalidMessageInterruptHandler		CODE           	4ED2	0000	10
		_CAN1_TX_FIFO_Configuration		CODE           	4DB2	0000	20
		_CAN1_ISR      		CODE           	3EFA	0000	342
		_DefaultBusErrorHandler		CODE           	4F76	0000	2
		_CAN1_OperationModeGet		CODE           	4EA0	0000	10
		_CAN1_Initialize		CODE           	48BC	0000	92
		_DefaultInvalidMessageHandler		CODE           	4F72	0000	2
		_CAN1_SetFIFO1NotEmptyHandler		CODE           	4E96	0000	10
		_DefaultBusWakeUpActivityHandler		CODE           	4F74	0000	2
		_CAN1_RX_FIFO_FilterMaskConfiguration		CODE           	4D4A	0000	34
		_CAN1_RX_FIFO_Configuration		CODE           	4CD0	0000	42
		_CAN1_SetBusErrorInterruptHandler		CODE           	4EE6	0000	10
		_CAN1_SetSystemErrorInterruptHandler		CODE           	4EB4	0000	10
		_DefaultSystemErrorHandler		CODE           	4F6C	0000	2
		_DefaultRxBufferOverflowHandler		CODE           	4F6E	0000	2
		_CAN1_ErrorNotificationInterruptEnable		CODE           	4672	0000	122
		_CAN1_SetBusWakeUpActivityInterruptHandler		CODE           	4EDC	0000	10
		_CAN1_SetRxBufferOverFlowInterruptHandler		CODE           	4EBE	0000	10
		_CAN1_RX_FIFO_ResetInfo		CODE           	4B90	0000	46
		_CAN1_OperationModeSet		CODE           	45DA	0000	152
		_CAN1_SetModeChangeInterruptHandler		CODE           	4EC8	0000	10
		_DefaultTxAttemptHandler		CODE           	4F6A	0000	2
		_DefaultModeChangeHandler		CODE           	4F70	0000	2

mcc_generated_files/can1.c estimated size: 974

C:\Program Files\Microchip\xc8\v2.31\pic\sources\c99\common\sprcadd.c
		___fladd       		CODE           	260E	0000	1218

C:\Program Files\Microchip\xc8\v2.31\pic\sources\c99\common\sprcadd.c estimated size: 1218

mcc_generated_files/pwm2_16bit.c
		_PWM2_16BIT_WritePeriodRegister		CODE           	4E0A	0000	14
		_PWM2_16BIT_Disable		CODE           	4F58	0000	4
		_PWM2_16BIT_Period_SetInterruptHandler		CODE           	4E64	0000	10
		_PWM2_16BIT_Slice1Output1_SetInterruptHandler		CODE           	4E5A	0000	10
		_PWM2_16BIT_Slice1Output2_SetInterruptHandler		CODE           	4E50	0000	10
		_PWM2_16BIT_Initialize		CODE           	4762	0000	116
		_PWM2_16BIT_LoadBufferRegisters		CODE           	4F5C	0000	4
		_PWM2_16BIT_SetSlice1Output1DutyCycleRegister		CODE           	4E18	0000	14
		_PWM2_16BIT_Enable		CODE           	4F54	0000	4

mcc_generated_files/pwm2_16bit.c estimated size: 186

mcc_generated_files/tmr2.c
		_TMR2_ISR      		CODE           	4BBE	0000	46
		_TMR2_Initialize		CODE           	4B60	0000	48
		_TMR2_SetInterruptHandler		CODE           	4E32	0000	10
		_TMR2_DefaultInterruptHandler		CODE           	4F62	0000	2
		_TMR2_CallBack 		CODE           	4BEC	0000	46

mcc_generated_files/tmr2.c estimated size: 152

mcc_generated_files/interrupt_manager.c
		_INTERRUPT_Initialize		CODE           	4F4C	0000	4
		_INTERRUPT_InterruptManager		CODE           	4524	0000	182

mcc_generated_files/interrupt_manager.c estimated size: 186

C:\Program Files\Microchip\xc8\v2.31\pic\sources\c99\common\xxtofl.c
		___xxtofl      		CODE           	3B8E	0000	440

C:\Program Files\Microchip\xc8\v2.31\pic\sources\c99\common\xxtofl.c estimated size: 440

mcc_generated_files/tmr0.c
		_TMR0_SetInterruptHandler		CODE           	4E46	0000	10
		_TMR0_DefaultInterruptHandler		CODE           	4F66	0000	2
		_TMR0_CallBack 		CODE           	4C76	0000	46
		_TMR0_ISR      		CODE           	4F36	0000	8
		_TMR0_Initialize		CODE           	4CFA	0000	40

mcc_generated_files/tmr0.c estimated size: 106

mcc_generated_files/pin_manager.c
		_PIN_MANAGER_Initialize		CODE           	484A	0000	114

mcc_generated_files/pin_manager.c estimated size: 114

mcc_generated_files/adc.c
		_ADC_SelectContext		CODE           	4F2C	0000	10
		_ADC_Initialize		CODE           	3778	0000	550
		_ADC_DisableChannelSequencer		CODE           	4F46	0000	6
		_ADC_GetSingleConversion		CODE           	4B2E	0000	50
		_ADC_SetActiveClockTuningInterruptHandler		CODE           	4F18	0000	10
		_ADC_SetADIInterruptHandler		CODE           	4F22	0000	10
		_ADC_SetContext1ThresholdInterruptHandler		CODE           	4F0E	0000	10
		_ADC_SetContext2ThresholdInterruptHandler		CODE           	4F04	0000	10
		_ADC_SetContext3ThresholdInterruptHandler		CODE           	4EFA	0000	10
		_ADC_SetContext4ThresholdInterruptHandler		CODE           	4EF0	0000	10

mcc_generated_files/adc.c estimated size: 676

mcc_generated_files/ext_int.c
		_INT0_SetInterruptHandler		CODE           	4E8C	0000	10
		_EXT_INT_Initialize		CODE           	4D9C	0000	22
		_INT0_DefaultInterruptHandler		CODE           	4F68	0000	2
		_INT0_CallBack 		CODE           	4ACA	0000	50
		_INT0_ISR      		CODE           	4F3E	0000	8

mcc_generated_files/ext_int.c estimated size: 92

mcc_generated_files/pwm1_16bit.c
		_PWM1_16BIT_Period_SetInterruptHandler		CODE           	4E82	0000	10
		_PWM1_16BIT_Slice1Output1_SetInterruptHandler		CODE           	4E78	0000	10
		_PWM1_16BIT_Slice1Output2_SetInterruptHandler		CODE           	4E6E	0000	10
		_PWM1_16BIT_Initialize		CODE           	47D6	0000	116
		_PWM1_16BIT_LoadBufferRegisters		CODE           	4F50	0000	4
		_PWM1_16BIT_SetSlice1Output1DutyCycleRegister		CODE           	4DFC	0000	14
		_PWM1_16BIT_WritePeriodRegister		CODE           	4DEE	0000	14

mcc_generated_files/pwm1_16bit.c estimated size: 178

shared
		_FIFO          		SMALLCONST     	0000	0000	0
		_DLC_BYTES     		SMALLCONST     	2601	0000	9
		i2___fladd     		CODE           	2AD0	0000	1216
		i2___fltol     		CODE           	4266	0000	262
		__initialization		CODE           	4974	0000	78
		i2___xxtofl    		CODE           	3D46	0000	436

shared estimated size: 2001

mcc_generated_files/mcc.c
		_PMD_Initialize		CODE           	4D22	0000	40
		_OSCILLATOR_Initialize		CODE           	4D6C	0000	24
		_SYSTEM_Initialize		CODE           	4A98	0000	50

mcc_generated_files/mcc.c estimated size: 114

EBS.c
		_EBS_Watchdog  		CODE           	4918	0000	92
		_EBS_Init      		CODE           	4E26	0000	12

EBS.c estimated size: 104

C:\Program Files\Microchip\xc8\v2.31\pic\sources\c99\common\sprcmul.c
		___flmul       		CODE           	2F90	0000	1102

C:\Program Files\Microchip\xc8\v2.31\pic\sources\c99\common\sprcmul.c estimated size: 1102

GPIO.c
		_GPIO_BrakePedalAtRest		CODE           	4AFC	0000	50
		_GPIO_PWM1_Control		CODE           	436C	0000	220
		_GPIO_PWM2_Control		CODE           	4448	0000	220

GPIO.c estimated size: 490

C:\Program Files\Microchip\xc8\v2.31\pic\sources\c99\common\lwdiv.c
		___lwdiv       		CODE           	46EC	0000	118

C:\Program Files\Microchip\xc8\v2.31\pic\sources\c99\common\lwdiv.c estimated size: 118

mcc_generated_files/tmr1.c
		_TMR1_Initialize		CODE           	4A1C	0000	72
		_TMR1_SetInterruptHandler		CODE           	4E3C	0000	10
		_TMR1_DefaultInterruptHandler		CODE           	4F64	0000	2
		_TMR1_CallBack 		CODE           	4C48	0000	46
		_TMR1_WriteTimer		CODE           	4C1A	0000	46
		_TMR1_ISR      		CODE           	4DDA	0000	20

mcc_generated_files/tmr1.c estimated size: 196

C:\Program Files\Microchip\xc8\v2.31\pic\sources\c99\common\sprcdiv.c
		___fldiv       		CODE           	33DE	0000	922

C:\Program Files\Microchip\xc8\v2.31\pic\sources\c99\common\sprcdiv.c estimated size: 922

C:\Program Files\Microchip\xc8\v2.31\pic\sources\c99\common\fltol.c
		___fltol       		CODE           	415E	0000	264

C:\Program Files\Microchip\xc8\v2.31\pic\sources\c99\common\fltol.c estimated size: 264

mcc_generated_files/delay.c
		_DELAY_milliseconds		CODE           	4A64	0000	52

mcc_generated_files/delay.c estimated size: 52

C:\Program Files\Microchip\xc8\v2.31\pic\sources\c99\common\aldiv.c
		___aldiv       		CODE           	4050	0000	270

C:\Program Files\Microchip\xc8\v2.31\pic\sources\c99\common\aldiv.c estimated size: 270

C:\Program Files\Microchip\xc8\v2.31\pic\sources\c99\common\Umul16.c
		___wmul        		CODE           	4CA4	0000	44

C:\Program Files\Microchip\xc8\v2.31\pic\sources\c99\common\Umul16.c estimated size: 44

ANALOG.c
		_ANALOG_GetVoltage		CODE           	399E	0000	496

ANALOG.c estimated size: 496

main.c
		_main          		CODE           	49C8	0000	84

main.c estimated size: 84

SERVICEBRAKE.c
		_SERVICEBRAKE_Init		CODE           	4D84	0000	24

SERVICEBRAKE.c estimated size: 24

