Microchip MPLAB XC8 Compiler V2.31

Linker command line:

-W-3 --edf=C:\Program Files\Microchip\xc8\v2.31\pic\dat\en_msgs.txt \
  -pivt0x8=08h -cn -h+dist/default/production\ASB.X.production.sym \
  --cmf=dist/default/production\ASB.X.production.cmf -z -Q18F26Q84 \
  -oC:\Users\panze\AppData\Local\Temp\s4a0.2 --defsym=__MPLAB_BUILD=1 \
  -Mdist/default/production/ASB.X.production.map -E1 -ver=XC8 Compiler \
  --acfsm=1493 -ASTACK=0633h-025FFh -pstack=STACK -ACODE=00h-0FFFFh \
  -ACONST=00h-0FFFFh -ASMALLCONST=02600h-026FFhx218 \
  -AMEDIUMCONST=02600h-0FFFFh -ACOMRAM=0501h-055Fh -AABS1=0500h-025FFh \
  -ABIGRAM=0501h-025FFh -ARAM=0560h-05FFh,0600h-06FFhx32 \
  -ABANK5=0560h-05FFh -ABANK6=0600h-06FFh -ABANK7=0700h-07FFh \
  -ABANK8=0800h-08FFh -ABANK9=0900h-09FFh -ABANK10=0A00h-0AFFh \
  -ABANK11=0B00h-0BFFh -ABANK12=0C00h-0CFFh -ABANK13=0D00h-0DFFh \
  -ABANK14=0E00h-0EFFh -ABANK15=0F00h-0FFFh -ABANK16=01000h-010FFh \
  -ABANK17=01100h-011FFh -ABANK18=01200h-012FFh -ABANK19=01300h-013FFh \
  -ABANK20=01400h-014FFh -ABANK21=01500h-015FFh -ABANK22=01600h-016FFh \
  -ABANK23=01700h-017FFh -ABANK24=01800h-018FFh -ABANK25=01900h-019FFh \
  -ABANK26=01A00h-01AFFh -ABANK27=01B00h-01BFFh -ABANK28=01C00h-01CFFh \
  -ABANK29=01D00h-01DFFh -ABANK30=01E00h-01EFFh -ABANK31=01F00h-01FFFh \
  -ABANK32=02000h-020FFh -ABANK33=02100h-021FFh -ABANK34=02200h-022FFh \
  -ABANK35=02300h-023FFh -ABANK36=02400h-024FFh -ABANK37=02500h-025FFh \
  -ASFR=00h-0FFhx4,0400h-045Fh,0460h-04FFh -ACONFIG=0300000h-0300023h \
  -AIDLOC=0200000h-020001Fh -AEEDATA=0380000h-03803FFh -peeprom_data=EEDATA \
  -preset_vec=00h -ppowerup=CODE,init -pramtop=02600h \
  -psmallconst=SMALLCONST -pmediumconst=MEDIUMCONST -pconst=CONST \
  -AFARRAM=00h-00h \
  -prdata=COMRAM,nvrram=COMRAM,nvbit=COMRAM,rbss=COMRAM,rbit=COMRAM \
  -pfarbss=FARRAM,fardata=FARRAM,nvFARRAM=FARRAM \
  -pintsave_regs=BIGRAM,bigbss=BIGRAM,bigdata=BIGRAM -pbss=RAM \
  -pidata=CODE,irdata=CODE,ibigdata=CODE,ifardata=CODE -prparam=COMRAM \
  C:\Users\panze\AppData\Local\Temp\s4a0.o \
  dist/default/production\ASB.X.production.o 

Object code version is 3.11

Machine type is 18F26Q84



                Name                               Link     Load   Length Selector   Space Scale
C:\Users\panze\AppData\Local\Temp\s4a0.o
                idloc                            200000   200000       20        0       5
                config                           300000   300000       24        0       4
                init                                 1A       1A        4        4       0
                reset_vec                             0        0        4        0       0
dist/default/production\ASB.X.production.o
                idloc                            200000   200000       20        0       5
                config                           300000   300000       24        0       4
                smallconst                         2600     2600        E     1300       0
                ivt0x8                                8        8       12        4       0
                text133                            5E6A     5E6A        2     1307       0
                text132                            5E68     5E68        2     1307       0
                text131                            5E66     5E66        2     1307       0
                text130                            5E64     5E64        2     1307       0
                text129                            5E62     5E62        2     1307       0
                text128                            5E60     5E60        2     1307       0
                text127                            5E5E     5E5E        2     1307       0
                text126                            434E     434E      156     1307       0
                text125                            5BB4     5BB4       1E     1307       0
                text124                            5C1C     5C1C       18     1307       0
                text123                            55B8     55B8       5A     1307       0
                text122                            3B7C     3B7C      240     1307       0
                text121                            4CA4     4CA4       EC     1307       0
                text120                            5612     5612       52     1307       0
                text119                            4E68     4E68       CA     1307       0
                text118                            5E48     5E48        4     1307       0
                text117                            5CF4     5CF4        C     1307       0
                text116                            5CE8     5CE8        C     1307       0
                text115                            45B2     45B2      10C     1307       0
                text114                            2AD0     2AD0      4C0     1307       0
                text113                            48D0     48D0      106     1307       0
                text112                            541A     541A       74     1307       0
                text111                            5AB0     5AB0       2A     1307       0
                text110                            419A     419A      1B4     1307       0
                text109                            4BB8     4BB8       EC     1307       0
                text108                            36A6     36A6      290     1307       0
                text107                            5E36     5E36        6     1307       0
                text106                            5A5A     5A5A       2C     1307       0
                text105                            5E30     5E30        6     1307       0
                text104                            5888     5888       32     1307       0
                text103                            5E04     5E04        A     1307       0
                text102                            5E2A     5E2A        6     1307       0
                text101                            2F90     2F90      44E     1307       0
                text100                            33DE     33DE      2C8     1307       0
                text99                             57F0     57F0       34     1307       0
                text98                             5E5C     5E5C        2     1307       0
                text97                             5856     5856       32     1307       0
                text96                             5E16     5E16        8     1307       0
                text95                             5E5A     5E5A        2     1307       0
                text94                             5A00     5A00       2E     1307       0
                text93                             5E0E     5E0E        8     1307       0
                text92                             59D2     59D2       2E     1307       0
                text91                             4FF6     4FF6       AC     1307       0
                text90                             5E24     5E24        6     1307       0
                text89                             5E58     5E58        2     1307       0
                text88                             5E56     5E56        2     1307       0
                text87                             5C76     5C76       16     1307       0
                text86                             5C60     5C60       16     1307       0
                text85                             5BD2     5BD2       1A     1307       0
                text84                             5C4A     5C4A       16     1307       0
                text83                             5C04     5C04       18     1307       0
                text82                             5DFA     5DFA        A     1307       0
                text81                             4D90     4D90       D8     1307       0
                text80                             3936     3936      246     1307       0
                text79                             5778     5778       3E     1307       0
                text78                             513A     513A       94     1307       0
                text77                             5B2A     5B2A       28     1307       0
                text76                             4AC8     4AC8       F0     1307       0
                text75                             555C     555C       5C     1307       0
                text74                             5E54     5E54        2     1307       0
                text73                             5B74     5B74       22     1307       0
                text72                             56F6     56F6       44     1307       0
                text71                             5E52     5E52        2     1307       0
                text70                             59A4     59A4       2E     1307       0
                text69                             5976     5976       2E     1307       0
                text68                             4F32     4F32       C4     1307       0
                text67                             5E50     5E50        2     1307       0
                text66                             5E4E     5E4E        2     1307       0
                text65                             5948     5948       2E     1307       0
                text64                             5CDC     5CDC        C     1307       0
                text63                             46BE     46BE      10A     1307       0
                text62                             58EA     58EA       30     1307       0
                text61                             5E44     5E44        4     1307       0
                text60                             573A     573A       3E     1307       0
                text59                             5CD0     5CD0        C     1307       0
                text58                             5B96     5B96       1E     1307       0
                text57                             5E40     5E40        4     1307       0
                text56                             5CC2     5CC2        E     1307       0
                text55                             5CB4     5CB4        E     1307       0
                text54                             44A4     44A4      10E     1307       0
                text53                             260E     260E      4C2     1307       0
                text52                             47C8     47C8      108     1307       0
                text51                             5248     5248       76     1307       0
                text50                             5A2E     5A2E       2C     1307       0
                text49                             3FE2     3FE2      1B8     1307       0
                text48                             49D6     49D6       F2     1307       0
                text47                             53A6     53A6       74     1307       0
                text46                             5DF0     5DF0        A     1307       0
                text45                             5DE6     5DE6        A     1307       0
                text44                             5DDC     5DDC        A     1307       0
                text43                             5DD2     5DD2        A     1307       0
                text42                             5DC8     5DC8        A     1307       0
                text41                             5DBE     5DBE        A     1307       0
                text40                             3DBC     3DBC      226     1307       0
                text39                             5CA0     5CA0       14     1307       0
                text38                             5DB4     5DB4        A     1307       0
                text37                             5DAA     5DAA        A     1307       0
                text36                             5DA0     5DA0        A     1307       0
                text35                             5D96     5D96        A     1307       0
                text34                             5D8C     5D8C        A     1307       0
                text33                             5D82     5D82        A     1307       0
                text32                             5D78     5D78        A     1307       0
                text31                             51CE     51CE       7A     1307       0
                text30                             5D6E     5D6E        A     1307       0
                text29                             50A2     50A2       98     1307       0
                text28                             5D64     5D64        A     1307       0
                text27                             5A86     5A86       2A     1307       0
                text26                             5B52     5B52       22     1307       0
                text25                             591A     591A       2E     1307       0
                text24                             5C8C     5C8C       14     1307       0
                text23                             5500     5500       5C     1307       0
                text22                             5D5A     5D5A        A     1307       0
                text21                             5C34     5C34       16     1307       0
                text20                             5E3C     5E3C        4     1307       0
                text19                             5BEC     5BEC       18     1307       0
                text18                             548E     548E       72     1307       0
                text17                             5B02     5B02       28     1307       0
                text16                             5D50     5D50        A     1307       0
                text15                             5D46     5D46        A     1307       0
                text14                             5D3C     5D3C        A     1307       0
                text13                             5332     5332       74     1307       0
                text12                             5D32     5D32        A     1307       0
                text11                             5D28     5D28        A     1307       0
                text10                             5D1E     5D1E        A     1307       0
                text9                              52BE     52BE       74     1307       0
                text8                              5D14     5D14        A     1307       0
                text7                              5ADA     5ADA       28     1307       0
                text6                              5D0A     5D0A        A     1307       0
                text5                              56AE     56AE       48     1307       0
                text4                              5D00     5D00        A     1307       0
                text3                              58BA     58BA       30     1307       0
                text2                              5824     5824       32     1307       0
                text1                              5E1E     5E1E        6     1307       0
                text0                              57B6     57B6       3A     1307       0
                cstackCOMRAM                        501      501       5E      501       1
                cstackBANK5                         5C2      5C2       36      560       1
                cstackBANK6                         632      632        1      600       1
                bssBANK6                            61A      61A       18      600       1
                dataBANK5                           5FA      5FA        2      560       1
                bssBANK5                            560      560       62      560       1
                bssCOMRAM                           55F      55F        1      501       1
                cinit                              5664     5664       4A     1307       0
                nvBANK6                             600      600       1A      600       1
                nvBANK5                             5F8      5F8        2      560       1
                idataBANK5                         5E4C     5E4C        2     1307       0

TOTAL           Name                               Link     Load   Length     Space
        CLASS   STACK          

        CLASS   CODE           
                init                                 1A       1A        4         0
                reset_vec                             0        0        4         0
                ivt0x8                                8        8       12         0
                text133                            5E6A     5E6A        2         0
                text132                            5E68     5E68        2         0
                text131                            5E66     5E66        2         0
                text130                            5E64     5E64        2         0
                text129                            5E62     5E62        2         0
                text128                            5E60     5E60        2         0
                text127                            5E5E     5E5E        2         0
                text126                            434E     434E      156         0
                text125                            5BB4     5BB4       1E         0
                text124                            5C1C     5C1C       18         0
                text123                            55B8     55B8       5A         0
                text122                            3B7C     3B7C      240         0
                text121                            4CA4     4CA4       EC         0
                text120                            5612     5612       52         0
                text119                            4E68     4E68       CA         0
                text118                            5E48     5E48        4         0
                text117                            5CF4     5CF4        C         0
                text116                            5CE8     5CE8        C         0
                text115                            45B2     45B2      10C         0
                text114                            2AD0     2AD0      4C0         0
                text113                            48D0     48D0      106         0
                text112                            541A     541A       74         0
                text111                            5AB0     5AB0       2A         0
                text110                            419A     419A      1B4         0
                text109                            4BB8     4BB8       EC         0
                text108                            36A6     36A6      290         0
                text107                            5E36     5E36        6         0
                text106                            5A5A     5A5A       2C         0
                text105                            5E30     5E30        6         0
                text104                            5888     5888       32         0
                text103                            5E04     5E04        A         0
                text102                            5E2A     5E2A        6         0
                text101                            2F90     2F90      44E         0
                text100                            33DE     33DE      2C8         0
                text99                             57F0     57F0       34         0
                text98                             5E5C     5E5C        2         0
                text97                             5856     5856       32         0
                text96                             5E16     5E16        8         0
                text95                             5E5A     5E5A        2         0
                text94                             5A00     5A00       2E         0
                text93                             5E0E     5E0E        8         0
                text92                             59D2     59D2       2E         0
                text91                             4FF6     4FF6       AC         0
                text90                             5E24     5E24        6         0
                text89                             5E58     5E58        2         0
                text88                             5E56     5E56        2         0
                text87                             5C76     5C76       16         0
                text86                             5C60     5C60       16         0
                text85                             5BD2     5BD2       1A         0
                text84                             5C4A     5C4A       16         0
                text83                             5C04     5C04       18         0
                text82                             5DFA     5DFA        A         0
                text81                             4D90     4D90       D8         0
                text80                             3936     3936      246         0
                text79                             5778     5778       3E         0
                text78                             513A     513A       94         0
                text77                             5B2A     5B2A       28         0
                text76                             4AC8     4AC8       F0         0
                text75                             555C     555C       5C         0
                text74                             5E54     5E54        2         0
                text73                             5B74     5B74       22         0
                text72                             56F6     56F6       44         0
                text71                             5E52     5E52        2         0
                text70                             59A4     59A4       2E         0
                text69                             5976     5976       2E         0
                text68                             4F32     4F32       C4         0
                text67                             5E50     5E50        2         0
                text66                             5E4E     5E4E        2         0
                text65                             5948     5948       2E         0
                text64                             5CDC     5CDC        C         0
                text63                             46BE     46BE      10A         0
                text62                             58EA     58EA       30         0
                text61                             5E44     5E44        4         0
                text60                             573A     573A       3E         0
                text59                             5CD0     5CD0        C         0
                text58                             5B96     5B96       1E         0
                text57                             5E40     5E40        4         0
                text56                             5CC2     5CC2        E         0
                text55                             5CB4     5CB4        E         0
                text54                             44A4     44A4      10E         0
                text53                             260E     260E      4C2         0
                text52                             47C8     47C8      108         0
                text51                             5248     5248       76         0
                text50                             5A2E     5A2E       2C         0
                text49                             3FE2     3FE2      1B8         0
                text48                             49D6     49D6       F2         0
                text47                             53A6     53A6       74         0
                text46                             5DF0     5DF0        A         0
                text45                             5DE6     5DE6        A         0
                text44                             5DDC     5DDC        A         0
                text43                             5DD2     5DD2        A         0
                text42                             5DC8     5DC8        A         0
                text41                             5DBE     5DBE        A         0
                text40                             3DBC     3DBC      226         0
                text39                             5CA0     5CA0       14         0
                text38                             5DB4     5DB4        A         0
                text37                             5DAA     5DAA        A         0
                text36                             5DA0     5DA0        A         0
                text35                             5D96     5D96        A         0
                text34                             5D8C     5D8C        A         0
                text33                             5D82     5D82        A         0
                text32                             5D78     5D78        A         0
                text31                             51CE     51CE       7A         0
                text30                             5D6E     5D6E        A         0
                text29                             50A2     50A2       98         0
                text28                             5D64     5D64        A         0
                text27                             5A86     5A86       2A         0
                text26                             5B52     5B52       22         0
                text25                             591A     591A       2E         0
                text24                             5C8C     5C8C       14         0
                text23                             5500     5500       5C         0
                text22                             5D5A     5D5A        A         0
                text21                             5C34     5C34       16         0
                text20                             5E3C     5E3C        4         0
                text19                             5BEC     5BEC       18         0
                text18                             548E     548E       72         0
                text17                             5B02     5B02       28         0
                text16                             5D50     5D50        A         0
                text15                             5D46     5D46        A         0
                text14                             5D3C     5D3C        A         0
                text13                             5332     5332       74         0
                text12                             5D32     5D32        A         0
                text11                             5D28     5D28        A         0
                text10                             5D1E     5D1E        A         0
                text9                              52BE     52BE       74         0
                text8                              5D14     5D14        A         0
                text7                              5ADA     5ADA       28         0
                text6                              5D0A     5D0A        A         0
                text5                              56AE     56AE       48         0
                text4                              5D00     5D00        A         0
                text3                              58BA     58BA       30         0
                text2                              5824     5824       32         0
                text1                              5E1E     5E1E        6         0
                text0                              57B6     57B6       3A         0
                cinit                              5664     5664       4A         0
                idataBANK5                         5E4C     5E4C        2         0

        CLASS   CONST          

        CLASS   SMALLCONST     
                smallconst                         2600     2600        E         0

        CLASS   MEDIUMCONST    

        CLASS   COMRAM         
                cstackCOMRAM                        501      501       5E         1
                bssCOMRAM                           55F      55F        1         1

        CLASS   ABS1           

        CLASS   BIGRAM         

        CLASS   RAM            

        CLASS   BANK5          
                cstackBANK5                         5C2      5C2       36         1
                dataBANK5                           5FA      5FA        2         1
                bssBANK5                            560      560       62         1
                nvBANK5                             5F8      5F8        2         1

        CLASS   BANK6          
                cstackBANK6                         632      632        1         1
                bssBANK6                            61A      61A       18         1
                nvBANK6                             600      600       1A         1

        CLASS   BANK7          

        CLASS   BANK8          

        CLASS   BANK9          

        CLASS   BANK10         

        CLASS   BANK11         

        CLASS   BANK12         

        CLASS   BANK13         

        CLASS   BANK14         

        CLASS   BANK15         

        CLASS   BANK16         

        CLASS   BANK17         

        CLASS   BANK18         

        CLASS   BANK19         

        CLASS   BANK20         

        CLASS   BANK21         

        CLASS   BANK22         

        CLASS   BANK23         

        CLASS   BANK24         

        CLASS   BANK25         

        CLASS   BANK26         

        CLASS   BANK27         

        CLASS   BANK28         

        CLASS   BANK29         

        CLASS   BANK30         

        CLASS   BANK31         

        CLASS   BANK32         

        CLASS   BANK33         

        CLASS   BANK34         

        CLASS   BANK35         

        CLASS   BANK36         

        CLASS   BANK37         

        CLASS   SFR            

        CLASS   CONFIG         
                config                           300000   300000       24         4

        CLASS   IDLOC          
                idloc                            200000   200000       20         5

        CLASS   EEDATA         

        CLASS   FARRAM         



SEGMENTS        Name                           Load    Length   Top    Selector   Space  Class

                reset_vec                      000000  000004  000004         0       0  CODE    
                ivt0x8                         000008  000016  00001E         4       0  CODE    
                cstackCOMRAM                   000501  00005F  000560       501       1  COMRAM  
                bssBANK5                       000560  00009C  0005FC       560       1  BANK5   
                nvBANK6                        000600  000033  000633       600       1  BANK6   
                smallconst                     002600  00000E  00260E      1300       0  SMALLCON
                text53                         00260E  00385E  005E6C      1307       0  CODE    


UNUSED ADDRESS RANGES

        Name                Unused          Largest block    Delta
        BANK10           000A00-000AFF              100
        BANK11           000B00-000BFF              100
        BANK12           000C00-000CFF              100
        BANK13           000D00-000DFF              100
        BANK14           000E00-000EFF              100
        BANK15           000F00-000FFF              100
        BANK16           001000-0010FF              100
        BANK17           001100-0011FF              100
        BANK18           001200-0012FF              100
        BANK19           001300-0013FF              100
        BANK20           001400-0014FF              100
        BANK21           001500-0015FF              100
        BANK22           001600-0016FF              100
        BANK23           001700-0017FF              100
        BANK24           001800-0018FF              100
        BANK25           001900-0019FF              100
        BANK26           001A00-001AFF              100
        BANK27           001B00-001BFF              100
        BANK28           001C00-001CFF              100
        BANK29           001D00-001DFF              100
        BANK30           001E00-001EFF              100
        BANK31           001F00-001FFF              100
        BANK32           002000-0020FF              100
        BANK33           002100-0021FF              100
        BANK34           002200-0022FF              100
        BANK35           002300-0023FF              100
        BANK36           002400-0024FF              100
        BANK37           002500-0025FF              100
        BANK5            0005FC-0005FF                4
        BANK6            000633-0006FF               CD
        BANK7            000700-0007FF              100
        BANK8            000800-0008FF              100
        BANK9            000900-0009FF              100
        BIGRAM           0005FC-0005FF                4
                         000633-0025FF             1FCD
        CODE             000004-000007                4
                         00001E-0025FF             25E2
                         005E6C-00FFFF             A194
        CONST            000004-000007                4
                         00001E-0025FF             25E2
                         005E6C-00FFFF             A194
        EEDATA           380000-3803FF              400
        MEDIUMCONST      005E6C-00FFFF             A194
        RAM              0005FC-0005FF                4
                         000633-0025FF              100
        SFR              000000-0004FF              100
        SMALLCONST       005E6C-00FFFF              100
        STACK            000633-0025FF             1FCD

                                  Symbol Table

?_ADC_GetSingleConversion                                     cstackCOMRAM 000501
?___aldiv                                                     cstackBANK5  0005C6
?___fladd                                                     cstackBANK5  0005D4
?___flmul                                                     cstackCOMRAM 00050F
?___fltol                                                     cstackBANK5  0005E4
?___lwdiv                                                     cstackBANK5  0005C6
?___wmul                                                      cstackBANK5  0005C6
?___xxtofl                                                    cstackBANK5  0005C6
?i2___aldiv                                                   cstackCOMRAM 000501
?i2___fladd                                                   cstackCOMRAM 000528
?i2___fltol                                                   cstackCOMRAM 000538
?i2___lwdiv                                                   cstackCOMRAM 000501
?i2___wmul                                                    cstackCOMRAM 000501
?i2___xxtofl                                                  cstackCOMRAM 000501
ADC_GetSingleConversion@channel                               cstackCOMRAM 000505
ADC_SelectContext@context                                     cstackCOMRAM 000501
ADC_SetADIInterruptHandler@InterruptHandler                   cstackBANK5  0005C6
ADC_SetActiveClockTuningInterruptHandler@InterruptHandler     cstackBANK5  0005C6
ADC_SetContext1ThresholdInterruptHandler@InterruptHandler     cstackBANK5  0005C6
ADC_SetContext2ThresholdInterruptHandler@InterruptHandler     cstackBANK5  0005C6
ADC_SetContext3ThresholdInterruptHandler@InterruptHandler     cstackBANK5  0005C6
ADC_SetContext4ThresholdInterruptHandler@InterruptHandler     cstackBANK5  0005C6
ANALOG_GetVoltage@ucEntradaAnalogica                          cstackCOMRAM 000544
ANALOG_GetVoltage@ucFlag                                      cstackCOMRAM 000546
ANALOG_GetVoltage@ucValor                                     cstackCOMRAM 000545
ANALOG_GetVoltage@uiValorAnalog                               cstackCOMRAM 000547
ANALOG_GetVoltage@uiValorCalculado                            cstackCOMRAM 000549
ANALOG_GetVoltage@uiValorVoltage                              cstackCOMRAM 00054B
CAN1_OperationModeSet@opMode                                  cstackBANK5  0005C6
CAN1_OperationModeSet@requestMode                             cstackBANK5  0005C8
CAN1_OperationModeSet@status                                  cstackBANK5  0005C7
CAN1_RX_FIFO_ResetInfo@index                                  cstackBANK5  0005C6
CAN1_Receive@index                                            cstackCOMRAM 000525
CAN1_Receive@rxCanMsg                                         cstackCOMRAM 000522
CAN1_Receive@status                                           cstackCOMRAM 000524
CAN1_ReceivedMessageCountGet@channel                          cstackCOMRAM 000506
CAN1_ReceivedMessageCountGet@fifoDepth                        cstackCOMRAM 000507
CAN1_ReceivedMessageCountGet@fifoHead                         cstackCOMRAM 000509
CAN1_ReceivedMessageCountGet@fifoTail                         cstackCOMRAM 000508
CAN1_ReceivedMessageCountGet@index                            cstackCOMRAM 00050A
CAN1_ReceivedMessageCountGet@numOfMsg                         cstackCOMRAM 000504
CAN1_ReceivedMessageCountGet@rxMsgStatus                      cstackCOMRAM 000505
CAN1_ReceivedMessageCountGet@totalMsgObj                      cstackCOMRAM 000503
CAN1_SetBusErrorInterruptHandler@handler                      cstackBANK5  0005C6
CAN1_SetBusWakeUpActivityInterruptHandler@handler             cstackBANK5  0005C6
CAN1_SetFIFO1NotEmptyHandler@handler                          cstackBANK5  0005C6
CAN1_SetInvalidMessageInterruptHandler@handler                cstackBANK5  0005C6
CAN1_SetModeChangeInterruptHandler@handler                    cstackBANK5  0005C6
CAN1_SetRxBufferOverFlowInterruptHandler@handler              cstackBANK5  0005C6
CAN1_SetSystemErrorInterruptHandler@handler                   cstackBANK5  0005C6
CAN1_SetTxAttemptInterruptHandler@handler                     cstackBANK5  0005C6
CAN1_Transmit@fifoChannel                                     cstackCOMRAM 00051D
CAN1_Transmit@status                                          cstackCOMRAM 00051A
CAN1_Transmit@txCanMsg                                        cstackCOMRAM 000518
CAN1_Transmit@txFifoObj                                       cstackCOMRAM 00051B
CAN1_TransmitFIFOStatusGet@fifoChannel                        cstackCOMRAM 000504
CAN1_TransmitFIFOStatusGet@status                             cstackCOMRAM 000503
CANDisableErrorInterrupt@ucInterruptSet                       cstackBANK5  0005C6
CANReadMessage@data1                                          cstackCOMRAM 00055D
CANReadMessage@data2                                          cstackCOMRAM 00055E
CANReadMessage@data3                                          cstackCOMRAM 00055C
CANReadMessage@data4                                          cstackCOMRAM 00055A
CANReadMessage@data5                                          cstackCOMRAM 00055B
CANReadMessage@data6                                          cstackCOMRAM 000559
CANReadMessage@data7                                          cstackCOMRAM 000557
CANReadMessage@data8                                          cstackCOMRAM 000558
CANReadMessage@id                                             cstackCOMRAM 000553
CANWriteMessage@data1                                         cstackCOMRAM 000523
CANWriteMessage@data2                                         cstackCOMRAM 000524
CANWriteMessage@data3                                         cstackCOMRAM 000525
CANWriteMessage@data4                                         cstackCOMRAM 000526
CANWriteMessage@data5                                         cstackCOMRAM 000527
CANWriteMessage@data6                                         cstackCOMRAM 000528
CANWriteMessage@data7                                         cstackCOMRAM 000529
CANWriteMessage@data8                                         cstackCOMRAM 00052A
CANWriteMessage@dataLength                                    cstackCOMRAM 000522
CANWriteMessage@id                                            cstackCOMRAM 00051E
DELAY_milliseconds@milliseconds                               cstackCOMRAM 000501
EBS_Watchdog@ucWDState                                        cstackBANK5  0005C8
GPIO_PWM1_Control@uiConvertedDC                               cstackBANK5  0005F6
GPIO_PWM1_Control@uiConvertedPeriod                           cstackBANK5  0005F4
GPIO_PWM1_Control@uiDutyCycle                                 cstackBANK5  0005EE
GPIO_PWM1_Control@uiFreq                                      cstackBANK5  0005F0
GetRxFifoDepth@validChannel                                   cstackCOMRAM 000502
GetRxFifoStatus@validChannel                                  cstackCOMRAM 000501
GetTxFifoStatus@validChannel                                  cstackCOMRAM 000501
INT0_SetInterruptHandler@InterruptHandler                     cstackBANK5  0005C6
IVTBASEH                                                      (abs)        00045E
IVTBASEL                                                      (abs)        00045D
IVTBASEU                                                      (abs)        00045F
PWM1_16BIT_Period_SetInterruptHandler@InterruptHandler        cstackBANK5  0005C6
PWM1_16BIT_SetSlice1Output1DutyCycleRegister@registerValue    cstackBANK5  0005C6
PWM1_16BIT_Slice1Output1_SetInterruptHandler@InterruptHandler cstackBANK5  0005C6
PWM1_16BIT_Slice1Output2_SetInterruptHandler@InterruptHandler cstackBANK5  0005C6
PWM1_16BIT_WritePeriodRegister@periodCount                    cstackBANK5  0005C6
PWM2_16BIT_Period_SetInterruptHandler@InterruptHandler        cstackBANK5  0005C6
PWM2_16BIT_Slice1Output1_SetInterruptHandler@InterruptHandler cstackBANK5  0005C6
PWM2_16BIT_Slice1Output2_SetInterruptHandler@InterruptHandler cstackBANK5  0005C6
ReadMessageFromFifo@msgId                                     cstackCOMRAM 000513
ReadMessageFromFifo@rxCanMsg                                  cstackCOMRAM 00050E
ReadMessageFromFifo@rxFifoObj                                 cstackCOMRAM 00050C
ReadMessageFromFifo@status                                    cstackCOMRAM 000517
Receive@channel                                               cstackCOMRAM 000518
Receive@index                                                 cstackCOMRAM 000521
Receive@rxCanMsg                                              cstackCOMRAM 000519
Receive@rxFifoObj                                             cstackCOMRAM 00051E
Receive@rxMsgStatus                                           cstackCOMRAM 000520
Receive@status                                                cstackCOMRAM 00051D
SERVICEBRAKE_Move@ucTargetMove                                cstackBANK6  000632
TMR0_SetInterruptHandler@InterruptHandler                     cstackBANK5  0005C6
TMR1_SetInterruptHandler@InterruptHandler                     cstackBANK5  0005C6
TMR1_WriteTimer@timerVal                                      cstackCOMRAM 000501
TMR2_SetInterruptHandler@InterruptHandler                     cstackBANK5  0005C6
ValidateTransmission@field                                    cstackCOMRAM 00050A
ValidateTransmission@txCanMsg                                 cstackCOMRAM 000502
ValidateTransmission@txMsgStatus                              cstackCOMRAM 000509
ValidateTransmission@validChannel                             cstackCOMRAM 000507
WriteMessageToFifo@msgId                                      cstackCOMRAM 000514
WriteMessageToFifo@status                                     cstackCOMRAM 000513
WriteMessageToFifo@txCanMsg                                   cstackCOMRAM 00050E
WriteMessageToFifo@txFifoObj                                  cstackCOMRAM 00050C
_ADACCH                                                       (abs)        0003E4
_ADACCL                                                       (abs)        0003E3
_ADACCU                                                       (abs)        0003E5
_ADACQH                                                       (abs)        0003EF
_ADACQL                                                       (abs)        0003EE
_ADACT                                                        (abs)        0003F9
_ADACTPPS                                                     (abs)        000269
_ADCAP                                                        (abs)        0003F0
_ADCLK                                                        (abs)        0003FA
_ADCNT                                                        (abs)        0003E6
_ADCON0                                                       (abs)        0003F3
_ADCON0bits                                                   (abs)        0003F3
_ADCON1                                                       (abs)        0003F4
_ADCON1bits                                                   (abs)        0003F4
_ADCON2                                                       (abs)        0003F5
_ADCON2bits                                                   (abs)        0003F5
_ADCON3                                                       (abs)        0003F6
_ADCON3bits                                                   (abs)        0003F6
_ADCP                                                         (abs)        0003D8
_ADCPbits                                                     (abs)        0003D8
_ADCSEL1                                                      (abs)        0003FC
_ADCSEL1bits                                                  (abs)        0003FC
_ADCSEL2                                                      (abs)        0003FD
_ADCSEL2bits                                                  (abs)        0003FD
_ADCSEL3                                                      (abs)        0003FE
_ADCSEL3bits                                                  (abs)        0003FE
_ADCSEL4                                                      (abs)        0003FF
_ADCSEL4bits                                                  (abs)        0003FF
_ADCTX                                                        (abs)        0003FB
_ADC_ActiveClockTuning_ISR                                    nvBANK6      00060C
_ADC_Context1Thereshld_ISR                                    nvBANK6      000614
_ADC_Context2Thereshld_ISR                                    nvBANK6      000612
_ADC_Context3Thereshld_ISR                                    nvBANK6      000610
_ADC_Context4Thereshld_ISR                                    nvBANK6      00060E
_ADC_ConversionComplete_ISR                                   nvBANK6      000616
_ADC_DefaultADI_ISR                                           (abs)        000000
_ADC_DefaultActiveClockTuning_ISR                             (abs)        000000
_ADC_DefaultContext1Threshold_ISR                             (abs)        000000
_ADC_DefaultContext2Threshold_ISR                             (abs)        000000
_ADC_DefaultContext3Threshold_ISR                             (abs)        000000
_ADC_DefaultContext4Threshold_ISR                             (abs)        000000
_ADC_DisableChannelSequencer                                  text105      005E30
_ADC_GetSingleConversion                                      text104      005888
_ADC_Initialize                                               text40       003DBC
_ADC_SelectContext                                            text103      005E04
_ADC_SetADIInterruptHandler                                   text46       005DF0
_ADC_SetActiveClockTuningInterruptHandler                     text45       005DE6
_ADC_SetContext1ThresholdInterruptHandler                     text44       005DDC
_ADC_SetContext2ThresholdInterruptHandler                     text43       005DD2
_ADC_SetContext3ThresholdInterruptHandler                     text42       005DC8
_ADC_SetContext4ThresholdInterruptHandler                     text41       005DBE
_ADC_StopConversion                                           text102      005E2A
_ADERRH                                                       (abs)        0003DE
_ADERRL                                                       (abs)        0003DD
_ADFLTRH                                                      (abs)        0003E2
_ADFLTRL                                                      (abs)        0003E1
_ADLTHH                                                       (abs)        0003DA
_ADLTHL                                                       (abs)        0003D9
_ADPCH                                                        (abs)        0003EC
_ADPREH                                                       (abs)        0003F2
_ADPREL                                                       (abs)        0003F1
_ADPREVH                                                      (abs)        0003E9
_ADPREVL                                                      (abs)        0003E8
_ADREF                                                        (abs)        0003F8
_ADRESH                                                       (abs)        0003EB
_ADRESL                                                       (abs)        0003EA
_ADRPT                                                        (abs)        0003E7
_ADSTAT                                                       (abs)        0003F7
_ADSTATbits                                                   (abs)        0003F7
_ADSTPTH                                                      (abs)        0003E0
_ADSTPTL                                                      (abs)        0003DF
_ADUTHH                                                       (abs)        0003DC
_ADUTHL                                                       (abs)        0003DB
_ANALOG_GetVoltage                                            text100      0033DE
_ANALOG_RedAll                                                text91       004FF6
_ANSELA                                                       (abs)        000400
_ANSELAbits                                                   (abs)        000400
_ANSELB                                                       (abs)        000408
_ANSELC                                                       (abs)        000410
_ANSELCbits                                                   (abs)        000410
_ASBSupervisor                                                text73       005B74
_C1CONH                                                       (abs)        000101
_C1CONHbits                                                   (abs)        000101
_C1CONL                                                       (abs)        000100
_C1CONTbits                                                   (abs)        000103
_C1CONU                                                       (abs)        000102
_C1CONUbits                                                   (abs)        000102
_C1FIFOBA                                                     (abs)        00014C
_C1FIFOCON1H                                                  (abs)        00015D
_C1FIFOCON1L                                                  (abs)        00015C
_C1FIFOCON1T                                                  (abs)        00015F
_C1FIFOCON1U                                                  (abs)        00015E
_C1FIFOSTA1Lbits                                              (abs)        000160
_C1FLTCON0H                                                   (abs)        000181
_C1FLTOBJ1H                                                   (abs)        000195
_C1FLTOBJ1L                                                   (abs)        000194
_C1FLTOBJ1T                                                   (abs)        000197
_C1FLTOBJ1U                                                   (abs)        000196
_C1INTH                                                       (abs)        00011D
_C1INTHbits                                                   (abs)        00011D
_C1INTL                                                       (abs)        00011C
_C1INTLbits                                                   (abs)        00011C
_C1INTT                                                       (abs)        00011F
_C1INTTbits                                                   (abs)        00011F
_C1INTU                                                       (abs)        00011E
_C1INTUbits                                                   (abs)        00011E
_C1MASK1H                                                     (abs)        000199
_C1MASK1L                                                     (abs)        000198
_C1MASK1T                                                     (abs)        00019B
_C1MASK1U                                                     (abs)        00019A
_C1NBTCFGH                                                    (abs)        000105
_C1NBTCFGL                                                    (abs)        000104
_C1NBTCFGT                                                    (abs)        000107
_C1NBTCFGU                                                    (abs)        000106
_C1TRECUbits                                                  (abs)        000136
_C1TXQCONH                                                    (abs)        000151
_C1TXQCONL                                                    (abs)        000150
_C1TXQCONT                                                    (abs)        000153
_C1TXQCONU                                                    (abs)        000152
_C1TXQSTALbits                                                (abs)        000154
_CAN1_BitRateConfiguration                                    text39       005CA0
_CAN1_BusErrorHandler                                         bssBANK5     000580
_CAN1_BusWakeUpActivityHandler                                bssBANK5     000582
_CAN1_ErrorNotificationInterruptEnable                        text31       0051CE
_CAN1_FIFO1NotEmptyHandler                                    bssBANK5     000586
_CAN1_ISR                                                     text126      00434E
_CAN1_Initialize                                              text23       005500
_CAN1_InvalidMessageHandler                                   bssBANK5     000584
_CAN1_IsBusOff                                                text87       005C76
_CAN1_IsTxErrorActive                                         text85       005BD2
_CAN1_IsTxErrorPassive                                        text86       005C60
_CAN1_IsTxErrorWarning                                        text84       005C4A
_CAN1_ModeChangeHandler                                       bssBANK5     00057E
_CAN1_OperationModeGet                                        text30       005D6E
_CAN1_OperationModeSet                                        text29       0050A2
_CAN1_RXI_ISR                                                 text106      005A5A
_CAN1_RX_FIFO_Configuration                                   text27       005A86
_CAN1_RX_FIFO_FilterMaskConfiguration                         text26       005B52
_CAN1_RX_FIFO_ResetInfo                                       text25       00591A
_CAN1_Receive                                                 text120      005612
_CAN1_ReceivedMessageCountGet                                 text119      004E68
_CAN1_RxBufferOverflowHandler                                 bssBANK5     000578
_CAN1_SetBusErrorInterruptHandler                             text38       005DB4
_CAN1_SetBusWakeUpActivityInterruptHandler                    text37       005DAA
_CAN1_SetFIFO1NotEmptyHandler                                 text28       005D64
_CAN1_SetInvalidMessageInterruptHandler                       text36       005DA0
_CAN1_SetModeChangeInterruptHandler                           text35       005D96
_CAN1_SetRxBufferOverFlowInterruptHandler                     text34       005D8C
_CAN1_SetSystemErrorInterruptHandler                          text33       005D82
_CAN1_SetTxAttemptInterruptHandler                            text32       005D78
_CAN1_SystemErrorHandler                                      bssBANK5     00057C
_CAN1_TX_FIFO_Configuration                                   text24       005C8C
_CAN1_Transmit                                                text78       00513A
_CAN1_TransmitFIFOStatusGet                                   text77       005B2A
_CAN1_TxAttemptHandler                                        bssBANK5     00057A
_CANDATAdata                                                  bssBANK6     000622
_CANDisableErrorInterrupt                                     text62       0058EA
_CANRXPPS                                                     (abs)        00023D
_CANReadMessage                                               text108      0036A6
_CANWriteMessage                                              text76       004AC8
_DELAY_milliseconds                                           text92       0059D2
_DLC_BYTES                                                    smallconst   002601
_DefaultBusErrorHandler                                       text133      005E6A
_DefaultBusWakeUpActivityHandler                              text132      005E68
_DefaultFIFO1NotEmptyHandler                                  text107      005E36
_DefaultInvalidMessageHandler                                 text131      005E66
_DefaultModeChangeHandler                                     text130      005E64
_DefaultRxBufferOverflowHandler                               text129      005E62
_DefaultSystemErrorHandler                                    text128      005E60
_DefaultTxAttemptHandler                                      text127      005E5E
_EBS_Init                                                     text59       005CD0
_EBS_Watchdog                                                 text60       00573A
_EXT_INT_Initialize                                           text21       005C34
_GPIO_BrakePedalAtRest                                        text99       0057F0
_GPIO_Init                                                    text58       005B96
_GPIO_PWM1_Control                                            text48       0049D6
_GetRxFifoDepth                                               text125      005BB4
_GetRxFifoStatus                                              text124      005C1C
_GetTxFifoStatus                                              text83       005C04
_HDRPRES_max                                                  bssBANK5     000590
_HDRPRES_min                                                  bssCOMRAM    00055F
_INLVLA                                                       (abs)        000404
_INLVLB                                                       (abs)        00040C
_INLVLC                                                       (abs)        000414
_INLVLE                                                       (abs)        000424
_INT0PPS                                                      (abs)        00023E
_INT0_CallBack                                                text97       005856
_INT0_DefaultInterruptHandler                                 text98       005E5C
_INT0_ISR                                                     text96       005E16
_INT0_InterruptHandler                                        nvBANK6      000618
_INT0_SetInterruptHandler                                     text22       005D5A
_INTCON0bits                                                  (abs)        0004D6
_INTERRUPT_Initialize                                         text20       005E3C
_INTERRUPT_InterruptManager                                   text63       0046BE
_LATA                                                         (abs)        0004BE
_LATAbits                                                     (abs)        0004BE
_LATB                                                         (abs)        0004BF
_LATBbits                                                     (abs)        0004BF
_LATC                                                         (abs)        0004C0
_NPRES_max                                                    bssBANK5     00058E
_NPRES_min                                                    bssBANK5     00058F
_ODCONA                                                       (abs)        000402
_ODCONB                                                       (abs)        00040A
_ODCONC                                                       (abs)        000412
_OSCCON1                                                      (abs)        0000AD
_OSCCON3                                                      (abs)        0000AF
_OSCEN                                                        (abs)        0000B3
_OSCFRQ                                                       (abs)        0000B1
_OSCILLATOR_Initialize                                        text19       005BEC
_OSCTUNE                                                      (abs)        0000B0
_PIE0bits                                                     (abs)        00049E
_PIE1bits                                                     (abs)        00049F
_PIE3bits                                                     (abs)        0004A1
_PIE4bits                                                     (abs)        0004A2
_PIE5bits                                                     (abs)        0004A3
_PIN_MANAGER_Initialize                                       text18       00548E
_PIR0bits                                                     (abs)        0004AE
_PIR1bits                                                     (abs)        0004AF
_PIR2bits                                                     (abs)        0004B0
_PIR3bits                                                     (abs)        0004B1
_PIR4bits                                                     (abs)        0004B2
_PIR5bits                                                     (abs)        0004B3
_PMD0                                                         (abs)        000060
_PMD1                                                         (abs)        000061
_PMD2                                                         (abs)        000062
_PMD3                                                         (abs)        000063
_PMD4                                                         (abs)        000064
_PMD5                                                         (abs)        000065
_PMD6                                                         (abs)        000066
_PMD7                                                         (abs)        000067
_PMD8                                                         (abs)        000068
_PMD_Initialize                                               text17       005B02
_PORTAbits                                                    (abs)        0004CE
_PORTCbits                                                    (abs)        0004D0
_PR2                                                          (abs)        000323
_PWM1CLK                                                      (abs)        000461
_PWM1CON                                                      (abs)        000469
_PWM1CONbits                                                  (abs)        000469
_PWM1CPRE                                                     (abs)        000465
_PWM1ERS                                                      (abs)        000460
_PWM1GIE                                                      (abs)        000468
_PWM1GIEbits                                                  (abs)        000468
_PWM1GIR                                                      (abs)        000467
_PWM1GIRbits                                                  (abs)        000467
_PWM1LDS                                                      (abs)        000462
_PWM1PIPOS                                                    (abs)        000466
_PWM1PRH                                                      (abs)        000464
_PWM1PRL                                                      (abs)        000463
_PWM1S1CFG                                                    (abs)        00046A
_PWM1S1P1H                                                    (abs)        00046C
_PWM1S1P1L                                                    (abs)        00046B
_PWM1S1P2H                                                    (abs)        00046E
_PWM1S1P2L                                                    (abs)        00046D
_PWM1_16BIT_Initialize                                        text13       005332
_PWM1_16BIT_LoadBufferRegisters                               text57       005E40
_PWM1_16BIT_Period_DefaultInterruptHandler                    (abs)        000000
_PWM1_16BIT_Period_InterruptHandler                           bssBANK5     000588
_PWM1_16BIT_Period_SetInterruptHandler                        text16       005D50
_PWM1_16BIT_SetSlice1Output1DutyCycleRegister                 text56       005CC2
_PWM1_16BIT_Slice1Output1_DefaultInterruptHandler             (abs)        000000
_PWM1_16BIT_Slice1Output1_InterruptHandler                    bssBANK5     00058C
_PWM1_16BIT_Slice1Output1_SetInterruptHandler                 text15       005D46
_PWM1_16BIT_Slice1Output2_DefaultInterruptHandler             (abs)        000000
_PWM1_16BIT_Slice1Output2_InterruptHandler                    bssBANK5     00058A
_PWM1_16BIT_Slice1Output2_SetInterruptHandler                 text14       005D3C
_PWM1_16BIT_WritePeriodRegister                               text55       005CB4
_PWM2CLK                                                      (abs)        000470
_PWM2CON                                                      (abs)        000478
_PWM2CONbits                                                  (abs)        000478
_PWM2CPRE                                                     (abs)        000474
_PWM2ERS                                                      (abs)        00046F
_PWM2GIE                                                      (abs)        000477
_PWM2GIEbits                                                  (abs)        000477
_PWM2GIR                                                      (abs)        000476
_PWM2GIRbits                                                  (abs)        000476
_PWM2LDS                                                      (abs)        000471
_PWM2PIPOS                                                    (abs)        000475
_PWM2PRH                                                      (abs)        000473
_PWM2PRL                                                      (abs)        000472
_PWM2S1CFG                                                    (abs)        000479
_PWM2S1P1H                                                    (abs)        00047B
_PWM2S1P1L                                                    (abs)        00047A
_PWM2S1P2H                                                    (abs)        00047D
_PWM2S1P2L                                                    (abs)        00047C
_PWM2_16BIT_Disable                                           text61       005E44
_PWM2_16BIT_Initialize                                        text9        0052BE
_PWM2_16BIT_Period_DefaultInterruptHandler                    (abs)        000000
_PWM2_16BIT_Period_InterruptHandler                           nvBANK6      000606
_PWM2_16BIT_Period_SetInterruptHandler                        text12       005D32
_PWM2_16BIT_Slice1Output1_DefaultInterruptHandler             (abs)        000000
_PWM2_16BIT_Slice1Output1_InterruptHandler                    nvBANK6      00060A
_PWM2_16BIT_Slice1Output1_SetInterruptHandler                 text11       005D28
_PWM2_16BIT_Slice1Output2_DefaultInterruptHandler             (abs)        000000
_PWM2_16BIT_Slice1Output2_InterruptHandler                    nvBANK6      000608
_PWM2_16BIT_Slice1Output2_SetInterruptHandler                 text10       005D1E
_RB4PPS                                                       (abs)        00020D
_RC0PPS                                                       (abs)        000211
_RC1PPS                                                       (abs)        000212
_ReadMessageFromFifo                                          text122      003B7C
_Receive                                                      text121      004CA4
_SERVICEBRAKE_Move                                            text47       0053A6
_SLRCONA                                                      (abs)        000403
_SLRCONB                                                      (abs)        00040B
_SLRCONC                                                      (abs)        000413
_SYSTEM_Initialize                                            text2        005824
_T0CON0                                                       (abs)        00031A
_T0CON0bits                                                   (abs)        00031A
_T0CON1                                                       (abs)        00031B
_T1CLK                                                        (abs)        000321
_T1CON                                                        (abs)        00031E
_T1CONbits                                                    (abs)        00031E
_T1GATE                                                       (abs)        000320
_T1GCON                                                       (abs)        00031F
_T1GCONbits                                                   (abs)        00031F
_T2CLKCON                                                     (abs)        000326
_T2CON                                                        (abs)        000324
_T2CONbits                                                    (abs)        000324
_T2HLT                                                        (abs)        000325
_T2HLTbits                                                    (abs)        000325
_T2PR                                                         (abs)        000323
_T2RST                                                        (abs)        000327
_T2RSTbits                                                    (abs)        000327
_T2TMR                                                        (abs)        000322
_TEMPORIZATION_100ms                                          text90       005E24
_TEMPORIZATION_10ms                                           text67       005E50
_TEMPORIZATION_10s                                            text89       005E58
_TEMPORIZATION_1mins                                          text88       005E56
_TEMPORIZATION_1s                                             text75       00555C
_TEMPORIZATION_30s                                            text74       005E54
_TEMPORIZATION_500ms                                          text72       0056F6
_TMR0H                                                        (abs)        000319
_TMR0L                                                        (abs)        000318
_TMR0_CallBack                                                text94       005A00
_TMR0_DefaultInterruptHandler                                 text95       005E5A
_TMR0_ISR                                                     text93       005E0E
_TMR0_Initialize                                              text7        005ADA
_TMR0_InterruptHandler                                        nvBANK6      000600
_TMR0_SetInterruptHandler                                     text8        005D14
_TMR0_StopTimer                                               text1        005E1E
_TMR1H                                                        (abs)        00031D
_TMR1L                                                        (abs)        00031C
_TMR1_CallBack                                                text70       0059A4
_TMR1_DefaultInterruptHandler                                 text71       005E52
_TMR1_ISR                                                     text68       004F32
_TMR1_Initialize                                              text5        0056AE
_TMR1_InterruptHandler                                        nvBANK6      000604
_TMR1_SetInterruptHandler                                     text6        005D0A
_TMR1_WriteTimer                                              text69       005976
_TMR2                                                         (abs)        000322
_TMR2_CallBack                                                text65       005948
_TMR2_DefaultInterruptHandler                                 text66       005E4E
_TMR2_ISR                                                     text64       005CDC
_TMR2_Initialize                                              text3        0058BA
_TMR2_InterruptHandler                                        nvBANK6      000602
_TMR2_SetInterruptHandler                                     text4        005D00
_TRISA                                                        (abs)        0004C6
_TRISAbits                                                    (abs)        0004C6
_TRISB                                                        (abs)        0004C7
_TRISBbits                                                    (abs)        0004C7
_TRISC                                                        (abs)        0004C8
_TRISCbits                                                    (abs)        0004C8
_TRISE                                                        (abs)        0004CA
_ValidateTransmission                                         text81       004D90
_WPUA                                                         (abs)        000401
_WPUB                                                         (abs)        000409
_WPUC                                                         (abs)        000411
_WPUE                                                         (abs)        000421
_WriteMessageToFifo                                           text80       003936
__HRAM                                                        (abs)        000000
__Habs1                                                       abs1         000000
__Hbank10                                                     bank10       000000
__Hbank11                                                     bank11       000000
__Hbank12                                                     bank12       000000
__Hbank13                                                     bank13       000000
__Hbank14                                                     bank14       000000
__Hbank15                                                     bank15       000000
__Hbank16                                                     bank16       000000
__Hbank17                                                     bank17       000000
__Hbank18                                                     bank18       000000
__Hbank19                                                     bank19       000000
__Hbank20                                                     bank20       000000
__Hbank21                                                     bank21       000000
__Hbank22                                                     bank22       000000
__Hbank23                                                     bank23       000000
__Hbank24                                                     bank24       000000
__Hbank25                                                     bank25       000000
__Hbank26                                                     bank26       000000
__Hbank27                                                     bank27       000000
__Hbank28                                                     bank28       000000
__Hbank29                                                     bank29       000000
__Hbank30                                                     bank30       000000
__Hbank31                                                     bank31       000000
__Hbank32                                                     bank32       000000
__Hbank33                                                     bank33       000000
__Hbank34                                                     bank34       000000
__Hbank35                                                     bank35       000000
__Hbank36                                                     bank36       000000
__Hbank37                                                     bank37       000000
__Hbank5                                                      bank5        000000
__Hbank6                                                      bank6        000000
__Hbank7                                                      bank7        000000
__Hbank8                                                      bank8        000000
__Hbank9                                                      bank9        000000
__Hbigbss                                                     bigbss       000000
__Hbigdata                                                    bigdata      000000
__Hbigram                                                     bigram       000000
__Hbss                                                        bss          000000
__HbssBANK5                                                   bssBANK5     000000
__HbssBANK6                                                   bssBANK6     000000
__HbssCOMRAM                                                  bssCOMRAM    000000
__Hcinit                                                      cinit        000000
__Hclrtext                                                    clrtext      000000
__Hcomram                                                     comram       000000
__Hconfig                                                     config       300024
__Hconst                                                      const        000000
__HcstackBANK5                                                cstackBANK5  000000
__HcstackBANK6                                                cstackBANK6  000000
__HcstackCOMRAM                                               cstackCOMRAM 000000
__Hdata                                                       data         000000
__HdataBANK5                                                  dataBANK5    000000
__Heeprom_data                                                eeprom_data  000000
__Hfarbss                                                     farbss       000000
__Hfardata                                                    fardata      000000
__Hibigdata                                                   ibigdata     000000
__Hidata                                                      idata        000000
__HidataBANK5                                                 idataBANK5   000000
__Hidloc                                                      idloc        200020
__Hifardata                                                   ifardata     000000
__Hinit                                                       init         00001E
__Hintsave_regs                                               intsave_regs 000000
__Hirdata                                                     irdata       000000
__Hivt0x8                                                     ivt0x8       00001A
__Hmediumconst                                                mediumconst  000000
__HnvBANK5                                                    nvBANK5      000000
__HnvBANK6                                                    nvBANK6      000000
__HnvFARRAM                                                   nvFARRAM     000000
__Hnvbit                                                      nvbit        000000
[...]
      Params:         0       0       0       0       0       0       0       0       0       0       0       0       0       0       0       0       0       0       0       0       0       0       0       0       0       0       0       0       0       0       0       0       0       0
      Locals:         0       0       0       0       0       0       0       0       0       0       0       0       0       0       0       0       0       0       0       0       0       0       0       0       0       0       0       0       0       0       0       0       0       0
      Temps:          0       0       0       0       0       0       0       0       0       0       0       0       0       0       0       0       0       0       0       0       0       0       0       0       0       0       0       0       0       0       0       0       0       0
      Totals:         0       0       0       0       0       0       0       0       0       0       0       0       0       0       0       0       0       0       0       0       0       0       0       0       0       0       0       0       0       0       0       0       0       0
Total ram usage:        0 bytes
 Hardware stack levels used:    1
 This function calls:
		Nothing
 This function is called by:
		_CAN1_ErrorNotificationInterruptEnable
		_CAN1_ISR
 This function uses a non-reentrant model


 *************** function _DefaultModeChangeHandler *****************
 Defined at:
		line 137 in file "mcc_generated_files/can1.c"
 Parameters:    Size  Location     Type
		None
 Auto vars:     Size  Location     Type
		None
 Return value:  Size  Location     Type
                  1    wreg      void 
 Registers used:
		None
 Tracked objects:
		On entry : 
		On exit  : 
		Unchanged: 
 Data sizes:     COMRAM   BANK5   BANK6   BANK7   BANK8   BANK9  BANK10  BANK11  BANK12  BANK13  BANK14  BANK15  BANK16  BANK17  BANK18  BANK19  BANK20  BANK21  BANK22  BANK23  BANK24  BANK25  BANK26  BANK27  BANK28  BANK29  BANK30  BANK31  BANK32  BANK33  BANK34  BANK35  BANK36  BANK37
      Params:         0       0       0       0       0       0       0       0       0       0       0       0       0       0       0       0       0       0       0       0       0       0       0       0       0       0       0       0       0       0       0       0       0       0
      Locals:         0       0       0       0       0       0       0       0       0       0       0       0       0       0       0       0       0       0       0       0       0       0       0       0       0       0       0       0       0       0       0       0       0       0
      Temps:          0       0       0       0       0       0       0       0       0       0       0       0       0       0       0       0       0       0       0       0       0       0       0       0       0       0       0       0       0       0       0       0       0       0
      Totals:         0       0       0       0       0       0       0       0       0       0       0       0       0       0       0       0       0       0       0       0       0       0       0       0       0       0       0       0       0       0       0       0       0       0
Total ram usage:        0 bytes
 Hardware stack levels used:    1
 This function calls:
		Nothing
 This function is called by:
		_CAN1_ErrorNotificationInterruptEnable
		_CAN1_ISR
 This function uses a non-reentrant model


 *************** function _DefaultInvalidMessageHandler *****************
 Defined at:
		line 125 in file "mcc_generated_files/can1.c"
 Parameters:    Size  Location     Type
		None
 Auto vars:     Size  Location     Type
		None
 Return value:  Size  Location     Type
                  1    wreg      void 
 Registers used:
		None
 Tracked objects:
		On entry : 
		On exit  : 
		Unchanged: 
 Data sizes:     COMRAM   BANK5   BANK6   BANK7   BANK8   BANK9  BANK10  BANK11  BANK12  BANK13  BANK14  BANK15  BANK16  BANK17  BANK18  BANK19  BANK20  BANK21  BANK22  BANK23  BANK24  BANK25  BANK26  BANK27  BANK28  BANK29  BANK30  BANK31  BANK32  BANK33  BANK34  BANK35  BANK36  BANK37
      Params:         0       0       0       0       0       0       0       0       0       0       0       0       0       0       0       0       0       0       0       0       0       0       0       0       0       0       0       0       0       0       0       0       0       0
      Locals:         0       0       0       0       0       0       0       0       0       0       0       0       0       0       0       0       0       0       0       0       0       0       0       0       0       0       0       0       0       0       0       0       0       0
      Temps:          0       0       0       0       0       0       0       0       0       0       0       0       0       0       0       0       0       0       0       0       0       0       0       0       0       0       0       0       0       0       0       0       0       0
      Totals:         0       0       0       0       0       0       0       0       0       0       0       0       0       0       0       0       0       0       0       0       0       0       0       0       0       0       0       0       0       0       0       0       0       0
Total ram usage:        0 bytes
 Hardware stack levels used:    1
 This function calls:
		Nothing
 This function is called by:
		_CAN1_ErrorNotificationInterruptEnable
		_CAN1_ISR
 This function uses a non-reentrant model


 *************** function _DefaultBusWakeUpActivityHandler *****************
 Defined at:
		line 129 in file "mcc_generated_files/can1.c"
 Parameters:    Size  Location     Type
		None
 Auto vars:     Size  Location     Type
		None
 Return value:  Size  Location     Type
                  1    wreg      void 
 Registers used:
		None
 Tracked objects:
		On entry : 
		On exit  : 
		Unchanged: 
 Data sizes:     COMRAM   BANK5   BANK6   BANK7   BANK8   BANK9  BANK10  BANK11  BANK12  BANK13  BANK14  BANK15  BANK16  BANK17  BANK18  BANK19  BANK20  BANK21  BANK22  BANK23  BANK24  BANK25  BANK26  BANK27  BANK28  BANK29  BANK30  BANK31  BANK32  BANK33  BANK34  BANK35  BANK36  BANK37
      Params:         0       0       0       0       0       0       0       0       0       0       0       0       0       0       0       0       0       0       0       0       0       0       0       0       0       0       0       0       0       0       0       0       0       0
      Locals:         0       0       0       0       0       0       0       0       0       0       0       0       0       0       0       0       0       0       0       0       0       0       0       0       0       0       0       0       0       0       0       0       0       0
      Temps:          0       0       0       0       0       0       0       0       0       0       0       0       0       0       0       0       0       0       0       0       0       0       0       0       0       0       0       0       0       0       0       0       0       0
      Totals:         0       0       0       0       0       0       0       0       0       0       0       0       0       0       0       0       0       0       0       0       0       0       0       0       0       0       0       0       0       0       0       0       0       0
Total ram usage:        0 bytes
 Hardware stack levels used:    1
 This function calls:
		Nothing
 This function is called by:
		_CAN1_ErrorNotificationInterruptEnable
		_CAN1_ISR
 This function uses a non-reentrant model


 *************** function _DefaultBusErrorHandler *****************
 Defined at:
		line 133 in file "mcc_generated_files/can1.c"
 Parameters:    Size  Location     Type
		None
 Auto vars:     Size  Location     Type
		None
 Return value:  Size  Location     Type
                  1    wreg      void 
 Registers used:
		None
 Tracked objects:
		On entry : 
		On exit  : 
		Unchanged: 
 Data sizes:     COMRAM   BANK5   BANK6   BANK7   BANK8   BANK9  BANK10  BANK11  BANK12  BANK13  BANK14  BANK15  BANK16  BANK17  BANK18  BANK19  BANK20  BANK21  BANK22  BANK23  BANK24  BANK25  BANK26  BANK27  BANK28  BANK29  BANK30  BANK31  BANK32  BANK33  BANK34  BANK35  BANK36  BANK37
      Params:         0       0       0       0       0       0       0       0       0       0       0       0       0       0       0       0       0       0       0       0       0       0       0       0       0       0       0       0       0       0       0       0       0       0
      Locals:         0       0       0       0       0       0       0       0       0       0       0       0       0       0       0       0       0       0       0       0       0       0       0       0       0       0       0       0       0       0       0       0       0       0
      Temps:          0       0       0       0       0       0       0       0       0       0       0       0       0       0       0       0       0       0       0       0       0       0       0       0       0       0       0       0       0       0       0       0       0       0
      Totals:         0       0       0       0       0       0       0       0       0       0       0       0       0       0       0       0       0       0       0       0       0       0       0       0       0       0       0       0       0       0       0       0       0       0
Total ram usage:        0 bytes
 Hardware stack levels used:    1
 This function calls:
		Nothing
 This function is called by:
		_CAN1_ErrorNotificationInterruptEnable
		_CAN1_ISR
 This function uses a non-reentrant model



MODULE INFORMATION

Module		Function		Class		Link	Load	Size
mcc_generated_files/can1.c
		_ReadMessageFromFifo		CODE           	3B7C	0000	576
		_ValidateTransmission		CODE           	4D90	0000	216
		_CAN1_IsTxErrorPassive		CODE           	5C60	0000	22
		_DefaultFIFO1NotEmptyHandler		CODE           	5E36	0000	6
		_CAN1_BitRateConfiguration		CODE           	5CA0	0000	20
		_CAN1_SetTxAttemptInterruptHandler		CODE           	5D78	0000	10
		_Receive       		CODE           	4CA4	0000	236
		_CAN1_SetInvalidMessageInterruptHandler		CODE           	5DA0	0000	10
		_CAN1_TX_FIFO_Configuration		CODE           	5C8C	0000	20
		_GetRxFifoDepth		CODE           	5BB4	0000	30
		_CAN1_ISR      		CODE           	434E	0000	342
		_DefaultBusErrorHandler		CODE           	5E6A	0000	2
		_CAN1_OperationModeGet		CODE           	5D6E	0000	10
		_CAN1_IsBusOff 		CODE           	5C76	0000	22
		_CAN1_Initialize		CODE           	5500	0000	92
		_DefaultInvalidMessageHandler		CODE           	5E66	0000	2
		_CAN1_SetFIFO1NotEmptyHandler		CODE           	5D64	0000	10
		_DefaultBusWakeUpActivityHandler		CODE           	5E68	0000	2
		_CAN1_TransmitFIFOStatusGet		CODE           	5B2A	0000	40
		_CAN1_Transmit 		CODE           	513A	0000	148
		_CAN1_RX_FIFO_FilterMaskConfiguration		CODE           	5B52	0000	34
		_CAN1_RX_FIFO_Configuration		CODE           	5A86	0000	42
		_CAN1_IsTxErrorActive		CODE           	5BD2	0000	26
		_GetRxFifoStatus		CODE           	5C1C	0000	24
		_CAN1_ReceivedMessageCountGet		CODE           	4E68	0000	202
		_CAN1_SetBusErrorInterruptHandler		CODE           	5DB4	0000	10
		_CAN1_SetSystemErrorInterruptHandler		CODE           	5D82	0000	10
		_DefaultSystemErrorHandler		CODE           	5E60	0000	2
		_CAN1_IsTxErrorWarning		CODE           	5C4A	0000	22
		_isTxChannel   		CODE           	5778	0000	62
		_GetTxFifoStatus		CODE           	5C04	0000	24
		_WriteMessageToFifo		CODE           	3936	0000	582
		_DefaultRxBufferOverflowHandler		CODE           	5E62	0000	2
		_CAN1_ErrorNotificationInterruptEnable		CODE           	51CE	0000	122
		_CAN1_SetBusWakeUpActivityInterruptHandler		CODE           	5DAA	0000	10
		_CAN1_Receive  		CODE           	5612	0000	82
		_CAN1_SetRxBufferOverFlowInterruptHandler		CODE           	5D8C	0000	10
		_CAN1_RX_FIFO_ResetInfo		CODE           	591A	0000	46
		_CAN1_OperationModeSet		CODE           	50A2	0000	152
		_CAN1_SetModeChangeInterruptHandler		CODE           	5D96	0000	10
		_CAN1_RXI_ISR  		CODE           	5A5A	0000	44
		_DefaultTxAttemptHandler		CODE           	5E5E	0000	2
		_DefaultModeChangeHandler		CODE           	5E64	0000	2

mcc_generated_files/can1.c estimated size: 3338

C:\Program Files\Microchip\xc8\v2.31\pic\sources\c99\common\sprcadd.c
		___fladd       		CODE           	260E	0000	1218

C:\Program Files\Microchip\xc8\v2.31\pic\sources\c99\common\sprcadd.c estimated size: 1218

mcc_generated_files/pwm2_16bit.c
		_PWM2_16BIT_Disable		CODE           	5E44	0000	4
		_PWM2_16BIT_Period_SetInterruptHandler		CODE           	5D32	0000	10
		_PWM2_16BIT_Slice1Output1_SetInterruptHandler		CODE           	5D28	0000	10
		_PWM2_16BIT_Slice1Output2_SetInterruptHandler		CODE           	5D1E	0000	10
		_PWM2_16BIT_Initialize		CODE           	52BE	0000	116

mcc_generated_files/pwm2_16bit.c estimated size: 150

TEMPORIZATIONS.c
		_TEMPORIZATION_1mins		CODE           	5E56	0000	2
		_TEMPORIZATION_100ms		CODE           	5E24	0000	6
		_TEMPORIZATION_500ms		CODE           	56F6	0000	68
		_TEMPORIZATION_10s		CODE           	5E58	0000	2
		_TEMPORIZATION_30s		CODE           	5E54	0000	2
		_TEMPORIZATION_1s		CODE           	555C	0000	92
		_TEMPORIZATION_10ms		CODE           	5E50	0000	2

TEMPORIZATIONS.c estimated size: 174

MESSAGES.c
		_CANWriteMessage		CODE           	4AC8	0000	240
		_CANReadMessage		CODE           	36A6	0000	656
		_CANDisableErrorInterrupt		CODE           	58EA	0000	48

MESSAGES.c estimated size: 944

mcc_generated_files/tmr2.c
		_TMR2_ISR      		CODE           	5CDC	0000	12
		_TMR2_Initialize		CODE           	58BA	0000	48
		_TMR2_SetInterruptHandler		CODE           	5D00	0000	10
		_TMR2_DefaultInterruptHandler		CODE           	5E4E	0000	2
		_TMR2_CallBack 		CODE           	5948	0000	46

mcc_generated_files/tmr2.c estimated size: 118

mcc_generated_files/interrupt_manager.c
		_INTERRUPT_Initialize		CODE           	5E3C	0000	4
		_INTERRUPT_InterruptManager		CODE           	46BE	0000	266

mcc_generated_files/interrupt_manager.c estimated size: 270

C:\Program Files\Microchip\xc8\v2.31\pic\sources\c99\common\xxtofl.c
		___xxtofl      		CODE           	3FE2	0000	440

C:\Program Files\Microchip\xc8\v2.31\pic\sources\c99\common\xxtofl.c estimated size: 440

mcc_generated_files/tmr0.c
		_TMR0_SetInterruptHandler		CODE           	5D14	0000	10
		_TMR0_StopTimer		CODE           	5E1E	0000	6
		_TMR0_DefaultInterruptHandler		CODE           	5E5A	0000	2
		_TMR0_CallBack 		CODE           	5A00	0000	46
		_TMR0_ISR      		CODE           	5E0E	0000	8
		_TMR0_Initialize		CODE           	5ADA	0000	40

mcc_generated_files/tmr0.c estimated size: 112

mcc_generated_files/pin_manager.c
		_PIN_MANAGER_Initialize		CODE           	548E	0000	114

mcc_generated_files/pin_manager.c estimated size: 114

mcc_generated_files/adc.c
		_ADC_SelectContext		CODE           	5E04	0000	10
		_ADC_Initialize		CODE           	3DBC	0000	550
		_ADC_DisableChannelSequencer		CODE           	5E30	0000	6
		_ADC_GetSingleConversion		CODE           	5888	0000	50
		_ADC_SetActiveClockTuningInterruptHandler		CODE           	5DE6	0000	10
		_ADC_SetADIInterruptHandler		CODE           	5DF0	0000	10
		_ADC_StopConversion		CODE           	5E2A	0000	6
		_ADC_SetContext1ThresholdInterruptHandler		CODE           	5DDC	0000	10
		_ADC_SetContext2ThresholdInterruptHandler		CODE           	5DD2	0000	10
		_ADC_SetContext3ThresholdInterruptHandler		CODE           	5DC8	0000	10
		_ADC_SetContext4ThresholdInterruptHandler		CODE           	5DBE	0000	10

mcc_generated_files/adc.c estimated size: 682

mcc_generated_files/ext_int.c
		_INT0_SetInterruptHandler		CODE           	5D5A	0000	10
		_EXT_INT_Initialize		CODE           	5C34	0000	22
		_INT0_DefaultInterruptHandler		CODE           	5E5C	0000	2
		_INT0_CallBack 		CODE           	5856	0000	50
		_INT0_ISR      		CODE           	5E16	0000	8

mcc_generated_files/ext_int.c estimated size: 92

mcc_generated_files/pwm1_16bit.c
		_PWM1_16BIT_Period_SetInterruptHandler		CODE           	5D50	0000	10
		_PWM1_16BIT_Slice1Output1_SetInterruptHandler		CODE           	5D46	0000	10
		_PWM1_16BIT_Slice1Output2_SetInterruptHandler		CODE           	5D3C	0000	10
		_PWM1_16BIT_Initialize		CODE           	5332	0000	116
		_PWM1_16BIT_LoadBufferRegisters		CODE           	5E40	0000	4
		_PWM1_16BIT_SetSlice1Output1DutyCycleRegister		CODE           	5CC2	0000	14
		_PWM1_16BIT_WritePeriodRegister		CODE           	5CB4	0000	14

mcc_generated_files/pwm1_16bit.c estimated size: 178

shared
		i2_GPIO_PWM1_Control		CODE           	4BB8	0000	236
		_FIFO          		SMALLCONST     	0000	0000	0
		_DLC_BYTES     		SMALLCONST     	2601	0000	9
		i2___lwdiv     		CODE           	541A	0000	116
		i2_PWM1_16BIT_LoadBufferRegisters		CODE           	5E48	0000	4
		i2___fladd     		CODE           	2AD0	0000	1216
		i2___wmul      		CODE           	5AB0	0000	42
		i2___fltol     		CODE           	48D0	0000	262
		__initialization		CODE           	5664	0000	68
		i2___aldiv     		CODE           	45B2	0000	268
		i2_PWM1_16BIT_SetSlice1Output1DutyCycleRegister		CODE           	5CF4	0000	12
		i2___xxtofl    		CODE           	419A	0000	436
		i2_CAN1_OperationModeGet		CODE           	5DFA	0000	10
		i2_PWM1_16BIT_WritePeriodRegister		CODE           	5CE8	0000	12

shared estimated size: 2691

mcc_generated_files/mcc.c
		_PMD_Initialize		CODE           	5B02	0000	40
		_OSCILLATOR_Initialize		CODE           	5BEC	0000	24
		_SYSTEM_Initialize		CODE           	5824	0000	50

mcc_generated_files/mcc.c estimated size: 114

EBS.c
		_EBS_Watchdog  		CODE           	573A	0000	62
		_EBS_Init      		CODE           	5CD0	0000	12

EBS.c estimated size: 74

C:\Program Files\Microchip\xc8\v2.31\pic\sources\c99\common\sprcmul.c
		___flmul       		CODE           	2F90	0000	1102

C:\Program Files\Microchip\xc8\v2.31\pic\sources\c99\common\sprcmul.c estimated size: 1102

GPIO.c
		_GPIO_BrakePedalAtRest		CODE           	57F0	0000	52
		_GPIO_PWM1_Control		CODE           	49D6	0000	242
		_GPIO_Init     		CODE           	5B96	0000	30

GPIO.c estimated size: 324

C:\Program Files\Microchip\xc8\v2.31\pic\sources\c99\common\lwdiv.c
		___lwdiv       		CODE           	5248	0000	118

C:\Program Files\Microchip\xc8\v2.31\pic\sources\c99\common\lwdiv.c estimated size: 118

mcc_generated_files/tmr1.c
		_TMR1_Initialize		CODE           	56AE	0000	72
		_TMR1_SetInterruptHandler		CODE           	5D0A	0000	10
		_TMR1_DefaultInterruptHandler		CODE           	5E52	0000	2
		_TMR1_CallBack 		CODE           	59A4	0000	46
		_TMR1_WriteTimer		CODE           	5976	0000	46
		_TMR1_ISR      		CODE           	4F32	0000	196

mcc_generated_files/tmr1.c estimated size: 372

C:\Program Files\Microchip\xc8\v2.31\pic\sources\c99\common\fltol.c
		___fltol       		CODE           	47C8	0000	264

C:\Program Files\Microchip\xc8\v2.31\pic\sources\c99\common\fltol.c estimated size: 264

C:\Program Files\Microchip\xc8\v2.31\pic\sources\c99\common\memcpy.c
		_memcpy        		CODE           	55B8	0000	90

C:\Program Files\Microchip\xc8\v2.31\pic\sources\c99\common\memcpy.c estimated size: 90

mcc_generated_files/delay.c
		_DELAY_milliseconds		CODE           	59D2	0000	46

mcc_generated_files/delay.c estimated size: 46

C:\Program Files\Microchip\xc8\v2.31\pic\sources\c99\common\aldiv.c
		___aldiv       		CODE           	44A4	0000	270

C:\Program Files\Microchip\xc8\v2.31\pic\sources\c99\common\aldiv.c estimated size: 270

C:\Program Files\Microchip\xc8\v2.31\pic\sources\c99\common\Umul16.c
		___wmul        		CODE           	5A2E	0000	44

C:\Program Files\Microchip\xc8\v2.31\pic\sources\c99\common\Umul16.c estimated size: 44

ANALOG.c
		_ANALOG_RedAll 		CODE           	4FF6	0000	172
		_ANALOG_GetVoltage		CODE           	33DE	0000	712

ANALOG.c estimated size: 884

main.c
		_main          		CODE           	57B6	0000	58

main.c estimated size: 58

SERVICEBRAKE.c
		_SERVICEBRAKE_Move		CODE           	53A6	0000	116
		_ASBSupervisor 		CODE           	5B74	0000	34

SERVICEBRAKE.c estimated size: 150

