Microchip MPLAB XC8 Compiler V2.32

Linker command line:

-W-3 --edf=C:\Program Files\Microchip\xc8\v2.32\pic\dat\en_msgs.txt \
  -pivt0x8=08h -cn -h+dist/default/production\ASB.X.production.sym \
  --cmf=dist/default/production\ASB.X.production.cmf -z -Q18F26Q84 \
  -oC:\Users\panze\AppData\Local\Temp\xcAsitc.4 --defsym=__MPLAB_BUILD=1 \
  -Mdist/default/production/ASB.X.production.map -E1 -ver=XC8 Compiler \
  --acfsm=1493 -ASTACK=058Ch-025FFh -pstack=STACK -ACODE=00h-0FFFFh \
  -ACONST=00h-0FFFFh -ASMALLCONST=02600h-026FFhx218 \
  -AMEDIUMCONST=02600h-0FFFFh -ACOMRAM=0501h-055Fh -AABS1=0500h-025FFh \
  -ABIGRAM=0501h-025FFh -ARAM=0560h-05FFh,0600h-06FFhx32 \
  -ABANK5=0560h-05FFh -ABANK6=0600h-06FFh -ABANK7=0700h-07FFh \
  -ABANK8=0800h-08FFh -ABANK9=0900h-09FFh -ABANK10=0A00h-0AFFh \
  -ABANK11=0B00h-0BFFh -ABANK12=0C00h-0CFFh -ABANK13=0D00h-0DFFh \
  -ABANK14=0E00h-0EFFh -ABANK15=0F00h-0FFFh -ABANK16=01000h-010FFh \
  -ABANK17=01100h-011FFh -ABANK18=01200h-012FFh -ABANK19=01300h-013FFh \
  -ABANK20=01400h-014FFh -ABANK21=01500h-015FFh -ABANK22=01600h-016FFh \
  -ABANK23=01700h-017FFh -ABANK24=01800h-018FFh -ABANK25=01900h-019FFh \
  -ABANK26=01A00h-01AFFh -ABANK27=01B00h-01BFFh -ABANK28=01C00h-01CFFh \
  -ABANK29=01D00h-01DFFh -ABANK30=01E00h-01EFFh -ABANK31=01F00h-01FFFh \
  -ABANK32=02000h-020FFh -ABANK33=02100h-021FFh -ABANK34=02200h-022FFh \
  -ABANK35=02300h-023FFh -ABANK36=02400h-024FFh -ABANK37=02500h-025FFh \
  -ASFR=00h-0FFhx4,0400h-045Fh,0460h-04FFh -ACONFIG=0300000h-0300023h \
  -AIDLOC=0200000h-020001Fh -AEEDATA=0380000h-03803FFh -peeprom_data=EEDATA \
  -preset_vec=00h -ppowerup=CODE,init -pramtop=02600h \
  -psmallconst=SMALLCONST -pmediumconst=MEDIUMCONST -pconst=CONST \
  -AFARRAM=00h-00h \
  -prdata=COMRAM,nvrram=COMRAM,nvbit=COMRAM,rbss=COMRAM,rbit=COMRAM \
  -pfarbss=FARRAM,fardata=FARRAM,nvFARRAM=FARRAM \
  -pintsave_regs=BIGRAM,bigbss=BIGRAM,bigdata=BIGRAM -pbss=RAM \
  -pidata=CODE,irdata=CODE,ibigdata=CODE,ifardata=CODE -prparam=COMRAM \
  C:\Users\panze\AppData\Local\Temp\xcAsitc.o \
  dist/default/production\ASB.X.production.o 

Object code version is 3.11

Machine type is 18F26Q84



                Name                               Link     Load   Length Selector   Space Scale
C:\Users\panze\AppData\Local\Temp\xcAsitc.o
                idloc                            200000   200000       20        0       5
                config                           300000   300000       24        0       4
                init                                 1A       1A        4        4       0
                reset_vec                             0        0        4        0       0
dist/default/production\ASB.X.production.o
                idloc                            200000   200000       20        0       5
                config                           300000   300000       24        0       4
                smallconst                         2600     2600        E     1300       0
                ivt0x8                                8        8       12        4       0
                text59                             382A     382A        2     1307       0
                text58                             35F6     35F6       2C     1307       0
                text57                             3810     3810        8     1307       0
                text56                             3828     3828        2     1307       0
                text55                             35C8     35C8       2E     1307       0
                text54                             3808     3808        8     1307       0
                text53                             3826     3826        2     1307       0
                text52                             359A     359A       2E     1307       0
                text51                             356C     356C       2E     1307       0
                text50                             3738     3738       14     1307       0
                text49                             3824     3824        2     1307       0
                text48                             3378     3378       50     1307       0
                text47                             364C     364C       2A     1307       0
                text46                             30C8     30C8       92     1307       0
                text45                             353E     353E       2E     1307       0
                text44                             3820     3820        4     1307       0
                text43                             3770     3770        C     1307       0
                text42                             3764     3764        C     1307       0
                text41                             2C82     2C82      10C     1307       0
                text40                             260E     260E      4C0     1307       0
                text39                             2D8E     2D8E      106     1307       0
                text38                             2ACE     2ACE      1B4     1307       0
                text37                             2F6C     2F6C       B0     1307       0
                text36                             381C     381C        4     1307       0
                text35                             3758     3758        C     1307       0
                text34                             374C     374C        C     1307       0
                text33                             31D0     31D0       74     1307       0
                text32                             3622     3622       2A     1307       0
                text31                             2E94     2E94       D8     1307       0
                text30                             37FE     37FE        A     1307       0
                text29                             37F4     37F4        A     1307       0
                text28                             37EA     37EA        A     1307       0
                text27                             301C     301C       AC     1307       0
                text26                             3724     3724       14     1307       0
                text25                             37E0     37E0        A     1307       0
                text24                             3320     3320       58     1307       0
                text23                             3710     3710       14     1307       0
                text22                             3410     3410       48     1307       0
                text21                             37D6     37D6        A     1307       0
                text20                             36FC     36FC       14     1307       0
                text19                             3818     3818        4     1307       0
                text18                             36E4     36E4       18     1307       0
                text17                             315A     315A       76     1307       0
                text16                             3676     3676       28     1307       0
                text15                             37CC     37CC        A     1307       0
                text14                             37C2     37C2        A     1307       0
                text13                             37B8     37B8        A     1307       0
                text12                             32B2     32B2       6E     1307       0
                text11                             37AE     37AE        A     1307       0
                text10                             37A4     37A4        A     1307       0
                text9                              379A     379A        A     1307       0
                text8                              3244     3244       6E     1307       0
                text7                              3790     3790        A     1307       0
                text6                              369E     369E       26     1307       0
                text5                              3786     3786        A     1307       0
                text4                              3458     3458       46     1307       0
                text3                              377C     377C        A     1307       0
                text2                              3510     3510       2E     1307       0
                text1                              34DE     34DE       32     1307       0
                text0                              33C8     33C8       48     1307       0
                cstackCOMRAM                        501      501       3E      501       1
                cstackBANK5                         588      588        4      560       1
                dataBANK5                           560      560       20      560       1
                bssCOMRAM                           53F      53F        F      501       1
                cinit                              349E     349E       40     1307       0
                nvBANK5                             580      580        8      560       1
                nvCOMRAM                            54E      54E        E      501       1
                idataBANK5                         36C4     36C4       20     1307       0

TOTAL           Name                               Link     Load   Length     Space
        CLASS   STACK          

        CLASS   CODE           
                init                                 1A       1A        4         0
                reset_vec                             0        0        4         0
                ivt0x8                                8        8       12         0
                text59                             382A     382A        2         0
                text58                             35F6     35F6       2C         0
                text57                             3810     3810        8         0
                text56                             3828     3828        2         0
                text55                             35C8     35C8       2E         0
                text54                             3808     3808        8         0
                text53                             3826     3826        2         0
                text52                             359A     359A       2E         0
                text51                             356C     356C       2E         0
                text50                             3738     3738       14         0
                text49                             3824     3824        2         0
                text48                             3378     3378       50         0
                text47                             364C     364C       2A         0
                text46                             30C8     30C8       92         0
                text45                             353E     353E       2E         0
                text44                             3820     3820        4         0
                text43                             3770     3770        C         0
                text42                             3764     3764        C         0
                text41                             2C82     2C82      10C         0
                text40                             260E     260E      4C0         0
                text39                             2D8E     2D8E      106         0
                text38                             2ACE     2ACE      1B4         0
                text37                             2F6C     2F6C       B0         0
                text36                             381C     381C        4         0
                text35                             3758     3758        C         0
                text34                             374C     374C        C         0
                text33                             31D0     31D0       74         0
                text32                             3622     3622       2A         0
                text31                             2E94     2E94       D8         0
                text30                             37FE     37FE        A         0
                text29                             37F4     37F4        A         0
                text28                             37EA     37EA        A         0
                text27                             301C     301C       AC         0
                text26                             3724     3724       14         0
                text25                             37E0     37E0        A         0
                text24                             3320     3320       58         0
                text23                             3710     3710       14         0
                text22                             3410     3410       48         0
                text21                             37D6     37D6        A         0
                text20                             36FC     36FC       14         0
                text19                             3818     3818        4         0
                text18                             36E4     36E4       18         0
                text17                             315A     315A       76         0
                text16                             3676     3676       28         0
                text15                             37CC     37CC        A         0
                text14                             37C2     37C2        A         0
                text13                             37B8     37B8        A         0
                text12                             32B2     32B2       6E         0
                text11                             37AE     37AE        A         0
                text10                             37A4     37A4        A         0
                text9                              379A     379A        A         0
                text8                              3244     3244       6E         0
                text7                              3790     3790        A         0
                text6                              369E     369E       26         0
                text5                              3786     3786        A         0
                text4                              3458     3458       46         0
                text3                              377C     377C        A         0
                text2                              3510     3510       2E         0
                text1                              34DE     34DE       32         0
                text0                              33C8     33C8       48         0
                cinit                              349E     349E       40         0
                idataBANK5                         36C4     36C4       20         0

        CLASS   CONST          

        CLASS   SMALLCONST     
                smallconst                         2600     2600        E         0

        CLASS   MEDIUMCONST    

        CLASS   COMRAM         
                cstackCOMRAM                        501      501       3E         1
                bssCOMRAM                           53F      53F        F         1
                nvCOMRAM                            54E      54E        E         1

        CLASS   ABS1           

        CLASS   BIGRAM         

        CLASS   RAM            

        CLASS   BANK5          
                cstackBANK5                         588      588        4         1
                dataBANK5                           560      560       20         1
                nvBANK5                             580      580        8         1

        CLASS   BANK6          

        CLASS   BANK7          

        CLASS   BANK8          

        CLASS   BANK9          

        CLASS   BANK10         

        CLASS   BANK11         

        CLASS   BANK12         

        CLASS   BANK13         

        CLASS   BANK14         

        CLASS   BANK15         

        CLASS   BANK16         

        CLASS   BANK17         

        CLASS   BANK18         

        CLASS   BANK19         

        CLASS   BANK20         

        CLASS   BANK21         

        CLASS   BANK22         

        CLASS   BANK23         

        CLASS   BANK24         

        CLASS   BANK25         

        CLASS   BANK26         

        CLASS   BANK27         

        CLASS   BANK28         

        CLASS   BANK29         

        CLASS   BANK30         

        CLASS   BANK31         

        CLASS   BANK32         

        CLASS   BANK33         

        CLASS   BANK34         

        CLASS   BANK35         

        CLASS   BANK36         

        CLASS   BANK37         

        CLASS   SFR            

        CLASS   CONFIG         
                config                           300000   300000       24         4

        CLASS   IDLOC          
                idloc                            200000   200000       20         5

        CLASS   EEDATA         

        CLASS   FARRAM         



SEGMENTS        Name                           Load    Length   Top    Selector   Space  Class

                reset_vec                      000000  000004  000004         0       0  CODE    
                ivt0x8                         000008  000016  00001E         4       0  CODE    
                cstackCOMRAM                   000501  00005B  00055C       501       1  COMRAM  
                dataBANK5                      000560  00002C  00058C       560       1  BANK5   
                smallconst                     002600  00000E  00260E      1300       0  SMALLCON
                text40                         00260E  00121E  00382C      1307       0  CODE    


UNUSED ADDRESS RANGES

        Name                Unused          Largest block    Delta
        BANK10           000A00-000AFF              100
        BANK11           000B00-000BFF              100
        BANK12           000C00-000CFF              100
        BANK13           000D00-000DFF              100
        BANK14           000E00-000EFF              100
        BANK15           000F00-000FFF              100
        BANK16           001000-0010FF              100
        BANK17           001100-0011FF              100
        BANK18           001200-0012FF              100
        BANK19           001300-0013FF              100
        BANK20           001400-0014FF              100
        BANK21           001500-0015FF              100
        BANK22           001600-0016FF              100
        BANK23           001700-0017FF              100
        BANK24           001800-0018FF              100
        BANK25           001900-0019FF              100
        BANK26           001A00-001AFF              100
        BANK27           001B00-001BFF              100
        BANK28           001C00-001CFF              100
        BANK29           001D00-001DFF              100
        BANK30           001E00-001EFF              100
        BANK31           001F00-001FFF              100
        BANK32           002000-0020FF              100
        BANK33           002100-0021FF              100
        BANK34           002200-0022FF              100
        BANK35           002300-0023FF              100
        BANK36           002400-0024FF              100
        BANK37           002500-0025FF              100
        BANK5            00058C-0005FF               74
        BANK6            000600-0006FF              100
        BANK7            000700-0007FF              100
        BANK8            000800-0008FF              100
        BANK9            000900-0009FF              100
        BIGRAM           00055C-00055F                4
                         00058C-0025FF             2074
        CODE             000004-000007                4
                         00001E-0025FF             25E2
                         00382C-00FFFF             C7D4
        COMRAM           00055C-00055F                4
        CONST            000004-000007                4
                         00001E-0025FF             25E2
                         00382C-00FFFF             C7D4
        EEDATA           380000-3803FF              400
        MEDIUMCONST      00382C-00FFFF             C7D4
        RAM              00058C-0025FF              100
        SFR              000000-0004FF              100
        SMALLCONST       00382C-00FFFF              100
        STACK            00058C-0025FF             2074

                                  Symbol Table

?___aldiv                                                     cstackCOMRAM 000503
?___fladd                                                     cstackCOMRAM 00051F
?___fltol                                                     cstackCOMRAM 00052F
?___lwdiv                                                     cstackCOMRAM 000503
?___wmul                                                      cstackCOMRAM 00050A
?___xxtofl                                                    cstackCOMRAM 000511
ADC_SetADIInterruptHandler@InterruptHandler                   cstackCOMRAM 000503
ADC_SetActiveClockTuningInterruptHandler@InterruptHandler     cstackCOMRAM 000503
ADC_SetContext1ThresholdInterruptHandler@InterruptHandler     cstackCOMRAM 000503
CAN1_OperationModeSet@opMode                                  cstackCOMRAM 000503
CAN1_OperationModeSet@requestMode                             cstackCOMRAM 000505
CAN1_OperationModeSet@status                                  cstackCOMRAM 000504
DELAY_milliseconds@milliseconds                               cstackCOMRAM 000503
GPIO_PWM1_Control@uiConvertedDC                               cstackBANK5  00058A
GPIO_PWM1_Control@uiConvertedPeriod                           cstackBANK5  000588
GPIO_PWM1_Control@uiDutyCycle                                 cstackCOMRAM 000539
GPIO_PWM1_Control@uiFreq                                      cstackCOMRAM 00053B
GPIO_PWM2_Control@uiConvertedDC                               cstackBANK5  00058A
GPIO_PWM2_Control@uiConvertedPeriod                           cstackBANK5  000588
GPIO_PWM2_Control@uiDutyCycle                                 cstackCOMRAM 000539
GPIO_PWM2_Control@uiFreq                                      cstackCOMRAM 00053B
INT0_SetInterruptHandler@InterruptHandler                     cstackCOMRAM 000503
IVTBASEH                                                      (abs)        00045E
IVTBASEL                                                      (abs)        00045D
IVTBASEU                                                      (abs)        00045F
PWM1_16BIT_Period_SetInterruptHandler@InterruptHandler        cstackCOMRAM 000503
PWM1_16BIT_SetSlice1Output1DutyCycleRegister@registerValue    cstackCOMRAM 000503
PWM1_16BIT_Slice1Output1_SetInterruptHandler@InterruptHandler cstackCOMRAM 000503
PWM1_16BIT_Slice1Output2_SetInterruptHandler@InterruptHandler cstackCOMRAM 000503
PWM1_16BIT_WritePeriodRegister@periodCount                    cstackCOMRAM 000503
PWM2_16BIT_Period_SetInterruptHandler@InterruptHandler        cstackCOMRAM 000503
PWM2_16BIT_SetSlice1Output1DutyCycleRegister@registerValue    cstackCOMRAM 000503
PWM2_16BIT_Slice1Output1_SetInterruptHandler@InterruptHandler cstackCOMRAM 000503
PWM2_16BIT_Slice1Output2_SetInterruptHandler@InterruptHandler cstackCOMRAM 000503
PWM2_16BIT_WritePeriodRegister@periodCount                    cstackCOMRAM 000503
TMR0_SetInterruptHandler@InterruptHandler                     cstackCOMRAM 000503
TMR1_SetInterruptHandler@InterruptHandler                     cstackCOMRAM 000503
TMR1_WriteTimer@timerVal                                      cstackCOMRAM 000501
TMR2_ISR@CountCallBack                                        bssCOMRAM    00053F
TMR2_SetInterruptHandler@InterruptHandler                     cstackCOMRAM 000503
_ADACCH                                                       (abs)        0003E4
_ADACCL                                                       (abs)        0003E3
_ADACCU                                                       (abs)        0003E5
_ADACQH                                                       (abs)        0003EF
_ADACQL                                                       (abs)        0003EE
_ADACT                                                        (abs)        0003F9
_ADACTPPS                                                     (abs)        000269
_ADCAP                                                        (abs)        0003F0
_ADCLK                                                        (abs)        0003FA
_ADCNT                                                        (abs)        0003E6
_ADCON0                                                       (abs)        0003F3
_ADCON0bits                                                   (abs)        0003F3
_ADCON1                                                       (abs)        0003F4
_ADCON1bits                                                   (abs)        0003F4
_ADCON2                                                       (abs)        0003F5
_ADCON2bits                                                   (abs)        0003F5
_ADCON3                                                       (abs)        0003F6
_ADCON3bits                                                   (abs)        0003F6
_ADCP                                                         (abs)        0003D8
_ADCPbits                                                     (abs)        0003D8
_ADCSEL1                                                      (abs)        0003FC
_ADCSEL1bits                                                  (abs)        0003FC
_ADCTX                                                        (abs)        0003FB
_ADC_ActiveClockTuning_ISR                                    nvCOMRAM     000554
_ADC_Context1Thereshld_ISR                                    nvCOMRAM     000556
_ADC_ConversionComplete_ISR                                   nvCOMRAM     000558
_ADC_DefaultADI_ISR                                           (abs)        000000
_ADC_DefaultActiveClockTuning_ISR                             (abs)        000000
_ADC_DefaultContext1Threshold_ISR                             (abs)        000000
_ADC_Initialize                                               text27       00301C
_ADC_SetADIInterruptHandler                                   text30       0037FE
_ADC_SetActiveClockTuningInterruptHandler                     text29       0037F4
_ADC_SetContext1ThresholdInterruptHandler                     text28       0037EA
_ADERRH                                                       (abs)        0003DE
_ADERRL                                                       (abs)        0003DD
_ADFLTRH                                                      (abs)        0003E2
_ADFLTRL                                                      (abs)        0003E1
_ADLTHH                                                       (abs)        0003DA
_ADLTHL                                                       (abs)        0003D9
_ADPCH                                                        (abs)        0003EC
_ADPREH                                                       (abs)        0003F2
_ADPREL                                                       (abs)        0003F1
_ADPREVH                                                      (abs)        0003E9
_ADPREVL                                                      (abs)        0003E8
_ADREF                                                        (abs)        0003F8
_ADRESH                                                       (abs)        0003EB
_ADRESL                                                       (abs)        0003EA
_ADRPT                                                        (abs)        0003E7
_ADSTAT                                                       (abs)        0003F7
_ADSTATbits                                                   (abs)        0003F7
_ADSTPTH                                                      (abs)        0003E0
_ADSTPTL                                                      (abs)        0003DF
_ADUTHH                                                       (abs)        0003DC
_ADUTHL                                                       (abs)        0003DB
_ANSELA                                                       (abs)        000400
_ANSELB                                                       (abs)        000408
_ANSELC                                                       (abs)        000410
_C1CONH                                                       (abs)        000101
_C1CONHbits                                                   (abs)        000101
_C1CONL                                                       (abs)        000100
_C1CONTbits                                                   (abs)        000103
_C1CONU                                                       (abs)        000102
_C1CONUbits                                                   (abs)        000102
_C1FIFOBA                                                     (abs)        00014C
_C1INTHbits                                                   (abs)        00011D
_C1INTTbits                                                   (abs)        00011F
_C1NBTCFGH                                                    (abs)        000105
_C1NBTCFGL                                                    (abs)        000104
_C1NBTCFGT                                                    (abs)        000107
_C1NBTCFGU                                                    (abs)        000106
_C1TRECUbits                                                  (abs)        000136
_C1TXQCONH                                                    (abs)        000151
_C1TXQCONL                                                    (abs)        000150
_C1TXQCONT                                                    (abs)        000153
_C1TXQCONU                                                    (abs)        000152
_CAN1_BitRateConfiguration                                    text26       003724
_CAN1_Initialize                                              text22       003410
_CAN1_OperationModeGet                                        text25       0037E0
_CAN1_OperationModeSet                                        text24       003320
_CAN1_TX_FIFO_Configuration                                   text23       003710
_CANDATAdata                                                  dataBANK5    000560
_CANRXPPS                                                     (abs)        00023D
_DELAY_milliseconds                                           text45       00353E
_DLC_BYTES                                                    smallconst   002601
_EXT_INT_Initialize                                           text20       0036FC
_GPIO_PWM1_Control                                            text37       002F6C
_GPIO_PWM2_Control                                            text31       002E94
_INLVLA                                                       (abs)        000404
_INLVLB                                                       (abs)        00040C
_INLVLC                                                       (abs)        000414
_INLVLE                                                       (abs)        000424
_INT0PPS                                                      (abs)        00023E
_INT0_CallBack                                                text58       0035F6
_INT0_DefaultInterruptHandler                                 text59       00382A
_INT0_ISR                                                     text57       003810
_INT0_InterruptHandler                                        nvCOMRAM     00055A
_INT0_SetInterruptHandler                                     text21       0037D6
_INTCON0bits                                                  (abs)        0004D6
_INTERRUPT_Initialize                                         text19       003818
_INTERRUPT_InterruptManager                                   text46       0030C8
_LATA                                                         (abs)        0004BE
_LATAbits                                                     (abs)        0004BE
_LATB                                                         (abs)        0004BF
_LATBbits                                                     (abs)        0004BF
_LATC                                                         (abs)        0004C0
_ODCONA                                                       (abs)        000402
_ODCONB                                                       (abs)        00040A
_ODCONC                                                       (abs)        000412
_OSCCON1                                                      (abs)        0000AD
_OSCCON3                                                      (abs)        0000AF
_OSCEN                                                        (abs)        0000B3
_OSCFRQ                                                       (abs)        0000B1
_OSCILLATOR_Initialize                                        text18       0036E4
_OSCTUNE                                                      (abs)        0000B0
_PIE1bits                                                     (abs)        00049F
_PIE3bits                                                     (abs)        0004A1
_PIE4bits                                                     (abs)        0004A2
_PIE5bits                                                     (abs)        0004A3
_PIN_MANAGER_Initialize                                       text17       00315A
_PIR1bits                                                     (abs)        0004AF
_PIR2bits                                                     (abs)        0004B0
_PIR3bits                                                     (abs)        0004B1
_PIR4bits                                                     (abs)        0004B2
_PIR5bits                                                     (abs)        0004B3
_PMD0                                                         (abs)        000060
_PMD1                                                         (abs)        000061
_PMD2                                                         (abs)        000062
_PMD3                                                         (abs)        000063
_PMD4                                                         (abs)        000064
_PMD5                                                         (abs)        000065
_PMD6                                                         (abs)        000066
_PMD7                                                         (abs)        000067
_PMD8                                                         (abs)        000068
_PMD_Initialize                                               text16       003676
_PR2                                                          (abs)        000323
_PWM1CLK                                                      (abs)        000461
_PWM1CON                                                      (abs)        000469
_PWM1CONbits                                                  (abs)        000469
_PWM1CPRE                                                     (abs)        000465
_PWM1ERS                                                      (abs)        000460
_PWM1GIE                                                      (abs)        000468
_PWM1GIEbits                                                  (abs)        000468
_PWM1GIR                                                      (abs)        000467
_PWM1GIRbits                                                  (abs)        000467
_PWM1LDS                                                      (abs)        000462
_PWM1PIPOS                                                    (abs)        000466
_PWM1PRH                                                      (abs)        000464
_PWM1PRL                                                      (abs)        000463
_PWM1S1CFG                                                    (abs)        00046A
_PWM1S1P1H                                                    (abs)        00046C
_PWM1S1P1L                                                    (abs)        00046B
_PWM1S1P2H                                                    (abs)        00046E
_PWM1S1P2L                                                    (abs)        00046D
_PWM1_16BIT_Initialize                                        text12       0032B2
_PWM1_16BIT_LoadBufferRegisters                               text44       003820
_PWM1_16BIT_Period_DefaultInterruptHandler                    (abs)        000000
_PWM1_16BIT_Period_InterruptHandler                           bssCOMRAM    000541
_PWM1_16BIT_Period_SetInterruptHandler                        text15       0037CC
_PWM1_16BIT_SetSlice1Output1DutyCycleRegister                 text43       003770
_PWM1_16BIT_Slice1Output1_DefaultInterruptHandler             (abs)        000000
_PWM1_16BIT_Slice1Output1_InterruptHandler                    bssCOMRAM    000545
_PWM1_16BIT_Slice1Output1_SetInterruptHandler                 text14       0037C2
_PWM1_16BIT_Slice1Output2_DefaultInterruptHandler             (abs)        000000
_PWM1_16BIT_Slice1Output2_InterruptHandler                    bssCOMRAM    000543
_PWM1_16BIT_Slice1Output2_SetInterruptHandler                 text13       0037B8
_PWM1_16BIT_WritePeriodRegister                               text42       003764
_PWM2CLK                                                      (abs)        000470
_PWM2CON                                                      (abs)        000478
_PWM2CONbits                                                  (abs)        000478
_PWM2CPRE                                                     (abs)        000474
_PWM2ERS                                                      (abs)        00046F
_PWM2GIE                                                      (abs)        000477
_PWM2GIEbits                                                  (abs)        000477
_PWM2GIR                                                      (abs)        000476
_PWM2GIRbits                                                  (abs)        000476
_PWM2LDS                                                      (abs)        000471
_PWM2PIPOS                                                    (abs)        000475
_PWM2PRH                                                      (abs)        000473
_PWM2PRL                                                      (abs)        000472
_PWM2S1CFG                                                    (abs)        000479
_PWM2S1P1H                                                    (abs)        00047B
_PWM2S1P1L                                                    (abs)        00047A
_PWM2S1P2H                                                    (abs)        00047D
_PWM2S1P2L                                                    (abs)        00047C
_PWM2_16BIT_Initialize                                        text8        003244
_PWM2_16BIT_LoadBufferRegisters                               text36       00381C
_PWM2_16BIT_Period_DefaultInterruptHandler                    (abs)        000000
_PWM2_16BIT_Period_InterruptHandler                           nvBANK5      000586
_PWM2_16BIT_Period_SetInterruptHandler                        text11       0037AE
_PWM2_16BIT_SetSlice1Output1DutyCycleRegister                 text35       003758
_PWM2_16BIT_Slice1Output1_DefaultInterruptHandler             (abs)        000000
_PWM2_16BIT_Slice1Output1_InterruptHandler                    nvCOMRAM     000552
_PWM2_16BIT_Slice1Output1_SetInterruptHandler                 text10       0037A4
_PWM2_16BIT_Slice1Output2_DefaultInterruptHandler             (abs)        000000
_PWM2_16BIT_Slice1Output2_InterruptHandler                    nvCOMRAM     000550
_PWM2_16BIT_Slice1Output2_SetInterruptHandler                 text9        00379A
_PWM2_16BIT_WritePeriodRegister                               text34       00374C
_RB4PPS                                                       (abs)        00020D
_RC0PPS                                                       (abs)        000211
_RC1PPS                                                       (abs)        000212
_SLRCONA                                                      (abs)        000403
_SLRCONB                                                      (abs)        00040B
_SLRCONC                                                      (abs)        000413
_SYSTEM_Initialize                                            text1        0034DE
_T0CON0                                                       (abs)        00031A
_T0CON0bits                                                   (abs)        00031A
_T0CON1                                                       (abs)        00031B
_T1CLK                                                        (abs)        000321
_T1CON                                                        (abs)        00031E
_T1CONbits                                                    (abs)        00031E
_T1GATE                                                       (abs)        000320
_T1GCON                                                       (abs)        00031F
_T1GCONbits                                                   (abs)        00031F
_T2CLKCON                                                     (abs)        000326
_T2CON                                                        (abs)        000324
_T2CONbits                                                    (abs)        000324
_T2HLT                                                        (abs)        000325
_T2HLTbits                                                    (abs)        000325
_T2PR                                                         (abs)        000323
_T2RST                                                        (abs)        000327
_T2RSTbits                                                    (abs)        000327
_T2TMR                                                        (abs)        000322
_TMR0H                                                        (abs)        000319
_TMR0L                                                        (abs)        000318
_TMR0_CallBack                                                text55       0035C8
_TMR0_DefaultInterruptHandler                                 text56       003828
_TMR0_ISR                                                     text54       003808
_TMR0_Initialize                                              text6        00369E
_TMR0_InterruptHandler                                        nvBANK5      000580
_TMR0_SetInterruptHandler                                     text7        003790
_TMR1H                                                        (abs)        00031D
_TMR1L                                                        (abs)        00031C
_TMR1_CallBack                                                text52       00359A
_TMR1_DefaultInterruptHandler                                 text53       003826
_TMR1_ISR                                                     text50       003738
_TMR1_Initialize                                              text4        003458
_TMR1_InterruptHandler                                        nvBANK5      000584
_TMR1_SetInterruptHandler                                     text5        003786
_TMR1_WriteTimer                                              text51       00356C
_TMR2                                                         (abs)        000322
_TMR2_CallBack                                                text48       003378
_TMR2_DefaultInterruptHandler                                 text49       003824
_TMR2_ISR                                                     text47       00364C
_TMR2_Initialize                                              text2        003510
_TMR2_InterruptHandler                                        nvBANK5      000582
_TMR2_SetInterruptHandler                                     text3        00377C
_TRISA                                                        (abs)        0004C6
_TRISB                                                        (abs)        0004C7
_TRISBbits                                                    (abs)        0004C7
_TRISC                                                        (abs)        0004C8
_TRISE                                                        (abs)        0004CA
_WPUA                                                         (abs)        000401
_WPUB                                                         (abs)        000409
_WPUC                                                         (abs)        000411
_WPUE                                                         (abs)        000421
__HRAM                                                        (abs)        000000
__Habs1                                                       abs1         000000
__Hbank10                                                     bank10       000000
__Hbank11                                                     bank11       000000
__Hbank12                                                     bank12       000000
__Hbank13                                                     bank13       000000
__Hbank14                                                     bank14       000000
__Hbank15                                                     bank15       000000
__Hbank16                                                     bank16       000000
__Hbank17                                                     bank17       000000
__Hbank18                                                     bank18       000000
__Hbank19                                                     bank19       000000
__Hbank20                                                     bank20       000000
__Hbank21                                                     bank21       000000
__Hbank22                                                     bank22       000000
__Hbank23                                                     bank23       000000
__Hbank24                                                     bank24       000000
__Hbank25                                                     bank25       000000
__Hbank26                                                     bank26       000000
__Hbank27                                                     bank27       000000
__Hbank28                                                     bank28       000000
__Hbank29                                                     bank29       000000
__Hbank30                                                     bank30       000000
__Hbank31                                                     bank31       000000
__Hbank32                                                     bank32       000000
__Hbank33                                                     bank33       000000
__Hbank34                                                     bank34       000000
__Hbank35                                                     bank35       000000
__Hbank36                                                     bank36       000000
__Hbank37                                                     bank37       000000
__Hbank5                                                      bank5        000000
__Hbank6                                                      bank6        000000
__Hbank7                                                      bank7        000000
__Hbank8                                                      bank8        000000
__Hbank9                                                      bank9        000000
__Hbigbss                                                     bigbss       000000
__Hbigdata                                                    bigdata      000000
__Hbigram                                                     bigram       000000
__Hbss                                                        bss          000000
__HbssCOMRAM                                                  bssCOMRAM    000000
__Hcinit                                                      cinit        000000
__Hclrtext                                                    clrtext      000000
__Hcomram                                                     comram       000000
__Hconfig                                                     config       300024
__Hconst                                                      const        000000
__HcstackBANK5                                                cstackBANK5  000000
__HcstackCOMRAM                                               cstackCOMRAM 000000
__Hdata                                                       data         000000
__HdataBANK5                                                  dataBANK5    000000
__Heeprom_data                                                eeprom_data  000000
__Hfarbss                                                     farbss       000000
__Hfardata                                                    fardata      000000
__Hibigdata                                                   ibigdata     000000
__Hidata                                                      idata        000000
__HidataBANK5                                                 idataBANK5   000000
__Hidloc                                                      idloc        200020
__Hifardata                                                   ifardata     000000
__Hinit                                                       init         00001E
__Hintsave_regs                                               intsave_regs 000000
__Hirdata                                                     irdata       000000
__Hivt0x8                                                     ivt0x8       00001A
__Hmediumconst                                                mediumconst  000000
__HnvBANK5                                                    nvBANK5      000000
__HnvCOMRAM                                                   nvCOMRAM     000000
__HnvFARRAM                                                   nvFARRAM     000000
__Hnvbit                                                      nvbit        000000
__Hnvrram                                                     nvrram       000000
__Hparam                                                      rparam       000000
__Hpowerup                                                    powerup      000000
__Hram                                                        ram          000000
__Hramtop                                                     ramtop       002600
__Hrbit                                                       rbit         000000
__Hrbss                                                       rbss         000000
__Hrdata                                                      rdata        000000
__Hreset_vec                                                  reset_vec    000004
__Hrparam                                                     rparam       000000
__Hsfr                                                        sfr          000000
__Hsmallconst                                                 smallconst   00260E
__Hspace_0                                                    (abs)        00382C
__Hspace_1                                                    (abs)        00058C
__Hspace_2                                                    (abs)        000000
__Hspace_4                                                    (abs)        600024
__Hstack                                                      stack        000000
__Hstruct                                                     struct       000000
__Htemp                                                       temp         000000
__Htext                                                       text         000000
__Htext0                                                      text0        000000
__Htext1                                                      text1        000000
__Htext10                                                     text10       000000
__Htext11                                                     text11       000000
__Htext12                                                     text12       000000
__Htext13                                                     text13       000000
__Htext14                                                     text14       000000
__Htext15                                                     text15       000000
__Htext16                                                     text16       000000
__Htext17                                                     text17       000000
__Htext18                                                     text18       000000
__Htext19                                                     text19       000000
__Htext2                                                      text2        000000
__Htext20                                                     text20       000000
__Htext21                                                     text21       000000
__Htext22                                                     text22       000000
__Htext23                                                     text23       000000
__Htext24                                                     text24       000000
__Htext25                                                     text25       000000
__Htext26                                                     text26       000000
__Htext27                                                     text27       000000
__Htext28                                                     text28       000000
__Htext29                                                     text29       000000
__Htext3                                                      text3        000000
__Htext30                                                     text30       000000
__Htext31                                                     text31       000000
__Htext32                                                     text32       000000
__Htext33                                                     text33       000000
__Htext34                                                     text34       000000
__Htext35                                                     text35       000000
__Htext36                                                     text36       000000
__Htext37                                                     text37       000000
__Htext38                                                     text38       000000
__Htext39                                                     text39       000000
__Htext4                                                      text4        000000
__Htext40                                                     text40       000000
__Htext41                                                     text41       000000
__Htext42                                                     text42       000000
__Htext43                                                     text43       000000
__Htext44                                                     text44       000000
__Htext45                                                     text45       000000
__Htext46                                                     text46       000000
__Htext47                                                     text47       000000
__Htext48                                                     text48       000000
__Htext49                                                     text49       000000
__Htext5                                                      text5        000000
__Htext50                                                     text50       000000
__Htext51                                                     text51       000000
__Htext52                                                     text52       000000
__Htext53                                                     text53       000000
__Htext54                                                     text54       000000
__Htext55                                                     text55       000000
__Htext56                                                     text56       000000
__Htext57                                                     text57       000000
__Htext58                                                     text58       000000
__Htext59                                                     text59       000000
__Htext6                                                      text6        000000
__Htext60                                                     text60       000000
__Htext7                                                      text7        000000
__Htext8                                                      text8        000000
__Htext9                                                      text9        000000
__LRAM                                                        (abs)        000001
__Labs1                                                       abs1         000000
__Lbank10                                                     bank10       000000
__Lbank11                                                     bank11       000000
__Lbank12                                                     bank12       000000
__Lbank13                                                     bank13       000000
__Lbank14                                                     bank14       000000
__Lbank15                                                     bank15       000000
__Lbank16                                                     bank16       000000
__Lbank17                                                     bank17       000000
__Lbank18                                                     bank18       000000
__Lbank19                                                     bank19       000000
__Lbank20                                                     bank20       000000
__Lbank21                                                     bank21       000000
__Lbank22                                                     bank22       000000
__Lbank23                                                     bank23       000000
__Lbank24                                                     bank24       000000
__Lbank25                                                     bank25       000000
__Lbank26                                                     bank26       000000
__Lbank27                                                     bank27       000000
__Lbank28                                                     bank28       000000
__Lbank29                                                     bank29       000000
__Lbank30                                                     bank30       000000
__Lbank31                                                     bank31       000000
__Lbank32                                                     bank32       000000
__Lbank33                                                     bank33       000000
__Lbank34                                                     bank34       000000
__Lbank35                                                     bank35       000000
__Lbank36                                                     bank36       000000
__Lbank37                                                     bank37       000000
__Lbank5                                                      bank5        000000
__Lbank6                                                      bank6        000000
__Lbank7                                                      bank7        000000
__Lbank8                                                      bank8        000000
__Lbank9                                                      bank9        000000
__Lbigbss                                                     bigbss       000000
__Lbigdata                                                    bigdata      000000
__Lbigram                                                     bigram       000000
__Lbss                                                        bss          000000
__LbssCOMRAM                                                  bssCOMRAM    000000
__Lcinit                                                      cinit        000000
__Lclrtext                                                    clrtext      000000
__Lcomram                                                     comram       000000
__Lconfig                                                     config       000000
__Lconst                                                      const        000000
__LcstackBANK5                                                cstackBANK5  000000
__LcstackCOMRAM                                               cstackCOMRAM 000000
__Ldata                                                       data         000000
__LdataBANK5                                                  dataBANK5    000000
__Leeprom_data                                                eeprom_data  000000
__Lfarbss                                                     farbss       000000
__Lfardata                                                    fardata      000000
__Libigdata                                                   ibigdata     000000
__Lidata                                                      idata        000000
__LidataBANK5                                                 idataBANK5   000000
__Lidloc                                                      idloc        000000
__Lifardata                                                   ifardata     000000
__Linit                                                       init         00001A
__Lintsave_regs                                               intsave_regs 000000
__Lirdata                                                     irdata       000000
__Livt0x8                                                     ivt0x8       000008
__Lmediumconst                                                mediumconst  000000
__LnvBANK5                                                    nvBANK5      000000
__LnvCOMRAM                                                   nvCOMRAM     000000
__LnvFARRAM                                                   nvFARRAM     000000
__Lnvbit                                                      nvbit        000000
__Lnvrram                                                     nvrram       000000
__Lparam                                                      rparam       000000
__Lpowerup                                                    powerup      000000
__Lram                                                        ram          000000
__Lramtop                                                     ramtop       002600
__Lrbit                                                       rbit         000000
__Lrbss                                                       rbss         000000
__Lrdata                                                      rdata        000000
__Lreset_vec                                                  reset_vec    000000
__Lrparam                                                     rparam       000000
__Lsfr                                                        sfr          000000
__Lsmallconst                                                 smallconst   002600
__Lspace_0                                                    (abs)        000000
__Lspace_1                                                    (abs)        000000
__Lspace_2                                                    (abs)        000000
__Lspace_4                                                    (abs)        000000
__Lstack                                                      stack        000000
__Lstruct                                                     struct       000000
__Ltemp                                                       temp         000000
__Ltext                                                       text         000000
__Ltext0                                                      text0        000000
__Ltext1                                                      text1        000000
__Ltext10                                                     text10       000000
__Ltext11                                                     text11       000000
__Ltext12                                                     text12       000000
__Ltext13                                                     text13       000000
__Ltext14                                                     text14       000000
__Ltext15                                                     text15       000000
__Ltext16                                                     text16       000000
__Ltext17                                                     text17       000000
__Ltext18                                                     text18       000000
__Ltext19                                                     text19       000000
__Ltext2                                                      text2        000000
__Ltext20                                                     text20       000000
__Ltext21                                                     text21       000000
__Ltext22                                                     text22       000000
__Ltext23                                                     text23       000000
__Ltext24                                                     text24       000000
__Ltext25                                                     text25       000000
__Ltext26                                                     text26       000000
__Ltext27                                                     text27       000000
__Ltext28                                                     text28       000000
__Ltext29                                                     text29       000000
__Ltext3                                                      text3        000000
__Ltext30                                                     text30       000000
__Ltext31                                                     text31       000000
__Ltext32                                                     text32       000000
__Ltext33                                                     text33       000000
__Ltext34                                                     text34       000000
__Ltext35                                                     text35       000000
__Ltext36                                                     text36       000000
__Ltext37                                                     text37       000000
__Ltext38                                                     text38       000000
__Ltext39                                                     text39       000000
__Ltext4                                                      text4        000000
__Ltext40                                                     text40       000000
__Ltext41                                                     text41       000000
__Ltext42                                                     text42       000000
__Ltext43                                                     text43       000000
__Ltext44                                                     text44       000000
__Ltext45                                                     text45       000000
__Ltext46                                                     text46       000000
__Ltext47                                                     text47       000000
__Ltext48                                                     text48       000000
__Ltext49                                                     text49       000000
__Ltext5                                                      text5        000000
__Ltext50                                                     text50       000000
__Ltext51                                                     text51       000000
__Ltext52                                                     text52       000000
__Ltext53                                                     text53       000000
__Ltext54                                                     text54       000000
__Ltext55                                                     text55       000000
__Ltext56                                                     text56       000000
__Ltext57                                                     text57       000000
__Ltext58                                                     text58       000000
__Ltext59                                                     text59       000000
__Ltext6                                                      text6        000000
__Ltext60                                                     text60       000000
__Ltext7                                                      text7        000000
__Ltext8                                                      text8        000000
__Ltext9                                                      text9        000000
__S0                                                          (abs)        00382C
__S1                                                          (abs)        00058C
__S2                                                          (abs)        000000
__S4                                                          (abs)        000000
__S5                                                          (abs)        000000
___aldiv                                                      text41       002C82
___aldiv@counter                                              cstackCOMRAM 00050B
___aldiv@dividend                                             cstackCOMRAM 000503
___aldiv@divisor                                              cstackCOMRAM 000507
___aldiv@quotient                                             cstackCOMRAM 00050D
___aldiv@sign                                                 cstackCOMRAM 00050C
___fladd                                                      text40       00260E
___fladd@a                                                    cstackCOMRAM 000523
___fladd@aexp                                                 cstackCOMRAM 00052C
___fladd@b                                                    cstackCOMRAM 00051F
___fladd@bexp                                                 cstackCOMRAM 00052D
___fladd@grs                                                  cstackCOMRAM 00052E
___fladd@signs                                                cstackCOMRAM 00052B
___fltol                                                      text39       002D8E
___fltol@exp1                                                 cstackCOMRAM 000538
___fltol@f1                                                   cstackCOMRAM 00052F
___fltol@sign1                                                cstackCOMRAM 000537
___inthi_sp                                                   stack        000000
___intlo_sp                                                   stack        000000
___lwdiv                                                      text33       0031D0
___lwdiv@counter                                              cstackCOMRAM 000507
___lwdiv@dividend                                             cstackCOMRAM 000503
___lwdiv@divisor                                              cstackCOMRAM 000505
___lwdiv@quotient                                             cstackCOMRAM 000508
___param_bank                                                 (abs)        000000
___rparam_used                                                (abs)        000001
___sp                                                         stack        000000
___wmul                                                       text32       003622
___wmul@multiplicand                                          cstackCOMRAM 00050C
___wmul@multiplier                                            cstackCOMRAM 00050A
___wmul@product                                               cstackCOMRAM 00050E
___xxtofl                                                     text38       002ACE
___xxtofl@arg                                                 cstackCOMRAM 00051B
___xxtofl@exp                                                 cstackCOMRAM 00051A
___xxtofl@sign                                                cstackCOMRAM 000519
___xxtofl@val                                                 cstackCOMRAM 000511
__accesstop                                                   (abs)        000560
__activetblptr                                                (abs)        000003
__end_of_ADC_Initialize                                       text27       0030C8
__end_of_ADC_SetADIInterruptHandler                           text30       003808
__end_of_ADC_SetActiveClockTuningInterruptHandler             text29       0037FE
__end_of_ADC_SetContext1ThresholdInterruptHandler             text28       0037F4
__end_of_CAN1_BitRateConfiguration                            text26       003738
__end_of_CAN1_Initialize                                      text22       003458
__end_of_CAN1_OperationModeGet                                text25       0037EA
__end_of_CAN1_OperationModeSet                                text24       003378
__end_of_CAN1_TX_FIFO_Configuration                           text23       003724
__end_of_DELAY_milliseconds                                   text45       00356C
__end_of_DLC_BYTES                                            smallconst   00260A
__end_of_EXT_INT_Initialize                                   text20       003710
__end_of_FIFO                                                 smallconst   00260C
__end_of_GPIO_PWM1_Control                                    text37       00301C
__end_of_GPIO_PWM2_Control                                    text31       002F6C
__end_of_INT0_CallBack                                        text58       003622
__end_of_INT0_DefaultInterruptHandler                         text59       00382C
__end_of_INT0_ISR                                             text57       003818
__end_of_INT0_SetInterruptHandler                             text21       0037E0
__end_of_INTERRUPT_Initialize                                 text19       00381C
__end_of_INTERRUPT_InterruptManager                           text46       00315A
__end_of_OSCILLATOR_Initialize                                text18       0036FC
__end_of_PIN_MANAGER_Initialize                               text17       0031D0
__end_of_PMD_Initialize                                       text16       00369E
__end_of_PWM1_16BIT_Initialize                                text12       003320
__end_of_PWM1_16BIT_LoadBufferRegisters                       text44       003824
__end_of_PWM1_16BIT_Period_SetInterruptHandler                text15       0037D6
__end_of_PWM1_16BIT_SetSlice1Output1DutyCycleRegister         text43       00377C
__end_of_PWM1_16BIT_Slice1Output1_SetInterruptHandler         text14       0037CC
__end_of_PWM1_16BIT_Slice1Output2_SetInterruptHandler         text13       0037C2
__end_of_PWM1_16BIT_WritePeriodRegister                       text42       003770
__end_of_PWM2_16BIT_Initialize                                text8        0032B2
__end_of_PWM2_16BIT_LoadBufferRegisters                       text36       003820
__end_of_PWM2_16BIT_Period_SetInterruptHandler                text11       0037B8
__end_of_PWM2_16BIT_SetSlice1Output1DutyCycleRegister         text35       003764
__end_of_PWM2_16BIT_Slice1Output1_SetInterruptHandler         text10       0037AE
__end_of_PWM2_16BIT_Slice1Output2_SetInterruptHandler         text9        0037A4
__end_of_PWM2_16BIT_WritePeriodRegister                       text34       003758
__end_of_SYSTEM_Initialize                                    text1        003510
__end_of_TMR0_CallBack                                        text55       0035F6
__end_of_TMR0_DefaultInterruptHandler                         text56       00382A
__end_of_TMR0_ISR                                             text54       003810
__end_of_TMR0_Initialize                                      text6        0036C4
__end_of_TMR0_SetInterruptHandler                             text7        00379A
__end_of_TMR1_CallBack                                        text52       0035C8
__end_of_TMR1_DefaultInterruptHandler                         text53       003828
__end_of_TMR1_ISR                                             text50       00374C
__end_of_TMR1_Initialize                                      text4        00349E
__end_of_TMR1_SetInterruptHandler                             text5        003790
__end_of_TMR1_WriteTimer                                      text51       00359A
__end_of_TMR2_CallBack                                        text48       0033C8
__end_of_TMR2_DefaultInterruptHandler                         text49       003826
__end_of_TMR2_ISR                                             text47       003676
__end_of_TMR2_Initialize                                      text2        00353E
__end_of_TMR2_SetInterruptHandler                             text3        003786
__end_of___aldiv                                              text41       002D8E
__end_of___fladd                                              text40       002ACE
__end_of___fltol                                              text39       002E94
__end_of___lwdiv                                              text33       003244
__end_of___wmul                                               text32       00364C
__end_of___xxtofl                                             text38       002C82
__end_of__initialization                                      cinit        0034D8
__end_of_main                                                 text0        003410
__initialization                                              cinit        00349E
__mediumconst                                                 mediumconst  000000
__pbssCOMRAM                                                  bssCOMRAM    00053F
__pcinit                                                      cinit        00349E
__pcstackBANK5                                                cstackBANK5  000588
__pcstackCOMRAM                                               cstackCOMRAM 000501
__pdataBANK5                                                  dataBANK5    000560
__pidataBANK5                                                 idataBANK5   0036C4
__pivt0x8                                                     ivt0x8       000008
__pnvBANK5                                                    nvBANK5      000580
__pnvCOMRAM                                                   nvCOMRAM     00054E
__psmallconst                                                 smallconst   002600
__ptext0                                                      text0        0033C8
__ptext1                                                      text1        0034DE
__ptext10                                                     text10       0037A4
__ptext11                                                     text11       0037AE
__ptext12                                                     text12       0032B2
__ptext13                                                     text13       0037B8
__ptext14                                                     text14       0037C2
__ptext15                                                     text15       0037CC
__ptext16                                                     text16       003676
__ptext17                                                     text17       00315A
__ptext18                                                     text18       0036E4
__ptext19                                                     text19       003818
__ptext2                                                      text2        003510
__ptext20                                                     text20       0036FC
__ptext21                                                     text21       0037D6
__ptext22                                                     text22       003410
__ptext23                                                     text23       003710
__ptext24                                                     text24       003320
__ptext25                                                     text25       0037E0
__ptext26                                                     text26       003724
__ptext27                                                     text27       00301C
__ptext28                                                     text28       0037EA
__ptext29                                                     text29       0037F4
__ptext3                                                      text3        00377C
__ptext30                                                     text30       0037FE
__ptext31                                                     text31       002E94
__ptext32                                                     text32       003622
__ptext33                                                     text33       0031D0
__ptext34                                                     text34       00374C
__ptext35                                                     text35       003758
__ptext36                                                     text36       00381C
__ptext37                                                     text37       002F6C
__ptext38                                                     text38       002ACE
__ptext39                                                     text39       002D8E
__ptext4                                                      text4        003458
__ptext40                                                     text40       00260E
__ptext41                                                     text41       002C82
__ptext42                                                     text42       003764
__ptext43                                                     text43       003770
__ptext44                                                     text44       003820
__ptext45                                                     text45       00353E
__ptext46                                                     text46       0030C8
__ptext47                                                     text47       00364C
__ptext48                                                     text48       003378
__ptext49                                                     text49       003824
__ptext5                                                      text5        003786
__ptext50                                                     text50       003738
__ptext51                                                     text51       00356C
__ptext52                                                     text52       00359A
__ptext53                                                     text53       003826
__ptext54                                                     text54       003808
__ptext55                                                     text55       0035C8
__ptext56                                                     text56       003828
__ptext57                                                     text57       003810
__ptext58                                                     text58       0035F6
__ptext59                                                     text59       00382A
__ptext6                                                      text6        00369E
__ptext60                                                     text60       000000
__ptext7                                                      text7        003790
__ptext8                                                      text8        003244
__ptext9                                                      text9        00379A
__ramtop                                                      ramtop       002600
__size_of_ADC_Initialize                                      (abs)        000000
__size_of_ADC_SetADIInterruptHandler                          (abs)        000000
__size_of_ADC_SetActiveClockTuningInterruptHandler            (abs)        000000
__size_of_ADC_SetContext1ThresholdInterruptHandler            (abs)        000000
__size_of_CAN1_BitRateConfiguration                           (abs)        000000
__size_of_CAN1_Initialize                                     (abs)        000000
__size_of_CAN1_OperationModeGet                               (abs)        000000
__size_of_CAN1_OperationModeSet                               (abs)        000000
__size_of_CAN1_TX_FIFO_Configuration                          (abs)        000000
__size_of_DELAY_milliseconds                                  (abs)        000000
__size_of_EXT_INT_Initialize                                  (abs)        000000
__size_of_GPIO_PWM1_Control                                   (abs)        000000
__size_of_GPIO_PWM2_Control                                   (abs)        000000
__size_of_INT0_CallBack                                       (abs)        000000
__size_of_INT0_DefaultInterruptHandler                        (abs)        000000
__size_of_INT0_ISR                                            (abs)        000000
__size_of_INT0_SetInterruptHandler                            (abs)        000000
__size_of_INTERRUPT_Initialize                                (abs)        000000
__size_of_INTERRUPT_InterruptManager                          (abs)        000000
__size_of_OSCILLATOR_Initialize                               (abs)        000000
__size_of_PIN_MANAGER_Initialize                              (abs)        000000
__size_of_PMD_Initialize                                      (abs)        000000
__size_of_PWM1_16BIT_Initialize                               (abs)        000000
__size_of_PWM1_16BIT_LoadBufferRegisters                      (abs)        000000
__size_of_PWM1_16BIT_Period_SetInterruptHandler               (abs)        000000
__size_of_PWM1_16BIT_SetSlice1Output1DutyCycleRegister        (abs)        000000
__size_of_PWM1_16BIT_Slice1Output1_SetInterruptHandler        (abs)        000000
__size_of_PWM1_16BIT_Slice1Output2_SetInterruptHandler        (abs)        000000
__size_of_PWM1_16BIT_WritePeriodRegister                      (abs)        000000
__size_of_PWM2_16BIT_Initialize                               (abs)        000000
__size_of_PWM2_16BIT_LoadBufferRegisters                      (abs)        000000
__size_of_PWM2_16BIT_Period_SetInterruptHandler               (abs)        000000
__size_of_PWM2_16BIT_SetSlice1Output1DutyCycleRegister        (abs)        000000
__size_of_PWM2_16BIT_Slice1Output1_SetInterruptHandler        (abs)        000000
__size_of_PWM2_16BIT_Slice1Output2_SetInterruptHandler        (abs)        000000
__size_of_PWM2_16BIT_WritePeriodRegister                      (abs)        000000
__size_of_SYSTEM_Initialize                                   (abs)        000000
__size_of_TMR0_CallBack                                       (abs)        000000
__size_of_TMR0_DefaultInterruptHandler                        (abs)        000000
__size_of_TMR0_ISR                                            (abs)        000000
__size_of_TMR0_Initialize                                     (abs)        000000
__size_of_TMR0_SetInterruptHandler                            (abs)        000000
__size_of_TMR1_CallBack                                       (abs)        000000
__size_of_TMR1_DefaultInterruptHandler                        (abs)        000000
__size_of_TMR1_ISR                                            (abs)        000000
__size_of_TMR1_Initialize                                     (abs)        000000
__size_of_TMR1_SetInterruptHandler                            (abs)        000000
__size_of_TMR1_WriteTimer                                     (abs)        000000
__size_of_TMR2_CallBack                                       (abs)        000000
__size_of_TMR2_DefaultInterruptHandler                        (abs)        000000
__size_of_TMR2_ISR                                            (abs)        000000
__size_of_TMR2_Initialize                                     (abs)        000000
__size_of_TMR2_SetInterruptHandler                            (abs)        000000
__size_of___aldiv                                             (abs)        000000
__size_of___fladd                                             (abs)        000000
__size_of___fltol                                             (abs)        000000
__size_of___lwdiv                                             (abs)        000000
__size_of___wmul                                              (abs)        000000
__size_of___xxtofl                                            (abs)        000000
__size_of_main                                                (abs)        000000
__smallconst                                                  smallconst   002600
_main                                                         text0        0033C8
_msg                                                          bssCOMRAM    000547
_timer1ReloadVal                                              nvCOMRAM     00054E
end_of_initialization                                         cinit        0034D8
intlevel0                                                     text         000000
intlevel1                                                     text         000000
intlevel2                                                     text         000000
intlevel3                                                     text         000000
isa$std                                                       (abs)        000001
isa$xinst                                                     (abs)        000000
ivt0x8_base                                                   ivt0x8       000008
stackhi                                                       (abs)        0025FF
stacklo                                                       (abs)        00058C
start                                                         init         00001A
start_initialization                                          cinit        00349E


MODULE INFORMATION

Module		Function		Class		Link	Load	Size
mcc_generated_files/can1.c
		_CAN1_BitRateConfiguration		CODE           	3724	0000	20
		_CAN1_TX_FIFO_Configuration		CODE           	3710	0000	20
		_CAN1_OperationModeGet		CODE           	37E0	0000	10
		_CAN1_Initialize		CODE           	3410	0000	72
		_CAN1_OperationModeSet		CODE           	3320	0000	88

mcc_generated_files/can1.c estimated size: 210

C:\Program Files\Microchip\xc8\v2.32\pic\sources\c99\common\sprcadd.c
		___fladd       		CODE           	260E	0000	1216

C:\Program Files\Microchip\xc8\v2.32\pic\sources\c99\common\sprcadd.c estimated size: 1216

C:\Program Files\Microchip\xc8\v2.32\pic\sources\c99\common\aldiv.c
		___aldiv       		CODE           	2C82	0000	268

C:\Program Files\Microchip\xc8\v2.32\pic\sources\c99\common\aldiv.c estimated size: 268

mcc_generated_files/pwm2_16bit.c
		_PWM2_16BIT_WritePeriodRegister		CODE           	374C	0000	12
		_PWM2_16BIT_Period_SetInterruptHandler		CODE           	37AE	0000	10
		_PWM2_16BIT_Slice1Output1_SetInterruptHandler		CODE           	37A4	0000	10
		_PWM2_16BIT_Slice1Output2_SetInterruptHandler		CODE           	379A	0000	10
		_PWM2_16BIT_Initialize		CODE           	3244	0000	110
		_PWM2_16BIT_LoadBufferRegisters		CODE           	381C	0000	4
		_PWM2_16BIT_SetSlice1Output1DutyCycleRegister		CODE           	3758	0000	12

mcc_generated_files/pwm2_16bit.c estimated size: 168

mcc_generated_files/tmr2.c
		_TMR2_ISR      		CODE           	364C	0000	42
		_TMR2_Initialize		CODE           	3510	0000	46
		_TMR2_SetInterruptHandler		CODE           	377C	0000	10
		_TMR2_DefaultInterruptHandler		CODE           	3824	0000	2
		_TMR2_CallBack 		CODE           	3378	0000	80

mcc_generated_files/tmr2.c estimated size: 180

mcc_generated_files/interrupt_manager.c
		_INTERRUPT_Initialize		CODE           	3818	0000	4
		_INTERRUPT_InterruptManager		CODE           	30C8	0000	146

mcc_generated_files/interrupt_manager.c estimated size: 150

mcc_generated_files/tmr0.c
		_TMR0_SetInterruptHandler		CODE           	3790	0000	10
		_TMR0_DefaultInterruptHandler		CODE           	3828	0000	2
		_TMR0_CallBack 		CODE           	35C8	0000	46
		_TMR0_ISR      		CODE           	3808	0000	8
		_TMR0_Initialize		CODE           	369E	0000	38

mcc_generated_files/tmr0.c estimated size: 104

mcc_generated_files/pin_manager.c
		_PIN_MANAGER_Initialize		CODE           	315A	0000	118

mcc_generated_files/pin_manager.c estimated size: 118

mcc_generated_files/adc.c
		_ADC_Initialize		CODE           	301C	0000	172
		_ADC_SetActiveClockTuningInterruptHandler		CODE           	37F4	0000	10
		_ADC_SetADIInterruptHandler		CODE           	37FE	0000	10
		_ADC_SetContext1ThresholdInterruptHandler		CODE           	37EA	0000	10

mcc_generated_files/adc.c estimated size: 202

C:\Program Files\Microchip\xc8\v2.32\pic\sources\c99\common\Umul16.c
		___wmul        		CODE           	3622	0000	42

C:\Program Files\Microchip\xc8\v2.32\pic\sources\c99\common\Umul16.c estimated size: 42

mcc_generated_files/ext_int.c
		_INT0_SetInterruptHandler		CODE           	37D6	0000	10
		_EXT_INT_Initialize		CODE           	36FC	0000	20
		_INT0_DefaultInterruptHandler		CODE           	382A	0000	2
		_INT0_CallBack 		CODE           	35F6	0000	44
		_INT0_ISR      		CODE           	3810	0000	8

mcc_generated_files/ext_int.c estimated size: 84

mcc_generated_files/pwm1_16bit.c
		_PWM1_16BIT_Period_SetInterruptHandler		CODE           	37CC	0000	10
		_PWM1_16BIT_Slice1Output1_SetInterruptHandler		CODE           	37C2	0000	10
		_PWM1_16BIT_Slice1Output2_SetInterruptHandler		CODE           	37B8	0000	10
		_PWM1_16BIT_Initialize		CODE           	32B2	0000	110
		_PWM1_16BIT_LoadBufferRegisters		CODE           	3820	0000	4
		_PWM1_16BIT_SetSlice1Output1DutyCycleRegister		CODE           	3770	0000	12
		_PWM1_16BIT_WritePeriodRegister		CODE           	3764	0000	12

mcc_generated_files/pwm1_16bit.c estimated size: 168

shared
		_FIFO          		SMALLCONST     	0000	0000	0
		_DLC_BYTES     		SMALLCONST     	2601	0000	9
		__initialization		CODE           	349E	0000	58

shared estimated size: 67

mcc_generated_files/mcc.c
		_PMD_Initialize		CODE           	3676	0000	40
		_OSCILLATOR_Initialize		CODE           	36E4	0000	24
		_SYSTEM_Initialize		CODE           	34DE	0000	50

mcc_generated_files/mcc.c estimated size: 114

GPIO.c
		_GPIO_PWM1_Control		CODE           	2F6C	0000	176
		_GPIO_PWM2_Control		CODE           	2E94	0000	216

GPIO.c estimated size: 392

mcc_generated_files/tmr1.c
		_TMR1_Initialize		CODE           	3458	0000	70
		_TMR1_SetInterruptHandler		CODE           	3786	0000	10
		_TMR1_DefaultInterruptHandler		CODE           	3826	0000	2
		_TMR1_CallBack 		CODE           	359A	0000	46
		_TMR1_WriteTimer		CODE           	356C	0000	46
		_TMR1_ISR      		CODE           	3738	0000	20

mcc_generated_files/tmr1.c estimated size: 194

C:\Program Files\Microchip\xc8\v2.32\pic\sources\c99\common\lwdiv.c
		___lwdiv       		CODE           	31D0	0000	116

C:\Program Files\Microchip\xc8\v2.32\pic\sources\c99\common\lwdiv.c estimated size: 116

C:\Program Files\Microchip\xc8\v2.32\pic\sources\c99\common\fltol.c
		___fltol       		CODE           	2D8E	0000	262

C:\Program Files\Microchip\xc8\v2.32\pic\sources\c99\common\fltol.c estimated size: 262

mcc_generated_files/delay.c
		_DELAY_milliseconds		CODE           	353E	0000	46

mcc_generated_files/delay.c estimated size: 46

C:\Program Files\Microchip\xc8\v2.32\pic\sources\c99\common\xxtofl.c
		___xxtofl      		CODE           	2ACE	0000	436

C:\Program Files\Microchip\xc8\v2.32\pic\sources\c99\common\xxtofl.c estimated size: 436

main.c
		_main          		CODE           	33C8	0000	72

main.c estimated size: 72

