Microchip MPLAB XC8 Compiler V2.32

Linker command line:

-W-3 --edf=C:\Program Files\Microchip\xc8\v2.32\pic\dat\en_msgs.txt \
  -pivt0x8=08h -cn -h+dist/default/production\ASB.X.production.sym \
  --cmf=dist/default/production\ASB.X.production.cmf -z -Q18F26Q84 \
  -oC:\Users\LUC\AppData\Local\Temp\xcAscj0.4 --defsym=__MPLAB_BUILD=1 \
  -Mdist/default/production/ASB.X.production.map -E1 -ver=XC8 Compiler \
  --acfsm=1493 -ASTACK=0590h-025FFh -pstack=STACK -ACODE=00h-0FFFFh \
  -ACONST=00h-0FFFFh -ASMALLCONST=02600h-026FFhx218 \
  -AMEDIUMCONST=02600h-0FFFFh -ACOMRAM=0501h-055Fh -AABS1=0500h-025FFh \
  -ABIGRAM=0501h-025FFh -ARAM=0560h-05FFh,0600h-06FFhx32 \
  -ABANK5=0560h-05FFh -ABANK6=0600h-06FFh -ABANK7=0700h-07FFh \
  -ABANK8=0800h-08FFh -ABANK9=0900h-09FFh -ABANK10=0A00h-0AFFh \
  -ABANK11=0B00h-0BFFh -ABANK12=0C00h-0CFFh -ABANK13=0D00h-0DFFh \
  -ABANK14=0E00h-0EFFh -ABANK15=0F00h-0FFFh -ABANK16=01000h-010FFh \
  -ABANK17=01100h-011FFh -ABANK18=01200h-012FFh -ABANK19=01300h-013FFh \
  -ABANK20=01400h-014FFh -ABANK21=01500h-015FFh -ABANK22=01600h-016FFh \
  -ABANK23=01700h-017FFh -ABANK24=01800h-018FFh -ABANK25=01900h-019FFh \
  -ABANK26=01A00h-01AFFh -ABANK27=01B00h-01BFFh -ABANK28=01C00h-01CFFh \
  -ABANK29=01D00h-01DFFh -ABANK30=01E00h-01EFFh -ABANK31=01F00h-01FFFh \
  -ABANK32=02000h-020FFh -ABANK33=02100h-021FFh -ABANK34=02200h-022FFh \
  -ABANK35=02300h-023FFh -ABANK36=02400h-024FFh -ABANK37=02500h-025FFh \
  -ASFR=00h-0FFhx4,0400h-045Fh,0460h-04FFh -ACONFIG=0300000h-0300023h \
  -AIDLOC=0200000h-020001Fh -AEEDATA=0380000h-03803FFh -peeprom_data=EEDATA \
  -preset_vec=00h -ppowerup=CODE,init -pramtop=02600h \
  -psmallconst=SMALLCONST -pmediumconst=MEDIUMCONST -pconst=CONST \
  -AFARRAM=00h-00h \
  -prdata=COMRAM,nvrram=COMRAM,nvbit=COMRAM,rbss=COMRAM,rbit=COMRAM \
  -pfarbss=FARRAM,fardata=FARRAM,nvFARRAM=FARRAM \
  -pintsave_regs=BIGRAM,bigbss=BIGRAM,bigdata=BIGRAM -pbss=RAM \
  -pidata=CODE,irdata=CODE,ibigdata=CODE,ifardata=CODE -prparam=COMRAM \
  C:\Users\LUC\AppData\Local\Temp\xcAscj0.o \
  dist/default/production\ASB.X.production.o 

Object code version is 3.11

Machine type is 18F26Q84



                Name                               Link     Load   Length Selector   Space Scale
C:\Users\LUC\AppData\Local\Temp\xcAscj0.o
                idloc                            200000   200000       20        0       5
                config                           300000   300000       24        0       4
                init                                 1A       1A        4        4       0
                reset_vec                             0        0        4        0       0
dist/default/production\ASB.X.production.o
                idloc                            200000   200000       20        0       5
                config                           300000   300000       24        0       4
                smallconst                         2600     2600        E     1300       0
                ivt0x8                                8        8       12        4       0
                text67                             354E     354E        2     1307       0
                text66                             354C     354C        2     1307       0
                text65                             354A     354A        2     1307       0
                text64                             3548     3548        2     1307       0
                text63                             3546     3546        2     1307       0
                text62                             3544     3544        2     1307       0
                text61                             2854     2854      110     1307       0
                text60                             3542     3542        2     1307       0
                text59                             32F4     32F4       2C     1307       0
                text58                             3530     3530        8     1307       0
                text57                             3540     3540        2     1307       0
                text56                             32C6     32C6       2E     1307       0
                text55                             3528     3528        8     1307       0
                text54                             353E     353E        2     1307       0
                text53                             3298     3298       2E     1307       0
                text52                             326A     326A       2E     1307       0
                text51                             344C     344C       14     1307       0
                text50                             353C     353C        2     1307       0
                text49                             323C     323C       2E     1307       0
                text48                             3320     3320       2A     1307       0
                text47                             2C18     2C18       B6     1307       0
                text46                             351E     351E        A     1307       0
                text45                             2E0E     2E0E       88     1307       0
                text44                             33F8     33F8       18     1307       0
                text43                             2B40     2B40       D8     1307       0
                text42                             3044     3044       5A     1307       0
                text41                             260E     260E      246     1307       0
                text40                             3170     3170       3E     1307       0
                text39                             2D7A     2D7A       94     1307       0
                text38                             3372     3372       28     1307       0
                text37                             2964     2964       FC     1307       0
                text36                             320E     320E       2E     1307       0
                text35                             3514     3514        A     1307       0
                text34                             350A     350A        A     1307       0
                text33                             3500     3500        A     1307       0
                text32                             2CCE     2CCE       AC     1307       0
                text31                             3438     3438       14     1307       0
                text30                             34F6     34F6        A     1307       0
                text29                             34EC     34EC        A     1307       0
                text28                             34E2     34E2        A     1307       0
                text27                             34D8     34D8        A     1307       0
                text26                             34CE     34CE        A     1307       0
                text25                             34C4     34C4        A     1307       0
                text24                             2FE4     2FE4       60     1307       0
                text23                             3424     3424       14     1307       0
                text22                             309E     309E       4C     1307       0
                text21                             34BA     34BA        A     1307       0
                text20                             3410     3410       14     1307       0
                text19                             3538     3538        4     1307       0
                text18                             33E0     33E0       18     1307       0
                text17                             2E96     2E96       72     1307       0
                text16                             334A     334A       28     1307       0
                text15                             34B0     34B0        A     1307       0
                text14                             34A6     34A6        A     1307       0
                text13                             349C     349C        A     1307       0
                text12                             2F76     2F76       6E     1307       0
                text11                             3492     3492        A     1307       0
                text10                             3488     3488        A     1307       0
                text9                              347E     347E        A     1307       0
                text8                              2F08     2F08       6E     1307       0
                text7                              3474     3474        A     1307       0
                text6                              339A     339A       26     1307       0
                text5                              346A     346A        A     1307       0
                text4                              30EA     30EA       46     1307       0
                text3                              3460     3460        A     1307       0
                text2                              31E0     31E0       2E     1307       0
                text1                              31AE     31AE       32     1307       0
                text0                              2A60     2A60       E0     1307       0
                cstackCOMRAM                        501      501       2E      501       1
                cstackBANK5                         588      588        8      560       1
                dataBANK5                           560      560       20      560       1
                bssCOMRAM                           52F      52F       1B      501       1
                cinit                              3130     3130       40     1307       0
                nvBANK5                             580      580        8      560       1
                nvCOMRAM                            54A      54A        E      501       1
                idataBANK5                         33C0     33C0       20     1307       0

TOTAL           Name                               Link     Load   Length     Space
        CLASS   STACK          

        CLASS   CODE           
                init                                 1A       1A        4         0
                reset_vec                             0        0        4         0
                ivt0x8                                8        8       12         0
                text67                             354E     354E        2         0
                text66                             354C     354C        2         0
                text65                             354A     354A        2         0
                text64                             3548     3548        2         0
                text63                             3546     3546        2         0
                text62                             3544     3544        2         0
                text61                             2854     2854      110         0
                text60                             3542     3542        2         0
                text59                             32F4     32F4       2C         0
                text58                             3530     3530        8         0
                text57                             3540     3540        2         0
                text56                             32C6     32C6       2E         0
                text55                             3528     3528        8         0
                text54                             353E     353E        2         0
                text53                             3298     3298       2E         0
                text52                             326A     326A       2E         0
                text51                             344C     344C       14         0
                text50                             353C     353C        2         0
                text49                             323C     323C       2E         0
                text48                             3320     3320       2A         0
                text47                             2C18     2C18       B6         0
                text46                             351E     351E        A         0
                text45                             2E0E     2E0E       88         0
                text44                             33F8     33F8       18         0
                text43                             2B40     2B40       D8         0
                text42                             3044     3044       5A         0
                text41                             260E     260E      246         0
                text40                             3170     3170       3E         0
                text39                             2D7A     2D7A       94         0
                text38                             3372     3372       28         0
                text37                             2964     2964       FC         0
                text36                             320E     320E       2E         0
                text35                             3514     3514        A         0
                text34                             350A     350A        A         0
                text33                             3500     3500        A         0
                text32                             2CCE     2CCE       AC         0
                text31                             3438     3438       14         0
                text30                             34F6     34F6        A         0
                text29                             34EC     34EC        A         0
                text28                             34E2     34E2        A         0
                text27                             34D8     34D8        A         0
                text26                             34CE     34CE        A         0
                text25                             34C4     34C4        A         0
                text24                             2FE4     2FE4       60         0
                text23                             3424     3424       14         0
                text22                             309E     309E       4C         0
                text21                             34BA     34BA        A         0
                text20                             3410     3410       14         0
                text19                             3538     3538        4         0
                text18                             33E0     33E0       18         0
                text17                             2E96     2E96       72         0
                text16                             334A     334A       28         0
                text15                             34B0     34B0        A         0
                text14                             34A6     34A6        A         0
                text13                             349C     349C        A         0
                text12                             2F76     2F76       6E         0
                text11                             3492     3492        A         0
                text10                             3488     3488        A         0
                text9                              347E     347E        A         0
                text8                              2F08     2F08       6E         0
                text7                              3474     3474        A         0
                text6                              339A     339A       26         0
                text5                              346A     346A        A         0
                text4                              30EA     30EA       46         0
                text3                              3460     3460        A         0
                text2                              31E0     31E0       2E         0
                text1                              31AE     31AE       32         0
                text0                              2A60     2A60       E0         0
                cinit                              3130     3130       40         0
                idataBANK5                         33C0     33C0       20         0

        CLASS   CONST          

        CLASS   SMALLCONST     
                smallconst                         2600     2600        E         0

        CLASS   MEDIUMCONST    

        CLASS   COMRAM         
                cstackCOMRAM                        501      501       2E         1
                bssCOMRAM                           52F      52F       1B         1
                nvCOMRAM                            54A      54A        E         1

        CLASS   ABS1           

        CLASS   BIGRAM         

        CLASS   RAM            

        CLASS   BANK5          
                cstackBANK5                         588      588        8         1
                dataBANK5                           560      560       20         1
                nvBANK5                             580      580        8         1

        CLASS   BANK6          

        CLASS   BANK7          

        CLASS   BANK8          

        CLASS   BANK9          

        CLASS   BANK10         

        CLASS   BANK11         

        CLASS   BANK12         

        CLASS   BANK13         

        CLASS   BANK14         

        CLASS   BANK15         

        CLASS   BANK16         

        CLASS   BANK17         

        CLASS   BANK18         

        CLASS   BANK19         

        CLASS   BANK20         

        CLASS   BANK21         

        CLASS   BANK22         

        CLASS   BANK23         

        CLASS   BANK24         

        CLASS   BANK25         

        CLASS   BANK26         

        CLASS   BANK27         

        CLASS   BANK28         

        CLASS   BANK29         

        CLASS   BANK30         

        CLASS   BANK31         

        CLASS   BANK32         

        CLASS   BANK33         

        CLASS   BANK34         

        CLASS   BANK35         

        CLASS   BANK36         

        CLASS   BANK37         

        CLASS   SFR            

        CLASS   CONFIG         
                config                           300000   300000       24         4

        CLASS   IDLOC          
                idloc                            200000   200000       20         5

        CLASS   EEDATA         

        CLASS   FARRAM         



SEGMENTS        Name                           Load    Length   Top    Selector   Space  Class

                reset_vec                      000000  000004  000004         0       0  CODE    
                ivt0x8                         000008  000016  00001E         4       0  CODE    
                cstackCOMRAM                   000501  000057  000558       501       1  COMRAM  
                dataBANK5                      000560  000030  000590       560       1  BANK5   
                smallconst                     002600  00000E  00260E      1300       0  SMALLCON
                text41                         00260E  000F42  003550      1307       0  CODE    


UNUSED ADDRESS RANGES

        Name                Unused          Largest block    Delta
        BANK10           000A00-000AFF              100
        BANK11           000B00-000BFF              100
        BANK12           000C00-000CFF              100
        BANK13           000D00-000DFF              100
        BANK14           000E00-000EFF              100
        BANK15           000F00-000FFF              100
        BANK16           001000-0010FF              100
        BANK17           001100-0011FF              100
        BANK18           001200-0012FF              100
        BANK19           001300-0013FF              100
        BANK20           001400-0014FF              100
        BANK21           001500-0015FF              100
        BANK22           001600-0016FF              100
        BANK23           001700-0017FF              100
        BANK24           001800-0018FF              100
        BANK25           001900-0019FF              100
        BANK26           001A00-001AFF              100
        BANK27           001B00-001BFF              100
        BANK28           001C00-001CFF              100
        BANK29           001D00-001DFF              100
        BANK30           001E00-001EFF              100
        BANK31           001F00-001FFF              100
        BANK32           002000-0020FF              100
        BANK33           002100-0021FF              100
        BANK34           002200-0022FF              100
        BANK35           002300-0023FF              100
        BANK36           002400-0024FF              100
        BANK37           002500-0025FF              100
        BANK5            000590-0005FF               70
        BANK6            000600-0006FF              100
        BANK7            000700-0007FF              100
        BANK8            000800-0008FF              100
        BANK9            000900-0009FF              100
        BIGRAM           000558-00055F                8
                         000590-0025FF             2070
        CODE             000004-000007                4
                         00001E-0025FF             25E2
                         003550-00FFFF             CAB0
        COMRAM           000558-00055F                8
        CONST            000004-000007                4
                         00001E-0025FF             25E2
                         003550-00FFFF             CAB0
        EEDATA           380000-3803FF              400
        MEDIUMCONST      003550-00FFFF             CAB0
        RAM              000590-0025FF              100
        SFR              000000-0004FF              100
        SMALLCONST       003550-00FFFF              100
        STACK            000590-0025FF             2070

                                  Symbol Table

ADC_SetADIInterruptHandler@InterruptHandler                   cstackCOMRAM 000503
ADC_SetActiveClockTuningInterruptHandler@InterruptHandler     cstackCOMRAM 000503
ADC_SetContext1ThresholdInterruptHandler@InterruptHandler     cstackCOMRAM 000503
CAN1_OperationModeSet@opMode                                  cstackCOMRAM 000503
CAN1_OperationModeSet@requestMode                             cstackCOMRAM 000505
CAN1_OperationModeSet@status                                  cstackCOMRAM 000504
CAN1_SetBusErrorInterruptHandler@handler                      cstackCOMRAM 000503
CAN1_SetBusWakeUpActivityInterruptHandler@handler             cstackCOMRAM 000503
CAN1_SetInvalidMessageInterruptHandler@handler                cstackCOMRAM 000503
CAN1_SetModeChangeInterruptHandler@handler                    cstackCOMRAM 000503
CAN1_SetSystemErrorInterruptHandler@handler                   cstackCOMRAM 000503
CAN1_SetTxAttemptInterruptHandler@handler                     cstackCOMRAM 000503
CAN1_Transmit@fifoChannel                                     cstackCOMRAM 00051E
CAN1_Transmit@status                                          cstackCOMRAM 00051B
CAN1_Transmit@txCanMsg                                        cstackCOMRAM 000519
CAN1_Transmit@txFifoObj                                       cstackCOMRAM 00051C
CAN1_TransmitFIFOStatusGet@fifoChannel                        cstackCOMRAM 000506
CAN1_TransmitFIFOStatusGet@status                             cstackCOMRAM 000505
CANWriteMessage@data1                                         cstackCOMRAM 000524
CANWriteMessage@data2                                         cstackCOMRAM 000525
CANWriteMessage@data3                                         cstackCOMRAM 000526
CANWriteMessage@data4                                         cstackCOMRAM 000527
CANWriteMessage@data5                                         cstackCOMRAM 000528
CANWriteMessage@data6                                         cstackCOMRAM 000529
CANWriteMessage@data7                                         cstackCOMRAM 00052A
CANWriteMessage@data8                                         cstackCOMRAM 00052B
CANWriteMessage@dataLength                                    cstackCOMRAM 000523
CANWriteMessage@id                                            cstackCOMRAM 00051F
CANWriteMessage@uiData1                                       cstackBANK5  000588
CANWriteMessage@uiData2                                       cstackBANK5  00058A
CANWriteMessage@uiData3                                       cstackBANK5  00058C
CANWriteMessage@uiData4                                       cstackBANK5  00058E
DELAY_milliseconds@milliseconds                               cstackCOMRAM 000503
GetTxFifoStatus@validChannel                                  cstackCOMRAM 000503
INT0_SetInterruptHandler@InterruptHandler                     cstackCOMRAM 000503
IVTBASEH                                                      (abs)        00045E
IVTBASEL                                                      (abs)        00045D
IVTBASEU                                                      (abs)        00045F
PWM1_16BIT_Period_SetInterruptHandler@InterruptHandler        cstackCOMRAM 000503
PWM1_16BIT_Slice1Output1_SetInterruptHandler@InterruptHandler cstackCOMRAM 000503
PWM1_16BIT_Slice1Output2_SetInterruptHandler@InterruptHandler cstackCOMRAM 000503
PWM2_16BIT_Period_SetInterruptHandler@InterruptHandler        cstackCOMRAM 000503
PWM2_16BIT_Slice1Output1_SetInterruptHandler@InterruptHandler cstackCOMRAM 000503
PWM2_16BIT_Slice1Output2_SetInterruptHandler@InterruptHandler cstackCOMRAM 000503
TMR0_SetInterruptHandler@InterruptHandler                     cstackCOMRAM 000503
TMR1_SetInterruptHandler@InterruptHandler                     cstackCOMRAM 000503
TMR1_WriteTimer@timerVal                                      cstackCOMRAM 000501
TMR2_ISR@CountCallBack                                        bssCOMRAM    00052F
TMR2_SetInterruptHandler@InterruptHandler                     cstackCOMRAM 000503
ValidateTransmission@field                                    cstackCOMRAM 00050B
ValidateTransmission@txCanMsg                                 cstackCOMRAM 000504
ValidateTransmission@txMsgStatus                              cstackCOMRAM 00050A
ValidateTransmission@validChannel                             cstackCOMRAM 000509
WriteMessageToFifo@msgId                                      cstackCOMRAM 000515
WriteMessageToFifo@status                                     cstackCOMRAM 000514
WriteMessageToFifo@txCanMsg                                   cstackCOMRAM 000510
WriteMessageToFifo@txFifoObj                                  cstackCOMRAM 00050E
_ADACCH                                                       (abs)        0003E4
_ADACCL                                                       (abs)        0003E3
_ADACCU                                                       (abs)        0003E5
_ADACQH                                                       (abs)        0003EF
_ADACQL                                                       (abs)        0003EE
_ADACT                                                        (abs)        0003F9
_ADACTPPS                                                     (abs)        000269
_ADCAP                                                        (abs)        0003F0
_ADCLK                                                        (abs)        0003FA
_ADCNT                                                        (abs)        0003E6
_ADCON0                                                       (abs)        0003F3
_ADCON0bits                                                   (abs)        0003F3
_ADCON1                                                       (abs)        0003F4
_ADCON1bits                                                   (abs)        0003F4
_ADCON2                                                       (abs)        0003F5
_ADCON2bits                                                   (abs)        0003F5
_ADCON3                                                       (abs)        0003F6
_ADCON3bits                                                   (abs)        0003F6
_ADCP                                                         (abs)        0003D8
_ADCPbits                                                     (abs)        0003D8
_ADCSEL1                                                      (abs)        0003FC
_ADCSEL1bits                                                  (abs)        0003FC
_ADCTX                                                        (abs)        0003FB
_ADC_ActiveClockTuning_ISR                                    nvCOMRAM     000550
_ADC_Context1Thereshld_ISR                                    nvCOMRAM     000552
_ADC_ConversionComplete_ISR                                   nvCOMRAM     000554
_ADC_DefaultADI_ISR                                           (abs)        000000
_ADC_DefaultActiveClockTuning_ISR                             (abs)        000000
_ADC_DefaultContext1Threshold_ISR                             (abs)        000000
_ADC_Initialize                                               text32       002CCE
_ADC_SetADIInterruptHandler                                   text35       003514
_ADC_SetActiveClockTuningInterruptHandler                     text34       00350A
_ADC_SetContext1ThresholdInterruptHandler                     text33       003500
_ADERRH                                                       (abs)        0003DE
_ADERRL                                                       (abs)        0003DD
_ADFLTRH                                                      (abs)        0003E2
_ADFLTRL                                                      (abs)        0003E1
_ADLTHH                                                       (abs)        0003DA
_ADLTHL                                                       (abs)        0003D9
_ADPCH                                                        (abs)        0003EC
_ADPREH                                                       (abs)        0003F2
_ADPREL                                                       (abs)        0003F1
_ADPREVH                                                      (abs)        0003E9
_ADPREVL                                                      (abs)        0003E8
_ADREF                                                        (abs)        0003F8
_ADRESH                                                       (abs)        0003EB
_ADRESL                                                       (abs)        0003EA
_ADRPT                                                        (abs)        0003E7
_ADSTAT                                                       (abs)        0003F7
_ADSTATbits                                                   (abs)        0003F7
_ADSTPTH                                                      (abs)        0003E0
_ADSTPTL                                                      (abs)        0003DF
_ADUTHH                                                       (abs)        0003DC
_ADUTHL                                                       (abs)        0003DB
_ANSELA                                                       (abs)        000400
_ANSELB                                                       (abs)        000408
_ANSELC                                                       (abs)        000410
_C1CONH                                                       (abs)        000101
_C1CONHbits                                                   (abs)        000101
_C1CONL                                                       (abs)        000100
_C1CONTbits                                                   (abs)        000103
_C1CONU                                                       (abs)        000102
_C1CONUbits                                                   (abs)        000102
_C1FIFOBA                                                     (abs)        00014C
_C1INTH                                                       (abs)        00011D
_C1INTHbits                                                   (abs)        00011D
_C1INTL                                                       (abs)        00011C
_C1INTLbits                                                   (abs)        00011C
_C1INTT                                                       (abs)        00011F
_C1INTTbits                                                   (abs)        00011F
_C1INTU                                                       (abs)        00011E
_C1NBTCFGH                                                    (abs)        000105
_C1NBTCFGL                                                    (abs)        000104
_C1NBTCFGT                                                    (abs)        000107
_C1NBTCFGU                                                    (abs)        000106
_C1TRECUbits                                                  (abs)        000136
_C1TXQCONH                                                    (abs)        000151
_C1TXQCONL                                                    (abs)        000150
_C1TXQCONT                                                    (abs)        000153
_C1TXQCONU                                                    (abs)        000152
_C1TXQSTALbits                                                (abs)        000154
_CAN1_BitRateConfiguration                                    text31       003438
_CAN1_BusErrorHandler                                         bssCOMRAM    000537
_CAN1_BusWakeUpActivityHandler                                bssCOMRAM    000539
_CAN1_ErrorNotificationInterruptEnable                        text24       002FE4
_CAN1_ISR                                                     text61       002854
_CAN1_Initialize                                              text22       00309E
_CAN1_InvalidMessageHandler                                   bssCOMRAM    00053B
_CAN1_ModeChangeHandler                                       bssCOMRAM    000535
_CAN1_OperationModeGet                                        text46       00351E
_CAN1_OperationModeSet                                        text45       002E0E
_CAN1_SetBusErrorInterruptHandler                             text30       0034F6
_CAN1_SetBusWakeUpActivityInterruptHandler                    text29       0034EC
_CAN1_SetInvalidMessageInterruptHandler                       text28       0034E2
_CAN1_SetModeChangeInterruptHandler                           text27       0034D8
_CAN1_SetSystemErrorInterruptHandler                          text26       0034CE
_CAN1_SetTxAttemptInterruptHandler                            text25       0034C4
_CAN1_SystemErrorHandler                                      bssCOMRAM    000533
_CAN1_TX_FIFO_Configuration                                   text23       003424
_CAN1_Transmit                                                text39       002D7A
_CAN1_TransmitFIFOStatusGet                                   text38       003372
_CAN1_TxAttemptHandler                                        bssCOMRAM    000531
_CANDATAdata                                                  dataBANK5    000560
_CANRXPPS                                                     (abs)        00023D
_CANWriteMessage                                              text37       002964
_DELAY_milliseconds                                           text36       00320E
_DLC_BYTES                                                    smallconst   002601
_DefaultBusErrorHandler                                       text67       00354E
_DefaultBusWakeUpActivityHandler                              text66       00354C
_DefaultInvalidMessageHandler                                 text65       00354A
_DefaultModeChangeHandler                                     text64       003548
_DefaultSystemErrorHandler                                    text63       003546
_DefaultTxAttemptHandler                                      text62       003544
_EXT_INT_Initialize                                           text20       003410
_GetTxFifoStatus                                              text44       0033F8
_INLVLA                                                       (abs)        000404
_INLVLB                                                       (abs)        00040C
_INLVLC                                                       (abs)        000414
_INLVLE                                                       (abs)        000424
_INT0PPS                                                      (abs)        00023E
_INT0_CallBack                                                text59       0032F4
_INT0_DefaultInterruptHandler                                 text60       003542
_INT0_ISR                                                     text58       003530
_INT0_InterruptHandler                                        nvCOMRAM     000556
_INT0_SetInterruptHandler                                     text21       0034BA
_INTCON0bits                                                  (abs)        0004D6
_INTERRUPT_Initialize                                         text19       003538
_INTERRUPT_InterruptManager                                   text47       002C18
_LATA                                                         (abs)        0004BE
_LATAbits                                                     (abs)        0004BE
_LATB                                                         (abs)        0004BF
_LATBbits                                                     (abs)        0004BF
_LATC                                                         (abs)        0004C0
_LATCbits                                                     (abs)        0004C0
_ODCONA                                                       (abs)        000402
_ODCONB                                                       (abs)        00040A
_ODCONC                                                       (abs)        000412
_OSCCON1                                                      (abs)        0000AD
_OSCCON3                                                      (abs)        0000AF
_OSCEN                                                        (abs)        0000B3
_OSCFRQ                                                       (abs)        0000B1
_OSCILLATOR_Initialize                                        text18       0033E0
_OSCTUNE                                                      (abs)        0000B0
_PIE0bits                                                     (abs)        00049E
_PIE1bits                                                     (abs)        00049F
_PIE3bits                                                     (abs)        0004A1
_PIE4bits                                                     (abs)        0004A2
_PIE5bits                                                     (abs)        0004A3
_PIN_MANAGER_Initialize                                       text17       002E96
_PIR0bits                                                     (abs)        0004AE
_PIR1bits                                                     (abs)        0004AF
_PIR2bits                                                     (abs)        0004B0
_PIR3bits                                                     (abs)        0004B1
_PIR4bits                                                     (abs)        0004B2
_PIR5bits                                                     (abs)        0004B3
_PMD0                                                         (abs)        000060
_PMD1                                                         (abs)        000061
_PMD2                                                         (abs)        000062
_PMD3                                                         (abs)        000063
_PMD4                                                         (abs)        000064
_PMD5                                                         (abs)        000065
_PMD6                                                         (abs)        000066
_PMD7                                                         (abs)        000067
_PMD8                                                         (abs)        000068
_PMD_Initialize                                               text16       00334A
_PR2                                                          (abs)        000323
_PWM1CLK                                                      (abs)        000461
_PWM1CON                                                      (abs)        000469
_PWM1CONbits                                                  (abs)        000469
_PWM1CPRE                                                     (abs)        000465
_PWM1ERS                                                      (abs)        000460
_PWM1GIE                                                      (abs)        000468
_PWM1GIEbits                                                  (abs)        000468
_PWM1GIR                                                      (abs)        000467
_PWM1GIRbits                                                  (abs)        000467
_PWM1LDS                                                      (abs)        000462
_PWM1PIPOS                                                    (abs)        000466
_PWM1PRH                                                      (abs)        000464
_PWM1PRL                                                      (abs)        000463
_PWM1S1CFG                                                    (abs)        00046A
_PWM1S1P1H                                                    (abs)        00046C
_PWM1S1P1L                                                    (abs)        00046B
_PWM1S1P2H                                                    (abs)        00046E
_PWM1S1P2L                                                    (abs)        00046D
_PWM1_16BIT_Initialize                                        text12       002F76
_PWM1_16BIT_Period_DefaultInterruptHandler                    (abs)        000000
_PWM1_16BIT_Period_InterruptHandler                           bssCOMRAM    00053D
_PWM1_16BIT_Period_SetInterruptHandler                        text15       0034B0
_PWM1_16BIT_Slice1Output1_DefaultInterruptHandler             (abs)        000000
_PWM1_16BIT_Slice1Output1_InterruptHandler                    bssCOMRAM    000541
_PWM1_16BIT_Slice1Output1_SetInterruptHandler                 text14       0034A6
_PWM1_16BIT_Slice1Output2_DefaultInterruptHandler             (abs)        000000
_PWM1_16BIT_Slice1Output2_InterruptHandler                    bssCOMRAM    00053F
_PWM1_16BIT_Slice1Output2_SetInterruptHandler                 text13       00349C
_PWM2CLK                                                      (abs)        000470
_PWM2CON                                                      (abs)        000478
_PWM2CONbits                                                  (abs)        000478
_PWM2CPRE                                                     (abs)        000474
_PWM2ERS                                                      (abs)        00046F
_PWM2GIE                                                      (abs)        000477
_PWM2GIEbits                                                  (abs)        000477
_PWM2GIR                                                      (abs)        000476
_PWM2GIRbits                                                  (abs)        000476
_PWM2LDS                                                      (abs)        000471
_PWM2PIPOS                                                    (abs)        000475
_PWM2PRH                                                      (abs)        000473
_PWM2PRL                                                      (abs)        000472
_PWM2S1CFG                                                    (abs)        000479
_PWM2S1P1H                                                    (abs)        00047B
_PWM2S1P1L                                                    (abs)        00047A
_PWM2S1P2H                                                    (abs)        00047D
_PWM2S1P2L                                                    (abs)        00047C
_PWM2_16BIT_Initialize                                        text8        002F08
_PWM2_16BIT_Period_DefaultInterruptHandler                    (abs)        000000
_PWM2_16BIT_Period_InterruptHandler                           nvBANK5      000586
_PWM2_16BIT_Period_SetInterruptHandler                        text11       003492
_PWM2_16BIT_Slice1Output1_DefaultInterruptHandler             (abs)        000000
_PWM2_16BIT_Slice1Output1_InterruptHandler                    nvCOMRAM     00054E
_PWM2_16BIT_Slice1Output1_SetInterruptHandler                 text10       003488
_PWM2_16BIT_Slice1Output2_DefaultInterruptHandler             (abs)        000000
_PWM2_16BIT_Slice1Output2_InterruptHandler                    nvCOMRAM     00054C
_PWM2_16BIT_Slice1Output2_SetInterruptHandler                 text9        00347E
_RB4PPS                                                       (abs)        00020D
_RC0PPS                                                       (abs)        000211
_RC1PPS                                                       (abs)        000212
_SLRCONA                                                      (abs)        000403
_SLRCONB                                                      (abs)        00040B
_SLRCONC                                                      (abs)        000413
_SYSTEM_Initialize                                            text1        0031AE
_T0CON0                                                       (abs)        00031A
_T0CON0bits                                                   (abs)        00031A
_T0CON1                                                       (abs)        00031B
_T1CLK                                                        (abs)        000321
_T1CON                                                        (abs)        00031E
_T1CONbits                                                    (abs)        00031E
_T1GATE                                                       (abs)        000320
_T1GCON                                                       (abs)        00031F
_T1GCONbits                                                   (abs)        00031F
_T2CLKCON                                                     (abs)        000326
_T2CON                                                        (abs)        000324
_T2CONbits                                                    (abs)        000324
_T2HLT                                                        (abs)        000325
_T2HLTbits                                                    (abs)        000325
_T2PR                                                         (abs)        000323
_T2RST                                                        (abs)        000327
_T2RSTbits                                                    (abs)        000327
_T2TMR                                                        (abs)        000322
_TMR0H                                                        (abs)        000319
_TMR0L                                                        (abs)        000318
_TMR0_CallBack                                                text56       0032C6
_TMR0_DefaultInterruptHandler                                 text57       003540
_TMR0_ISR                                                     text55       003528
_TMR0_Initialize                                              text6        00339A
_TMR0_InterruptHandler                                        nvBANK5      000580
_TMR0_SetInterruptHandler                                     text7        003474
_TMR1H                                                        (abs)        00031D
_TMR1L                                                        (abs)        00031C
_TMR1_CallBack                                                text53       003298
_TMR1_DefaultInterruptHandler                                 text54       00353E
_TMR1_ISR                                                     text51       00344C
_TMR1_Initialize                                              text4        0030EA
_TMR1_InterruptHandler                                        nvBANK5      000584
_TMR1_SetInterruptHandler                                     text5        00346A
_TMR1_WriteTimer                                              text52       00326A
_TMR2                                                         (abs)        000322
_TMR2_CallBack                                                text49       00323C
_TMR2_DefaultInterruptHandler                                 text50       00353C
_TMR2_ISR                                                     text48       003320
_TMR2_Initialize                                              text2        0031E0
_TMR2_InterruptHandler                                        nvBANK5      000582
_TMR2_SetInterruptHandler                                     text3        003460
_TRISA                                                        (abs)        0004C6
_TRISB                                                        (abs)        0004C7
_TRISC                                                        (abs)        0004C8
_TRISE                                                        (abs)        0004CA
_ValidateTransmission                                         text43       002B40
_WPUA                                                         (abs)        000401
_WPUB                                                         (abs)        000409
_WPUC                                                         (abs)        000411
_WPUE                                                         (abs)        000421
_WriteMessageToFifo                                           text41       00260E
__HRAM                                                        (abs)        000000
__Habs1                                                       abs1         000000
__Hbank10                                                     bank10       000000
__Hbank11                                                     bank11       000000
__Hbank12                                                     bank12       000000
__Hbank13                                                     bank13       000000
__Hbank14                                                     bank14       000000
__Hbank15                                                     bank15       000000
__Hbank16                                                     bank16       000000
__Hbank17                                                     bank17       000000
__Hbank18                                                     bank18       000000
__Hbank19                                                     bank19       000000
__Hbank20                                                     bank20       000000
__Hbank21                                                     bank21       000000
__Hbank22                                                     bank22       000000
__Hbank23                                                     bank23       000000
__Hbank24                                                     bank24       000000
__Hbank25                                                     bank25       000000
__Hbank26                                                     bank26       000000
__Hbank27                                                     bank27       000000
__Hbank28                                                     bank28       000000
__Hbank29                                                     bank29       000000
__Hbank30                                                     bank30       000000
__Hbank31                                                     bank31       000000
__Hbank32                                                     bank32       000000
__Hbank33                                                     bank33       000000
__Hbank34                                                     bank34       000000
__Hbank35                                                     bank35       000000
__Hbank36                                                     bank36       000000
__Hbank37                                                     bank37       000000
__Hbank5                                                      bank5        000000
__Hbank6                                                      bank6        000000
__Hbank7                                                      bank7        000000
__Hbank8                                                      bank8        000000
__Hbank9                                                      bank9        000000
__Hbigbss                                                     bigbss       000000
__Hbigdata                                                    bigdata      000000
__Hbigram                                                     bigram       000000
__Hbss                                                        bss          000000
__HbssCOMRAM                                                  bssCOMRAM    000000
__Hcinit                                                      cinit        000000
__Hclrtext                                                    clrtext      000000
__Hcomram                                                     comram       000000
__Hconfig                                                     config       300024
__Hconst                                                      const        000000
__HcstackBANK5                                                cstackBANK5  000000
__HcstackCOMRAM                                               cstackCOMRAM 000000
__Hdata                                                       data         000000
__HdataBANK5                                                  dataBANK5    000000
__Heeprom_data                                                eeprom_data  000000
__Hfarbss                                                     farbss       000000
__Hfardata                                                    fardata      000000
__Hibigdata                                                   ibigdata     000000
__Hidata                                                      idata        000000
__HidataBANK5                                                 idataBANK5   000000
__Hidloc                                                      idloc        200020
__Hifardata                                                   ifardata     000000
__Hinit                                                       init         00001E
__Hintsave_regs                                               intsave_regs 000000
__Hirdata                                                     irdata       000000
__Hivt0x8                                                     ivt0x8       00001A
__Hmediumconst                                                mediumconst  000000
__HnvBANK5                                                    nvBANK5      000000
__HnvCOMRAM                                                   nvCOMRAM     000000
__HnvFARRAM                                                   nvFARRAM     000000
__Hnvbit                                                      nvbit        000000
__Hnvrram                                                     nvrram       000000
__Hparam                                                      rparam       000000
__Hpowerup                                                    powerup      000000
__Hram                                                        ram          000000
__Hramtop                                                     ramtop       002600
__Hrbit                                                       rbit         000000
__Hrbss                                                       rbss         000000
__Hrdata                                                      rdata        000000
__Hreset_vec                                                  reset_vec    000004
__Hrparam                                                     rparam       000000
__Hsfr                                                        sfr          000000
__Hsmallconst                                                 smallconst   00260E
__Hspace_0                                                    (abs)        003550
__Hspace_1                                                    (abs)        000590
__Hspace_2                                                    (abs)        000000
__Hspace_4                                                    (abs)        600024
__Hstack                                                      stack        000000
__Hstruct                                                     struct       000000
__Htemp                                                       temp         000000
__Htext                                                       text         000000
__Htext0                                                      text0        000000
__Htext1                                                      text1        000000
__Htext10                                                     text10       000000
__Htext11                                                     text11       000000
__Htext12                                                     text12       000000
__Htext13                                                     text13       000000
__Htext14                                                     text14       000000
__Htext15                                                     text15       000000
__Htext16                                                     text16       000000
__Htext17                                                     text17       000000
__Htext18                                                     text18       000000
__Htext19                                                     text19       000000
__Htext2                                                      text2        000000
__Htext20                                                     text20       000000
__Htext21                                                     text21       000000
__Htext22                                                     text22       000000
__Htext23                                                     text23       000000
__Htext24                                                     text24       000000
__Htext25                                                     text25       000000
__Htext26                                                     text26       000000
__Htext27                                                     text27       000000
__Htext28                                                     text28       000000
__Htext29                                                     text29       000000
__Htext3                                                      text3        000000
__Htext30                                                     text30       000000
__Htext31                                                     text31       000000
__Htext32                                                     text32       000000
__Htext33                                                     text33       000000
__Htext34                                                     text34       000000
__Htext35                                                     text35       000000
__Htext36                                                     text36       000000
__Htext37                                                     text37       000000
__Htext38                                                     text38       000000
__Htext39                                                     text39       000000
__Htext4                                                      text4        000000
__Htext40                                                     text40       000000
__Htext41                                                     text41       000000
__Htext42                                                     text42       000000
__Htext43                                                     text43       000000
__Htext44                                                     text44       000000
__Htext45                                                     text45       000000
__Htext46                                                     text46       000000
__Htext47                                                     text47       000000
__Htext48                                                     text48       000000
__Htext49                                                     text49       000000
__Htext5                                                      text5        000000
__Htext50                                                     text50       000000
__Htext51                                                     text51       000000
__Htext52                                                     text52       000000
__Htext53                                                     text53       000000
__Htext54                                                     text54       000000
__Htext55                                                     text55       000000
__Htext56                                                     text56       000000
__Htext57                                                     text57       000000
__Htext58                                                     text58       000000
__Htext59                                                     text59       000000
__Htext6                                                      text6        000000
__Htext60                                                     text60       000000
__Htext61                                                     text61       000000
__Htext62                                                     text62       000000
__Htext63                                                     text63       000000
__Htext64                                                     text64       000000
__Htext65                                                     text65       000000
__Htext66                                                     text66       000000
__Htext67                                                     text67       000000
__Htext68                                                     text68       000000
__Htext7                                                      text7        000000
__Htext8                                                      text8        000000
__Htext9                                                      text9        000000
__LRAM                                                        (abs)        000001
__Labs1                                                       abs1         000000
__Lbank10                                                     bank10       000000
__Lbank11                                                     bank11       000000
__Lbank12                                                     bank12       000000
__Lbank13                                                     bank13       000000
__Lbank14                                                     bank14       000000
__Lbank15                                                     bank15       000000
__Lbank16                                                     bank16       000000
__Lbank17                                                     bank17       000000
__Lbank18                                                     bank18       000000
__Lbank19                                                     bank19       000000
__Lbank20                                                     bank20       000000
__Lbank21                                                     bank21       000000
__Lbank22                                                     bank22       000000
__Lbank23                                                     bank23       000000
__Lbank24                                                     bank24       000000
__Lbank25                                                     bank25       000000
__Lbank26                                                     bank26       000000
__Lbank27                                                     bank27       000000
__Lbank28                                                     bank28       000000
__Lbank29                                                     bank29       000000
__Lbank30                                                     bank30       000000
__Lbank31                                                     bank31       000000
__Lbank32                                                     bank32       000000
__Lbank33                                                     bank33       000000
__Lbank34                                                     bank34       000000
__Lbank35                                                     bank35       000000
__Lbank36                                                     bank36       000000
__Lbank37                                                     bank37       000000
__Lbank5                                                      bank5        000000
__Lbank6                                                      bank6        000000
__Lbank7                                                      bank7        000000
__Lbank8                                                      bank8        000000
__Lbank9                                                      bank9        000000
__Lbigbss                                                     bigbss       000000
__Lbigdata                                                    bigdata      000000
__Lbigram                                                     bigram       000000
__Lbss                                                        bss          000000
__LbssCOMRAM                                                  bssCOMRAM    000000
__Lcinit                                                      cinit        000000
__Lclrtext                                                    clrtext      000000
__Lcomram                                                     comram       000000
__Lconfig                                                     config       000000
__Lconst                                                      const        000000
__LcstackBANK5                                                cstackBANK5  000000
__LcstackCOMRAM                                               cstackCOMRAM 000000
__Ldata                                                       data         000000
__LdataBANK5                                                  dataBANK5    000000
__Leeprom_data                                                eeprom_data  000000
__Lfarbss                                                     farbss       000000
__Lfardata                                                    fardata      000000
__Libigdata                                                   ibigdata     000000
__Lidata                                                      idata        000000
__LidataBANK5                                                 idataBANK5   000000
__Lidloc                                                      idloc        000000
__Lifardata                                                   ifardata     000000
__Linit                                                       init         00001A
__Lintsave_regs                                               intsave_regs 000000
__Lirdata                                                     irdata       000000
__Livt0x8                                                     ivt0x8       000008
__Lmediumconst                                                mediumconst  000000
__LnvBANK5                                                    nvBANK5      000000
__LnvCOMRAM                                                   nvCOMRAM     000000
__LnvFARRAM                                                   nvFARRAM     000000
__Lnvbit                                                      nvbit        000000
__Lnvrram                                                     nvrram       000000
__Lparam                                                      rparam       000000
__Lpowerup                                                    powerup      000000
__Lram                                                        ram          000000
__Lramtop                                                     ramtop       002600
__Lrbit                                                       rbit         000000
__Lrbss                                                       rbss         000000
__Lrdata                                                      rdata        000000
__Lreset_vec                                                  reset_vec    000000
__Lrparam                                                     rparam       000000
__Lsfr                                                        sfr          000000
__Lsmallconst                                                 smallconst   002600
__Lspace_0                                                    (abs)        000000
__Lspace_1                                                    (abs)        000000
__Lspace_2                                                    (abs)        000000
__Lspace_4                                                    (abs)        000000
__Lstack                                                      stack        000000
__Lstruct                                                     struct       000000
__Ltemp                                                       temp         000000
__Ltext                                                       text         000000
__Ltext0                                                      text0        000000
__Ltext1                                                      text1        000000
__Ltext10                                                     text10       000000
__Ltext11                                                     text11       000000
__Ltext12                                                     text12       000000
__Ltext13                                                     text13       000000
__Ltext14                                                     text14       000000
__Ltext15                                                     text15       000000
__Ltext16                                                     text16       000000
__Ltext17                                                     text17       000000
__Ltext18                                                     text18       000000
__Ltext19                                                     text19       000000
__Ltext2                                                      text2        000000
__Ltext20                                                     text20       000000
__Ltext21                                                     text21       000000
__Ltext22                                                     text22       000000
__Ltext23                                                     text23       000000
__Ltext24                                                     text24       000000
__Ltext25                                                     text25       000000
__Ltext26                                                     text26       000000
__Ltext27                                                     text27       000000
__Ltext28                                                     text28       000000
__Ltext29                                                     text29       000000
__Ltext3                                                      text3        000000
__Ltext30                                                     text30       000000
__Ltext31                                                     text31       000000
__Ltext32                                                     text32       000000
__Ltext33                                                     text33       000000
__Ltext34                                                     text34       000000
__Ltext35                                                     text35       000000
__Ltext36                                                     text36       000000
__Ltext37                                                     text37       000000
__Ltext38                                                     text38       000000
__Ltext39                                                     text39       000000
__Ltext4                                                      text4        000000
__Ltext40                                                     text40       000000
__Ltext41                                                     text41       000000
__Ltext42                                                     text42       000000
__Ltext43                                                     text43       000000
__Ltext44                                                     text44       000000
__Ltext45                                                     text45       000000
__Ltext46                                                     text46       000000
__Ltext47                                                     text47       000000
__Ltext48                                                     text48       000000
__Ltext49                                                     text49       000000
__Ltext5                                                      text5        000000
__Ltext50                                                     text50       000000
__Ltext51                                                     text51       000000
__Ltext52                                                     text52       000000
__Ltext53                                                     text53       000000
__Ltext54                                                     text54       000000
__Ltext55                                                     text55       000000
__Ltext56                                                     text56       000000
__Ltext57                                                     text57       000000
__Ltext58                                                     text58       000000
__Ltext59                                                     text59       000000
__Ltext6                                                      text6        000000
__Ltext60                                                     text60       000000
__Ltext61                                                     text61       000000
__Ltext62                                                     text62       000000
__Ltext63                                                     text63       000000
__Ltext64                                                     text64       000000
__Ltext65                                                     text65       000000
__Ltext66                                                     text66       000000
__Ltext67                                                     text67       000000
__Ltext68                                                     text68       000000
__Ltext7                                                      text7        000000
__Ltext8                                                      text8        000000
__Ltext9                                                      text9        000000
__S0                                                          (abs)        003550
__S1                                                          (abs)        000590
__S2                                                          (abs)        000000
__S4                                                          (abs)        000000
__S5                                                          (abs)        000000
___inthi_sp                                                   stack        000000
___intlo_sp                                                   stack        000000
___param_bank                                                 (abs)        000000
___rparam_used                                                (abs)        000001
___sp                                                         stack        000000
__accesstop                                                   (abs)        000560
__activetblptr                                                (abs)        000003
__end_of_ADC_Initialize                                       text32       002D7A
__end_of_ADC_SetADIInterruptHandler                           text35       00351E
__end_of_ADC_SetActiveClockTuningInterruptHandler             text34       003514
__end_of_ADC_SetContext1ThresholdInterruptHandler             text33       00350A
__end_of_CAN1_BitRateConfiguration                            text31       00344C
__end_of_CAN1_ErrorNotificationInterruptEnable                text24       003044
__end_of_CAN1_ISR                                             text61       002964
__end_of_CAN1_Initialize                                      text22       0030EA
__end_of_CAN1_OperationModeGet                                text46       003528
__end_of_CAN1_OperationModeSet                                text45       002E96
__end_of_CAN1_SetBusErrorInterruptHandler                     text30       003500
__end_of_CAN1_SetBusWakeUpActivityInterruptHandler            text29       0034F6
__end_of_CAN1_SetInvalidMessageInterruptHandler               text28       0034EC
__end_of_CAN1_SetModeChangeInterruptHandler                   text27       0034E2
__end_of_CAN1_SetSystemErrorInterruptHandler                  text26       0034D8
__end_of_CAN1_SetTxAttemptInterruptHandler                    text25       0034CE
__end_of_CAN1_TX_FIFO_Configuration                           text23       003438
__end_of_CAN1_Transmit                                        text39       002E0E
__end_of_CAN1_TransmitFIFOStatusGet                           text38       00339A
__end_of_CANWriteMessage                                      text37       002A60
__end_of_DELAY_milliseconds                                   text36       00323C
__end_of_DLC_BYTES                                            smallconst   00260A
__end_of_DefaultBusErrorHandler                               text67       003550
__end_of_DefaultBusWakeUpActivityHandler                      text66       00354E
__end_of_DefaultInvalidMessageHandler                         text65       00354C
__end_of_DefaultModeChangeHandler                             text64       00354A
__end_of_DefaultSystemErrorHandler                            text63       003548
__end_of_DefaultTxAttemptHandler                              text62       003546
__end_of_EXT_INT_Initialize                                   text20       003424
__end_of_FIFO                                                 smallconst   00260C
__end_of_GetTxFifoStatus                                      text44       003410
__end_of_INT0_CallBack                                        text59       003320
__end_of_INT0_DefaultInterruptHandler                         text60       003544
__end_of_INT0_ISR                                             text58       003538
__end_of_INT0_SetInterruptHandler                             text21       0034C4
__end_of_INTERRUPT_Initialize                                 text19       00353C
__end_of_INTERRUPT_InterruptManager                           text47       002CCE
__end_of_OSCILLATOR_Initialize                                text18       0033F8
__end_of_PIN_MANAGER_Initialize                               text17       002F08
__end_of_PMD_Initialize                                       text16       003372
__end_of_PWM1_16BIT_Initialize                                text12       002FE4
__end_of_PWM1_16BIT_Period_SetInterruptHandler                text15       0034BA
__end_of_PWM1_16BIT_Slice1Output1_SetInterruptHandler         text14       0034B0
__end_of_PWM1_16BIT_Slice1Output2_SetInterruptHandler         text13       0034A6
__end_of_PWM2_16BIT_Initialize                                text8        002F76
__end_of_PWM2_16BIT_Period_SetInterruptHandler                text11       00349C
__end_of_PWM2_16BIT_Slice1Output1_SetInterruptHandler         text10       003492
[...]
__end_of_main                                                 text0        002B40
__end_of_memcpy                                               text42       00309E
__initialization                                              cinit        003130
__mediumconst                                                 mediumconst  000000
__pbssCOMRAM                                                  bssCOMRAM    00052F
__pcinit                                                      cinit        003130
__pcstackBANK5                                                cstackBANK5  000588
__pcstackCOMRAM                                               cstackCOMRAM 000501
__pdataBANK5                                                  dataBANK5    000560
__pidataBANK5                                                 idataBANK5   0033C0
__pivt0x8                                                     ivt0x8       000008
__pnvBANK5                                                    nvBANK5      000580
__pnvCOMRAM                                                   nvCOMRAM     00054A
__psmallconst                                                 smallconst   002600
__ptext0                                                      text0        002A60
__ptext1                                                      text1        0031AE
__ptext10                                                     text10       003488
__ptext11                                                     text11       003492
__ptext12                                                     text12       002F76
__ptext13                                                     text13       00349C
__ptext14                                                     text14       0034A6
__ptext15                                                     text15       0034B0
__ptext16                                                     text16       00334A
__ptext17                                                     text17       002E96
__ptext18                                                     text18       0033E0
__ptext19                                                     text19       003538
__ptext2                                                      text2        0031E0
__ptext20                                                     text20       003410
__ptext21                                                     text21       0034BA
__ptext22                                                     text22       00309E
__ptext23                                                     text23       003424
__ptext24                                                     text24       002FE4
__ptext25                                                     text25       0034C4
__ptext26                                                     text26       0034CE
__ptext27                                                     text27       0034D8
__ptext28                                                     text28       0034E2
__ptext29                                                     text29       0034EC
__ptext3                                                      text3        003460
__ptext30                                                     text30       0034F6
__ptext31                                                     text31       003438
__ptext32                                                     text32       002CCE
__ptext33                                                     text33       003500
__ptext34                                                     text34       00350A
__ptext35                                                     text35       003514
__ptext36                                                     text36       00320E
__ptext37                                                     text37       002964
__ptext38                                                     text38       003372
__ptext39                                                     text39       002D7A
__ptext4                                                      text4        0030EA
__ptext40                                                     text40       003170
__ptext41                                                     text41       00260E
__ptext42                                                     text42       003044
__ptext43                                                     text43       002B40
__ptext44                                                     text44       0033F8
__ptext45                                                     text45       002E0E
__ptext46                                                     text46       00351E
__ptext47                                                     text47       002C18
__ptext48                                                     text48       003320
__ptext49                                                     text49       00323C
__ptext5                                                      text5        00346A
__ptext50                                                     text50       00353C
__ptext51                                                     text51       00344C
__ptext52                                                     text52       00326A
__ptext53                                                     text53       003298
__ptext54                                                     text54       00353E
__ptext55                                                     text55       003528
__ptext56                                                     text56       0032C6
__ptext57                                                     text57       003540
__ptext58                                                     text58       003530
__ptext59                                                     text59       0032F4
__ptext6                                                      text6        00339A
__ptext60                                                     text60       003542
__ptext61                                                     text61       002854
__ptext62                                                     text62       003544
__ptext63                                                     text63       003546
__ptext64                                                     text64       003548
__ptext65                                                     text65       00354A
__ptext66                                                     text66       00354C
__ptext67                                                     text67       00354E
__ptext68                                                     text68       000000
__ptext7                                                      text7        003474
__ptext8                                                      text8        002F08
__ptext9                                                      text9        00347E
__ramtop                                                      ramtop       002600
__size_of_ADC_Initialize                                      (abs)        000000
__size_of_ADC_SetADIInterruptHandler                          (abs)        000000
__size_of_ADC_SetActiveClockTuningInterruptHandler            (abs)        000000
__size_of_ADC_SetContext1ThresholdInterruptHandler            (abs)        000000
__size_of_CAN1_BitRateConfiguration                           (abs)        000000
__size_of_CAN1_ErrorNotificationInterruptEnable               (abs)        000000
__size_of_CAN1_ISR                                            (abs)        000000
__size_of_CAN1_Initialize                                     (abs)        000000
__size_of_CAN1_OperationModeGet                               (abs)        000000
__size_of_CAN1_OperationModeSet                               (abs)        000000
__size_of_CAN1_SetBusErrorInterruptHandler                    (abs)        000000
__size_of_CAN1_SetBusWakeUpActivityInterruptHandler           (abs)        000000
__size_of_CAN1_SetInvalidMessageInterruptHandler              (abs)        000000
__size_of_CAN1_SetModeChangeInterruptHandler                  (abs)        000000
__size_of_CAN1_SetSystemErrorInterruptHandler                 (abs)        000000
__size_of_CAN1_SetTxAttemptInterruptHandler                   (abs)        000000
__size_of_CAN1_TX_FIFO_Configuration                          (abs)        000000
__size_of_CAN1_Transmit                                       (abs)        000000
__size_of_CAN1_TransmitFIFOStatusGet                          (abs)        000000
__size_of_CANWriteMessage                                     (abs)        000000
__size_of_DELAY_milliseconds                                  (abs)        000000
__size_of_DefaultBusErrorHandler                              (abs)        000000
__size_of_DefaultBusWakeUpActivityHandler                     (abs)        000000
__size_of_DefaultInvalidMessageHandler                        (abs)        000000
__size_of_DefaultModeChangeHandler                            (abs)        000000
__size_of_DefaultSystemErrorHandler                           (abs)        000000
__size_of_DefaultTxAttemptHandler                             (abs)        000000
__size_of_EXT_INT_Initialize                                  (abs)        000000
__size_of_GetTxFifoStatus                                     (abs)        000000
__size_of_INT0_CallBack                                       (abs)        000000
__size_of_INT0_DefaultInterruptHandler                        (abs)        000000
__size_of_INT0_ISR                                            (abs)        000000
__size_of_INT0_SetInterruptHandler                            (abs)        000000
__size_of_INTERRUPT_Initialize                                (abs)        000000
__size_of_INTERRUPT_InterruptManager                          (abs)        000000
__size_of_OSCILLATOR_Initialize                               (abs)        000000
__size_of_PIN_MANAGER_Initialize                              (abs)        000000
__size_of_PMD_Initialize                                      (abs)        000000
__size_of_PWM1_16BIT_Initialize                               (abs)        000000
__size_of_PWM1_16BIT_Period_SetInterruptHandler               (abs)        000000
__size_of_PWM1_16BIT_Slice1Output1_SetInterruptHandler        (abs)        000000
__size_of_PWM1_16BIT_Slice1Output2_SetInterruptHandler        (abs)        000000
__size_of_PWM2_16BIT_Initialize                               (abs)        000000
__size_of_PWM2_16BIT_Period_SetInterruptHandler               (abs)        000000
__size_of_PWM2_16BIT_Slice1Output1_SetInterruptHandler        (abs)        000000
__size_of_PWM2_16BIT_Slice1Output2_SetInterruptHandler        (abs)        000000
__size_of_SYSTEM_Initialize                                   (abs)        000000
__size_of_TMR0_CallBack                                       (abs)        000000
__size_of_TMR0_DefaultInterruptHandler                        (abs)        000000
__size_of_TMR0_ISR                                            (abs)        000000
__size_of_TMR0_Initialize                                     (abs)        000000
__size_of_TMR0_SetInterruptHandler                            (abs)        000000
__size_of_TMR1_CallBack                                       (abs)        000000
__size_of_TMR1_DefaultInterruptHandler                        (abs)        000000
__size_of_TMR1_ISR                                            (abs)        000000
__size_of_TMR1_Initialize                                     (abs)        000000
__size_of_TMR1_SetInterruptHandler                            (abs)        000000
__size_of_TMR1_WriteTimer                                     (abs)        000000
__size_of_TMR2_CallBack                                       (abs)        000000
__size_of_TMR2_DefaultInterruptHandler                        (abs)        000000
__size_of_TMR2_ISR                                            (abs)        000000
__size_of_TMR2_Initialize                                     (abs)        000000
__size_of_TMR2_SetInterruptHandler                            (abs)        000000
__size_of_ValidateTransmission                                (abs)        000000
__size_of_WriteMessageToFifo                                  (abs)        000000
__size_of_isTxChannel                                         (abs)        000000
__size_of_main                                                (abs)        000000
__size_of_memcpy                                              (abs)        000000
__smallconst                                                  smallconst   002600
_isTxChannel                                                  text40       003170
_isTxChannel$1577                                             cstackCOMRAM 000503
_main                                                         text0        002A60
_memcpy                                                       text42       003044
_msg                                                          bssCOMRAM    000543
_timer1ReloadVal                                              nvCOMRAM     00054A
end_of_initialization                                         cinit        00316A
intlevel0                                                     text         000000
intlevel1                                                     text         000000
intlevel2                                                     text         000000
intlevel3                                                     text         000000
isTxChannel@channel                                           cstackCOMRAM 000504
isa$std                                                       (abs)        000001
isa$xinst                                                     (abs)        000000
ivt0x8_base                                                   ivt0x8       000008
memcpy@d                                                      cstackCOMRAM 00050A
memcpy@d1                                                     cstackCOMRAM 000503
memcpy@n                                                      cstackCOMRAM 000507
memcpy@s                                                      cstackCOMRAM 00050C
memcpy@s1                                                     cstackCOMRAM 000505
memcpy@tmp                                                    cstackCOMRAM 000509
stackhi                                                       (abs)        0025FF
stacklo                                                       (abs)        000590
start                                                         init         00001A
start_initialization                                          cinit        003130


MODULE INFORMATION

Module		Function		Class		Link	Load	Size
mcc_generated_files/can1.c
		_ValidateTransmission		CODE           	2B40	0000	216
		_CAN1_BitRateConfiguration		CODE           	3438	0000	20
		_CAN1_SetTxAttemptInterruptHandler		CODE           	34C4	0000	10
		_CAN1_SetInvalidMessageInterruptHandler		CODE           	34E2	0000	10
		_CAN1_TX_FIFO_Configuration		CODE           	3424	0000	20
		_CAN1_ISR      		CODE           	2854	0000	272
		_DefaultBusErrorHandler		CODE           	354E	0000	2
		_CAN1_OperationModeGet		CODE           	351E	0000	10
		_CAN1_Initialize		CODE           	309E	0000	76
		_DefaultInvalidMessageHandler		CODE           	354A	0000	2
		_DefaultBusWakeUpActivityHandler		CODE           	354C	0000	2
		_CAN1_TransmitFIFOStatusGet		CODE           	3372	0000	40
		_CAN1_Transmit 		CODE           	2D7A	0000	148
		_CAN1_SetBusErrorInterruptHandler		CODE           	34F6	0000	10
		_CAN1_SetSystemErrorInterruptHandler		CODE           	34CE	0000	10
		_DefaultSystemErrorHandler		CODE           	3546	0000	2
		_isTxChannel   		CODE           	3170	0000	62
		_GetTxFifoStatus		CODE           	33F8	0000	24
		_WriteMessageToFifo		CODE           	260E	0000	582
		_CAN1_ErrorNotificationInterruptEnable		CODE           	2FE4	0000	96
		_CAN1_SetBusWakeUpActivityInterruptHandler		CODE           	34EC	0000	10
		_CAN1_OperationModeSet		CODE           	2E0E	0000	136
		_CAN1_SetModeChangeInterruptHandler		CODE           	34D8	0000	10
		_DefaultTxAttemptHandler		CODE           	3544	0000	2
		_DefaultModeChangeHandler		CODE           	3548	0000	2

mcc_generated_files/can1.c estimated size: 1774

mcc_generated_files/pwm2_16bit.c
		_PWM2_16BIT_Period_SetInterruptHandler		CODE           	3492	0000	10
		_PWM2_16BIT_Slice1Output1_SetInterruptHandler		CODE           	3488	0000	10
		_PWM2_16BIT_Slice1Output2_SetInterruptHandler		CODE           	347E	0000	10
		_PWM2_16BIT_Initialize		CODE           	2F08	0000	110

mcc_generated_files/pwm2_16bit.c estimated size: 140

MESSAGES.c
		_CANWriteMessage		CODE           	2964	0000	252

MESSAGES.c estimated size: 252

mcc_generated_files/tmr2.c
		_TMR2_ISR      		CODE           	3320	0000	42
		_TMR2_Initialize		CODE           	31E0	0000	46
		_TMR2_SetInterruptHandler		CODE           	3460	0000	10
		_TMR2_DefaultInterruptHandler		CODE           	353C	0000	2
		_TMR2_CallBack 		CODE           	323C	0000	46

mcc_generated_files/tmr2.c estimated size: 146

mcc_generated_files/interrupt_manager.c
		_INTERRUPT_Initialize		CODE           	3538	0000	4
		_INTERRUPT_InterruptManager		CODE           	2C18	0000	182

mcc_generated_files/interrupt_manager.c estimated size: 186

mcc_generated_files/tmr0.c
		_TMR0_SetInterruptHandler		CODE           	3474	0000	10
		_TMR0_DefaultInterruptHandler		CODE           	3540	0000	2
		_TMR0_CallBack 		CODE           	32C6	0000	46
		_TMR0_ISR      		CODE           	3528	0000	8
		_TMR0_Initialize		CODE           	339A	0000	38

mcc_generated_files/tmr0.c estimated size: 104

mcc_generated_files/pin_manager.c
		_PIN_MANAGER_Initialize		CODE           	2E96	0000	114

mcc_generated_files/pin_manager.c estimated size: 114

C:\Program Files\Microchip\xc8\v2.32\pic\sources\c99\common\memcpy.c
		_memcpy        		CODE           	3044	0000	90

C:\Program Files\Microchip\xc8\v2.32\pic\sources\c99\common\memcpy.c estimated size: 90

mcc_generated_files/adc.c
		_ADC_Initialize		CODE           	2CCE	0000	172
		_ADC_SetActiveClockTuningInterruptHandler		CODE           	350A	0000	10
		_ADC_SetADIInterruptHandler		CODE           	3514	0000	10
		_ADC_SetContext1ThresholdInterruptHandler		CODE           	3500	0000	10

mcc_generated_files/adc.c estimated size: 202

mcc_generated_files/ext_int.c
		_INT0_SetInterruptHandler		CODE           	34BA	0000	10
		_EXT_INT_Initialize		CODE           	3410	0000	20
		_INT0_DefaultInterruptHandler		CODE           	3542	0000	2
		_INT0_CallBack 		CODE           	32F4	0000	44
		_INT0_ISR      		CODE           	3530	0000	8

mcc_generated_files/ext_int.c estimated size: 84

mcc_generated_files/pwm1_16bit.c
		_PWM1_16BIT_Period_SetInterruptHandler		CODE           	34B0	0000	10
		_PWM1_16BIT_Slice1Output1_SetInterruptHandler		CODE           	34A6	0000	10
		_PWM1_16BIT_Slice1Output2_SetInterruptHandler		CODE           	349C	0000	10
		_PWM1_16BIT_Initialize		CODE           	2F76	0000	110

mcc_generated_files/pwm1_16bit.c estimated size: 140

shared
		_FIFO          		SMALLCONST     	0000	0000	0
		_DLC_BYTES     		SMALLCONST     	2601	0000	9
		__initialization		CODE           	3130	0000	58

shared estimated size: 67

mcc_generated_files/mcc.c
		_PMD_Initialize		CODE           	334A	0000	40
		_OSCILLATOR_Initialize		CODE           	33E0	0000	24
		_SYSTEM_Initialize		CODE           	31AE	0000	50

mcc_generated_files/mcc.c estimated size: 114

mcc_generated_files/tmr1.c
		_TMR1_Initialize		CODE           	30EA	0000	70
		_TMR1_SetInterruptHandler		CODE           	346A	0000	10
		_TMR1_DefaultInterruptHandler		CODE           	353E	0000	2
		_TMR1_CallBack 		CODE           	3298	0000	46
		_TMR1_WriteTimer		CODE           	326A	0000	46
		_TMR1_ISR      		CODE           	344C	0000	20

mcc_generated_files/tmr1.c estimated size: 194

mcc_generated_files/delay.c
		_DELAY_milliseconds		CODE           	320E	0000	46

mcc_generated_files/delay.c estimated size: 46

main.c
		_main          		CODE           	2A60	0000	224

main.c estimated size: 224

