Microchip MPLAB XC8 Compiler V2.31

Linker command line:

-W-3 --edf=C:\Program Files\Microchip\xc8\v2.31\pic\dat\en_msgs.txt \
  -pivt0x8=08h -cn -h+dist/default/production\ASB.X.production.sym \
  --cmf=dist/default/production\ASB.X.production.cmf -z -Q18F26Q84 \
  -oC:\Users\panze\AppData\Local\Temp\s1708.2 --defsym=__MPLAB_BUILD=1 \
  -Mdist/default/production/ASB.X.production.map -E1 -ver=XC8 Compiler \
  --acfsm=1493 -ASTACK=0612h-025FFh -pstack=STACK -ACODE=00h-0FFFFh \
  -ACONST=00h-0FFFFh -ASMALLCONST=02600h-026FFhx218 \
  -AMEDIUMCONST=02600h-0FFFFh -ACOMRAM=0501h-055Fh -AABS1=0500h-025FFh \
  -ABIGRAM=0501h-025FFh -ARAM=0560h-05FFh,0600h-06FFhx32 \
  -ABANK5=0560h-05FFh -ABANK6=0600h-06FFh -ABANK7=0700h-07FFh \
  -ABANK8=0800h-08FFh -ABANK9=0900h-09FFh -ABANK10=0A00h-0AFFh \
  -ABANK11=0B00h-0BFFh -ABANK12=0C00h-0CFFh -ABANK13=0D00h-0DFFh \
  -ABANK14=0E00h-0EFFh -ABANK15=0F00h-0FFFh -ABANK16=01000h-010FFh \
  -ABANK17=01100h-011FFh -ABANK18=01200h-012FFh -ABANK19=01300h-013FFh \
  -ABANK20=01400h-014FFh -ABANK21=01500h-015FFh -ABANK22=01600h-016FFh \
  -ABANK23=01700h-017FFh -ABANK24=01800h-018FFh -ABANK25=01900h-019FFh \
  -ABANK26=01A00h-01AFFh -ABANK27=01B00h-01BFFh -ABANK28=01C00h-01CFFh \
  -ABANK29=01D00h-01DFFh -ABANK30=01E00h-01EFFh -ABANK31=01F00h-01FFFh \
  -ABANK32=02000h-020FFh -ABANK33=02100h-021FFh -ABANK34=02200h-022FFh \
  -ABANK35=02300h-023FFh -ABANK36=02400h-024FFh -ABANK37=02500h-025FFh \
  -ASFR=00h-0FFhx4,0400h-045Fh,0460h-04FFh -ACONFIG=0300000h-0300023h \
  -AIDLOC=0200000h-020001Fh -AEEDATA=0380000h-03803FFh -peeprom_data=EEDATA \
  -preset_vec=00h -ppowerup=CODE,init -pramtop=02600h \
  -psmallconst=SMALLCONST -pmediumconst=MEDIUMCONST -pconst=CONST \
  -AFARRAM=00h-00h \
  -prdata=COMRAM,nvrram=COMRAM,nvbit=COMRAM,rbss=COMRAM,rbit=COMRAM \
  -pfarbss=FARRAM,fardata=FARRAM,nvFARRAM=FARRAM \
  -pintsave_regs=BIGRAM,bigbss=BIGRAM,bigdata=BIGRAM -pbss=RAM \
  -pidata=CODE,irdata=CODE,ibigdata=CODE,ifardata=CODE -prparam=COMRAM \
  C:\Users\panze\AppData\Local\Temp\s1708.o \
  dist/default/production\ASB.X.production.o 

Object code version is 3.11

Machine type is 18F26Q84



                Name                               Link     Load   Length Selector   Space Scale
C:\Users\panze\AppData\Local\Temp\s1708.o
                idloc                            200000   200000       20        0       5
                config                           300000   300000       24        0       4
                init                                 1A       1A        4        4       0
                reset_vec                             0        0        4        0       0
dist/default/production\ASB.X.production.o
                idloc                            200000   200000       20        0       5
                config                           300000   300000       24        0       4
                smallconst                         2600     2600        E     1300       0
                ivt0x8                                8        8       12        4       0
                text106                            5E76     5E76        2     1307       0
                text105                            5E74     5E74        2     1307       0
                text104                            5E72     5E72        2     1307       0
                text103                            5E70     5E70        2     1307       0
                text102                            5E6E     5E6E        2     1307       0
                text101                            5E6C     5E6C        2     1307       0
                text100                            5E6A     5E6A        2     1307       0
                text99                             4B30     4B30      156     1307       0
                text98                             5E50     5E50        6     1307       0
                text97                             5A34     5A34       32     1307       0
                text96                             5E30     5E30        A     1307       0
                text95                             2AD0     2AD0      4C0     1307       0
                text94                             3BCA     3BCA      39A     1307       0
                text93                             33E0     33E0      44E     1307       0
                text92                             4E9C     4E9C      106     1307       0
                text91                             497C     497C      1B4     1307       0
                text90                             45D4     45D4      1F0     1307       0
                text89                             5B4E     5B4E       2E     1307       0
                text88                             5E68     5E68        2     1307       0
                text87                             5A02     5A02       32     1307       0
                text86                             5E42     5E42        8     1307       0
                text85                             5E66     5E66        2     1307       0
                text84                             5B20     5B20       2E     1307       0
                text83                             5E3A     5E3A        8     1307       0
                text82                             5E64     5E64        2     1307       0
                text81                             5AF2     5AF2       2E     1307       0
                text80                             5AC4     5AC4       2E     1307       0
                text79                             5D04     5D04       14     1307       0
                text78                             5E62     5E62        2     1307       0
                text77                             580C     580C       50     1307       0
                text76                             5BA8     5BA8       2A     1307       0
                text75                             5258     5258       B6     1307       0
                text74                             5E4A     5E4A        6     1307       0
                text73                             592C     592C       3E     1307       0
                text72                             5D34     5D34        C     1307       0
                text71                             260E     260E      4C2     1307       0
                text70                             382E     382E      39C     1307       0
                text69                             2F90     2F90      450     1307       0
                text68                             4D94     4D94      108     1307       0
                text67                             47C4     47C4      1B8     1307       0
                text66                             43DA     43DA      1FA     1307       0
                text65                             58EA     58EA       42     1307       0
                text64                             5CB2     5CB2       16     1307       0
                text63                             5C9C     5C9C       16     1307       0
                text62                             5C3E     5C3E       1A     1307       0
                text61                             5C86     5C86       16     1307       0
                text60                             5E26     5E26        A     1307       0
                text59                             5C22     5C22       1C     1307       0
                text58                             5094     5094       E8     1307       0
                text57                             5704     5704       5C     1307       0
                text56                             3F64     3F64      250     1307       0
                text55                             58A4     58A4       46     1307       0
                text54                             530E     530E       9E     1307       0
                text53                             59D0     59D0       32     1307       0
                text52                             4FA2     4FA2       F2     1307       0
                text51                             596A     596A       34     1307       0
                text50                             5E5A     5E5A        4     1307       0
                text49                             5D26     5D26        E     1307       0
                text48                             5D18     5D18        E     1307       0
                text47                             4C86     4C86      10E     1307       0
                text46                             5534     5534       76     1307       0
                text45                             5B7C     5B7C       2C     1307       0
                text44                             517C     517C       DC     1307       0
                text43                             5E1C     5E1C        A     1307       0
                text42                             5E12     5E12        A     1307       0
                text41                             5E08     5E08        A     1307       0
                text40                             5DFE     5DFE        A     1307       0
                text39                             5DF4     5DF4        A     1307       0
                text38                             5DEA     5DEA        A     1307       0
                text37                             41B4     41B4      226     1307       0
                text36                             5CF0     5CF0       14     1307       0
                text35                             5DE0     5DE0        A     1307       0
                text34                             5DD6     5DD6        A     1307       0
                text33                             5DCC     5DCC        A     1307       0
                text32                             5DC2     5DC2        A     1307       0
                text31                             5DB8     5DB8        A     1307       0
                text30                             5DAE     5DAE        A     1307       0
                text29                             5DA4     5DA4        A     1307       0
                text28                             5444     5444       7A     1307       0
                text27                             53AC     53AC       98     1307       0
                text26                             5CDC     5CDC       14     1307       0
                text25                             5E60     5E60        2     1307       0
                text24                             5A96     5A96       2E     1307       0
                text23                             5CC8     5CC8       14     1307       0
                text22                             5760     5760       58     1307       0
                text21                             5D9A     5D9A        A     1307       0
                text20                             5C70     5C70       16     1307       0
                text19                             5E56     5E56        4     1307       0
                text18                             5C58     5C58       18     1307       0
                text17                             5692     5692       72     1307       0
                text16                             5BFA     5BFA       28     1307       0
                text15                             5D90     5D90        A     1307       0
                text14                             5D86     5D86        A     1307       0
                text13                             5D7C     5D7C        A     1307       0
                text12                             561E     561E       74     1307       0
                text11                             5D72     5D72        A     1307       0
                text10                             5D68     5D68        A     1307       0
                text9                              5D5E     5D5E        A     1307       0
                text8                              55AA     55AA       74     1307       0
                text7                              5D54     5D54        A     1307       0
                text6                              5BD2     5BD2       28     1307       0
                text5                              5D4A     5D4A        A     1307       0
                text4                              585C     585C       48     1307       0
                text3                              5D40     5D40        A     1307       0
                text2                              5A66     5A66       30     1307       0
                text1                              599E     599E       32     1307       0
                text0                              54BE     54BE       76     1307       0
                cstackCOMRAM                        501      501       49      501       1
                cstackBANK5                         560      560       59      560       1
                bssBANK6                            600      600       10      600       1
                dataBANK5                           5FD      5FD        2      560       1
                bssBANK5                            5B9      5B9       2C      560       1
                bssCOMRAM                           54A      54A       14      501       1
                cinit                              57B8     57B8       54     1307       0
                nvBANK6                             610      610        2      600       1
                nvBANK5                             5E5      5E5       18      560       1
                nvCOMRAM                            55E      55E        2      501       1
                idataBANK5                         5E5E     5E5E        2     1307       0

TOTAL           Name                               Link     Load   Length     Space
        CLASS   STACK          

        CLASS   CODE           
                init                                 1A       1A        4         0
                reset_vec                             0        0        4         0
                ivt0x8                                8        8       12         0
                text106                            5E76     5E76        2         0
                text105                            5E74     5E74        2         0
                text104                            5E72     5E72        2         0
                text103                            5E70     5E70        2         0
                text102                            5E6E     5E6E        2         0
                text101                            5E6C     5E6C        2         0
                text100                            5E6A     5E6A        2         0
                text99                             4B30     4B30      156         0
                text98                             5E50     5E50        6         0
                text97                             5A34     5A34       32         0
                text96                             5E30     5E30        A         0
                text95                             2AD0     2AD0      4C0         0
                text94                             3BCA     3BCA      39A         0
                text93                             33E0     33E0      44E         0
                text92                             4E9C     4E9C      106         0
                text91                             497C     497C      1B4         0
                text90                             45D4     45D4      1F0         0
                text89                             5B4E     5B4E       2E         0
                text88                             5E68     5E68        2         0
                text87                             5A02     5A02       32         0
                text86                             5E42     5E42        8         0
                text85                             5E66     5E66        2         0
                text84                             5B20     5B20       2E         0
                text83                             5E3A     5E3A        8         0
                text82                             5E64     5E64        2         0
                text81                             5AF2     5AF2       2E         0
                text80                             5AC4     5AC4       2E         0
                text79                             5D04     5D04       14         0
                text78                             5E62     5E62        2         0
                text77                             580C     580C       50         0
                text76                             5BA8     5BA8       2A         0
                text75                             5258     5258       B6         0
                text74                             5E4A     5E4A        6         0
                text73                             592C     592C       3E         0
                text72                             5D34     5D34        C         0
                text71                             260E     260E      4C2         0
                text70                             382E     382E      39C         0
                text69                             2F90     2F90      450         0
                text68                             4D94     4D94      108         0
                text67                             47C4     47C4      1B8         0
                text66                             43DA     43DA      1FA         0
                text65                             58EA     58EA       42         0
                text64                             5CB2     5CB2       16         0
                text63                             5C9C     5C9C       16         0
                text62                             5C3E     5C3E       1A         0
                text61                             5C86     5C86       16         0
                text60                             5E26     5E26        A         0
                text59                             5C22     5C22       1C         0
                text58                             5094     5094       E8         0
                text57                             5704     5704       5C         0
                text56                             3F64     3F64      250         0
                text55                             58A4     58A4       46         0
                text54                             530E     530E       9E         0
                text53                             59D0     59D0       32         0
                text52                             4FA2     4FA2       F2         0
                text51                             596A     596A       34         0
                text50                             5E5A     5E5A        4         0
                text49                             5D26     5D26        E         0
                text48                             5D18     5D18        E         0
                text47                             4C86     4C86      10E         0
                text46                             5534     5534       76         0
                text45                             5B7C     5B7C       2C         0
                text44                             517C     517C       DC         0
                text43                             5E1C     5E1C        A         0
                text42                             5E12     5E12        A         0
                text41                             5E08     5E08        A         0
                text40                             5DFE     5DFE        A         0
                text39                             5DF4     5DF4        A         0
                text38                             5DEA     5DEA        A         0
                text37                             41B4     41B4      226         0
                text36                             5CF0     5CF0       14         0
                text35                             5DE0     5DE0        A         0
                text34                             5DD6     5DD6        A         0
                text33                             5DCC     5DCC        A         0
                text32                             5DC2     5DC2        A         0
                text31                             5DB8     5DB8        A         0
                text30                             5DAE     5DAE        A         0
                text29                             5DA4     5DA4        A         0
                text28                             5444     5444       7A         0
                text27                             53AC     53AC       98         0
                text26                             5CDC     5CDC       14         0
                text25                             5E60     5E60        2         0
                text24                             5A96     5A96       2E         0
                text23                             5CC8     5CC8       14         0
                text22                             5760     5760       58         0
                text21                             5D9A     5D9A        A         0
                text20                             5C70     5C70       16         0
                text19                             5E56     5E56        4         0
                text18                             5C58     5C58       18         0
                text17                             5692     5692       72         0
                text16                             5BFA     5BFA       28         0
                text15                             5D90     5D90        A         0
                text14                             5D86     5D86        A         0
                text13                             5D7C     5D7C        A         0
                text12                             561E     561E       74         0
                text11                             5D72     5D72        A         0
                text10                             5D68     5D68        A         0
                text9                              5D5E     5D5E        A         0
                text8                              55AA     55AA       74         0
                text7                              5D54     5D54        A         0
                text6                              5BD2     5BD2       28         0
                text5                              5D4A     5D4A        A         0
                text4                              585C     585C       48         0
                text3                              5D40     5D40        A         0
                text2                              5A66     5A66       30         0
                text1                              599E     599E       32         0
                text0                              54BE     54BE       76         0
                cinit                              57B8     57B8       54         0
                idataBANK5                         5E5E     5E5E        2         0

        CLASS   CONST          

        CLASS   SMALLCONST     
                smallconst                         2600     2600        E         0

        CLASS   MEDIUMCONST    

        CLASS   COMRAM         
                cstackCOMRAM                        501      501       49         1
                bssCOMRAM                           54A      54A       14         1
                nvCOMRAM                            55E      55E        2         1

        CLASS   ABS1           

        CLASS   BIGRAM         

        CLASS   RAM            

        CLASS   BANK5          
                cstackBANK5                         560      560       59         1
                dataBANK5                           5FD      5FD        2         1
                bssBANK5                            5B9      5B9       2C         1
                nvBANK5                             5E5      5E5       18         1

        CLASS   BANK6          
                bssBANK6                            600      600       10         1
                nvBANK6                             610      610        2         1

        CLASS   BANK7          

        CLASS   BANK8          

        CLASS   BANK9          

        CLASS   BANK10         

        CLASS   BANK11         

        CLASS   BANK12         

        CLASS   BANK13         

        CLASS   BANK14         

        CLASS   BANK15         

        CLASS   BANK16         

        CLASS   BANK17         

        CLASS   BANK18         

        CLASS   BANK19         

        CLASS   BANK20         

        CLASS   BANK21         

        CLASS   BANK22         

        CLASS   BANK23         

        CLASS   BANK24         

        CLASS   BANK25         

        CLASS   BANK26         

        CLASS   BANK27         

        CLASS   BANK28         

        CLASS   BANK29         

        CLASS   BANK30         

        CLASS   BANK31         

        CLASS   BANK32         

        CLASS   BANK33         

        CLASS   BANK34         

        CLASS   BANK35         

        CLASS   BANK36         

        CLASS   BANK37         

        CLASS   SFR            

        CLASS   CONFIG         
                config                           300000   300000       24         4

        CLASS   IDLOC          
                idloc                            200000   200000       20         5

        CLASS   EEDATA         

        CLASS   FARRAM         



SEGMENTS        Name                           Load    Length   Top    Selector   Space  Class

                reset_vec                      000000  000004  000004         0       0  CODE    
                ivt0x8                         000008  000016  00001E         4       0  CODE    
                cstackCOMRAM                   000501  00005F  000560       501       1  COMRAM  
                cstackBANK5                    000560  00009F  0005FF       560       1  BANK5   
                bssBANK6                       000600  000012  000612       600       1  BANK6   
                smallconst                     002600  00000E  00260E      1300       0  SMALLCON
                text71                         00260E  00386A  005E78      1307       0  CODE    


UNUSED ADDRESS RANGES

        Name                Unused          Largest block    Delta
        BANK10           000A00-000AFF              100
        BANK11           000B00-000BFF              100
        BANK12           000C00-000CFF              100
        BANK13           000D00-000DFF              100
        BANK14           000E00-000EFF              100
        BANK15           000F00-000FFF              100
        BANK16           001000-0010FF              100
        BANK17           001100-0011FF              100
        BANK18           001200-0012FF              100
        BANK19           001300-0013FF              100
        BANK20           001400-0014FF              100
        BANK21           001500-0015FF              100
        BANK22           001600-0016FF              100
        BANK23           001700-0017FF              100
        BANK24           001800-0018FF              100
        BANK25           001900-0019FF              100
        BANK26           001A00-001AFF              100
        BANK27           001B00-001BFF              100
        BANK28           001C00-001CFF              100
        BANK29           001D00-001DFF              100
        BANK30           001E00-001EFF              100
        BANK31           001F00-001FFF              100
        BANK32           002000-0020FF              100
        BANK33           002100-0021FF              100
        BANK34           002200-0022FF              100
        BANK35           002300-0023FF              100
        BANK36           002400-0024FF              100
        BANK37           002500-0025FF              100
        BANK5            0005FF-0005FF                1
        BANK6            000612-0006FF               EE
        BANK7            000700-0007FF              100
        BANK8            000800-0008FF              100
        BANK9            000900-0009FF              100
        BIGRAM           0005FF-0005FF                1
                         000612-0025FF             1FEE
        CODE             000004-000007                4
                         00001E-0025FF             25E2
                         005E78-00FFFF             A188
        CONST            000004-000007                4
                         00001E-0025FF             25E2
                         005E78-00FFFF             A188
        EEDATA           380000-3803FF              400
        MEDIUMCONST      005E78-00FFFF             A188
        RAM              0005FF-0005FF                1
                         000612-0025FF              100
        SFR              000000-0004FF              100
        SMALLCONST       005E78-00FFFF              100
        STACK            000612-0025FF             1FEE

                                  Symbol Table

?_ADC_GetSingleConversion                                     cstackBANK5  000560
?___aldiv                                                     cstackBANK5  000560
?___fladd                                                     cstackBANK5  000595
?___fldiv                                                     cstackBANK5  00057C
?___flmul                                                     cstackBANK5  00057C
?___fltol                                                     cstackBANK5  0005A5
?___lwdiv                                                     cstackBANK5  000560
?___wmul                                                      cstackBANK5  000567
?___xxtofl                                                    cstackBANK5  00056E
?i2_ADC_GetSingleConversion                                   cstackCOMRAM 000501
?i2___fladd                                                   cstackCOMRAM 000528
?i2___fldiv                                                   cstackCOMRAM 00050F
?i2___flmul                                                   cstackCOMRAM 00050F
?i2___fltol                                                   cstackCOMRAM 000538
?i2___xxtofl                                                  cstackCOMRAM 000501
ADC_GetSingleConversion@channel                               cstackBANK5  000564
ADC_SelectContext@context                                     cstackBANK5  000560
ADC_SetADIInterruptHandler@InterruptHandler                   cstackBANK5  000560
ADC_SetActiveClockTuningInterruptHandler@InterruptHandler     cstackBANK5  000560
ADC_SetContext1ThresholdInterruptHandler@InterruptHandler     cstackBANK5  000560
ADC_SetContext2ThresholdInterruptHandler@InterruptHandler     cstackBANK5  000560
ADC_SetContext3ThresholdInterruptHandler@InterruptHandler     cstackBANK5  000560
ADC_SetContext4ThresholdInterruptHandler@InterruptHandler     cstackBANK5  000560
ANALOG_GetVoltage@ucEntradaAnalogica                          cstackBANK5  0005B1
ANALOG_GetVoltage@ucFlag                                      cstackBANK5  0005B6
ANALOG_GetVoltage@uiValorAnalog                               cstackBANK5  0005B4
ANALOG_GetVoltage@uiValorVoltage                              cstackBANK5  0005B2
CAN1_OperationModeSet@opMode                                  cstackBANK5  000560
CAN1_OperationModeSet@requestMode                             cstackBANK5  000562
CAN1_OperationModeSet@status                                  cstackBANK5  000561
CAN1_RX_FIFO_ResetInfo@index                                  cstackBANK5  000560
CAN1_SetBusErrorInterruptHandler@handler                      cstackBANK5  000560
CAN1_SetBusWakeUpActivityInterruptHandler@handler             cstackBANK5  000560
CAN1_SetInvalidMessageInterruptHandler@handler                cstackBANK5  000560
CAN1_SetModeChangeInterruptHandler@handler                    cstackBANK5  000560
CAN1_SetRxBufferOverFlowInterruptHandler@handler              cstackBANK5  000560
CAN1_SetSystemErrorInterruptHandler@handler                   cstackBANK5  000560
CAN1_SetTxAttemptInterruptHandler@handler                     cstackBANK5  000560
CAN1_Transmit@fifoChannel                                     cstackBANK5  00057C
CAN1_Transmit@status                                          cstackBANK5  000579
CAN1_Transmit@txCanMsg                                        cstackBANK5  000577
CAN1_Transmit@txFifoObj                                       cstackBANK5  00057A
CAN1_TransmitFIFOStatusGet@fifoChannel                        cstackBANK5  000563
CAN1_TransmitFIFOStatusGet@status                             cstackBANK5  000562
CANWriteMessage@data1                                         cstackBANK5  000582
CANWriteMessage@data2                                         cstackBANK5  000583
CANWriteMessage@data3                                         cstackBANK5  000584
CANWriteMessage@data4                                         cstackBANK5  000585
CANWriteMessage@data5                                         cstackBANK5  000586
CANWriteMessage@data6                                         cstackBANK5  000587
CANWriteMessage@data7                                         cstackBANK5  000588
CANWriteMessage@data8                                         cstackBANK5  000589
CANWriteMessage@dataLength                                    cstackBANK5  000581
CANWriteMessage@id                                            cstackBANK5  00057D
DELAY_milliseconds@milliseconds                               cstackBANK5  000560
GPIO_PWM2_Control@uiConvertedDC                               cstackBANK5  0005B7
GPIO_PWM2_Control@uiConvertedPeriod                           cstackBANK5  0005B5
GPIO_PWM2_Control@uiDutyCycle                                 cstackBANK5  0005AF
GPIO_PWM2_Control@uiFreq                                      cstackBANK5  0005B1
GetTxFifoStatus@validChannel                                  cstackBANK5  000560
INT0_SetInterruptHandler@InterruptHandler                     cstackBANK5  000560
IVTBASEH                                                      (abs)        00045E
IVTBASEL                                                      (abs)        00045D
IVTBASEU                                                      (abs)        00045F
PWM1_16BIT_Period_SetInterruptHandler@InterruptHandler        cstackBANK5  000560
PWM1_16BIT_Slice1Output1_SetInterruptHandler@InterruptHandler cstackBANK5  000560
PWM1_16BIT_Slice1Output2_SetInterruptHandler@InterruptHandler cstackBANK5  000560
PWM2_16BIT_Period_SetInterruptHandler@InterruptHandler        cstackBANK5  000560
PWM2_16BIT_SetSlice1Output1DutyCycleRegister@registerValue    cstackBANK5  000560
PWM2_16BIT_Slice1Output1_SetInterruptHandler@InterruptHandler cstackBANK5  000560
PWM2_16BIT_Slice1Output2_SetInterruptHandler@InterruptHandler cstackBANK5  000560
PWM2_16BIT_WritePeriodRegister@periodCount                    cstackBANK5  000560
TMR0_SetInterruptHandler@InterruptHandler                     cstackBANK5  000560
TMR1_SetInterruptHandler@InterruptHandler                     cstackBANK5  000560
TMR1_WriteTimer@timerVal                                      cstackCOMRAM 000501
TMR2_ISR@CountCallBack                                        bssCOMRAM    00054A
TMR2_SetInterruptHandler@InterruptHandler                     cstackBANK5  000560
ValidateTransmission@field                                    cstackBANK5  000569
ValidateTransmission@txCanMsg                                 cstackBANK5  000561
ValidateTransmission@txMsgStatus                              cstackBANK5  000568
ValidateTransmission@validChannel                             cstackBANK5  000566
WriteMessageToFifo@msgId                                      cstackBANK5  000573
WriteMessageToFifo@status                                     cstackBANK5  000572
WriteMessageToFifo@txCanMsg                                   cstackBANK5  00056D
WriteMessageToFifo@txFifoObj                                  cstackBANK5  00056B
_ADACCH                                                       (abs)        0003E4
_ADACCL                                                       (abs)        0003E3
_ADACCU                                                       (abs)        0003E5
_ADACQH                                                       (abs)        0003EF
_ADACQL                                                       (abs)        0003EE
_ADACT                                                        (abs)        0003F9
_ADACTPPS                                                     (abs)        000269
_ADCAP                                                        (abs)        0003F0
_ADCLK                                                        (abs)        0003FA
_ADCNT                                                        (abs)        0003E6
_ADCON0                                                       (abs)        0003F3
_ADCON0bits                                                   (abs)        0003F3
_ADCON1                                                       (abs)        0003F4
_ADCON1bits                                                   (abs)        0003F4
_ADCON2                                                       (abs)        0003F5
_ADCON2bits                                                   (abs)        0003F5
_ADCON3                                                       (abs)        0003F6
_ADCON3bits                                                   (abs)        0003F6
_ADCP                                                         (abs)        0003D8
_ADCPbits                                                     (abs)        0003D8
_ADCSEL1                                                      (abs)        0003FC
_ADCSEL1bits                                                  (abs)        0003FC
_ADCSEL2                                                      (abs)        0003FD
_ADCSEL2bits                                                  (abs)        0003FD
_ADCSEL3                                                      (abs)        0003FE
_ADCSEL3bits                                                  (abs)        0003FE
_ADCSEL4                                                      (abs)        0003FF
_ADCSEL4bits                                                  (abs)        0003FF
_ADCTX                                                        (abs)        0003FB
_ADC_ActiveClockTuning_ISR                                    nvBANK5      0005EF
_ADC_Context1Thereshld_ISR                                    nvBANK5      0005F7
_ADC_Context2Thereshld_ISR                                    nvBANK5      0005F5
_ADC_Context3Thereshld_ISR                                    nvBANK5      0005F3
_ADC_Context4Thereshld_ISR                                    nvBANK5      0005F1
_ADC_ConversionComplete_ISR                                   nvBANK5      0005F9
_ADC_DefaultADI_ISR                                           (abs)        000000
_ADC_DefaultActiveClockTuning_ISR                             (abs)        000000
_ADC_DefaultContext1Threshold_ISR                             (abs)        000000
_ADC_DefaultContext2Threshold_ISR                             (abs)        000000
_ADC_DefaultContext3Threshold_ISR                             (abs)        000000
_ADC_DefaultContext4Threshold_ISR                             (abs)        000000
_ADC_DisableChannelSequencer                                  text74       005E4A
_ADC_GetSingleConversion                                      text73       00592C
_ADC_Initialize                                               text37       0041B4
_ADC_SelectContext                                            text72       005D34
_ADC_SetADIInterruptHandler                                   text43       005E1C
_ADC_SetActiveClockTuningInterruptHandler                     text42       005E12
_ADC_SetContext1ThresholdInterruptHandler                     text41       005E08
_ADC_SetContext2ThresholdInterruptHandler                     text40       005DFE
_ADC_SetContext3ThresholdInterruptHandler                     text39       005DF4
_ADC_SetContext4ThresholdInterruptHandler                     text38       005DEA
_ADERRH                                                       (abs)        0003DE
_ADERRL                                                       (abs)        0003DD
_ADFLTRH                                                      (abs)        0003E2
_ADFLTRL                                                      (abs)        0003E1
_ADLTHH                                                       (abs)        0003DA
_ADLTHL                                                       (abs)        0003D9
_ADPCH                                                        (abs)        0003EC
_ADPREH                                                       (abs)        0003F2
_ADPREL                                                       (abs)        0003F1
_ADPREVH                                                      (abs)        0003E9
_ADPREVL                                                      (abs)        0003E8
_ADREF                                                        (abs)        0003F8
_ADRESH                                                       (abs)        0003EB
_ADRESL                                                       (abs)        0003EA
_ADRPT                                                        (abs)        0003E7
_ADSTAT                                                       (abs)        0003F7
_ADSTATbits                                                   (abs)        0003F7
_ADSTPTH                                                      (abs)        0003E0
_ADSTPTL                                                      (abs)        0003DF
_ADUTHH                                                       (abs)        0003DC
_ADUTHL                                                       (abs)        0003DB
_ANALOG_GetVoltage                                            text66       0043DA
_ANALOG_RedAll                                                text65       0058EA
_ANSELA                                                       (abs)        000400
_ANSELB                                                       (abs)        000408
_ANSELC                                                       (abs)        000410
_C1CONH                                                       (abs)        000101
_C1CONHbits                                                   (abs)        000101
_C1CONL                                                       (abs)        000100
_C1CONTbits                                                   (abs)        000103
_C1CONU                                                       (abs)        000102
_C1CONUbits                                                   (abs)        000102
_C1FIFOBA                                                     (abs)        00014C
_C1FIFOCON1H                                                  (abs)        00015D
_C1FIFOCON1L                                                  (abs)        00015C
_C1FIFOCON1T                                                  (abs)        00015F
_C1FIFOCON1U                                                  (abs)        00015E
_C1FIFOSTA1Lbits                                              (abs)        000160
_C1INTH                                                       (abs)        00011D
_C1INTHbits                                                   (abs)        00011D
_C1INTL                                                       (abs)        00011C
_C1INTLbits                                                   (abs)        00011C
_C1INTT                                                       (abs)        00011F
_C1INTTbits                                                   (abs)        00011F
_C1INTU                                                       (abs)        00011E
_C1NBTCFGH                                                    (abs)        000105
_C1NBTCFGL                                                    (abs)        000104
_C1NBTCFGT                                                    (abs)        000107
_C1NBTCFGU                                                    (abs)        000106
_C1TRECUbits                                                  (abs)        000136
_C1TXQCONH                                                    (abs)        000151
_C1TXQCONL                                                    (abs)        000150
_C1TXQCONT                                                    (abs)        000153
_C1TXQCONU                                                    (abs)        000152
_C1TXQSTALbits                                                (abs)        000154
_CAN1_BitRateConfiguration                                    text36       005CF0
_CAN1_BusErrorHandler                                         bssBANK5     0005D1
_CAN1_BusWakeUpActivityHandler                                bssBANK5     0005D3
_CAN1_ErrorNotificationInterruptEnable                        text28       005444
_CAN1_ISR                                                     text99       004B30
_CAN1_Initialize                                              text22       005760
_CAN1_InvalidMessageHandler                                   bssBANK5     0005D5
_CAN1_IsBusOff                                                text64       005CB2
_CAN1_IsTxErrorActive                                         text62       005C3E
_CAN1_IsTxErrorPassive                                        text63       005C9C
_CAN1_IsTxErrorWarning                                        text61       005C86
_CAN1_ModeChangeHandler                                       bssBANK5     0005CF
_CAN1_OperationModeGet                                        text60       005E26
_CAN1_OperationModeSet                                        text27       0053AC
_CAN1_RX_FIFO_Configuration                                   text26       005CDC
_CAN1_RX_FIFO_FilterMaskConfiguration                         text25       005E60
_CAN1_RX_FIFO_ResetInfo                                       text24       005A96
_CAN1_RxBufferOverflowHandler                                 bssBANK5     0005C9
_CAN1_SetBusErrorInterruptHandler                             text35       005DE0
_CAN1_SetBusWakeUpActivityInterruptHandler                    text34       005DD6
_CAN1_SetInvalidMessageInterruptHandler                       text33       005DCC
_CAN1_SetModeChangeInterruptHandler                           text32       005DC2
_CAN1_SetRxBufferOverFlowInterruptHandler                     text31       005DB8
_CAN1_SetSystemErrorInterruptHandler                          text30       005DAE
_CAN1_SetTxAttemptInterruptHandler                            text29       005DA4
_CAN1_SystemErrorHandler                                      bssBANK5     0005CD
_CAN1_TX_FIFO_Configuration                                   text23       005CC8
_CAN1_Transmit                                                text54       00530E
_CAN1_TransmitFIFOStatusGet                                   text53       0059D0
_CAN1_TxAttemptHandler                                        bssBANK5     0005CB
_CANDATAdata                                                  bssBANK6     000600
_CANRXPPS                                                     (abs)        00023D
_CANWriteMessage                                              text52       004FA2
_DELAY_milliseconds                                           text51       00596A
_DLC_BYTES                                                    smallconst   002601
_DefaultBusErrorHandler                                       text106      005E76
_DefaultBusWakeUpActivityHandler                              text105      005E74
_DefaultInvalidMessageHandler                                 text104      005E72
_DefaultModeChangeHandler                                     text103      005E70
_DefaultRxBufferOverflowHandler                               text102      005E6E
_DefaultSystemErrorHandler                                    text101      005E6C
_DefaultTxAttemptHandler                                      text100      005E6A
_EXT_INT_Initialize                                           text20       005C70
_GPIO_BrakePedalAtRest                                        text89       005B4E
_GPIO_PWM2_Control                                            text44       00517C
_GetTxFifoStatus                                              text59       005C22
_INLVLA                                                       (abs)        000404
_INLVLB                                                       (abs)        00040C
_INLVLC                                                       (abs)        000414
_INLVLE                                                       (abs)        000424
_INT0PPS                                                      (abs)        00023E
_INT0_CallBack                                                text87       005A02
_INT0_DefaultInterruptHandler                                 text88       005E68
_INT0_ISR                                                     text86       005E42
_INT0_InterruptHandler                                        nvBANK5      0005FB
_INT0_SetInterruptHandler                                     text21       005D9A
_INTCON0bits                                                  (abs)        0004D6
_INTERRUPT_Initialize                                         text19       005E56
_INTERRUPT_InterruptManager                                   text75       005258
_LATA                                                         (abs)        0004BE
_LATAbits                                                     (abs)        0004BE
_LATB                                                         (abs)        0004BF
_LATBbits                                                     (abs)        0004BF
_LATC                                                         (abs)        0004C0
_ODCONA                                                       (abs)        000402
_ODCONB                                                       (abs)        00040A
_ODCONC                                                       (abs)        000412
_OSCCON1                                                      (abs)        0000AD
_OSCCON3                                                      (abs)        0000AF
_OSCEN                                                        (abs)        0000B3
_OSCFRQ                                                       (abs)        0000B1
_OSCILLATOR_Initialize                                        text18       005C58
_OSCTUNE                                                      (abs)        0000B0
_PIE0bits                                                     (abs)        00049E
_PIE1bits                                                     (abs)        00049F
_PIE3bits                                                     (abs)        0004A1
_PIE4bits                                                     (abs)        0004A2
_PIE5bits                                                     (abs)        0004A3
_PIN_MANAGER_Initialize                                       text17       005692
_PIR0bits                                                     (abs)        0004AE
_PIR1bits                                                     (abs)        0004AF
_PIR2bits                                                     (abs)        0004B0
_PIR3bits                                                     (abs)        0004B1
_PIR4bits                                                     (abs)        0004B2
_PIR5bits                                                     (abs)        0004B3
_PMD0                                                         (abs)        000060
_PMD1                                                         (abs)        000061
_PMD2                                                         (abs)        000062
_PMD3                                                         (abs)        000063
_PMD4                                                         (abs)        000064
_PMD5                                                         (abs)        000065
_PMD6                                                         (abs)        000066
_PMD7                                                         (abs)        000067
_PMD8                                                         (abs)        000068
_PMD_Initialize                                               text16       005BFA
_PORTAbits                                                    (abs)        0004CE
_PR2                                                          (abs)        000323
_PWM1CLK                                                      (abs)        000461
_PWM1CON                                                      (abs)        000469
_PWM1CONbits                                                  (abs)        000469
_PWM1CPRE                                                     (abs)        000465
_PWM1ERS                                                      (abs)        000460
_PWM1GIE                                                      (abs)        000468
_PWM1GIEbits                                                  (abs)        000468
_PWM1GIR                                                      (abs)        000467
_PWM1GIRbits                                                  (abs)        000467
_PWM1LDS                                                      (abs)        000462
_PWM1PIPOS                                                    (abs)        000466
_PWM1PRH                                                      (abs)        000464
_PWM1PRL                                                      (abs)        000463
_PWM1S1CFG                                                    (abs)        00046A
_PWM1S1P1H                                                    (abs)        00046C
_PWM1S1P1L                                                    (abs)        00046B
_PWM1S1P2H                                                    (abs)        00046E
_PWM1S1P2L                                                    (abs)        00046D
_PWM1_16BIT_Initialize                                        text12       00561E
_PWM1_16BIT_Period_DefaultInterruptHandler                    (abs)        000000
_PWM1_16BIT_Period_InterruptHandler                           bssBANK5     0005D7
_PWM1_16BIT_Period_SetInterruptHandler                        text15       005D90
_PWM1_16BIT_Slice1Output1_DefaultInterruptHandler             (abs)        000000
_PWM1_16BIT_Slice1Output1_InterruptHandler                    bssBANK5     0005DB
_PWM1_16BIT_Slice1Output1_SetInterruptHandler                 text14       005D86
_PWM1_16BIT_Slice1Output2_DefaultInterruptHandler             (abs)        000000
_PWM1_16BIT_Slice1Output2_InterruptHandler                    bssBANK5     0005D9
_PWM1_16BIT_Slice1Output2_SetInterruptHandler                 text13       005D7C
_PWM2CLK                                                      (abs)        000470
_PWM2CON                                                      (abs)        000478
_PWM2CONbits                                                  (abs)        000478
_PWM2CPRE                                                     (abs)        000474
_PWM2ERS                                                      (abs)        00046F
_PWM2GIE                                                      (abs)        000477
_PWM2GIEbits                                                  (abs)        000477
_PWM2GIR                                                      (abs)        000476
_PWM2GIRbits                                                  (abs)        000476
_PWM2LDS                                                      (abs)        000471
_PWM2PIPOS                                                    (abs)        000475
_PWM2PRH                                                      (abs)        000473
_PWM2PRL                                                      (abs)        000472
_PWM2S1CFG                                                    (abs)        000479
_PWM2S1P1H                                                    (abs)        00047B
_PWM2S1P1L                                                    (abs)        00047A
_PWM2S1P2H                                                    (abs)        00047D
_PWM2S1P2L                                                    (abs)        00047C
_PWM2_16BIT_Initialize                                        text8        0055AA
_PWM2_16BIT_LoadBufferRegisters                               text50       005E5A
_PWM2_16BIT_Period_DefaultInterruptHandler                    (abs)        000000
_PWM2_16BIT_Period_InterruptHandler                           nvBANK5      0005E9
_PWM2_16BIT_Period_SetInterruptHandler                        text11       005D72
_PWM2_16BIT_SetSlice1Output1DutyCycleRegister                 text49       005D26
_PWM2_16BIT_Slice1Output1_DefaultInterruptHandler             (abs)        000000
_PWM2_16BIT_Slice1Output1_InterruptHandler                    nvBANK5      0005ED
_PWM2_16BIT_Slice1Output1_SetInterruptHandler                 text10       005D68
_PWM2_16BIT_Slice1Output2_DefaultInterruptHandler             (abs)        000000
_PWM2_16BIT_Slice1Output2_InterruptHandler                    nvBANK5      0005EB
_PWM2_16BIT_Slice1Output2_SetInterruptHandler                 text9        005D5E
_PWM2_16BIT_WritePeriodRegister                               text48       005D18
_RB4PPS                                                       (abs)        00020D
_RC0PPS                                                       (abs)        000211
_RC1PPS                                                       (abs)        000212
_SLRCONA                                                      (abs)        000403
_SLRCONB                                                      (abs)        00040B
_SLRCONC                                                      (abs)        000413
_SYSTEM_Initialize                                            text1        00599E
_T0CON0                                                       (abs)        00031A
_T0CON0bits                                                   (abs)        00031A
_T0CON1                                                       (abs)        00031B
_T1CLK                                                        (abs)        000321
_T1CON                                                        (abs)        00031E
_T1CONbits                                                    (abs)        00031E
_T1GATE                                                       (abs)        000320
_T1GCON                                                       (abs)        00031F
_T1GCONbits                                                   (abs)        00031F
_T2CLKCON                                                     (abs)        000326
_T2CON                                                        (abs)        000324
_T2CONbits                                                    (abs)        000324
_T2HLT                                                        (abs)        000325
_T2HLTbits                                                    (abs)        000325
_T2PR                                                         (abs)        000323
_T2RST                                                        (abs)        000327
_T2RSTbits                                                    (abs)        000327
_T2TMR                                                        (abs)        000322
_TMR0H                                                        (abs)        000319
_TMR0L                                                        (abs)        000318
_TMR0_CallBack                                                text84       005B20
_TMR0_DefaultInterruptHandler                                 text85       005E66
_TMR0_ISR                                                     text83       005E3A
_TMR0_Initialize                                              text6        005BD2
_TMR0_InterruptHandler                                        nvBANK6      000610
_TMR0_SetInterruptHandler                                     text7        005D54
_TMR1H                                                        (abs)        00031D
_TMR1L                                                        (abs)        00031C
_TMR1_CallBack                                                text81       005AF2
_TMR1_DefaultInterruptHandler                                 text82       005E64
_TMR1_ISR                                                     text79       005D04
_TMR1_Initialize                                              text4        00585C
_TMR1_InterruptHandler                                        nvBANK5      0005E7
_TMR1_SetInterruptHandler                                     text5        005D4A
_TMR1_WriteTimer                                              text80       005AC4
_TMR2                                                         (abs)        000322
_TMR2_CallBack                                                text77       00580C
_TMR2_DefaultInterruptHandler                                 text78       005E62
_TMR2_ISR                                                     text76       005BA8
_TMR2_Initialize                                              text2        005A66
_TMR2_InterruptHandler                                        nvBANK5      0005E5
_TMR2_SetInterruptHandler                                     text3        005D40
_TRISA                                                        (abs)        0004C6
_TRISB                                                        (abs)        0004C7
_TRISBbits                                                    (abs)        0004C7
_TRISC                                                        (abs)        0004C8
_TRISE                                                        (abs)        0004CA
_ValidateTransmission                                         text58       005094
_WPUA                                                         (abs)        000401
_WPUB                                                         (abs)        000409
_WPUC                                                         (abs)        000411
_WPUE                                                         (abs)        000421
_WriteMessageToFifo                                           text56       003F64
__HRAM                                                        (abs)        000000
__Habs1                                                       abs1         000000
__Hbank10                                                     bank10       000000
__Hbank11                                                     bank11       000000
__Hbank12                                                     bank12       000000
__Hbank13                                                     bank13       000000
__Hbank14                                                     bank14       000000
__Hbank15                                                     bank15       000000
__Hbank16                                                     bank16       000000
__Hbank17                                                     bank17       000000
__Hbank18                                                     bank18       000000
__Hbank19                                                     bank19       000000
__Hbank20                                                     bank20       000000
__Hbank21                                                     bank21       000000
__Hbank22                                                     bank22       000000
__Hbank23                                                     bank23       000000
__Hbank24                                                     bank24       000000
__Hbank25                                                     bank25       000000
__Hbank26                                                     bank26       000000
__Hbank27                                                     bank27       000000
__Hbank28                                                     bank28       000000
__Hbank29                                                     bank29       000000
__Hbank30                                                     bank30       000000
__Hbank31                                                     bank31       000000
__Hbank32                                                     bank32       000000
__Hbank33                                                     bank33       000000
__Hbank34                                                     bank34       000000
__Hbank35                                                     bank35       000000
__Hbank36                                                     bank36       000000
__Hbank37                                                     bank37       000000
__Hbank5                                                      bank5        000000
__Hbank6                                                      bank6        000000
__Hbank7                                                      bank7        000000
__Hbank8                                                      bank8        000000
__Hbank9                                                      bank9        000000
__Hbigbss                                                     bigbss       000000
__Hbigdata                                                    bigdata      000000
__Hbigram                                                     bigram       000000
__Hbss                                                        bss          000000
__HbssBANK5                                                   bssBANK5     000000
__HbssBANK6                                                   bssBANK6     000000
__HbssCOMRAM                                                  bssCOMRAM    000000
__Hcinit                                                      cinit        000000
__Hclrtext                                                    clrtext      000000
__Hcomram                                                     comram       000000
__Hconfig                                                     config       300024
__Hconst                                                      const        000000
__HcstackBANK5                                                cstackBANK5  000000
__HcstackCOMRAM                                               cstackCOMRAM 000000
__Hdata                                                       data         000000
__HdataBANK5                                                  dataBANK5    000000
__Heeprom_data                                                eeprom_data  000000
__Hfarbss                                                     farbss       000000
__Hfardata                                                    fardata      000000
__Hibigdata                                                   ibigdata     000000
__Hidata                                                      idata        000000
__HidataBANK5                                                 idataBANK5   000000
__Hidloc                                                      idloc        200020
__Hifardata                                                   ifardata     000000
__Hinit                                                       init         00001E
__Hintsave_regs                                               intsave_regs 000000
__Hirdata                                                     irdata       000000
__Hivt0x8                                                     ivt0x8       00001A
__Hmediumconst                                                mediumconst  000000
__HnvBANK5                                                    nvBANK5      000000
__HnvBANK6                                                    nvBANK6      000000
__HnvCOMRAM                                                   nvCOMRAM     000000
__HnvFARRAM                                                   nvFARRAM     000000
__Hnvbit                                                      nvbit        000000
__Hnvrram                                                     nvrram       000000
__Hparam                                                      rparam       000000
__Hpowerup                                                    powerup      000000
__Hram                                                        ram          000000
__Hramtop                                                     ramtop       002600
__Hrbit                                                       rbit         000000
__Hrbss                                                       rbss         000000
__Hrdata                                                      rdata        000000
__Hreset_vec                                                  reset_vec    000004
__Hrparam                                                     rparam       000000
__Hsfr                                                        sfr          000000
__Hsmallconst                                                 smallconst   00260E
__Hspace_0                                                    (abs)        005E78
__Hspace_1                                                    (abs)        000612
__Hspace_2                                                    (abs)        000000
__Hspace_4                                                    (abs)        600024
__Hstack                                                      stack        000000
__Hstruct                                                     struct       000000
__Htemp                                                       temp         000000
__Htext                                                       text         000000
__Htext0                                                      text0        000000
__Htext1                                                      text1        000000
__Htext10                                                     text10       000000
__Htext100                                                    text100      000000
__Htext101                                                    text101      000000
__Htext102                                                    text102      000000
__Htext103                                                    text103      000000
__Htext104                                                    text104      000000
__Htext105                                                    text105      000000
__Htext106                                                    text106      000000
__Htext107                                                    text107      000000
__Htext11                                                     text11       000000
__Htext12                                                     text12       000000
__Htext13                                                     text13       000000
__Htext14                                                     text14       000000
__Htext15                                                     text15       000000
__Htext16                                                     text16       000000
__Htext17                                                     text17       000000
__Htext18                                                     text18       000000
__Htext19                                                     text19       000000
__Htext2                                                      text2        000000
__Htext20                                                     text20       000000
__Htext21                                                     text21       000000
__Htext22                                                     text22       000000
__Htext23                                                     text23       000000
__Htext24                                                     text24       000000
__Htext25                                                     text25       000000
__Htext26                                                     text26       000000
__Htext27                                                     text27       000000
__Htext28                                                     text28       000000
__Htext29                                                     text29       000000
__Htext3                                                      text3        000000
__Htext30                                                     text30       000000
__Htext31                                                     text31       000000
__Htext32                                                     text32       000000
__Htext33                                                     text33       000000
__Htext34                                                     text34       000000
__Htext35                                                     text35       000000
__Htext36                                                     text36       000000
__Htext37                                                     text37       000000
__Htext38                                                     text38       000000
__Htext39                                                     text39       000000
__Htext4                                                      text4        000000
__Htext40                                                     text40       000000
__Htext41                                                     text41       000000
__Htext42                                                     text42       000000
__Htext43                                                     text43       000000
__Htext44                                                     text44       000000
__Htext45                                                     text45       000000
__Htext46                                                     text46       000000
__Htext47                                                     text47       000000
__Htext48                                                     text48       000000
__Htext49                                                     text49       000000
__Htext5                                                      text5        000000
__Htext50                                                     text50       000000
__Htext51                                                     text51       000000
__Htext52                                                     text52       000000
__Htext53                                                     text53       000000
__Htext54                                                     text54       000000
__Htext55                                                     text55       000000
__Htext56                                                     text56       000000
__Htext57                                                     text57       000000
__Htext58                                                     text58       000000
__Htext59                                                     text59       000000
__Htext6                                                      text6        000000
__Htext60                                                     text60       000000
__Htext61                                                     text61       000000
__Htext62                                                     text62       000000
__Htext63                                                     text63       000000
__Htext64                                                     text64       000000
__Htext65                                                     text65       000000
__Htext66                                                     text66       000000
__Htext67                                                     text67       000000
__Htext68                                                     text68       000000
__Htext69                                                     text69       000000
__Htext7                                                      text7        000000
__Htext70                                                     text70       000000
__Htext71                                                     text71       000000
__Htext72                                                     text72       000000
__Htext73                                                     text73       000000
__Htext74                                                     text74       000000
__Htext75                                                     text75       000000
__Htext76                                                     text76       000000
__Htext77                                                     text77       000000
__Htext78                                                     text78       000000
__Htext79                                                     text79       000000
__Htext8                                                      text8        000000
__Htext80                                                     text80       000000
__Htext81                                                     text81       000000
__Htext82                                                     text82       000000
__Htext83                                                     text83       000000
__Htext84                                                     text84       000000
__Htext85                                                     text85       000000
__Htext86                                                     text86       000000
__Htext87                                                     text87       000000
__Htext88                                                     text88       000000
__Htext89                                                     text89       000000
__Htext9                                                      text9        000000
__Htext90                                                     text90       000000
__Htext91                                                     text91       000000
__Htext92                                                     text92       000000
__Htext93                                                     text93       000000
__Htext94                                                     text94       000000
__Htext95                                                     text95       000000
__Htext96                                                     text96       000000
__Htext97                                                     text97       000000
__Htext98                                                     text98       000000
__Htext99                                                     text99       000000
__LRAM                                                        (abs)        000001
__Labs1                                                       abs1         000000
__Lbank10                                                     bank10       000000
__Lbank11                                                     bank11       000000
__Lbank12                                                     bank12       000000
__Lbank13                                                     bank13       000000
__Lbank14                                                     bank14       000000
__Lbank15                                                     bank15       000000
__Lbank16                                                     bank16       000000
__Lbank17                                                     bank17       000000
__Lbank18                                                     bank18       000000
__Lbank19                                                     bank19       000000
[...]
      Totals:         0       0       0       0       0       0       0       0       0       0       0       0       0       0       0       0       0       0       0       0       0       0       0       0       0       0       0       0       0       0       0       0       0       0
Total ram usage:        0 bytes
 Hardware stack levels used:    1
 This function calls:
		Nothing
 This function is called by:
		_CAN1_ErrorNotificationInterruptEnable
		_CAN1_ISR
 This function uses a non-reentrant model


 *************** function _DefaultRxBufferOverflowHandler *****************
 Defined at:
		line 145 in file "mcc_generated_files/can1.c"
 Parameters:    Size  Location     Type
		None
 Auto vars:     Size  Location     Type
		None
 Return value:  Size  Location     Type
                  1    wreg      void 
 Registers used:
		None
 Tracked objects:
		On entry : 
		On exit  : 
		Unchanged: 
 Data sizes:     COMRAM   BANK5   BANK6   BANK7   BANK8   BANK9  BANK10  BANK11  BANK12  BANK13  BANK14  BANK15  BANK16  BANK17  BANK18  BANK19  BANK20  BANK21  BANK22  BANK23  BANK24  BANK25  BANK26  BANK27  BANK28  BANK29  BANK30  BANK31  BANK32  BANK33  BANK34  BANK35  BANK36  BANK37
      Params:         0       0       0       0       0       0       0       0       0       0       0       0       0       0       0       0       0       0       0       0       0       0       0       0       0       0       0       0       0       0       0       0       0       0
      Locals:         0       0       0       0       0       0       0       0       0       0       0       0       0       0       0       0       0       0       0       0       0       0       0       0       0       0       0       0       0       0       0       0       0       0
      Temps:          0       0       0       0       0       0       0       0       0       0       0       0       0       0       0       0       0       0       0       0       0       0       0       0       0       0       0       0       0       0       0       0       0       0
      Totals:         0       0       0       0       0       0       0       0       0       0       0       0       0       0       0       0       0       0       0       0       0       0       0       0       0       0       0       0       0       0       0       0       0       0
Total ram usage:        0 bytes
 Hardware stack levels used:    1
 This function calls:
		Nothing
 This function is called by:
		_CAN1_ErrorNotificationInterruptEnable
		_CAN1_ISR
 This function uses a non-reentrant model


 *************** function _DefaultModeChangeHandler *****************
 Defined at:
		line 133 in file "mcc_generated_files/can1.c"
 Parameters:    Size  Location     Type
		None
 Auto vars:     Size  Location     Type
		None
 Return value:  Size  Location     Type
                  1    wreg      void 
 Registers used:
		None
 Tracked objects:
		On entry : 
		On exit  : 
		Unchanged: 
 Data sizes:     COMRAM   BANK5   BANK6   BANK7   BANK8   BANK9  BANK10  BANK11  BANK12  BANK13  BANK14  BANK15  BANK16  BANK17  BANK18  BANK19  BANK20  BANK21  BANK22  BANK23  BANK24  BANK25  BANK26  BANK27  BANK28  BANK29  BANK30  BANK31  BANK32  BANK33  BANK34  BANK35  BANK36  BANK37
      Params:         0       0       0       0       0       0       0       0       0       0       0       0       0       0       0       0       0       0       0       0       0       0       0       0       0       0       0       0       0       0       0       0       0       0
      Locals:         0       0       0       0       0       0       0       0       0       0       0       0       0       0       0       0       0       0       0       0       0       0       0       0       0       0       0       0       0       0       0       0       0       0
      Temps:          0       0       0       0       0       0       0       0       0       0       0       0       0       0       0       0       0       0       0       0       0       0       0       0       0       0       0       0       0       0       0       0       0       0
      Totals:         0       0       0       0       0       0       0       0       0       0       0       0       0       0       0       0       0       0       0       0       0       0       0       0       0       0       0       0       0       0       0       0       0       0
Total ram usage:        0 bytes
 Hardware stack levels used:    1
 This function calls:
		Nothing
 This function is called by:
		_CAN1_ErrorNotificationInterruptEnable
		_CAN1_ISR
 This function uses a non-reentrant model


 *************** function _DefaultInvalidMessageHandler *****************
 Defined at:
		line 121 in file "mcc_generated_files/can1.c"
 Parameters:    Size  Location     Type
		None
 Auto vars:     Size  Location     Type
		None
 Return value:  Size  Location     Type
                  1    wreg      void 
 Registers used:
		None
 Tracked objects:
		On entry : 
		On exit  : 
		Unchanged: 
 Data sizes:     COMRAM   BANK5   BANK6   BANK7   BANK8   BANK9  BANK10  BANK11  BANK12  BANK13  BANK14  BANK15  BANK16  BANK17  BANK18  BANK19  BANK20  BANK21  BANK22  BANK23  BANK24  BANK25  BANK26  BANK27  BANK28  BANK29  BANK30  BANK31  BANK32  BANK33  BANK34  BANK35  BANK36  BANK37
      Params:         0       0       0       0       0       0       0       0       0       0       0       0       0       0       0       0       0       0       0       0       0       0       0       0       0       0       0       0       0       0       0       0       0       0
      Locals:         0       0       0       0       0       0       0       0       0       0       0       0       0       0       0       0       0       0       0       0       0       0       0       0       0       0       0       0       0       0       0       0       0       0
      Temps:          0       0       0       0       0       0       0       0       0       0       0       0       0       0       0       0       0       0       0       0       0       0       0       0       0       0       0       0       0       0       0       0       0       0
      Totals:         0       0       0       0       0       0       0       0       0       0       0       0       0       0       0       0       0       0       0       0       0       0       0       0       0       0       0       0       0       0       0       0       0       0
Total ram usage:        0 bytes
 Hardware stack levels used:    1
 This function calls:
		Nothing
 This function is called by:
		_CAN1_ErrorNotificationInterruptEnable
		_CAN1_ISR
 This function uses a non-reentrant model


 *************** function _DefaultBusWakeUpActivityHandler *****************
 Defined at:
		line 125 in file "mcc_generated_files/can1.c"
 Parameters:    Size  Location     Type
		None
 Auto vars:     Size  Location     Type
		None
 Return value:  Size  Location     Type
                  1    wreg      void 
 Registers used:
		None
 Tracked objects:
		On entry : 
		On exit  : 
		Unchanged: 
 Data sizes:     COMRAM   BANK5   BANK6   BANK7   BANK8   BANK9  BANK10  BANK11  BANK12  BANK13  BANK14  BANK15  BANK16  BANK17  BANK18  BANK19  BANK20  BANK21  BANK22  BANK23  BANK24  BANK25  BANK26  BANK27  BANK28  BANK29  BANK30  BANK31  BANK32  BANK33  BANK34  BANK35  BANK36  BANK37
      Params:         0       0       0       0       0       0       0       0       0       0       0       0       0       0       0       0       0       0       0       0       0       0       0       0       0       0       0       0       0       0       0       0       0       0
      Locals:         0       0       0       0       0       0       0       0       0       0       0       0       0       0       0       0       0       0       0       0       0       0       0       0       0       0       0       0       0       0       0       0       0       0
      Temps:          0       0       0       0       0       0       0       0       0       0       0       0       0       0       0       0       0       0       0       0       0       0       0       0       0       0       0       0       0       0       0       0       0       0
      Totals:         0       0       0       0       0       0       0       0       0       0       0       0       0       0       0       0       0       0       0       0       0       0       0       0       0       0       0       0       0       0       0       0       0       0
Total ram usage:        0 bytes
 Hardware stack levels used:    1
 This function calls:
		Nothing
 This function is called by:
		_CAN1_ErrorNotificationInterruptEnable
		_CAN1_ISR
 This function uses a non-reentrant model


 *************** function _DefaultBusErrorHandler *****************
 Defined at:
		line 129 in file "mcc_generated_files/can1.c"
 Parameters:    Size  Location     Type
		None
 Auto vars:     Size  Location     Type
		None
 Return value:  Size  Location     Type
                  1    wreg      void 
 Registers used:
		None
 Tracked objects:
		On entry : 
		On exit  : 
		Unchanged: 
 Data sizes:     COMRAM   BANK5   BANK6   BANK7   BANK8   BANK9  BANK10  BANK11  BANK12  BANK13  BANK14  BANK15  BANK16  BANK17  BANK18  BANK19  BANK20  BANK21  BANK22  BANK23  BANK24  BANK25  BANK26  BANK27  BANK28  BANK29  BANK30  BANK31  BANK32  BANK33  BANK34  BANK35  BANK36  BANK37
      Params:         0       0       0       0       0       0       0       0       0       0       0       0       0       0       0       0       0       0       0       0       0       0       0       0       0       0       0       0       0       0       0       0       0       0
      Locals:         0       0       0       0       0       0       0       0       0       0       0       0       0       0       0       0       0       0       0       0       0       0       0       0       0       0       0       0       0       0       0       0       0       0
      Temps:          0       0       0       0       0       0       0       0       0       0       0       0       0       0       0       0       0       0       0       0       0       0       0       0       0       0       0       0       0       0       0       0       0       0
      Totals:         0       0       0       0       0       0       0       0       0       0       0       0       0       0       0       0       0       0       0       0       0       0       0       0       0       0       0       0       0       0       0       0       0       0
Total ram usage:        0 bytes
 Hardware stack levels used:    1
 This function calls:
		Nothing
 This function is called by:
		_CAN1_ErrorNotificationInterruptEnable
		_CAN1_ISR
 This function uses a non-reentrant model



MODULE INFORMATION

Module		Function		Class		Link	Load	Size
mcc_generated_files/can1.c
		_ValidateTransmission		CODE           	5094	0000	232
		_CAN1_IsTxErrorPassive		CODE           	5C9C	0000	22
		_CAN1_BitRateConfiguration		CODE           	5CF0	0000	20
		_CAN1_SetTxAttemptInterruptHandler		CODE           	5DA4	0000	10
		_CAN1_SetInvalidMessageInterruptHandler		CODE           	5DCC	0000	10
		_CAN1_TX_FIFO_Configuration		CODE           	5CC8	0000	20
		_CAN1_ISR      		CODE           	4B30	0000	342
		_DefaultBusErrorHandler		CODE           	5E76	0000	2
		_CAN1_OperationModeGet		CODE           	5E26	0000	10
		_CAN1_IsBusOff 		CODE           	5CB2	0000	22
		_CAN1_Initialize		CODE           	5760	0000	88
		_DefaultInvalidMessageHandler		CODE           	5E72	0000	2
		_DefaultBusWakeUpActivityHandler		CODE           	5E74	0000	2
		_CAN1_TransmitFIFOStatusGet		CODE           	59D0	0000	50
		_CAN1_Transmit 		CODE           	530E	0000	158
		_CAN1_RX_FIFO_FilterMaskConfiguration		CODE           	5E60	0000	2
		_CAN1_RX_FIFO_Configuration		CODE           	5CDC	0000	20
		_CAN1_IsTxErrorActive		CODE           	5C3E	0000	26
		_CAN1_SetBusErrorInterruptHandler		CODE           	5DE0	0000	10
		_CAN1_SetSystemErrorInterruptHandler		CODE           	5DAE	0000	10
		_DefaultSystemErrorHandler		CODE           	5E6C	0000	2
		_CAN1_IsTxErrorWarning		CODE           	5C86	0000	22
		_isTxChannel   		CODE           	58A4	0000	70
		_GetTxFifoStatus		CODE           	5C22	0000	28
		_WriteMessageToFifo		CODE           	3F64	0000	592
		_DefaultRxBufferOverflowHandler		CODE           	5E6E	0000	2
		_CAN1_ErrorNotificationInterruptEnable		CODE           	5444	0000	122
		_CAN1_SetBusWakeUpActivityInterruptHandler		CODE           	5DD6	0000	10
		_CAN1_SetRxBufferOverFlowInterruptHandler		CODE           	5DB8	0000	10
		_CAN1_RX_FIFO_ResetInfo		CODE           	5A96	0000	46
		_CAN1_OperationModeSet		CODE           	53AC	0000	152
		_CAN1_SetModeChangeInterruptHandler		CODE           	5DC2	0000	10
		_DefaultTxAttemptHandler		CODE           	5E6A	0000	2
		_DefaultModeChangeHandler		CODE           	5E70	0000	2

mcc_generated_files/can1.c estimated size: 2128

C:\Program Files\Microchip\xc8\v2.31\pic\sources\c99\common\sprcadd.c
		___fladd       		CODE           	260E	0000	1218

C:\Program Files\Microchip\xc8\v2.31\pic\sources\c99\common\sprcadd.c estimated size: 1218

mcc_generated_files/pwm2_16bit.c
		_PWM2_16BIT_WritePeriodRegister		CODE           	5D18	0000	14
		_PWM2_16BIT_Period_SetInterruptHandler		CODE           	5D72	0000	10
		_PWM2_16BIT_Slice1Output1_SetInterruptHandler		CODE           	5D68	0000	10
		_PWM2_16BIT_Slice1Output2_SetInterruptHandler		CODE           	5D5E	0000	10
		_PWM2_16BIT_Initialize		CODE           	55AA	0000	116
		_PWM2_16BIT_LoadBufferRegisters		CODE           	5E5A	0000	4
		_PWM2_16BIT_SetSlice1Output1DutyCycleRegister		CODE           	5D26	0000	14

mcc_generated_files/pwm2_16bit.c estimated size: 178

MESSAGES.c
		_CANWriteMessage		CODE           	4FA2	0000	242

MESSAGES.c estimated size: 242

mcc_generated_files/tmr2.c
		_TMR2_ISR      		CODE           	5BA8	0000	42
		_TMR2_Initialize		CODE           	5A66	0000	48
		_TMR2_SetInterruptHandler		CODE           	5D40	0000	10
		_TMR2_DefaultInterruptHandler		CODE           	5E62	0000	2
		_TMR2_CallBack 		CODE           	580C	0000	80

mcc_generated_files/tmr2.c estimated size: 182

mcc_generated_files/interrupt_manager.c
		_INTERRUPT_Initialize		CODE           	5E56	0000	4
		_INTERRUPT_InterruptManager		CODE           	5258	0000	182

mcc_generated_files/interrupt_manager.c estimated size: 186

C:\Program Files\Microchip\xc8\v2.31\pic\sources\c99\common\xxtofl.c
		___xxtofl      		CODE           	47C4	0000	440

C:\Program Files\Microchip\xc8\v2.31\pic\sources\c99\common\xxtofl.c estimated size: 440

mcc_generated_files/tmr0.c
		_TMR0_SetInterruptHandler		CODE           	5D54	0000	10
		_TMR0_DefaultInterruptHandler		CODE           	5E66	0000	2
		_TMR0_CallBack 		CODE           	5B20	0000	46
		_TMR0_ISR      		CODE           	5E3A	0000	8
		_TMR0_Initialize		CODE           	5BD2	0000	40

mcc_generated_files/tmr0.c estimated size: 106

mcc_generated_files/pin_manager.c
		_PIN_MANAGER_Initialize		CODE           	5692	0000	114

mcc_generated_files/pin_manager.c estimated size: 114

mcc_generated_files/adc.c
		_ADC_SelectContext		CODE           	5D34	0000	12
		_ADC_Initialize		CODE           	41B4	0000	550
		_ADC_DisableChannelSequencer		CODE           	5E4A	0000	6
		_ADC_GetSingleConversion		CODE           	592C	0000	62
		_ADC_SetActiveClockTuningInterruptHandler		CODE           	5E12	0000	10
		_ADC_SetADIInterruptHandler		CODE           	5E1C	0000	10
		_ADC_SetContext1ThresholdInterruptHandler		CODE           	5E08	0000	10
		_ADC_SetContext2ThresholdInterruptHandler		CODE           	5DFE	0000	10
		_ADC_SetContext3ThresholdInterruptHandler		CODE           	5DF4	0000	10
		_ADC_SetContext4ThresholdInterruptHandler		CODE           	5DEA	0000	10

mcc_generated_files/adc.c estimated size: 690

mcc_generated_files/ext_int.c
		_INT0_SetInterruptHandler		CODE           	5D9A	0000	10
		_EXT_INT_Initialize		CODE           	5C70	0000	22
		_INT0_DefaultInterruptHandler		CODE           	5E68	0000	2
		_INT0_CallBack 		CODE           	5A02	0000	50
		_INT0_ISR      		CODE           	5E42	0000	8

mcc_generated_files/ext_int.c estimated size: 92

mcc_generated_files/pwm1_16bit.c
		_PWM1_16BIT_Period_SetInterruptHandler		CODE           	5D90	0000	10
		_PWM1_16BIT_Slice1Output1_SetInterruptHandler		CODE           	5D86	0000	10
		_PWM1_16BIT_Slice1Output2_SetInterruptHandler		CODE           	5D7C	0000	10
		_PWM1_16BIT_Initialize		CODE           	561E	0000	116

mcc_generated_files/pwm1_16bit.c estimated size: 146

shared
		i2_ADC_GetSingleConversion		CODE           	5A34	0000	50
		_FIFO          		SMALLCONST     	0000	0000	0
		_DLC_BYTES     		SMALLCONST     	2601	0000	9
		i2___fladd     		CODE           	2AD0	0000	1216
		i2_ADC_DisableChannelSequencer		CODE           	5E50	0000	6
		i2___fldiv     		CODE           	3BCA	0000	922
		i2___fltol     		CODE           	4E9C	0000	262
		i2_ADC_SelectContext		CODE           	5E30	0000	10
		__initialization		CODE           	57B8	0000	78
		i2___flmul     		CODE           	33E0	0000	1102
		i2_ANALOG_GetVoltage		CODE           	45D4	0000	496
		i2___xxtofl    		CODE           	497C	0000	436

shared estimated size: 4587

mcc_generated_files/mcc.c
		_PMD_Initialize		CODE           	5BFA	0000	40
		_OSCILLATOR_Initialize		CODE           	5C58	0000	24
		_SYSTEM_Initialize		CODE           	599E	0000	50

mcc_generated_files/mcc.c estimated size: 114

C:\Program Files\Microchip\xc8\v2.31\pic\sources\c99\common\sprcmul.c
		___flmul       		CODE           	2F90	0000	1104

C:\Program Files\Microchip\xc8\v2.31\pic\sources\c99\common\sprcmul.c estimated size: 1104

GPIO.c
		_GPIO_BrakePedalAtRest		CODE           	5B4E	0000	46
		_GPIO_PWM2_Control		CODE           	517C	0000	220

GPIO.c estimated size: 266

C:\Program Files\Microchip\xc8\v2.31\pic\sources\c99\common\lwdiv.c
		___lwdiv       		CODE           	5534	0000	118

C:\Program Files\Microchip\xc8\v2.31\pic\sources\c99\common\lwdiv.c estimated size: 118

mcc_generated_files/tmr1.c
		_TMR1_Initialize		CODE           	585C	0000	72
		_TMR1_SetInterruptHandler		CODE           	5D4A	0000	10
		_TMR1_DefaultInterruptHandler		CODE           	5E64	0000	2
		_TMR1_CallBack 		CODE           	5AF2	0000	46
		_TMR1_WriteTimer		CODE           	5AC4	0000	46
		_TMR1_ISR      		CODE           	5D04	0000	20

mcc_generated_files/tmr1.c estimated size: 196

C:\Program Files\Microchip\xc8\v2.31\pic\sources\c99\common\sprcdiv.c
		___fldiv       		CODE           	382E	0000	924

C:\Program Files\Microchip\xc8\v2.31\pic\sources\c99\common\sprcdiv.c estimated size: 924

C:\Program Files\Microchip\xc8\v2.31\pic\sources\c99\common\fltol.c
		___fltol       		CODE           	4D94	0000	264

C:\Program Files\Microchip\xc8\v2.31\pic\sources\c99\common\fltol.c estimated size: 264

C:\Program Files\Microchip\xc8\v2.31\pic\sources\c99\common\memcpy.c
		_memcpy        		CODE           	5704	0000	92

C:\Program Files\Microchip\xc8\v2.31\pic\sources\c99\common\memcpy.c estimated size: 92

mcc_generated_files/delay.c
		_DELAY_milliseconds		CODE           	596A	0000	52

mcc_generated_files/delay.c estimated size: 52

C:\Program Files\Microchip\xc8\v2.31\pic\sources\c99\common\aldiv.c
		___aldiv       		CODE           	4C86	0000	270

C:\Program Files\Microchip\xc8\v2.31\pic\sources\c99\common\aldiv.c estimated size: 270

C:\Program Files\Microchip\xc8\v2.31\pic\sources\c99\common\Umul16.c
		___wmul        		CODE           	5B7C	0000	44

C:\Program Files\Microchip\xc8\v2.31\pic\sources\c99\common\Umul16.c estimated size: 44

ANALOG.c
		_ANALOG_RedAll 		CODE           	58EA	0000	66
		_ANALOG_GetVoltage		CODE           	43DA	0000	506

ANALOG.c estimated size: 572

main.c
		_main          		CODE           	54BE	0000	118

main.c estimated size: 118

