Microchip MPLAB XC8 Compiler V2.31

Linker command line:

-W-3 --edf=C:\Program Files\Microchip\xc8\v2.31\pic\dat\en_msgs.txt \
  -pivt0x8=08h -cn -h+dist/default/production\ASB.X.production.sym \
  --cmf=dist/default/production\ASB.X.production.cmf -z -Q18F26Q84 \
  -oC:\Users\panze\AppData\Local\Temp\sldg.2 --defsym=__MPLAB_BUILD=1 \
  -Mdist/default/production/ASB.X.production.map -E1 -ver=XC8 Compiler \
  --acfsm=1493 -ASTACK=060Ch-025FFh -pstack=STACK -ACODE=00h-0FFFFh \
  -ACONST=00h-0FFFFh -ASMALLCONST=02600h-026FFhx218 \
  -AMEDIUMCONST=02600h-0FFFFh -ACOMRAM=0501h-055Fh -AABS1=0500h-025FFh \
  -ABIGRAM=0501h-025FFh -ARAM=0560h-05FFh,0600h-06FFhx32 \
  -ABANK5=0560h-05FFh -ABANK6=0600h-06FFh -ABANK7=0700h-07FFh \
  -ABANK8=0800h-08FFh -ABANK9=0900h-09FFh -ABANK10=0A00h-0AFFh \
  -ABANK11=0B00h-0BFFh -ABANK12=0C00h-0CFFh -ABANK13=0D00h-0DFFh \
  -ABANK14=0E00h-0EFFh -ABANK15=0F00h-0FFFh -ABANK16=01000h-010FFh \
  -ABANK17=01100h-011FFh -ABANK18=01200h-012FFh -ABANK19=01300h-013FFh \
  -ABANK20=01400h-014FFh -ABANK21=01500h-015FFh -ABANK22=01600h-016FFh \
  -ABANK23=01700h-017FFh -ABANK24=01800h-018FFh -ABANK25=01900h-019FFh \
  -ABANK26=01A00h-01AFFh -ABANK27=01B00h-01BFFh -ABANK28=01C00h-01CFFh \
  -ABANK29=01D00h-01DFFh -ABANK30=01E00h-01EFFh -ABANK31=01F00h-01FFFh \
  -ABANK32=02000h-020FFh -ABANK33=02100h-021FFh -ABANK34=02200h-022FFh \
  -ABANK35=02300h-023FFh -ABANK36=02400h-024FFh -ABANK37=02500h-025FFh \
  -ASFR=00h-0FFhx4,0400h-045Fh,0460h-04FFh -ACONFIG=0300000h-0300023h \
  -AIDLOC=0200000h-020001Fh -AEEDATA=0380000h-03803FFh -peeprom_data=EEDATA \
  -preset_vec=00h -ppowerup=CODE,init -pramtop=02600h \
  -psmallconst=SMALLCONST -pmediumconst=MEDIUMCONST -pconst=CONST \
  -AFARRAM=00h-00h \
  -prdata=COMRAM,nvrram=COMRAM,nvbit=COMRAM,rbss=COMRAM,rbit=COMRAM \
  -pfarbss=FARRAM,fardata=FARRAM,nvFARRAM=FARRAM \
  -pintsave_regs=BIGRAM,bigbss=BIGRAM,bigdata=BIGRAM -pbss=RAM \
  -pidata=CODE,irdata=CODE,ibigdata=CODE,ifardata=CODE -prparam=COMRAM \
  C:\Users\panze\AppData\Local\Temp\sldg.o \
  dist/default/production\ASB.X.production.o 

Object code version is 3.11

Machine type is 18F26Q84



                Name                               Link     Load   Length Selector   Space Scale
C:\Users\panze\AppData\Local\Temp\sldg.o
                idloc                            200000   200000       20        0       5
                config                           300000   300000       24        0       4
                init                                 1A       1A        4        4       0
                reset_vec                             0        0        4        0       0
dist/default/production\ASB.X.production.o
                idloc                            200000   200000       20        0       5
                config                           300000   300000       24        0       4
                smallconst                         2600     2600        E     1300       0
                ivt0x8                                8        8       12        4       0
                text104                            4C4A     4C4A        2     1307       0
                text103                            4C48     4C48        2     1307       0
                text102                            4C46     4C46        2     1307       0
                text101                            4C44     4C44        2     1307       0
                text100                            4C42     4C42        2     1307       0
                text99                             4C40     4C40        2     1307       0
                text98                             4C3E     4C3E        2     1307       0
                text97                             3A5C     3A5C      156     1307       0
                text96                             4A2C     4A2C       1E     1307       0
                text95                             4A7A     4A7A       18     1307       0
                text94                             45C8     45C8       5A     1307       0
                text93                             3442     3442      240     1307       0
                text92                             3FBA     3FBA       EC     1307       0
                text91                             4676     4676       52     1307       0
                text90                             40A6     40A6       CA     1307       0
                text89                             4C24     4C24        4     1307       0
                text88                             4AE8     4AE8        C     1307       0
                text87                             4ADC     4ADC        C     1307       0
                text86                             3BB2     3BB2      10C     1307       0
                text85                             260E     260E      4C0     1307       0
                text84                             3DC8     3DC8      106     1307       0
                text83                             442A     442A       74     1307       0
                text82                             494E     494E       2A     1307       0
                text81                             38A8     38A8      1B4     1307       0
                text80                             3ECE     3ECE       EC     1307       0
                text79                             456C     456C       5C     1307       0
                text78                             31E4     31E4      25E     1307       0
                text77                             4C1A     4C1A        6     1307       0
                text76                             48F8     48F8       2C     1307       0
                text75                             4C14     4C14        6     1307       0
                text74                             47B0     47B0       32     1307       0
                text73                             4BEE     4BEE        A     1307       0
                text72                             4C0E     4C0E        6     1307       0
                text71                             2ACE     2ACE      44E     1307       0
                text70                             2F1C     2F1C      2C8     1307       0
                text69                             4718     4718       34     1307       0
                text68                             4C3C     4C3C        2     1307       0
                text67                             477E     477E       32     1307       0
                text66                             4C00     4C00        8     1307       0
                text65                             4C3A     4C3A        2     1307       0
                text64                             48CA     48CA       2E     1307       0
                text63                             4BF8     4BF8        8     1307       0
                text62                             4C38     4C38        2     1307       0
                text61                             4C36     4C36        2     1307       0
                text60                             4C34     4C34        2     1307       0
                text59                             49C8     49C8       24     1307       0
                text58                             4C32     4C32        2     1307       0
                text57                             4C30     4C30        2     1307       0
                text56                             4C2E     4C2E        2     1307       0
                text55                             489C     489C       2E     1307       0
                text54                             486E     486E       2E     1307       0
                text53                             4170     4170       C0     1307       0
                text52                             4C2C     4C2C        2     1307       0
                text51                             4C2A     4C2A        2     1307       0
                text50                             4840     4840       2E     1307       0
                text49                             4AD0     4AD0        C     1307       0
                text48                             3CBE     3CBE      10A     1307       0
                text47                             4A0E     4A0E       1E     1307       0
                text46                             4BE4     4BE4        A     1307       0
                text45                             4BDA     4BDA        A     1307       0
                text44                             4BD0     4BD0        A     1307       0
                text43                             4BC6     4BC6        A     1307       0
                text42                             4BBC     4BBC        A     1307       0
                text41                             4BB2     4BB2        A     1307       0
                text40                             3682     3682      226     1307       0
                text39                             4ABC     4ABC       14     1307       0
                text38                             4BA8     4BA8        A     1307       0
                text37                             4B9E     4B9E        A     1307       0
                text36                             4B94     4B94        A     1307       0
                text35                             4B8A     4B8A        A     1307       0
                text34                             4B80     4B80        A     1307       0
                text33                             4B76     4B76        A     1307       0
                text32                             4B6C     4B6C        A     1307       0
                text31                             42C8     42C8       7A     1307       0
                text30                             4B62     4B62        A     1307       0
                text29                             4230     4230       98     1307       0
                text28                             4B58     4B58        A     1307       0
                text27                             4924     4924       2A     1307       0
                text26                             49EC     49EC       22     1307       0
                text25                             4812     4812       2E     1307       0
                text24                             4AA8     4AA8       14     1307       0
                text23                             4510     4510       5C     1307       0
                text22                             4B4E     4B4E        A     1307       0
                text21                             4A92     4A92       16     1307       0
                text20                             4C20     4C20        4     1307       0
                text19                             4A62     4A62       18     1307       0
                text18                             449E     449E       72     1307       0
                text17                             49A0     49A0       28     1307       0
                text16                             4B44     4B44        A     1307       0
                text15                             4B3A     4B3A        A     1307       0
                text14                             4B30     4B30        A     1307       0
                text13                             43B6     43B6       74     1307       0
                text12                             4B26     4B26        A     1307       0
                text11                             4B1C     4B1C        A     1307       0
                text10                             4B12     4B12        A     1307       0
                text9                              4342     4342       74     1307       0
                text8                              4B08     4B08        A     1307       0
                text7                              4978     4978       28     1307       0
                text6                              4AFE     4AFE        A     1307       0
                text5                              46C8     46C8       50     1307       0
                text4                              4AF4     4AF4        A     1307       0
                text3                              47E2     47E2       30     1307       0
                text2                              474C     474C       32     1307       0
                text1                              4C08     4C08        6     1307       0
                text0                              4A4A     4A4A       18     1307       0
                cstackCOMRAM                        501      501       55      501       1
                cstackBANK5                         5E5      5E5        E      560       1
                cstackBANK6                         608      608        4      600       1
                bssBANK6                            600      600        8      600       1
                dataBANK5                           5F3      5F3        2      560       1
                bssBANK5                            560      560       69      560       1
                bssCOMRAM                           556      556        8      501       1
                cinit                              4622     4622       54     1307       0
                nvBANK5                             5C9      5C9       1C      560       1
                idataBANK5                         4C28     4C28        2     1307       0

TOTAL           Name                               Link     Load   Length     Space
        CLASS   STACK          

        CLASS   CODE           
                init                                 1A       1A        4         0
                reset_vec                             0        0        4         0
                ivt0x8                                8        8       12         0
                text104                            4C4A     4C4A        2         0
                text103                            4C48     4C48        2         0
                text102                            4C46     4C46        2         0
                text101                            4C44     4C44        2         0
                text100                            4C42     4C42        2         0
                text99                             4C40     4C40        2         0
                text98                             4C3E     4C3E        2         0
                text97                             3A5C     3A5C      156         0
                text96                             4A2C     4A2C       1E         0
                text95                             4A7A     4A7A       18         0
                text94                             45C8     45C8       5A         0
                text93                             3442     3442      240         0
                text92                             3FBA     3FBA       EC         0
                text91                             4676     4676       52         0
                text90                             40A6     40A6       CA         0
                text89                             4C24     4C24        4         0
                text88                             4AE8     4AE8        C         0
                text87                             4ADC     4ADC        C         0
                text86                             3BB2     3BB2      10C         0
                text85                             260E     260E      4C0         0
                text84                             3DC8     3DC8      106         0
                text83                             442A     442A       74         0
                text82                             494E     494E       2A         0
                text81                             38A8     38A8      1B4         0
                text80                             3ECE     3ECE       EC         0
                text79                             456C     456C       5C         0
                text78                             31E4     31E4      25E         0
                text77                             4C1A     4C1A        6         0
                text76                             48F8     48F8       2C         0
                text75                             4C14     4C14        6         0
                text74                             47B0     47B0       32         0
                text73                             4BEE     4BEE        A         0
                text72                             4C0E     4C0E        6         0
                text71                             2ACE     2ACE      44E         0
                text70                             2F1C     2F1C      2C8         0
                text69                             4718     4718       34         0
                text68                             4C3C     4C3C        2         0
                text67                             477E     477E       32         0
                text66                             4C00     4C00        8         0
                text65                             4C3A     4C3A        2         0
                text64                             48CA     48CA       2E         0
                text63                             4BF8     4BF8        8         0
                text62                             4C38     4C38        2         0
                text61                             4C36     4C36        2         0
                text60                             4C34     4C34        2         0
                text59                             49C8     49C8       24         0
                text58                             4C32     4C32        2         0
                text57                             4C30     4C30        2         0
                text56                             4C2E     4C2E        2         0
                text55                             489C     489C       2E         0
                text54                             486E     486E       2E         0
                text53                             4170     4170       C0         0
                text52                             4C2C     4C2C        2         0
                text51                             4C2A     4C2A        2         0
                text50                             4840     4840       2E         0
                text49                             4AD0     4AD0        C         0
                text48                             3CBE     3CBE      10A         0
                text47                             4A0E     4A0E       1E         0
                text46                             4BE4     4BE4        A         0
                text45                             4BDA     4BDA        A         0
                text44                             4BD0     4BD0        A         0
                text43                             4BC6     4BC6        A         0
                text42                             4BBC     4BBC        A         0
                text41                             4BB2     4BB2        A         0
                text40                             3682     3682      226         0
                text39                             4ABC     4ABC       14         0
                text38                             4BA8     4BA8        A         0
                text37                             4B9E     4B9E        A         0
                text36                             4B94     4B94        A         0
                text35                             4B8A     4B8A        A         0
                text34                             4B80     4B80        A         0
                text33                             4B76     4B76        A         0
                text32                             4B6C     4B6C        A         0
                text31                             42C8     42C8       7A         0
                text30                             4B62     4B62        A         0
                text29                             4230     4230       98         0
                text28                             4B58     4B58        A         0
                text27                             4924     4924       2A         0
                text26                             49EC     49EC       22         0
                text25                             4812     4812       2E         0
                text24                             4AA8     4AA8       14         0
                text23                             4510     4510       5C         0
                text22                             4B4E     4B4E        A         0
                text21                             4A92     4A92       16         0
                text20                             4C20     4C20        4         0
                text19                             4A62     4A62       18         0
                text18                             449E     449E       72         0
                text17                             49A0     49A0       28         0
                text16                             4B44     4B44        A         0
                text15                             4B3A     4B3A        A         0
                text14                             4B30     4B30        A         0
                text13                             43B6     43B6       74         0
                text12                             4B26     4B26        A         0
                text11                             4B1C     4B1C        A         0
                text10                             4B12     4B12        A         0
                text9                              4342     4342       74         0
                text8                              4B08     4B08        A         0
                text7                              4978     4978       28         0
                text6                              4AFE     4AFE        A         0
                text5                              46C8     46C8       50         0
                text4                              4AF4     4AF4        A         0
                text3                              47E2     47E2       30         0
                text2                              474C     474C       32         0
                text1                              4C08     4C08        6         0
                text0                              4A4A     4A4A       18         0
                cinit                              4622     4622       54         0
                idataBANK5                         4C28     4C28        2         0

        CLASS   CONST          

        CLASS   SMALLCONST     
                smallconst                         2600     2600        E         0

        CLASS   MEDIUMCONST    

        CLASS   COMRAM         
                cstackCOMRAM                        501      501       55         1
                bssCOMRAM                           556      556        8         1

        CLASS   ABS1           

        CLASS   BIGRAM         

        CLASS   RAM            

        CLASS   BANK5          
                cstackBANK5                         5E5      5E5        E         1
                dataBANK5                           5F3      5F3        2         1
                bssBANK5                            560      560       69         1
                nvBANK5                             5C9      5C9       1C         1

        CLASS   BANK6          
                cstackBANK6                         608      608        4         1
                bssBANK6                            600      600        8         1

        CLASS   BANK7          

        CLASS   BANK8          

        CLASS   BANK9          

        CLASS   BANK10         

        CLASS   BANK11         

        CLASS   BANK12         

        CLASS   BANK13         

        CLASS   BANK14         

        CLASS   BANK15         

        CLASS   BANK16         

        CLASS   BANK17         

        CLASS   BANK18         

        CLASS   BANK19         

        CLASS   BANK20         

        CLASS   BANK21         

        CLASS   BANK22         

        CLASS   BANK23         

        CLASS   BANK24         

        CLASS   BANK25         

        CLASS   BANK26         

        CLASS   BANK27         

        CLASS   BANK28         

        CLASS   BANK29         

        CLASS   BANK30         

        CLASS   BANK31         

        CLASS   BANK32         

        CLASS   BANK33         

        CLASS   BANK34         

        CLASS   BANK35         

        CLASS   BANK36         

        CLASS   BANK37         

        CLASS   SFR            

        CLASS   CONFIG         
                config                           300000   300000       24         4

        CLASS   IDLOC          
                idloc                            200000   200000       20         5

        CLASS   EEDATA         

        CLASS   FARRAM         



SEGMENTS        Name                           Load    Length   Top    Selector   Space  Class

                reset_vec                      000000  000004  000004         0       0  CODE    
                ivt0x8                         000008  000016  00001E         4       0  CODE    
                cstackCOMRAM                   000501  00005D  00055E       501       1  COMRAM  
                bssBANK5                       000560  000095  0005F5       560       1  BANK5   
                bssBANK6                       000600  00000C  00060C       600       1  BANK6   
                smallconst                     002600  00000E  00260E      1300       0  SMALLCON
                text85                         00260E  00263E  004C4C      1307       0  CODE    


UNUSED ADDRESS RANGES

        Name                Unused          Largest block    Delta
        BANK10           000A00-000AFF              100
        BANK11           000B00-000BFF              100
        BANK12           000C00-000CFF              100
        BANK13           000D00-000DFF              100
        BANK14           000E00-000EFF              100
        BANK15           000F00-000FFF              100
        BANK16           001000-0010FF              100
        BANK17           001100-0011FF              100
        BANK18           001200-0012FF              100
        BANK19           001300-0013FF              100
        BANK20           001400-0014FF              100
        BANK21           001500-0015FF              100
        BANK22           001600-0016FF              100
        BANK23           001700-0017FF              100
        BANK24           001800-0018FF              100
        BANK25           001900-0019FF              100
        BANK26           001A00-001AFF              100
        BANK27           001B00-001BFF              100
        BANK28           001C00-001CFF              100
        BANK29           001D00-001DFF              100
        BANK30           001E00-001EFF              100
        BANK31           001F00-001FFF              100
        BANK32           002000-0020FF              100
        BANK33           002100-0021FF              100
        BANK34           002200-0022FF              100
        BANK35           002300-0023FF              100
        BANK36           002400-0024FF              100
        BANK37           002500-0025FF              100
        BANK5            0005F5-0005FF                B
        BANK6            00060C-0006FF               F4
        BANK7            000700-0007FF              100
        BANK8            000800-0008FF              100
        BANK9            000900-0009FF              100
        BIGRAM           00055E-00055F                2
                         0005F5-0005FF                B
                         00060C-0025FF             1FF4
        CODE             000004-000007                4
                         00001E-0025FF             25E2
                         004C4C-00FFFF             B3B4
        COMRAM           00055E-00055F                2
        CONST            000004-000007                4
                         00001E-0025FF             25E2
                         004C4C-00FFFF             B3B4
        EEDATA           380000-3803FF              400
        MEDIUMCONST      004C4C-00FFFF             B3B4
        RAM              0005F5-0005FF                B
                         00060C-0025FF              100
        SFR              000000-0004FF              100
        SMALLCONST       004C4C-00FFFF              100
        STACK            00060C-0025FF             1FF4

                                  Symbol Table

?_ADC_GetSingleConversion                                     cstackCOMRAM 000501
?___aldiv                                                     cstackCOMRAM 000501
?___fladd                                                     cstackCOMRAM 000528
?___flmul                                                     cstackCOMRAM 00050F
?___fltol                                                     cstackCOMRAM 000538
?___lwdiv                                                     cstackCOMRAM 000501
?___wmul                                                      cstackCOMRAM 000501
?___xxtofl                                                    cstackCOMRAM 000501
ADC_GetSingleConversion@channel                               cstackCOMRAM 000505
ADC_SelectContext@context                                     cstackCOMRAM 000501
ADC_SetADIInterruptHandler@InterruptHandler                   cstackBANK6  000608
ADC_SetActiveClockTuningInterruptHandler@InterruptHandler     cstackBANK6  000608
ADC_SetContext1ThresholdInterruptHandler@InterruptHandler     cstackBANK6  000608
ADC_SetContext2ThresholdInterruptHandler@InterruptHandler     cstackBANK6  000608
ADC_SetContext3ThresholdInterruptHandler@InterruptHandler     cstackBANK6  000608
ADC_SetContext4ThresholdInterruptHandler@InterruptHandler     cstackBANK6  000608
ANALOG_GetVoltage@ucEntradaAnalogica                          cstackCOMRAM 000544
ANALOG_GetVoltage@ucFlag                                      cstackCOMRAM 000546
ANALOG_GetVoltage@ucValor                                     cstackCOMRAM 000545
ANALOG_GetVoltage@uiValorAnalog                               cstackCOMRAM 000547
ANALOG_GetVoltage@uiValorCalculado                            cstackCOMRAM 000549
ANALOG_GetVoltage@uiValorVoltage                              cstackCOMRAM 00054B
CAN1_OperationModeSet@opMode                                  cstackBANK6  000608
CAN1_OperationModeSet@requestMode                             cstackBANK6  00060A
CAN1_OperationModeSet@status                                  cstackBANK6  000609
CAN1_RX_FIFO_ResetInfo@index                                  cstackBANK6  000608
CAN1_Receive@index                                            cstackCOMRAM 000525
CAN1_Receive@rxCanMsg                                         cstackCOMRAM 000522
CAN1_Receive@status                                           cstackCOMRAM 000524
CAN1_ReceivedMessageCountGet@channel                          cstackCOMRAM 000506
CAN1_ReceivedMessageCountGet@fifoDepth                        cstackCOMRAM 000507
CAN1_ReceivedMessageCountGet@fifoHead                         cstackCOMRAM 000509
CAN1_ReceivedMessageCountGet@fifoTail                         cstackCOMRAM 000508
CAN1_ReceivedMessageCountGet@index                            cstackCOMRAM 00050A
CAN1_ReceivedMessageCountGet@numOfMsg                         cstackCOMRAM 000504
CAN1_ReceivedMessageCountGet@rxMsgStatus                      cstackCOMRAM 000505
CAN1_ReceivedMessageCountGet@totalMsgObj                      cstackCOMRAM 000503
CAN1_SetBusErrorInterruptHandler@handler                      cstackBANK6  000608
CAN1_SetBusWakeUpActivityInterruptHandler@handler             cstackBANK6  000608
CAN1_SetFIFO1NotEmptyHandler@handler                          cstackBANK6  000608
CAN1_SetInvalidMessageInterruptHandler@handler                cstackBANK6  000608
CAN1_SetModeChangeInterruptHandler@handler                    cstackBANK6  000608
CAN1_SetRxBufferOverFlowInterruptHandler@handler              cstackBANK6  000608
CAN1_SetSystemErrorInterruptHandler@handler                   cstackBANK6  000608
CAN1_SetTxAttemptInterruptHandler@handler                     cstackBANK6  000608
CANReadMessage@data1                                          cstackBANK5  0005F2
CANReadMessage@data2                                          cstackBANK5  0005F1
CANReadMessage@data3                                          cstackBANK5  0005F0
CANReadMessage@data4                                          cstackBANK5  0005EE
CANReadMessage@data5                                          cstackBANK5  0005EF
CANReadMessage@data6                                          cstackBANK5  0005ED
CANReadMessage@data7                                          cstackBANK5  0005EB
CANReadMessage@data8                                          cstackBANK5  0005EC
CANReadMessage@id                                             cstackBANK5  0005E7
GPIO_PWM1_Control@uiConvertedDC                               cstackCOMRAM 00054A
GPIO_PWM1_Control@uiConvertedPeriod                           cstackCOMRAM 000548
GPIO_PWM1_Control@uiDutyCycle                                 cstackCOMRAM 000542
GPIO_PWM1_Control@uiFreq                                      cstackCOMRAM 000544
GetRxFifoDepth@validChannel                                   cstackCOMRAM 000502
GetRxFifoStatus@validChannel                                  cstackCOMRAM 000501
INT0_SetInterruptHandler@InterruptHandler                     cstackBANK6  000608
IVTBASEH                                                      (abs)        00045E
IVTBASEL                                                      (abs)        00045D
IVTBASEU                                                      (abs)        00045F
PWM1_16BIT_Period_SetInterruptHandler@InterruptHandler        cstackBANK6  000608
PWM1_16BIT_SetSlice1Output1DutyCycleRegister@registerValue    cstackCOMRAM 000501
PWM1_16BIT_Slice1Output1_SetInterruptHandler@InterruptHandler cstackBANK6  000608
PWM1_16BIT_Slice1Output2_SetInterruptHandler@InterruptHandler cstackBANK6  000608
PWM1_16BIT_WritePeriodRegister@periodCount                    cstackCOMRAM 000501
PWM2_16BIT_Period_SetInterruptHandler@InterruptHandler        cstackBANK6  000608
PWM2_16BIT_Slice1Output1_SetInterruptHandler@InterruptHandler cstackBANK6  000608
PWM2_16BIT_Slice1Output2_SetInterruptHandler@InterruptHandler cstackBANK6  000608
ReadMessageFromFifo@msgId                                     cstackCOMRAM 000513
ReadMessageFromFifo@rxCanMsg                                  cstackCOMRAM 00050E
ReadMessageFromFifo@rxFifoObj                                 cstackCOMRAM 00050C
ReadMessageFromFifo@status                                    cstackCOMRAM 000517
Receive@channel                                               cstackCOMRAM 000518
Receive@index                                                 cstackCOMRAM 000521
Receive@rxCanMsg                                              cstackCOMRAM 000519
Receive@rxFifoObj                                             cstackCOMRAM 00051E
Receive@rxMsgStatus                                           cstackCOMRAM 000520
Receive@status                                                cstackCOMRAM 00051D
SERVICEBRAKE_Move@ucTargetMove                                cstackCOMRAM 00054C
TMR0_SetInterruptHandler@InterruptHandler                     cstackBANK6  000608
TMR1_SetInterruptHandler@InterruptHandler                     cstackBANK6  000608
TMR1_WriteTimer@timerVal                                      cstackCOMRAM 000501
TMR2_SetInterruptHandler@InterruptHandler                     cstackBANK6  000608
_ADACCH                                                       (abs)        0003E4
_ADACCL                                                       (abs)        0003E3
_ADACCU                                                       (abs)        0003E5
_ADACQH                                                       (abs)        0003EF
_ADACQL                                                       (abs)        0003EE
_ADACT                                                        (abs)        0003F9
_ADACTPPS                                                     (abs)        000269
_ADCAP                                                        (abs)        0003F0
_ADCLK                                                        (abs)        0003FA
_ADCNT                                                        (abs)        0003E6
_ADCON0                                                       (abs)        0003F3
_ADCON0bits                                                   (abs)        0003F3
_ADCON1                                                       (abs)        0003F4
_ADCON1bits                                                   (abs)        0003F4
_ADCON2                                                       (abs)        0003F5
_ADCON2bits                                                   (abs)        0003F5
_ADCON3                                                       (abs)        0003F6
_ADCON3bits                                                   (abs)        0003F6
_ADCP                                                         (abs)        0003D8
_ADCPbits                                                     (abs)        0003D8
_ADCSEL1                                                      (abs)        0003FC
_ADCSEL1bits                                                  (abs)        0003FC
_ADCSEL2                                                      (abs)        0003FD
_ADCSEL2bits                                                  (abs)        0003FD
_ADCSEL3                                                      (abs)        0003FE
_ADCSEL3bits                                                  (abs)        0003FE
_ADCSEL4                                                      (abs)        0003FF
_ADCSEL4bits                                                  (abs)        0003FF
_ADCTX                                                        (abs)        0003FB
_ADC_ActiveClockTuning_ISR                                    nvBANK5      0005D7
_ADC_Context1Thereshld_ISR                                    nvBANK5      0005DF
_ADC_Context2Thereshld_ISR                                    nvBANK5      0005DD
_ADC_Context3Thereshld_ISR                                    nvBANK5      0005DB
_ADC_Context4Thereshld_ISR                                    nvBANK5      0005D9
_ADC_ConversionComplete_ISR                                   nvBANK5      0005E1
_ADC_DefaultADI_ISR                                           (abs)        000000
_ADC_DefaultActiveClockTuning_ISR                             (abs)        000000
_ADC_DefaultContext1Threshold_ISR                             (abs)        000000
_ADC_DefaultContext2Threshold_ISR                             (abs)        000000
_ADC_DefaultContext3Threshold_ISR                             (abs)        000000
_ADC_DefaultContext4Threshold_ISR                             (abs)        000000
_ADC_DisableChannelSequencer                                  text75       004C14
_ADC_GetSingleConversion                                      text74       0047B0
_ADC_Initialize                                               text40       003682
_ADC_SelectContext                                            text73       004BEE
_ADC_SetADIInterruptHandler                                   text46       004BE4
_ADC_SetActiveClockTuningInterruptHandler                     text45       004BDA
_ADC_SetContext1ThresholdInterruptHandler                     text44       004BD0
_ADC_SetContext2ThresholdInterruptHandler                     text43       004BC6
_ADC_SetContext3ThresholdInterruptHandler                     text42       004BBC
_ADC_SetContext4ThresholdInterruptHandler                     text41       004BB2
_ADC_StopConversion                                           text72       004C0E
_ADERRH                                                       (abs)        0003DE
_ADERRL                                                       (abs)        0003DD
_ADFLTRH                                                      (abs)        0003E2
_ADFLTRL                                                      (abs)        0003E1
_ADLTHH                                                       (abs)        0003DA
_ADLTHL                                                       (abs)        0003D9
_ADPCH                                                        (abs)        0003EC
_ADPREH                                                       (abs)        0003F2
_ADPREL                                                       (abs)        0003F1
_ADPREVH                                                      (abs)        0003E9
_ADPREVL                                                      (abs)        0003E8
_ADREF                                                        (abs)        0003F8
_ADRESH                                                       (abs)        0003EB
_ADRESL                                                       (abs)        0003EA
_ADRPT                                                        (abs)        0003E7
_ADSTAT                                                       (abs)        0003F7
_ADSTATbits                                                   (abs)        0003F7
_ADSTPTH                                                      (abs)        0003E0
_ADSTPTL                                                      (abs)        0003DF
_ADUTHH                                                       (abs)        0003DC
_ADUTHL                                                       (abs)        0003DB
_ANALOG_GetVoltage                                            text70       002F1C
_ANSELA                                                       (abs)        000400
_ANSELAbits                                                   (abs)        000400
_ANSELB                                                       (abs)        000408
_ANSELC                                                       (abs)        000410
_ANSELCbits                                                   (abs)        000410
_C1CONH                                                       (abs)        000101
_C1CONHbits                                                   (abs)        000101
_C1CONL                                                       (abs)        000100
_C1CONTbits                                                   (abs)        000103
_C1CONU                                                       (abs)        000102
_C1CONUbits                                                   (abs)        000102
_C1FIFOBA                                                     (abs)        00014C
_C1FIFOCON1H                                                  (abs)        00015D
_C1FIFOCON1L                                                  (abs)        00015C
_C1FIFOCON1T                                                  (abs)        00015F
_C1FIFOCON1U                                                  (abs)        00015E
_C1FIFOSTA1Lbits                                              (abs)        000160
_C1FLTCON0H                                                   (abs)        000181
_C1FLTOBJ1H                                                   (abs)        000195
_C1FLTOBJ1L                                                   (abs)        000194
_C1FLTOBJ1T                                                   (abs)        000197
_C1FLTOBJ1U                                                   (abs)        000196
_C1INTH                                                       (abs)        00011D
_C1INTHbits                                                   (abs)        00011D
_C1INTL                                                       (abs)        00011C
_C1INTLbits                                                   (abs)        00011C
_C1INTT                                                       (abs)        00011F
_C1INTTbits                                                   (abs)        00011F
_C1INTU                                                       (abs)        00011E
_C1INTUbits                                                   (abs)        00011E
_C1MASK1H                                                     (abs)        000199
_C1MASK1L                                                     (abs)        000198
_C1MASK1T                                                     (abs)        00019B
_C1MASK1U                                                     (abs)        00019A
_C1NBTCFGH                                                    (abs)        000105
_C1NBTCFGL                                                    (abs)        000104
_C1NBTCFGT                                                    (abs)        000107
_C1NBTCFGU                                                    (abs)        000106
_C1TRECUbits                                                  (abs)        000136
_C1TXQCONH                                                    (abs)        000151
_C1TXQCONL                                                    (abs)        000150
_C1TXQCONT                                                    (abs)        000153
_C1TXQCONU                                                    (abs)        000152
_C1TXQSTALbits                                                (abs)        000154
_CAN1_BitRateConfiguration                                    text39       004ABC
_CAN1_BusErrorHandler                                         bssBANK5     000586
_CAN1_BusWakeUpActivityHandler                                bssBANK5     000588
_CAN1_ErrorNotificationInterruptEnable                        text31       0042C8
_CAN1_FIFO1NotEmptyHandler                                    bssBANK5     00058C
_CAN1_ISR                                                     text97       003A5C
_CAN1_Initialize                                              text23       004510
_CAN1_InvalidMessageHandler                                   bssBANK5     00058A
_CAN1_ModeChangeHandler                                       bssBANK5     000584
_CAN1_OperationModeGet                                        text30       004B62
_CAN1_OperationModeSet                                        text29       004230
_CAN1_RXI_ISR                                                 text76       0048F8
_CAN1_RX_FIFO_Configuration                                   text27       004924
_CAN1_RX_FIFO_FilterMaskConfiguration                         text26       0049EC
_CAN1_RX_FIFO_ResetInfo                                       text25       004812
_CAN1_Receive                                                 text91       004676
_CAN1_ReceivedMessageCountGet                                 text90       0040A6
_CAN1_RxBufferOverflowHandler                                 bssBANK5     00057E
_CAN1_SetBusErrorInterruptHandler                             text38       004BA8
_CAN1_SetBusWakeUpActivityInterruptHandler                    text37       004B9E
_CAN1_SetFIFO1NotEmptyHandler                                 text28       004B58
_CAN1_SetInvalidMessageInterruptHandler                       text36       004B94
_CAN1_SetModeChangeInterruptHandler                           text35       004B8A
_CAN1_SetRxBufferOverFlowInterruptHandler                     text34       004B80
_CAN1_SetSystemErrorInterruptHandler                          text33       004B76
_CAN1_SetTxAttemptInterruptHandler                            text32       004B6C
_CAN1_SystemErrorHandler                                      bssBANK5     000582
_CAN1_TX_FIFO_Configuration                                   text24       004AA8
_CAN1_TxAttemptHandler                                        bssBANK5     000580
_CANDATAdata                                                  bssBANK5     0005B3
_CANRXPPS                                                     (abs)        00023D
_CANReadMessage                                               text78       0031E4
_DLC_BYTES                                                    smallconst   002601
_DefaultBusErrorHandler                                       text104      004C4A
_DefaultBusWakeUpActivityHandler                              text103      004C48
_DefaultFIFO1NotEmptyHandler                                  text77       004C1A
_DefaultInvalidMessageHandler                                 text102      004C46
_DefaultModeChangeHandler                                     text101      004C44
_DefaultRxBufferOverflowHandler                               text100      004C42
_DefaultSystemErrorHandler                                    text99       004C40
_DefaultTxAttemptHandler                                      text98       004C3E
_EXT_INT_Initialize                                           text21       004A92
_GPIO_BrakePedalAtRest                                        text69       004718
_GPIO_Init                                                    text47       004A0E
_GPIO_PWM1_Control                                            text80       003ECE
_GetRxFifoDepth                                               text96       004A2C
_GetRxFifoStatus                                              text95       004A7A
_HDRPRES_max                                                  bssCOMRAM    000559
_HDRPRES_min                                                  bssCOMRAM    00055A
_INLVLA                                                       (abs)        000404
_INLVLB                                                       (abs)        00040C
_INLVLC                                                       (abs)        000414
_INLVLE                                                       (abs)        000424
_INT0PPS                                                      (abs)        00023E
_INT0_CallBack                                                text67       00477E
_INT0_DefaultInterruptHandler                                 text68       004C3C
_INT0_ISR                                                     text66       004C00
_INT0_InterruptHandler                                        nvBANK5      0005E3
_INT0_SetInterruptHandler                                     text22       004B4E
_INTCON0bits                                                  (abs)        0004D6
_INTERRUPT_Initialize                                         text20       004C20
_INTERRUPT_InterruptManager                                   text48       003CBE
_LATA                                                         (abs)        0004BE
_LATAbits                                                     (abs)        0004BE
_LATB                                                         (abs)        0004BF
_LATBbits                                                     (abs)        0004BF
_LATC                                                         (abs)        0004C0
_NPRES_max                                                    bssBANK5     000594
_NPRES_min                                                    bssCOMRAM    000558
_ODCONA                                                       (abs)        000402
_ODCONB                                                       (abs)        00040A
_ODCONC                                                       (abs)        000412
_OSCCON1                                                      (abs)        0000AD
_OSCCON3                                                      (abs)        0000AF
_OSCEN                                                        (abs)        0000B3
_OSCFRQ                                                       (abs)        0000B1
_OSCILLATOR_Initialize                                        text19       004A62
_OSCTUNE                                                      (abs)        0000B0
_PIE0bits                                                     (abs)        00049E
_PIE1bits                                                     (abs)        00049F
_PIE3bits                                                     (abs)        0004A1
_PIE4bits                                                     (abs)        0004A2
_PIE5bits                                                     (abs)        0004A3
_PIN_MANAGER_Initialize                                       text18       00449E
_PIR0bits                                                     (abs)        0004AE
_PIR1bits                                                     (abs)        0004AF
_PIR2bits                                                     (abs)        0004B0
_PIR3bits                                                     (abs)        0004B1
_PIR4bits                                                     (abs)        0004B2
_PIR5bits                                                     (abs)        0004B3
_PMD0                                                         (abs)        000060
_PMD1                                                         (abs)        000061
_PMD2                                                         (abs)        000062
_PMD3                                                         (abs)        000063
_PMD4                                                         (abs)        000064
_PMD5                                                         (abs)        000065
_PMD6                                                         (abs)        000066
_PMD7                                                         (abs)        000067
_PMD8                                                         (abs)        000068
_PMD_Initialize                                               text17       0049A0
_PORTAbits                                                    (abs)        0004CE
_PORTCbits                                                    (abs)        0004D0
_PR2                                                          (abs)        000323
_PWM1CLK                                                      (abs)        000461
_PWM1CON                                                      (abs)        000469
_PWM1CONbits                                                  (abs)        000469
_PWM1CPRE                                                     (abs)        000465
_PWM1ERS                                                      (abs)        000460
_PWM1GIE                                                      (abs)        000468
_PWM1GIEbits                                                  (abs)        000468
_PWM1GIR                                                      (abs)        000467
_PWM1GIRbits                                                  (abs)        000467
_PWM1LDS                                                      (abs)        000462
_PWM1PIPOS                                                    (abs)        000466
_PWM1PRH                                                      (abs)        000464
_PWM1PRL                                                      (abs)        000463
_PWM1S1CFG                                                    (abs)        00046A
_PWM1S1P1H                                                    (abs)        00046C
_PWM1S1P1L                                                    (abs)        00046B
_PWM1S1P2H                                                    (abs)        00046E
_PWM1S1P2L                                                    (abs)        00046D
_PWM1_16BIT_Initialize                                        text13       0043B6
_PWM1_16BIT_LoadBufferRegisters                               text89       004C24
_PWM1_16BIT_Period_DefaultInterruptHandler                    (abs)        000000
_PWM1_16BIT_Period_InterruptHandler                           bssBANK5     00058E
_PWM1_16BIT_Period_SetInterruptHandler                        text16       004B44
_PWM1_16BIT_SetSlice1Output1DutyCycleRegister                 text88       004AE8
_PWM1_16BIT_Slice1Output1_DefaultInterruptHandler             (abs)        000000
_PWM1_16BIT_Slice1Output1_InterruptHandler                    bssBANK5     000592
_PWM1_16BIT_Slice1Output1_SetInterruptHandler                 text15       004B3A
_PWM1_16BIT_Slice1Output2_DefaultInterruptHandler             (abs)        000000
_PWM1_16BIT_Slice1Output2_InterruptHandler                    bssBANK5     000590
_PWM1_16BIT_Slice1Output2_SetInterruptHandler                 text14       004B30
_PWM1_16BIT_WritePeriodRegister                               text87       004ADC
_PWM2CLK                                                      (abs)        000470
_PWM2CON                                                      (abs)        000478
_PWM2CONbits                                                  (abs)        000478
_PWM2CPRE                                                     (abs)        000474
_PWM2ERS                                                      (abs)        00046F
_PWM2GIE                                                      (abs)        000477
_PWM2GIEbits                                                  (abs)        000477
_PWM2GIR                                                      (abs)        000476
_PWM2GIRbits                                                  (abs)        000476
_PWM2LDS                                                      (abs)        000471
_PWM2PIPOS                                                    (abs)        000475
_PWM2PRH                                                      (abs)        000473
_PWM2PRL                                                      (abs)        000472
_PWM2S1CFG                                                    (abs)        000479
_PWM2S1P1H                                                    (abs)        00047B
_PWM2S1P1L                                                    (abs)        00047A
_PWM2S1P2H                                                    (abs)        00047D
_PWM2S1P2L                                                    (abs)        00047C
_PWM2_16BIT_Initialize                                        text9        004342
_PWM2_16BIT_Period_DefaultInterruptHandler                    (abs)        000000
_PWM2_16BIT_Period_InterruptHandler                           nvBANK5      0005D1
_PWM2_16BIT_Period_SetInterruptHandler                        text12       004B26
_PWM2_16BIT_Slice1Output1_DefaultInterruptHandler             (abs)        000000
_PWM2_16BIT_Slice1Output1_InterruptHandler                    nvBANK5      0005D5
_PWM2_16BIT_Slice1Output1_SetInterruptHandler                 text11       004B1C
_PWM2_16BIT_Slice1Output2_DefaultInterruptHandler             (abs)        000000
_PWM2_16BIT_Slice1Output2_InterruptHandler                    nvBANK5      0005D3
_PWM2_16BIT_Slice1Output2_SetInterruptHandler                 text10       004B12
_RB4PPS                                                       (abs)        00020D
_RC0PPS                                                       (abs)        000211
_RC1PPS                                                       (abs)        000212
_ReadMessageFromFifo                                          text93       003442
_Receive                                                      text92       003FBA
_SERVICEBRAKE_Move                                            text79       00456C
_SLRCONA                                                      (abs)        000403
_SLRCONB                                                      (abs)        00040B
_SLRCONC                                                      (abs)        000413
_SYSTEM_Initialize                                            text2        00474C
_T0CON0                                                       (abs)        00031A
_T0CON0bits                                                   (abs)        00031A
_T0CON1                                                       (abs)        00031B
_T1CLK                                                        (abs)        000321
_T1CON                                                        (abs)        00031E
_T1CONbits                                                    (abs)        00031E
_T1GATE                                                       (abs)        000320
_T1GCON                                                       (abs)        00031F
_T1GCONbits                                                   (abs)        00031F
_T2CLKCON                                                     (abs)        000326
_T2CON                                                        (abs)        000324
_T2CONbits                                                    (abs)        000324
_T2HLT                                                        (abs)        000325
_T2HLTbits                                                    (abs)        000325
_T2PR                                                         (abs)        000323
_T2RST                                                        (abs)        000327
_T2RSTbits                                                    (abs)        000327
_T2TMR                                                        (abs)        000322
_TEMPORIZATION_100ms                                          text62       004C38
_TEMPORIZATION_10ms                                           text52       004C2C
_TEMPORIZATION_10s                                            text61       004C36
_TEMPORIZATION_1mins                                          text60       004C34
_TEMPORIZATION_1s                                             text59       0049C8
_TEMPORIZATION_30s                                            text58       004C32
_TEMPORIZATION_500ms                                          text57       004C30
_TMR0H                                                        (abs)        000319
_TMR0L                                                        (abs)        000318
_TMR0_CallBack                                                text64       0048CA
_TMR0_DefaultInterruptHandler                                 text65       004C3A
_TMR0_ISR                                                     text63       004BF8
_TMR0_Initialize                                              text7        004978
_TMR0_InterruptHandler                                        nvBANK5      0005C9
_TMR0_SetInterruptHandler                                     text8        004B08
_TMR0_StopTimer                                               text1        004C08
_TMR1H                                                        (abs)        00031D
_TMR1L                                                        (abs)        00031C
_TMR1_CallBack                                                text55       00489C
_TMR1_DefaultInterruptHandler                                 text56       004C2E
_TMR1_ISR                                                     text53       004170
_TMR1_Initialize                                              text5        0046C8
_TMR1_InterruptHandler                                        nvBANK5      0005CD
_TMR1_SetInterruptHandler                                     text6        004AFE
_TMR1_WriteTimer                                              text54       00486E
_TMR2                                                         (abs)        000322
_TMR2_CallBack                                                text50       004840
_TMR2_DefaultInterruptHandler                                 text51       004C2A
_TMR2_ISR                                                     text49       004AD0
_TMR2_Initialize                                              text3        0047E2
_TMR2_InterruptHandler                                        nvBANK5      0005CB
_TMR2_SetInterruptHandler                                     text4        004AF4
_TRISA                                                        (abs)        0004C6
_TRISAbits                                                    (abs)        0004C6
_TRISB                                                        (abs)        0004C7
_TRISBbits                                                    (abs)        0004C7
_TRISC                                                        (abs)        0004C8
_TRISCbits                                                    (abs)        0004C8
_TRISE                                                        (abs)        0004CA
_WPUA                                                         (abs)        000401
_WPUB                                                         (abs)        000409
_WPUC                                                         (abs)        000411
_WPUE                                                         (abs)        000421
__HRAM                                                        (abs)        000000
__Habs1                                                       abs1         000000
__Hbank10                                                     bank10       000000
__Hbank11                                                     bank11       000000
__Hbank12                                                     bank12       000000
__Hbank13                                                     bank13       000000
__Hbank14                                                     bank14       000000
__Hbank15                                                     bank15       000000
__Hbank16                                                     bank16       000000
__Hbank17                                                     bank17       000000
__Hbank18                                                     bank18       000000
__Hbank19                                                     bank19       000000
__Hbank20                                                     bank20       000000
__Hbank21                                                     bank21       000000
__Hbank22                                                     bank22       000000
__Hbank23                                                     bank23       000000
__Hbank24                                                     bank24       000000
__Hbank25                                                     bank25       000000
__Hbank26                                                     bank26       000000
__Hbank27                                                     bank27       000000
__Hbank28                                                     bank28       000000
__Hbank29                                                     bank29       000000
__Hbank30                                                     bank30       000000
__Hbank31                                                     bank31       000000
__Hbank32                                                     bank32       000000
__Hbank33                                                     bank33       000000
__Hbank34                                                     bank34       000000
__Hbank35                                                     bank35       000000
__Hbank36                                                     bank36       000000
__Hbank37                                                     bank37       000000
__Hbank5                                                      bank5        000000
__Hbank6                                                      bank6        000000
__Hbank7                                                      bank7        000000
__Hbank8                                                      bank8        000000
__Hbank9                                                      bank9        000000
__Hbigbss                                                     bigbss       000000
__Hbigdata                                                    bigdata      000000
__Hbigram                                                     bigram       000000
__Hbss                                                        bss          000000
__HbssBANK5                                                   bssBANK5     000000
__HbssBANK6                                                   bssBANK6     000000
__HbssCOMRAM                                                  bssCOMRAM    000000
__Hcinit                                                      cinit        000000
__Hclrtext                                                    clrtext      000000
__Hcomram                                                     comram       000000
__Hconfig                                                     config       300024
__Hconst                                                      const        000000
__HcstackBANK5                                                cstackBANK5  000000
__HcstackBANK6                                                cstackBANK6  000000
__HcstackCOMRAM                                               cstackCOMRAM 000000
__Hdata                                                       data         000000
__HdataBANK5                                                  dataBANK5    000000
__Heeprom_data                                                eeprom_data  000000
__Hfarbss                                                     farbss       000000
__Hfardata                                                    fardata      000000
__Hibigdata                                                   ibigdata     000000
__Hidata                                                      idata        000000
__HidataBANK5                                                 idataBANK5   000000
__Hidloc                                                      idloc        200020
__Hifardata                                                   ifardata     000000
__Hinit                                                       init         00001E
__Hintsave_regs                                               intsave_regs 000000
__Hirdata                                                     irdata       000000
__Hivt0x8                                                     ivt0x8       00001A
__Hmediumconst                                                mediumconst  000000
__HnvBANK5                                                    nvBANK5      000000
__HnvFARRAM                                                   nvFARRAM     000000
__Hnvbit                                                      nvbit        000000
__Hnvrram                                                     nvrram       000000
__Hparam                                                      rparam       000000
__Hpowerup                                                    powerup      000000
__Hram                                                        ram          000000
__Hramtop                                                     ramtop       002600
__Hrbit                                                       rbit         000000
__Hrbss                                                       rbss         000000
__Hrdata                                                      rdata        000000
__Hreset_vec                                                  reset_vec    000004
__Hrparam                                                     rparam       000000
__Hsfr                                                        sfr          000000
__Hsmallconst                                                 smallconst   00260E
__Hspace_0                                                    (abs)        004C4C
__Hspace_1                                                    (abs)        00060C
__Hspace_2                                                    (abs)        000000
__Hspace_4                                                    (abs)        600024
__Hstack                                                      stack        000000
__Hstruct                                                     struct       000000
__Htemp                                                       temp         000000
__Htext                                                       text         000000
__Htext0                                                      text0        000000
__Htext1                                                      text1        000000
__Htext10                                                     text10       000000
__Htext100                                                    text100      000000
__Htext101                                                    text101      000000
__Htext102                                                    text102      000000
__Htext103                                                    text103      000000
__Htext104                                                    text104      000000
__Htext105                                                    text105      000000
__Htext11                                                     text11       000000
__Htext12                                                     text12       000000
__Htext13                                                     text13       000000
__Htext14                                                     text14       000000
__Htext15                                                     text15       000000
__Htext16                                                     text16       000000
__Htext17                                                     text17       000000
__Htext18                                                     text18       000000
__Htext19                                                     text19       000000
__Htext2                                                      text2        000000
__Htext20                                                     text20       000000
__Htext21                                                     text21       000000
__Htext22                                                     text22       000000
__Htext23                                                     text23       000000
__Htext24                                                     text24       000000
__Htext25                                                     text25       000000
__Htext26                                                     text26       000000
__Htext27                                                     text27       000000
__Htext28                                                     text28       000000
__Htext29                                                     text29       000000
__Htext3                                                      text3        000000
__Htext30                                                     text30       000000
__Htext31                                                     text31       000000
__Htext32                                                     text32       000000
__Htext33                                                     text33       000000
__Htext34                                                     text34       000000
__Htext35                                                     text35       000000
__Htext36                                                     text36       000000
__Htext37                                                     text37       000000
__Htext38                                                     text38       000000
__Htext39                                                     text39       000000
__Htext4                                                      text4        000000
__Htext40                                                     text40       000000
__Htext41                                                     text41       000000
__Htext42                                                     text42       000000
__Htext43                                                     text43       000000
__Htext44                                                     text44       000000
__Htext45                                                     text45       000000
__Htext46                                                     text46       000000
__Htext47                                                     text47       000000
__Htext48                                                     text48       000000
__Htext49                                                     text49       000000
__Htext5                                                      text5        000000
__Htext50                                                     text50       000000
__Htext51                                                     text51       000000
__Htext52                                                     text52       000000
__Htext53                                                     text53       000000
__Htext54                                                     text54       000000
__Htext55                                                     text55       000000
__Htext56                                                     text56       000000
__Htext57                                                     text57       000000
__Htext58                                                     text58       000000
__Htext59                                                     text59       000000
__Htext6                                                      text6        000000
__Htext60                                                     text60       000000
__Htext61                                                     text61       000000
__Htext62                                                     text62       000000
__Htext63                                                     text63       000000
__Htext64                                                     text64       000000
__Htext65                                                     text65       000000
__Htext66                                                     text66       000000
__Htext67                                                     text67       000000
__Htext68                                                     text68       000000
__Htext69                                                     text69       000000
__Htext7                                                      text7        000000
__Htext70                                                     text70       000000
__Htext71                                                     text71       000000
__Htext72                                                     text72       000000
__Htext73                                                     text73       000000
__Htext74                                                     text74       000000
__Htext75                                                     text75       000000
__Htext76                                                     text76       000000
__Htext77                                                     text77       000000
__Htext78                                                     text78       000000
__Htext79                                                     text79       000000
__Htext8                                                      text8        000000
__Htext80                                                     text80       000000
__Htext81                                                     text81       000000
__Htext82                                                     text82       000000
__Htext83                                                     text83       000000
__Htext84                                                     text84       000000
__Htext85                                                     text85       000000
__Htext86                                                     text86       000000
__Htext87                                                     text87       000000
__Htext88                                                     text88       000000
__Htext89                                                     text89       000000
[...]
      Temps:          0       0       0       0       0       0       0       0       0       0       0       0       0       0       0       0       0       0       0       0       0       0       0       0       0       0       0       0       0       0       0       0       0       0
      Totals:         0       0       0       0       0       0       0       0       0       0       0       0       0       0       0       0       0       0       0       0       0       0       0       0       0       0       0       0       0       0       0       0       0       0
Total ram usage:        0 bytes
 Hardware stack levels used:    1
 This function calls:
		Nothing
 This function is called by:
		_CAN1_ErrorNotificationInterruptEnable
		_CAN1_ISR
 This function uses a non-reentrant model


 *************** function _DefaultRxBufferOverflowHandler *****************
 Defined at:
		line 149 in file "mcc_generated_files/can1.c"
 Parameters:    Size  Location     Type
		None
 Auto vars:     Size  Location     Type
		None
 Return value:  Size  Location     Type
                  1    wreg      void 
 Registers used:
		None
 Tracked objects:
		On entry : 
		On exit  : 
		Unchanged: 
 Data sizes:     COMRAM   BANK5   BANK6   BANK7   BANK8   BANK9  BANK10  BANK11  BANK12  BANK13  BANK14  BANK15  BANK16  BANK17  BANK18  BANK19  BANK20  BANK21  BANK22  BANK23  BANK24  BANK25  BANK26  BANK27  BANK28  BANK29  BANK30  BANK31  BANK32  BANK33  BANK34  BANK35  BANK36  BANK37
      Params:         0       0       0       0       0       0       0       0       0       0       0       0       0       0       0       0       0       0       0       0       0       0       0       0       0       0       0       0       0       0       0       0       0       0
      Locals:         0       0       0       0       0       0       0       0       0       0       0       0       0       0       0       0       0       0       0       0       0       0       0       0       0       0       0       0       0       0       0       0       0       0
      Temps:          0       0       0       0       0       0       0       0       0       0       0       0       0       0       0       0       0       0       0       0       0       0       0       0       0       0       0       0       0       0       0       0       0       0
      Totals:         0       0       0       0       0       0       0       0       0       0       0       0       0       0       0       0       0       0       0       0       0       0       0       0       0       0       0       0       0       0       0       0       0       0
Total ram usage:        0 bytes
 Hardware stack levels used:    1
 This function calls:
		Nothing
 This function is called by:
		_CAN1_ErrorNotificationInterruptEnable
		_CAN1_ISR
 This function uses a non-reentrant model


 *************** function _DefaultModeChangeHandler *****************
 Defined at:
		line 137 in file "mcc_generated_files/can1.c"
 Parameters:    Size  Location     Type
		None
 Auto vars:     Size  Location     Type
		None
 Return value:  Size  Location     Type
                  1    wreg      void 
 Registers used:
		None
 Tracked objects:
		On entry : 
		On exit  : 
		Unchanged: 
 Data sizes:     COMRAM   BANK5   BANK6   BANK7   BANK8   BANK9  BANK10  BANK11  BANK12  BANK13  BANK14  BANK15  BANK16  BANK17  BANK18  BANK19  BANK20  BANK21  BANK22  BANK23  BANK24  BANK25  BANK26  BANK27  BANK28  BANK29  BANK30  BANK31  BANK32  BANK33  BANK34  BANK35  BANK36  BANK37
      Params:         0       0       0       0       0       0       0       0       0       0       0       0       0       0       0       0       0       0       0       0       0       0       0       0       0       0       0       0       0       0       0       0       0       0
      Locals:         0       0       0       0       0       0       0       0       0       0       0       0       0       0       0       0       0       0       0       0       0       0       0       0       0       0       0       0       0       0       0       0       0       0
      Temps:          0       0       0       0       0       0       0       0       0       0       0       0       0       0       0       0       0       0       0       0       0       0       0       0       0       0       0       0       0       0       0       0       0       0
      Totals:         0       0       0       0       0       0       0       0       0       0       0       0       0       0       0       0       0       0       0       0       0       0       0       0       0       0       0       0       0       0       0       0       0       0
Total ram usage:        0 bytes
 Hardware stack levels used:    1
 This function calls:
		Nothing
 This function is called by:
		_CAN1_ErrorNotificationInterruptEnable
		_CAN1_ISR
 This function uses a non-reentrant model


 *************** function _DefaultInvalidMessageHandler *****************
 Defined at:
		line 125 in file "mcc_generated_files/can1.c"
 Parameters:    Size  Location     Type
		None
 Auto vars:     Size  Location     Type
		None
 Return value:  Size  Location     Type
                  1    wreg      void 
 Registers used:
		None
 Tracked objects:
		On entry : 
		On exit  : 
		Unchanged: 
 Data sizes:     COMRAM   BANK5   BANK6   BANK7   BANK8   BANK9  BANK10  BANK11  BANK12  BANK13  BANK14  BANK15  BANK16  BANK17  BANK18  BANK19  BANK20  BANK21  BANK22  BANK23  BANK24  BANK25  BANK26  BANK27  BANK28  BANK29  BANK30  BANK31  BANK32  BANK33  BANK34  BANK35  BANK36  BANK37
      Params:         0       0       0       0       0       0       0       0       0       0       0       0       0       0       0       0       0       0       0       0       0       0       0       0       0       0       0       0       0       0       0       0       0       0
      Locals:         0       0       0       0       0       0       0       0       0       0       0       0       0       0       0       0       0       0       0       0       0       0       0       0       0       0       0       0       0       0       0       0       0       0
      Temps:          0       0       0       0       0       0       0       0       0       0       0       0       0       0       0       0       0       0       0       0       0       0       0       0       0       0       0       0       0       0       0       0       0       0
      Totals:         0       0       0       0       0       0       0       0       0       0       0       0       0       0       0       0       0       0       0       0       0       0       0       0       0       0       0       0       0       0       0       0       0       0
Total ram usage:        0 bytes
 Hardware stack levels used:    1
 This function calls:
		Nothing
 This function is called by:
		_CAN1_ErrorNotificationInterruptEnable
		_CAN1_ISR
 This function uses a non-reentrant model


 *************** function _DefaultBusWakeUpActivityHandler *****************
 Defined at:
		line 129 in file "mcc_generated_files/can1.c"
 Parameters:    Size  Location     Type
		None
 Auto vars:     Size  Location     Type
		None
 Return value:  Size  Location     Type
                  1    wreg      void 
 Registers used:
		None
 Tracked objects:
		On entry : 
		On exit  : 
		Unchanged: 
 Data sizes:     COMRAM   BANK5   BANK6   BANK7   BANK8   BANK9  BANK10  BANK11  BANK12  BANK13  BANK14  BANK15  BANK16  BANK17  BANK18  BANK19  BANK20  BANK21  BANK22  BANK23  BANK24  BANK25  BANK26  BANK27  BANK28  BANK29  BANK30  BANK31  BANK32  BANK33  BANK34  BANK35  BANK36  BANK37
      Params:         0       0       0       0       0       0       0       0       0       0       0       0       0       0       0       0       0       0       0       0       0       0       0       0       0       0       0       0       0       0       0       0       0       0
      Locals:         0       0       0       0       0       0       0       0       0       0       0       0       0       0       0       0       0       0       0       0       0       0       0       0       0       0       0       0       0       0       0       0       0       0
      Temps:          0       0       0       0       0       0       0       0       0       0       0       0       0       0       0       0       0       0       0       0       0       0       0       0       0       0       0       0       0       0       0       0       0       0
      Totals:         0       0       0       0       0       0       0       0       0       0       0       0       0       0       0       0       0       0       0       0       0       0       0       0       0       0       0       0       0       0       0       0       0       0
Total ram usage:        0 bytes
 Hardware stack levels used:    1
 This function calls:
		Nothing
 This function is called by:
		_CAN1_ErrorNotificationInterruptEnable
		_CAN1_ISR
 This function uses a non-reentrant model


 *************** function _DefaultBusErrorHandler *****************
 Defined at:
		line 133 in file "mcc_generated_files/can1.c"
 Parameters:    Size  Location     Type
		None
 Auto vars:     Size  Location     Type
		None
 Return value:  Size  Location     Type
                  1    wreg      void 
 Registers used:
		None
 Tracked objects:
		On entry : 
		On exit  : 
		Unchanged: 
 Data sizes:     COMRAM   BANK5   BANK6   BANK7   BANK8   BANK9  BANK10  BANK11  BANK12  BANK13  BANK14  BANK15  BANK16  BANK17  BANK18  BANK19  BANK20  BANK21  BANK22  BANK23  BANK24  BANK25  BANK26  BANK27  BANK28  BANK29  BANK30  BANK31  BANK32  BANK33  BANK34  BANK35  BANK36  BANK37
      Params:         0       0       0       0       0       0       0       0       0       0       0       0       0       0       0       0       0       0       0       0       0       0       0       0       0       0       0       0       0       0       0       0       0       0
      Locals:         0       0       0       0       0       0       0       0       0       0       0       0       0       0       0       0       0       0       0       0       0       0       0       0       0       0       0       0       0       0       0       0       0       0
      Temps:          0       0       0       0       0       0       0       0       0       0       0       0       0       0       0       0       0       0       0       0       0       0       0       0       0       0       0       0       0       0       0       0       0       0
      Totals:         0       0       0       0       0       0       0       0       0       0       0       0       0       0       0       0       0       0       0       0       0       0       0       0       0       0       0       0       0       0       0       0       0       0
Total ram usage:        0 bytes
 Hardware stack levels used:    1
 This function calls:
		Nothing
 This function is called by:
		_CAN1_ErrorNotificationInterruptEnable
		_CAN1_ISR
 This function uses a non-reentrant model



MODULE INFORMATION

Module		Function		Class		Link	Load	Size
mcc_generated_files/can1.c
		_ReadMessageFromFifo		CODE           	3442	0000	576
		_DefaultFIFO1NotEmptyHandler		CODE           	4C1A	0000	6
		_CAN1_BitRateConfiguration		CODE           	4ABC	0000	20
		_CAN1_SetTxAttemptInterruptHandler		CODE           	4B6C	0000	10
		_Receive       		CODE           	3FBA	0000	236
		_CAN1_SetInvalidMessageInterruptHandler		CODE           	4B94	0000	10
		_CAN1_TX_FIFO_Configuration		CODE           	4AA8	0000	20
		_GetRxFifoDepth		CODE           	4A2C	0000	30
		_CAN1_ISR      		CODE           	3A5C	0000	342
		_DefaultBusErrorHandler		CODE           	4C4A	0000	2
		_CAN1_OperationModeGet		CODE           	4B62	0000	10
		_CAN1_Initialize		CODE           	4510	0000	92
		_DefaultInvalidMessageHandler		CODE           	4C46	0000	2
		_CAN1_SetFIFO1NotEmptyHandler		CODE           	4B58	0000	10
		_DefaultBusWakeUpActivityHandler		CODE           	4C48	0000	2
		_CAN1_RX_FIFO_FilterMaskConfiguration		CODE           	49EC	0000	34
		_CAN1_RX_FIFO_Configuration		CODE           	4924	0000	42
		_GetRxFifoStatus		CODE           	4A7A	0000	24
		_CAN1_ReceivedMessageCountGet		CODE           	40A6	0000	202
		_CAN1_SetBusErrorInterruptHandler		CODE           	4BA8	0000	10
		_CAN1_SetSystemErrorInterruptHandler		CODE           	4B76	0000	10
		_DefaultSystemErrorHandler		CODE           	4C40	0000	2
		_DefaultRxBufferOverflowHandler		CODE           	4C42	0000	2
		_CAN1_ErrorNotificationInterruptEnable		CODE           	42C8	0000	122
		_CAN1_SetBusWakeUpActivityInterruptHandler		CODE           	4B9E	0000	10
		_CAN1_Receive  		CODE           	4676	0000	82
		_CAN1_SetRxBufferOverFlowInterruptHandler		CODE           	4B80	0000	10
		_CAN1_RX_FIFO_ResetInfo		CODE           	4812	0000	46
		_CAN1_OperationModeSet		CODE           	4230	0000	152
		_CAN1_SetModeChangeInterruptHandler		CODE           	4B8A	0000	10
		_CAN1_RXI_ISR  		CODE           	48F8	0000	44
		_DefaultTxAttemptHandler		CODE           	4C3E	0000	2
		_DefaultModeChangeHandler		CODE           	4C44	0000	2

mcc_generated_files/can1.c estimated size: 2174

C:\Program Files\Microchip\xc8\v2.31\pic\sources\c99\common\sprcadd.c
		___fladd       		CODE           	260E	0000	1216

C:\Program Files\Microchip\xc8\v2.31\pic\sources\c99\common\sprcadd.c estimated size: 1216

mcc_generated_files/pwm2_16bit.c
		_PWM2_16BIT_Period_SetInterruptHandler		CODE           	4B26	0000	10
		_PWM2_16BIT_Slice1Output1_SetInterruptHandler		CODE           	4B1C	0000	10
		_PWM2_16BIT_Slice1Output2_SetInterruptHandler		CODE           	4B12	0000	10
		_PWM2_16BIT_Initialize		CODE           	4342	0000	116

mcc_generated_files/pwm2_16bit.c estimated size: 146

TEMPORIZATIONS.c
		_TEMPORIZATION_1mins		CODE           	4C34	0000	2
		_TEMPORIZATION_100ms		CODE           	4C38	0000	2
		_TEMPORIZATION_500ms		CODE           	4C30	0000	2
		_TEMPORIZATION_10s		CODE           	4C36	0000	2
		_TEMPORIZATION_30s		CODE           	4C32	0000	2
		_TEMPORIZATION_1s		CODE           	49C8	0000	36
		_TEMPORIZATION_10ms		CODE           	4C2C	0000	2

TEMPORIZATIONS.c estimated size: 48

MESSAGES.c
		_CANReadMessage		CODE           	31E4	0000	606

MESSAGES.c estimated size: 606

mcc_generated_files/tmr2.c
		_TMR2_ISR      		CODE           	4AD0	0000	12
		_TMR2_Initialize		CODE           	47E2	0000	48
		_TMR2_SetInterruptHandler		CODE           	4AF4	0000	10
		_TMR2_DefaultInterruptHandler		CODE           	4C2A	0000	2
		_TMR2_CallBack 		CODE           	4840	0000	46

mcc_generated_files/tmr2.c estimated size: 118

mcc_generated_files/interrupt_manager.c
		_INTERRUPT_Initialize		CODE           	4C20	0000	4
		_INTERRUPT_InterruptManager		CODE           	3CBE	0000	266

mcc_generated_files/interrupt_manager.c estimated size: 270

C:\Program Files\Microchip\xc8\v2.31\pic\sources\c99\common\xxtofl.c
		___xxtofl      		CODE           	38A8	0000	436

C:\Program Files\Microchip\xc8\v2.31\pic\sources\c99\common\xxtofl.c estimated size: 436

mcc_generated_files/tmr0.c
		_TMR0_SetInterruptHandler		CODE           	4B08	0000	10
		_TMR0_StopTimer		CODE           	4C08	0000	6
		_TMR0_DefaultInterruptHandler		CODE           	4C3A	0000	2
		_TMR0_CallBack 		CODE           	48CA	0000	46
		_TMR0_ISR      		CODE           	4BF8	0000	8
		_TMR0_Initialize		CODE           	4978	0000	40

mcc_generated_files/tmr0.c estimated size: 112

mcc_generated_files/pin_manager.c
		_PIN_MANAGER_Initialize		CODE           	449E	0000	114

mcc_generated_files/pin_manager.c estimated size: 114

mcc_generated_files/adc.c
		_ADC_SelectContext		CODE           	4BEE	0000	10
		_ADC_Initialize		CODE           	3682	0000	550
		_ADC_DisableChannelSequencer		CODE           	4C14	0000	6
		_ADC_GetSingleConversion		CODE           	47B0	0000	50
		_ADC_SetActiveClockTuningInterruptHandler		CODE           	4BDA	0000	10
		_ADC_SetADIInterruptHandler		CODE           	4BE4	0000	10
		_ADC_StopConversion		CODE           	4C0E	0000	6
		_ADC_SetContext1ThresholdInterruptHandler		CODE           	4BD0	0000	10
		_ADC_SetContext2ThresholdInterruptHandler		CODE           	4BC6	0000	10
		_ADC_SetContext3ThresholdInterruptHandler		CODE           	4BBC	0000	10
		_ADC_SetContext4ThresholdInterruptHandler		CODE           	4BB2	0000	10

mcc_generated_files/adc.c estimated size: 682

mcc_generated_files/ext_int.c
		_INT0_SetInterruptHandler		CODE           	4B4E	0000	10
		_EXT_INT_Initialize		CODE           	4A92	0000	22
		_INT0_DefaultInterruptHandler		CODE           	4C3C	0000	2
		_INT0_CallBack 		CODE           	477E	0000	50
		_INT0_ISR      		CODE           	4C00	0000	8

mcc_generated_files/ext_int.c estimated size: 92

mcc_generated_files/pwm1_16bit.c
		_PWM1_16BIT_Period_SetInterruptHandler		CODE           	4B44	0000	10
		_PWM1_16BIT_Slice1Output1_SetInterruptHandler		CODE           	4B3A	0000	10
		_PWM1_16BIT_Slice1Output2_SetInterruptHandler		CODE           	4B30	0000	10
		_PWM1_16BIT_Initialize		CODE           	43B6	0000	116
		_PWM1_16BIT_LoadBufferRegisters		CODE           	4C24	0000	4
		_PWM1_16BIT_SetSlice1Output1DutyCycleRegister		CODE           	4AE8	0000	12
		_PWM1_16BIT_WritePeriodRegister		CODE           	4ADC	0000	12

mcc_generated_files/pwm1_16bit.c estimated size: 174

shared
		_FIFO          		SMALLCONST     	0000	0000	0
		_DLC_BYTES     		SMALLCONST     	2601	0000	9
		__initialization		CODE           	4622	0000	78

shared estimated size: 87

mcc_generated_files/mcc.c
		_PMD_Initialize		CODE           	49A0	0000	40
		_OSCILLATOR_Initialize		CODE           	4A62	0000	24
		_SYSTEM_Initialize		CODE           	474C	0000	50

mcc_generated_files/mcc.c estimated size: 114

C:\Program Files\Microchip\xc8\v2.31\pic\sources\c99\common\sprcmul.c
		___flmul       		CODE           	2ACE	0000	1102

C:\Program Files\Microchip\xc8\v2.31\pic\sources\c99\common\sprcmul.c estimated size: 1102

GPIO.c
		_GPIO_BrakePedalAtRest		CODE           	4718	0000	52
		_GPIO_PWM1_Control		CODE           	3ECE	0000	236
		_GPIO_Init     		CODE           	4A0E	0000	30

GPIO.c estimated size: 318

C:\Program Files\Microchip\xc8\v2.31\pic\sources\c99\common\lwdiv.c
		___lwdiv       		CODE           	442A	0000	116

C:\Program Files\Microchip\xc8\v2.31\pic\sources\c99\common\lwdiv.c estimated size: 116

mcc_generated_files/tmr1.c
		_TMR1_Initialize		CODE           	46C8	0000	80
		_TMR1_SetInterruptHandler		CODE           	4AFE	0000	10
		_TMR1_DefaultInterruptHandler		CODE           	4C2E	0000	2
		_TMR1_CallBack 		CODE           	489C	0000	46
		_TMR1_WriteTimer		CODE           	486E	0000	46
		_TMR1_ISR      		CODE           	4170	0000	192

mcc_generated_files/tmr1.c estimated size: 376

C:\Program Files\Microchip\xc8\v2.31\pic\sources\c99\common\fltol.c
		___fltol       		CODE           	3DC8	0000	262

C:\Program Files\Microchip\xc8\v2.31\pic\sources\c99\common\fltol.c estimated size: 262

C:\Program Files\Microchip\xc8\v2.31\pic\sources\c99\common\memcpy.c
		_memcpy        		CODE           	45C8	0000	90

C:\Program Files\Microchip\xc8\v2.31\pic\sources\c99\common\memcpy.c estimated size: 90

C:\Program Files\Microchip\xc8\v2.31\pic\sources\c99\common\aldiv.c
		___aldiv       		CODE           	3BB2	0000	268

C:\Program Files\Microchip\xc8\v2.31\pic\sources\c99\common\aldiv.c estimated size: 268

C:\Program Files\Microchip\xc8\v2.31\pic\sources\c99\common\Umul16.c
		___wmul        		CODE           	494E	0000	42

C:\Program Files\Microchip\xc8\v2.31\pic\sources\c99\common\Umul16.c estimated size: 42

ANALOG.c
		_ANALOG_GetVoltage		CODE           	2F1C	0000	712

ANALOG.c estimated size: 712

main.c
		_main          		CODE           	4A4A	0000	24

main.c estimated size: 24

SERVICEBRAKE.c
		_SERVICEBRAKE_Move		CODE           	456C	0000	92

SERVICEBRAKE.c estimated size: 92

