Microchip MPLAB XC8 Compiler V2.31

Linker command line:

-W-3 --edf=C:\Program Files\Microchip\xc8\v2.31\pic\dat\en_msgs.txt \
  -pivt0x8=08h -cn -h+dist/default/production\ASB.X.production.sym \
  --cmf=dist/default/production\ASB.X.production.cmf -z -Q18F26Q84 \
  -oC:\Users\panze\AppData\Local\Temp\sem0.2 --defsym=__MPLAB_BUILD=1 \
  -Mdist/default/production/ASB.X.production.map -E1 -ver=XC8 Compiler \
  --acfsm=1493 -ASTACK=0635h-024FFh -pstack=STACK -ACODE=00h-0FFFFh \
  -ACONST=00h-0FFFFh -ASMALLCONST=02500h-025FFhx219 \
  -AMEDIUMCONST=02500h-0FFFFh -ACOMRAM=0501h-055Fh -AABS1=0500h-024FFh \
  -ABIGRAM=0501h-024FFh -ARAM=0560h-05FFh,0600h-06FFhx31 \
  -ABANK5=0560h-05FFh -ABANK6=0600h-06FFh -ABANK7=0700h-07FFh \
  -ABANK8=0800h-08FFh -ABANK9=0900h-09FFh -ABANK10=0A00h-0AFFh \
  -ABANK11=0B00h-0BFFh -ABANK12=0C00h-0CFFh -ABANK13=0D00h-0DFFh \
  -ABANK14=0E00h-0EFFh -ABANK15=0F00h-0FFFh -ABANK16=01000h-010FFh \
  -ABANK17=01100h-011FFh -ABANK18=01200h-012FFh -ABANK19=01300h-013FFh \
  -ABANK20=01400h-014FFh -ABANK21=01500h-015FFh -ABANK22=01600h-016FFh \
  -ABANK23=01700h-017FFh -ABANK24=01800h-018FFh -ABANK25=01900h-019FFh \
  -ABANK26=01A00h-01AFFh -ABANK27=01B00h-01BFFh -ABANK28=01C00h-01CFFh \
  -ABANK29=01D00h-01DFFh -ABANK30=01E00h-01EFFh -ABANK31=01F00h-01FFFh \
  -ABANK32=02000h-020FFh -ABANK33=02100h-021FFh -ABANK34=02200h-022FFh \
  -ABANK35=02300h-023FFh -ABANK36=02400h-024FFh \
  -ASFR=00h-0FFhx4,0400h-045Fh,0460h-04FFh,02500h-025FFhx9 \
  -ACONFIG=0300000h-0300023h -AIDLOC=0200000h-020003Fh \
  -AEEDATA=0380000h-03803FFh -peeprom_data=EEDATA -preset_vec=00h \
  -ppowerup=CODE,init -pramtop=02500h -psmallconst=SMALLCONST \
  -pmediumconst=MEDIUMCONST -pconst=CONST -AFARRAM=00h-00h \
  -prdata=COMRAM,nvrram=COMRAM,nvbit=COMRAM,rbss=COMRAM,rbit=COMRAM \
  -pfarbss=FARRAM,fardata=FARRAM,nvFARRAM=FARRAM \
  -pintsave_regs=BIGRAM,bigbss=BIGRAM,bigdata=BIGRAM -pbss=RAM \
  -pidata=CODE,irdata=CODE,ibigdata=CODE,ifardata=CODE -prparam=COMRAM \
  C:\Users\panze\AppData\Local\Temp\sem0.o \
  dist/default/production\ASB.X.production.o 

Object code version is 3.11

Machine type is 18F26Q84



                Name                               Link     Load   Length Selector   Space Scale
C:\Users\panze\AppData\Local\Temp\sem0.o
                idloc                            200000   200000       40        0       5
                config                           300000   300000       24        0       4
                init                                 1A       1A        4        4       0
                reset_vec                             0        0        4        0       0
dist/default/production\ASB.X.production.o
                idloc                            200000   200000       40        0       5
                config                           300000   300000       24        0       4
                smallconst                         2500     2500        E     1280       0
                ivt0x8                                8        8       12        4       0
                text138                            5EA0     5EA0        2     1287       0
                text137                            5E9E     5E9E        2     1287       0
                text136                            5E9C     5E9C        2     1287       0
                text135                            5E9A     5E9A        2     1287       0
                text134                            5E98     5E98        2     1287       0
                text133                            5E96     5E96        2     1287       0
                text132                            5E94     5E94        2     1287       0
                text131                            424C     424C      156     1287       0
                text130                            5BC2     5BC2       1E     1287       0
                text129                            5C2A     5C2A       18     1287       0
                text128                            5604     5604       5A     1287       0
                text127                            3A7A     3A7A      240     1287       0
                text126                            4C94     4C94       EC     1287       0
                text125                            565E     565E       52     1287       0
                text124                            4E58     4E58       CA     1287       0
                text123                            5E7E     5E7E        4     1287       0
                text122                            5D22     5D22        C     1287       0
                text121                            5D16     5D16        C     1287       0
                text120                            44B0     44B0      10C     1287       0
                text119                            29D0     29D0      4C0     1287       0
                text118                            47CE     47CE      106     1287       0
                text117                            540A     540A       74     1287       0
                text116                            5ABE     5ABE       2A     1287       0
                text115                            4098     4098      1B4     1287       0
                text114                            4BA8     4BA8       EC     1287       0
                text113                            35A4     35A4      290     1287       0
                text112                            5E64     5E64        6     1287       0
                text111                            5A68     5A68       2C     1287       0
                text110                            5E5E     5E5E        6     1287       0
                text109                            5896     5896       32     1287       0
                text108                            5E32     5E32        A     1287       0
                text107                            5E58     5E58        6     1287       0
                text106                            2E90     2E90      44E     1287       0
                text105                            32DE     32DE      2C6     1287       0
                text104                            57FE     57FE       34     1287       0
                text103                            5E92     5E92        2     1287       0
                text102                            5864     5864       32     1287       0
                text101                            5E44     5E44        8     1287       0
                text100                            5E90     5E90        2     1287       0
                text99                             5A0E     5A0E       2E     1287       0
                text98                             5E3C     5E3C        8     1287       0
                text97                             59E0     59E0       2E     1287       0
                text96                             4FE6     4FE6       AC     1287       0
                text95                             5E52     5E52        6     1287       0
                text94                             5E8E     5E8E        2     1287       0
                text93                             5E8C     5E8C        2     1287       0
                text92                             5C84     5C84       16     1287       0
                text91                             5C6E     5C6E       16     1287       0
                text90                             5BE0     5BE0       1A     1287       0
                text89                             5C58     5C58       16     1287       0
                text88                             5C12     5C12       18     1287       0
                text87                             5E28     5E28        A     1287       0
                text86                             4D80     4D80       D8     1287       0
                text85                             3834     3834      246     1287       0
                text84                             5786     5786       3E     1287       0
                text83                             512A     512A       94     1287       0
                text82                             5B38     5B38       28     1287       0
                text81                             4AB8     4AB8       F0     1287       0
                text80                             55A8     55A8       5C     1287       0
                text79                             5E8A     5E8A        2     1287       0
                text78                             5B82     5B82       22     1287       0
                text77                             5742     5742       44     1287       0
                text76                             5E88     5E88        2     1287       0
                text75                             59B2     59B2       2E     1287       0
                text74                             5984     5984       2E     1287       0
                text73                             4F22     4F22       C4     1287       0
                text72                             5E86     5E86        2     1287       0
                text71                             5E84     5E84        2     1287       0
                text70                             5956     5956       2E     1287       0
                text69                             5D0A     5D0A        C     1287       0
                text68                             45BC     45BC      10A     1287       0
                text67                             58F8     58F8       30     1287       0
                text66                             5E7A     5E7A        4     1287       0
                text65                             5CFC     5CFC        E     1287       0
                text64                             5CEE     5CEE        E     1287       0
                text63                             43A2     43A2      10E     1287       0
                text62                             250E     250E      4C2     1287       0
                text61                             46C6     46C6      108     1287       0
                text60                             5238     5238       76     1287       0
                text59                             5A3C     5A3C       2C     1287       0
                text58                             3EE0     3EE0      1B8     1287       0
                text57                             49C6     49C6       F2     1287       0
                text56                             5E76     5E76        4     1287       0
                text55                             5E72     5E72        4     1287       0
                text54                             554C     554C       5C     1287       0
                text53                             5CC2     5CC2       10     1287       0
                text52                             5BA4     5BA4       1E     1287       0
                text51                             5E6E     5E6E        4     1287       0
                text50                             5CE0     5CE0        E     1287       0
                text49                             5CD2     5CD2        E     1287       0
                text48                             48D4     48D4       F2     1287       0
                text47                             5396     5396       74     1287       0
                text46                             5E1E     5E1E        A     1287       0
                text45                             5E14     5E14        A     1287       0
                text44                             5E0A     5E0A        A     1287       0
                text43                             5E00     5E00        A     1287       0
                text42                             5DF6     5DF6        A     1287       0
                text41                             5DEC     5DEC        A     1287       0
                text40                             3CBA     3CBA      226     1287       0
                text39                             5CAE     5CAE       14     1287       0
                text38                             5DE2     5DE2        A     1287       0
                text37                             5DD8     5DD8        A     1287       0
                text36                             5DCE     5DCE        A     1287       0
                text35                             5DC4     5DC4        A     1287       0
                text34                             5DBA     5DBA        A     1287       0
                text33                             5DB0     5DB0        A     1287       0
                text32                             5DA6     5DA6        A     1287       0
                text31                             51BE     51BE       7A     1287       0
                text30                             5D9C     5D9C        A     1287       0
                text29                             5092     5092       98     1287       0
                text28                             5D92     5D92        A     1287       0
                text27                             5A94     5A94       2A     1287       0
                text26                             5B60     5B60       22     1287       0
                text25                             5928     5928       2E     1287       0
                text24                             5C9A     5C9A       14     1287       0
                text23                             54F0     54F0       5C     1287       0
                text22                             5D88     5D88        A     1287       0
                text21                             5C42     5C42       16     1287       0
                text20                             5E6A     5E6A        4     1287       0
                text19                             5BFA     5BFA       18     1287       0
                text18                             547E     547E       72     1287       0
                text17                             5B10     5B10       28     1287       0
                text16                             5D7E     5D7E        A     1287       0
                text15                             5D74     5D74        A     1287       0
                text14                             5D6A     5D6A        A     1287       0
                text13                             5322     5322       74     1287       0
                text12                             5D60     5D60        A     1287       0
                text11                             5D56     5D56        A     1287       0
                text10                             5D4C     5D4C        A     1287       0
                text9                              52AE     52AE       74     1287       0
                text8                              5D42     5D42        A     1287       0
                text7                              5AE8     5AE8       28     1287       0
                text6                              5D38     5D38        A     1287       0
                text5                              56FA     56FA       48     1287       0
                text4                              5D2E     5D2E        A     1287       0
                text3                              58C8     58C8       30     1287       0
                text2                              5832     5832       32     1287       0
                text1                              5E4C     5E4C        6     1287       0
                text0                              57C4     57C4       3A     1287       0
                cstackCOMRAM                        501      501       5E      501       1
                cstackBANK5                         5C2      5C2       36      560       1
                cstackBANK6                         632      632        3      600       1
                bssBANK6                            61A      61A       18      600       1
                dataBANK5                           5FA      5FA        2      560       1
                bssBANK5                            560      560       62      560       1
                bssCOMRAM                           55F      55F        1      501       1
                cinit                              56B0     56B0       4A     1287       0
                nvBANK6                             600      600       1A      600       1
                nvBANK5                             5F8      5F8        2      560       1
                idataBANK5                         5E82     5E82        2     1287       0

TOTAL           Name                               Link     Load   Length     Space
        CLASS   STACK          

        CLASS   CODE           
                init                                 1A       1A        4         0
                reset_vec                             0        0        4         0
                ivt0x8                                8        8       12         0
                text138                            5EA0     5EA0        2         0
                text137                            5E9E     5E9E        2         0
                text136                            5E9C     5E9C        2         0
                text135                            5E9A     5E9A        2         0
                text134                            5E98     5E98        2         0
                text133                            5E96     5E96        2         0
                text132                            5E94     5E94        2         0
                text131                            424C     424C      156         0
                text130                            5BC2     5BC2       1E         0
                text129                            5C2A     5C2A       18         0
                text128                            5604     5604       5A         0
                text127                            3A7A     3A7A      240         0
                text126                            4C94     4C94       EC         0
                text125                            565E     565E       52         0
                text124                            4E58     4E58       CA         0
                text123                            5E7E     5E7E        4         0
                text122                            5D22     5D22        C         0
                text121                            5D16     5D16        C         0
                text120                            44B0     44B0      10C         0
                text119                            29D0     29D0      4C0         0
                text118                            47CE     47CE      106         0
                text117                            540A     540A       74         0
                text116                            5ABE     5ABE       2A         0
                text115                            4098     4098      1B4         0
                text114                            4BA8     4BA8       EC         0
                text113                            35A4     35A4      290         0
                text112                            5E64     5E64        6         0
                text111                            5A68     5A68       2C         0
                text110                            5E5E     5E5E        6         0
                text109                            5896     5896       32         0
                text108                            5E32     5E32        A         0
                text107                            5E58     5E58        6         0
                text106                            2E90     2E90      44E         0
                text105                            32DE     32DE      2C6         0
                text104                            57FE     57FE       34         0
                text103                            5E92     5E92        2         0
                text102                            5864     5864       32         0
                text101                            5E44     5E44        8         0
                text100                            5E90     5E90        2         0
                text99                             5A0E     5A0E       2E         0
                text98                             5E3C     5E3C        8         0
                text97                             59E0     59E0       2E         0
                text96                             4FE6     4FE6       AC         0
                text95                             5E52     5E52        6         0
                text94                             5E8E     5E8E        2         0
                text93                             5E8C     5E8C        2         0
                text92                             5C84     5C84       16         0
                text91                             5C6E     5C6E       16         0
                text90                             5BE0     5BE0       1A         0
                text89                             5C58     5C58       16         0
                text88                             5C12     5C12       18         0
                text87                             5E28     5E28        A         0
                text86                             4D80     4D80       D8         0
                text85                             3834     3834      246         0
                text84                             5786     5786       3E         0
                text83                             512A     512A       94         0
                text82                             5B38     5B38       28         0
                text81                             4AB8     4AB8       F0         0
                text80                             55A8     55A8       5C         0
                text79                             5E8A     5E8A        2         0
                text78                             5B82     5B82       22         0
                text77                             5742     5742       44         0
                text76                             5E88     5E88        2         0
                text75                             59B2     59B2       2E         0
                text74                             5984     5984       2E         0
                text73                             4F22     4F22       C4         0
                text72                             5E86     5E86        2         0
                text71                             5E84     5E84        2         0
                text70                             5956     5956       2E         0
                text69                             5D0A     5D0A        C         0
                text68                             45BC     45BC      10A         0
                text67                             58F8     58F8       30         0
                text66                             5E7A     5E7A        4         0
                text65                             5CFC     5CFC        E         0
                text64                             5CEE     5CEE        E         0
                text63                             43A2     43A2      10E         0
                text62                             250E     250E      4C2         0
                text61                             46C6     46C6      108         0
                text60                             5238     5238       76         0
                text59                             5A3C     5A3C       2C         0
                text58                             3EE0     3EE0      1B8         0
                text57                             49C6     49C6       F2         0
                text56                             5E76     5E76        4         0
                text55                             5E72     5E72        4         0
                text54                             554C     554C       5C         0
                text53                             5CC2     5CC2       10         0
                text52                             5BA4     5BA4       1E         0
                text51                             5E6E     5E6E        4         0
                text50                             5CE0     5CE0        E         0
                text49                             5CD2     5CD2        E         0
                text48                             48D4     48D4       F2         0
                text47                             5396     5396       74         0
                text46                             5E1E     5E1E        A         0
                text45                             5E14     5E14        A         0
                text44                             5E0A     5E0A        A         0
                text43                             5E00     5E00        A         0
                text42                             5DF6     5DF6        A         0
                text41                             5DEC     5DEC        A         0
                text40                             3CBA     3CBA      226         0
                text39                             5CAE     5CAE       14         0
                text38                             5DE2     5DE2        A         0
                text37                             5DD8     5DD8        A         0
                text36                             5DCE     5DCE        A         0
                text35                             5DC4     5DC4        A         0
                text34                             5DBA     5DBA        A         0
                text33                             5DB0     5DB0        A         0
                text32                             5DA6     5DA6        A         0
                text31                             51BE     51BE       7A         0
                text30                             5D9C     5D9C        A         0
                text29                             5092     5092       98         0
                text28                             5D92     5D92        A         0
                text27                             5A94     5A94       2A         0
                text26                             5B60     5B60       22         0
                text25                             5928     5928       2E         0
                text24                             5C9A     5C9A       14         0
                text23                             54F0     54F0       5C         0
                text22                             5D88     5D88        A         0
                text21                             5C42     5C42       16         0
                text20                             5E6A     5E6A        4         0
                text19                             5BFA     5BFA       18         0
                text18                             547E     547E       72         0
                text17                             5B10     5B10       28         0
                text16                             5D7E     5D7E        A         0
                text15                             5D74     5D74        A         0
                text14                             5D6A     5D6A        A         0
                text13                             5322     5322       74         0
                text12                             5D60     5D60        A         0
                text11                             5D56     5D56        A         0
                text10                             5D4C     5D4C        A         0
                text9                              52AE     52AE       74         0
                text8                              5D42     5D42        A         0
                text7                              5AE8     5AE8       28         0
                text6                              5D38     5D38        A         0
                text5                              56FA     56FA       48         0
                text4                              5D2E     5D2E        A         0
                text3                              58C8     58C8       30         0
                text2                              5832     5832       32         0
                text1                              5E4C     5E4C        6         0
                text0                              57C4     57C4       3A         0
                cinit                              56B0     56B0       4A         0
                idataBANK5                         5E82     5E82        2         0

        CLASS   CONST          

        CLASS   SMALLCONST     
                smallconst                         2500     2500        E         0

        CLASS   MEDIUMCONST    

        CLASS   COMRAM         
                cstackCOMRAM                        501      501       5E         1
                bssCOMRAM                           55F      55F        1         1

        CLASS   ABS1           

        CLASS   BIGRAM         

        CLASS   RAM            

        CLASS   BANK5          
                cstackBANK5                         5C2      5C2       36         1
                dataBANK5                           5FA      5FA        2         1
                bssBANK5                            560      560       62         1
                nvBANK5                             5F8      5F8        2         1

        CLASS   BANK6          
                cstackBANK6                         632      632        3         1
                bssBANK6                            61A      61A       18         1
                nvBANK6                             600      600       1A         1

        CLASS   BANK7          

        CLASS   BANK8          

        CLASS   BANK9          

        CLASS   BANK10         

        CLASS   BANK11         

        CLASS   BANK12         

        CLASS   BANK13         

        CLASS   BANK14         

        CLASS   BANK15         

        CLASS   BANK16         

        CLASS   BANK17         

        CLASS   BANK18         

        CLASS   BANK19         

        CLASS   BANK20         

        CLASS   BANK21         

        CLASS   BANK22         

        CLASS   BANK23         

        CLASS   BANK24         

        CLASS   BANK25         

        CLASS   BANK26         

        CLASS   BANK27         

        CLASS   BANK28         

        CLASS   BANK29         

        CLASS   BANK30         

        CLASS   BANK31         

        CLASS   BANK32         

        CLASS   BANK33         

        CLASS   BANK34         

        CLASS   BANK35         

        CLASS   BANK36         

        CLASS   SFR            

        CLASS   CONFIG         
                config                           300000   300000       24         4

        CLASS   IDLOC          
                idloc                            200000   200000       40         5

        CLASS   EEDATA         

        CLASS   FARRAM         



SEGMENTS        Name                           Load    Length   Top    Selector   Space  Class

                reset_vec                      000000  000004  000004         0       0  CODE    
                ivt0x8                         000008  000016  00001E         4       0  CODE    
                cstackCOMRAM                   000501  00005F  000560       501       1  COMRAM  
                bssBANK5                       000560  00009C  0005FC       560       1  BANK5   
                nvBANK6                        000600  000035  000635       600       1  BANK6   
                smallconst                     002500  00000E  00250E      1280       0  SMALLCON
                text62                         00250E  003994  005EA2      1287       0  CODE    


UNUSED ADDRESS RANGES

        Name                Unused          Largest block    Delta
        BANK10           000A00-000AFF              100
        BANK11           000B00-000BFF              100
        BANK12           000C00-000CFF              100
        BANK13           000D00-000DFF              100
        BANK14           000E00-000EFF              100
        BANK15           000F00-000FFF              100
        BANK16           001000-0010FF              100
        BANK17           001100-0011FF              100
        BANK18           001200-0012FF              100
        BANK19           001300-0013FF              100
        BANK20           001400-0014FF              100
        BANK21           001500-0015FF              100
        BANK22           001600-0016FF              100
        BANK23           001700-0017FF              100
        BANK24           001800-0018FF              100
        BANK25           001900-0019FF              100
        BANK26           001A00-001AFF              100
        BANK27           001B00-001BFF              100
        BANK28           001C00-001CFF              100
        BANK29           001D00-001DFF              100
        BANK30           001E00-001EFF              100
        BANK31           001F00-001FFF              100
        BANK32           002000-0020FF              100
        BANK33           002100-0021FF              100
        BANK34           002200-0022FF              100
        BANK35           002300-0023FF              100
        BANK36           002400-0024FF              100
        BANK5            0005FC-0005FF                4
        BANK6            000635-0006FF               CB
        BANK7            000700-0007FF              100
        BANK8            000800-0008FF              100
        BANK9            000900-0009FF              100
        BIGRAM           0005FC-0005FF                4
                         000635-0024FF             1ECB
        CODE             000004-000007                4
                         00001E-0024FF             24E2
                         005EA2-00FFFF             A15E
        CONST            000004-000007                4
                         00001E-0024FF             24E2
                         005EA2-00FFFF             A15E
        EEDATA           380000-3803FF              400
        MEDIUMCONST      005EA2-00FFFF             A15E
        RAM              0005FC-0005FF                4
                         000635-0024FF              100
        SFR              000000-0004FF              100
                         002500-002DFF              100
        SMALLCONST       005EA2-00FFFF              100
        STACK            000635-0024FF             1ECB

                                  Symbol Table

?_ADC_GetSingleConversion                                     cstackCOMRAM 000501
?___aldiv                                                     cstackBANK5  0005C6
?___fladd                                                     cstackBANK5  0005D4
?___flmul                                                     cstackCOMRAM 00050F
?___fltol                                                     cstackBANK5  0005E4
?___lwdiv                                                     cstackBANK5  0005C6
?___wmul                                                      cstackBANK5  0005C6
?___xxtofl                                                    cstackBANK5  0005C6
?i2___aldiv                                                   cstackCOMRAM 000501
?i2___fladd                                                   cstackCOMRAM 000528
?i2___fltol                                                   cstackCOMRAM 000538
?i2___lwdiv                                                   cstackCOMRAM 000501
?i2___wmul                                                    cstackCOMRAM 000501
?i2___xxtofl                                                  cstackCOMRAM 000501
ADC_GetSingleConversion@channel                               cstackCOMRAM 000505
ADC_SelectContext@context                                     cstackCOMRAM 000501
ADC_SetADIInterruptHandler@InterruptHandler                   cstackBANK5  0005C6
ADC_SetActiveClockTuningInterruptHandler@InterruptHandler     cstackBANK5  0005C6
ADC_SetContext1ThresholdInterruptHandler@InterruptHandler     cstackBANK5  0005C6
ADC_SetContext2ThresholdInterruptHandler@InterruptHandler     cstackBANK5  0005C6
ADC_SetContext3ThresholdInterruptHandler@InterruptHandler     cstackBANK5  0005C6
ADC_SetContext4ThresholdInterruptHandler@InterruptHandler     cstackBANK5  0005C6
ANALOG_GetVoltage@ucEntradaAnalogica                          cstackCOMRAM 000544
ANALOG_GetVoltage@ucFlag                                      cstackCOMRAM 000546
ANALOG_GetVoltage@ucValor                                     cstackCOMRAM 000545
ANALOG_GetVoltage@uiValorAnalog                               cstackCOMRAM 000547
ANALOG_GetVoltage@uiValorCalculado                            cstackCOMRAM 00054B
ANALOG_GetVoltage@uiValorVoltage                              cstackCOMRAM 000549
CAN1_OperationModeSet@opMode                                  cstackBANK5  0005C6
CAN1_OperationModeSet@requestMode                             cstackBANK5  0005C8
CAN1_OperationModeSet@status                                  cstackBANK5  0005C7
CAN1_RX_FIFO_ResetInfo@index                                  cstackBANK5  0005C6
CAN1_Receive@index                                            cstackCOMRAM 000525
CAN1_Receive@rxCanMsg                                         cstackCOMRAM 000522
CAN1_Receive@status                                           cstackCOMRAM 000524
CAN1_ReceivedMessageCountGet@channel                          cstackCOMRAM 000506
CAN1_ReceivedMessageCountGet@fifoDepth                        cstackCOMRAM 000507
CAN1_ReceivedMessageCountGet@fifoHead                         cstackCOMRAM 000509
CAN1_ReceivedMessageCountGet@fifoTail                         cstackCOMRAM 000508
CAN1_ReceivedMessageCountGet@index                            cstackCOMRAM 00050A
CAN1_ReceivedMessageCountGet@numOfMsg                         cstackCOMRAM 000504
CAN1_ReceivedMessageCountGet@rxMsgStatus                      cstackCOMRAM 000505
CAN1_ReceivedMessageCountGet@totalMsgObj                      cstackCOMRAM 000503
CAN1_SetBusErrorInterruptHandler@handler                      cstackBANK5  0005C6
CAN1_SetBusWakeUpActivityInterruptHandler@handler             cstackBANK5  0005C6
CAN1_SetFIFO1NotEmptyHandler@handler                          cstackBANK5  0005C6
CAN1_SetInvalidMessageInterruptHandler@handler                cstackBANK5  0005C6
CAN1_SetModeChangeInterruptHandler@handler                    cstackBANK5  0005C6
CAN1_SetRxBufferOverFlowInterruptHandler@handler              cstackBANK5  0005C6
CAN1_SetSystemErrorInterruptHandler@handler                   cstackBANK5  0005C6
CAN1_SetTxAttemptInterruptHandler@handler                     cstackBANK5  0005C6
CAN1_Transmit@fifoChannel                                     cstackCOMRAM 00051D
CAN1_Transmit@status                                          cstackCOMRAM 00051A
CAN1_Transmit@txCanMsg                                        cstackCOMRAM 000518
CAN1_Transmit@txFifoObj                                       cstackCOMRAM 00051B
CAN1_TransmitFIFOStatusGet@fifoChannel                        cstackCOMRAM 000504
CAN1_TransmitFIFOStatusGet@status                             cstackCOMRAM 000503
CANDisableErrorInterrupt@ucInterruptSet                       cstackBANK5  0005C6
CANReadMessage@data1                                          cstackCOMRAM 00055D
CANReadMessage@data2                                          cstackCOMRAM 00055E
CANReadMessage@data3                                          cstackCOMRAM 00055C
CANReadMessage@data4                                          cstackCOMRAM 00055A
CANReadMessage@data5                                          cstackCOMRAM 00055B
CANReadMessage@data6                                          cstackCOMRAM 000559
CANReadMessage@data7                                          cstackCOMRAM 000557
CANReadMessage@data8                                          cstackCOMRAM 000558
CANReadMessage@id                                             cstackCOMRAM 000553
CANWriteMessage@data1                                         cstackCOMRAM 000523
CANWriteMessage@data2                                         cstackCOMRAM 000524
CANWriteMessage@data3                                         cstackCOMRAM 000525
CANWriteMessage@data4                                         cstackCOMRAM 000526
CANWriteMessage@data5                                         cstackCOMRAM 000527
CANWriteMessage@data6                                         cstackCOMRAM 000528
CANWriteMessage@data7                                         cstackCOMRAM 000529
CANWriteMessage@data8                                         cstackCOMRAM 00052A
CANWriteMessage@dataLength                                    cstackCOMRAM 000522
CANWriteMessage@id                                            cstackCOMRAM 00051E
DELAY_milliseconds@milliseconds                               cstackCOMRAM 000501
EBS_Watchdog@ucWDState                                        cstackBANK6  000634
GPIO_PWM1_Control@uiConvertedDC                               cstackBANK5  0005F6
GPIO_PWM1_Control@uiConvertedPeriod                           cstackBANK5  0005F4
GPIO_PWM1_Control@uiDutyCycle                                 cstackBANK5  0005EE
GPIO_PWM1_Control@uiFreq                                      cstackBANK5  0005F0
GPIO_PWM2_Control@uiConvertedDC                               cstackBANK5  0005F6
GPIO_PWM2_Control@uiConvertedPeriod                           cstackBANK5  0005F4
GPIO_PWM2_Control@uiDutyCycle                                 cstackBANK5  0005EE
GPIO_PWM2_Control@uiFreq                                      cstackBANK5  0005F0
GetRxFifoDepth@validChannel                                   cstackCOMRAM 000502
GetRxFifoStatus@validChannel                                  cstackCOMRAM 000501
GetTxFifoStatus@validChannel                                  cstackCOMRAM 000501
INT0_SetInterruptHandler@InterruptHandler                     cstackBANK5  0005C6
IVTBASEH                                                      (abs)        00045E
IVTBASEL                                                      (abs)        00045D
IVTBASEU                                                      (abs)        00045F
PWM1_16BIT_Period_SetInterruptHandler@InterruptHandler        cstackBANK5  0005C6
PWM1_16BIT_SetSlice1Output1DutyCycleRegister@registerValue    cstackBANK5  0005C6
PWM1_16BIT_Slice1Output1_SetInterruptHandler@InterruptHandler cstackBANK5  0005C6
PWM1_16BIT_Slice1Output2_SetInterruptHandler@InterruptHandler cstackBANK5  0005C6
PWM1_16BIT_WritePeriodRegister@periodCount                    cstackBANK5  0005C6
PWM2_16BIT_Period_SetInterruptHandler@InterruptHandler        cstackBANK5  0005C6
PWM2_16BIT_SetSlice1Output1DutyCycleRegister@registerValue    cstackBANK5  0005C6
PWM2_16BIT_Slice1Output1_SetInterruptHandler@InterruptHandler cstackBANK5  0005C6
PWM2_16BIT_Slice1Output2_SetInterruptHandler@InterruptHandler cstackBANK5  0005C6
PWM2_16BIT_WritePeriodRegister@periodCount                    cstackBANK5  0005C6
ReadMessageFromFifo@msgId                                     cstackCOMRAM 000513
ReadMessageFromFifo@rxCanMsg                                  cstackCOMRAM 00050E
ReadMessageFromFifo@rxFifoObj                                 cstackCOMRAM 00050C
ReadMessageFromFifo@status                                    cstackCOMRAM 000517
Receive@channel                                               cstackCOMRAM 000518
Receive@index                                                 cstackCOMRAM 000521
Receive@rxCanMsg                                              cstackCOMRAM 000519
Receive@rxFifoObj                                             cstackCOMRAM 00051E
Receive@rxMsgStatus                                           cstackCOMRAM 000520
Receive@status                                                cstackCOMRAM 00051D
SERVICEBRAKE_Move@ucTargetMove                                cstackBANK6  000632
TMR0_SetInterruptHandler@InterruptHandler                     cstackBANK5  0005C6
TMR1_SetInterruptHandler@InterruptHandler                     cstackBANK5  0005C6
TMR1_WriteTimer@timerVal                                      cstackCOMRAM 000501
TMR2_SetInterruptHandler@InterruptHandler                     cstackBANK5  0005C6
ValidateTransmission@field                                    cstackCOMRAM 00050A
ValidateTransmission@txCanMsg                                 cstackCOMRAM 000502
ValidateTransmission@txMsgStatus                              cstackCOMRAM 000509
ValidateTransmission@validChannel                             cstackCOMRAM 000507
WriteMessageToFifo@msgId                                      cstackCOMRAM 000514
WriteMessageToFifo@status                                     cstackCOMRAM 000513
WriteMessageToFifo@txCanMsg                                   cstackCOMRAM 00050E
WriteMessageToFifo@txFifoObj                                  cstackCOMRAM 00050C
_ADACCH                                                       (abs)        0003E4
_ADACCL                                                       (abs)        0003E3
_ADACCU                                                       (abs)        0003E5
_ADACQH                                                       (abs)        0003EF
_ADACQL                                                       (abs)        0003EE
_ADACT                                                        (abs)        0003F9
_ADACTPPS                                                     (abs)        000269
_ADCAP                                                        (abs)        0003F0
_ADCLK                                                        (abs)        0003FA
_ADCNT                                                        (abs)        0003E6
_ADCON0                                                       (abs)        0003F3
_ADCON0bits                                                   (abs)        0003F3
_ADCON1                                                       (abs)        0003F4
_ADCON1bits                                                   (abs)        0003F4
_ADCON2                                                       (abs)        0003F5
_ADCON2bits                                                   (abs)        0003F5
_ADCON3                                                       (abs)        0003F6
_ADCON3bits                                                   (abs)        0003F6
_ADCP                                                         (abs)        0003D8
_ADCPbits                                                     (abs)        0003D8
_ADCSEL1                                                      (abs)        0003FC
_ADCSEL1bits                                                  (abs)        0003FC
_ADCSEL2                                                      (abs)        0003FD
_ADCSEL2bits                                                  (abs)        0003FD
_ADCSEL3                                                      (abs)        0003FE
_ADCSEL3bits                                                  (abs)        0003FE
_ADCSEL4                                                      (abs)        0003FF
_ADCSEL4bits                                                  (abs)        0003FF
_ADCTX                                                        (abs)        0003FB
_ADC_ActiveClockTuning_ISR                                    nvBANK6      00060C
_ADC_Context1Thereshld_ISR                                    nvBANK6      000614
_ADC_Context2Thereshld_ISR                                    nvBANK6      000612
_ADC_Context3Thereshld_ISR                                    nvBANK6      000610
_ADC_Context4Thereshld_ISR                                    nvBANK6      00060E
_ADC_ConversionComplete_ISR                                   nvBANK6      000616
_ADC_DefaultADI_ISR                                           (abs)        000000
_ADC_DefaultActiveClockTuning_ISR                             (abs)        000000
_ADC_DefaultContext1Threshold_ISR                             (abs)        000000
_ADC_DefaultContext2Threshold_ISR                             (abs)        000000
_ADC_DefaultContext3Threshold_ISR                             (abs)        000000
_ADC_DefaultContext4Threshold_ISR                             (abs)        000000
_ADC_DisableChannelSequencer                                  text110      005E5E
_ADC_GetSingleConversion                                      text109      005896
_ADC_Initialize                                               text40       003CBA
_ADC_SelectContext                                            text108      005E32
_ADC_SetADIInterruptHandler                                   text46       005E1E
_ADC_SetActiveClockTuningInterruptHandler                     text45       005E14
_ADC_SetContext1ThresholdInterruptHandler                     text44       005E0A
_ADC_SetContext2ThresholdInterruptHandler                     text43       005E00
_ADC_SetContext3ThresholdInterruptHandler                     text42       005DF6
_ADC_SetContext4ThresholdInterruptHandler                     text41       005DEC
_ADC_StopConversion                                           text107      005E58
_ADERRH                                                       (abs)        0003DE
_ADERRL                                                       (abs)        0003DD
_ADFLTRH                                                      (abs)        0003E2
_ADFLTRL                                                      (abs)        0003E1
_ADLTHH                                                       (abs)        0003DA
_ADLTHL                                                       (abs)        0003D9
_ADPCH                                                        (abs)        0003EC
_ADPREH                                                       (abs)        0003F2
_ADPREL                                                       (abs)        0003F1
_ADPREVH                                                      (abs)        0003E9
_ADPREVL                                                      (abs)        0003E8
_ADREF                                                        (abs)        0003F8
_ADRESH                                                       (abs)        0003EB
_ADRESL                                                       (abs)        0003EA
_ADRPT                                                        (abs)        0003E7
_ADSTAT                                                       (abs)        0003F7
_ADSTATbits                                                   (abs)        0003F7
_ADSTPTH                                                      (abs)        0003E0
_ADSTPTL                                                      (abs)        0003DF
_ADUTHH                                                       (abs)        0003DC
_ADUTHL                                                       (abs)        0003DB
_ANALOG_GetVoltage                                            text105      0032DE
_ANALOG_RedAll                                                text96       004FE6
_ANSELA                                                       (abs)        000400
_ANSELAbits                                                   (abs)        000400
_ANSELB                                                       (abs)        000408
_ANSELC                                                       (abs)        000410
_ANSELCbits                                                   (abs)        000410
_ASBSupervisor                                                text78       005B82
_C1CONH                                                       (abs)        000101
_C1CONHbits                                                   (abs)        000101
_C1CONL                                                       (abs)        000100
_C1CONTbits                                                   (abs)        000103
_C1CONU                                                       (abs)        000102
_C1CONUbits                                                   (abs)        000102
_C1FIFOBA                                                     (abs)        00014C
_C1FIFOCON1H                                                  (abs)        00015D
_C1FIFOCON1L                                                  (abs)        00015C
_C1FIFOCON1T                                                  (abs)        00015F
_C1FIFOCON1U                                                  (abs)        00015E
_C1FIFOSTA1Lbits                                              (abs)        000160
_C1FLTCON0H                                                   (abs)        000181
_C1FLTOBJ1H                                                   (abs)        000195
_C1FLTOBJ1L                                                   (abs)        000194
_C1FLTOBJ1T                                                   (abs)        000197
_C1FLTOBJ1U                                                   (abs)        000196
_C1INTH                                                       (abs)        00011D
_C1INTHbits                                                   (abs)        00011D
_C1INTL                                                       (abs)        00011C
_C1INTLbits                                                   (abs)        00011C
_C1INTT                                                       (abs)        00011F
_C1INTTbits                                                   (abs)        00011F
_C1INTU                                                       (abs)        00011E
_C1INTUbits                                                   (abs)        00011E
_C1MASK1H                                                     (abs)        000199
_C1MASK1L                                                     (abs)        000198
_C1MASK1T                                                     (abs)        00019B
_C1MASK1U                                                     (abs)        00019A
_C1NBTCFGH                                                    (abs)        000105
_C1NBTCFGL                                                    (abs)        000104
_C1NBTCFGT                                                    (abs)        000107
_C1NBTCFGU                                                    (abs)        000106
_C1TRECUbits                                                  (abs)        000136
_C1TXQCONH                                                    (abs)        000151
_C1TXQCONL                                                    (abs)        000150
_C1TXQCONT                                                    (abs)        000153
_C1TXQCONU                                                    (abs)        000152
_C1TXQSTALbits                                                (abs)        000154
_CAN1_BitRateConfiguration                                    text39       005CAE
_CAN1_BusErrorHandler                                         bssBANK5     000580
_CAN1_BusWakeUpActivityHandler                                bssBANK5     000582
_CAN1_ErrorNotificationInterruptEnable                        text31       0051BE
_CAN1_FIFO1NotEmptyHandler                                    bssBANK5     000586
_CAN1_ISR                                                     text131      00424C
_CAN1_Initialize                                              text23       0054F0
_CAN1_InvalidMessageHandler                                   bssBANK5     000584
_CAN1_IsBusOff                                                text92       005C84
_CAN1_IsTxErrorActive                                         text90       005BE0
_CAN1_IsTxErrorPassive                                        text91       005C6E
_CAN1_IsTxErrorWarning                                        text89       005C58
_CAN1_ModeChangeHandler                                       bssBANK5     00057E
_CAN1_OperationModeGet                                        text30       005D9C
_CAN1_OperationModeSet                                        text29       005092
_CAN1_RXI_ISR                                                 text111      005A68
_CAN1_RX_FIFO_Configuration                                   text27       005A94
_CAN1_RX_FIFO_FilterMaskConfiguration                         text26       005B60
_CAN1_RX_FIFO_ResetInfo                                       text25       005928
_CAN1_Receive                                                 text125      00565E
_CAN1_ReceivedMessageCountGet                                 text124      004E58
_CAN1_RxBufferOverflowHandler                                 bssBANK5     000578
_CAN1_SetBusErrorInterruptHandler                             text38       005DE2
_CAN1_SetBusWakeUpActivityInterruptHandler                    text37       005DD8
_CAN1_SetFIFO1NotEmptyHandler                                 text28       005D92
_CAN1_SetInvalidMessageInterruptHandler                       text36       005DCE
_CAN1_SetModeChangeInterruptHandler                           text35       005DC4
_CAN1_SetRxBufferOverFlowInterruptHandler                     text34       005DBA
_CAN1_SetSystemErrorInterruptHandler                          text33       005DB0
_CAN1_SetTxAttemptInterruptHandler                            text32       005DA6
_CAN1_SystemErrorHandler                                      bssBANK5     00057C
_CAN1_TX_FIFO_Configuration                                   text24       005C9A
_CAN1_Transmit                                                text83       00512A
_CAN1_TransmitFIFOStatusGet                                   text82       005B38
_CAN1_TxAttemptHandler                                        bssBANK5     00057A
_CANDATAdata                                                  bssBANK6     000622
_CANDisableErrorInterrupt                                     text67       0058F8
_CANRXPPS                                                     (abs)        00023D
_CANReadMessage                                               text113      0035A4
_CANWriteMessage                                              text81       004AB8
_DELAY_milliseconds                                           text97       0059E0
_DLC_BYTES                                                    smallconst   002501
_DefaultBusErrorHandler                                       text138      005EA0
_DefaultBusWakeUpActivityHandler                              text137      005E9E
_DefaultFIFO1NotEmptyHandler                                  text112      005E64
_DefaultInvalidMessageHandler                                 text136      005E9C
_DefaultModeChangeHandler                                     text135      005E9A
_DefaultRxBufferOverflowHandler                               text134      005E98
_DefaultSystemErrorHandler                                    text133      005E96
_DefaultTxAttemptHandler                                      text132      005E94
_EBS_Init                                                     text53       005CC2
_EBS_Watchdog                                                 text54       00554C
_EXT_INT_Initialize                                           text21       005C42
_GPIO_BrakePedalAtRest                                        text104      0057FE
_GPIO_Init                                                    text52       005BA4
_GPIO_PWM1_Control                                            text48       0048D4
_GPIO_PWM2_Control                                            text57       0049C6
_GetRxFifoDepth                                               text130      005BC2
_GetRxFifoStatus                                              text129      005C2A
_GetTxFifoStatus                                              text88       005C12
_HDRPRES_max                                                  bssBANK5     000590
_HDRPRES_min                                                  bssCOMRAM    00055F
_INLVLA                                                       (abs)        000404
_INLVLB                                                       (abs)        00040C
_INLVLC                                                       (abs)        000414
_INLVLE                                                       (abs)        000424
_INT0PPS                                                      (abs)        00023E
_INT0_CallBack                                                text102      005864
_INT0_DefaultInterruptHandler                                 text103      005E92
_INT0_ISR                                                     text101      005E44
_INT0_InterruptHandler                                        nvBANK6      000618
_INT0_SetInterruptHandler                                     text22       005D88
_INTCON0bits                                                  (abs)        0004D6
_INTERRUPT_Initialize                                         text20       005E6A
_INTERRUPT_InterruptManager                                   text68       0045BC
_LATA                                                         (abs)        0004BE
_LATAbits                                                     (abs)        0004BE
_LATB                                                         (abs)        0004BF
_LATBbits                                                     (abs)        0004BF
_LATC                                                         (abs)        0004C0
_LATCbits                                                     (abs)        0004C0
_NPRES_max                                                    bssBANK5     00058E
_NPRES_min                                                    bssBANK5     00058F
_ODCONA                                                       (abs)        000402
_ODCONB                                                       (abs)        00040A
_ODCONC                                                       (abs)        000412
_OSCCON1                                                      (abs)        0000AD
_OSCCON3                                                      (abs)        0000AF
_OSCEN                                                        (abs)        0000B3
_OSCFRQ                                                       (abs)        0000B1
_OSCILLATOR_Initialize                                        text19       005BFA
_OSCTUNE                                                      (abs)        0000B0
_PIE0bits                                                     (abs)        00049E
_PIE1bits                                                     (abs)        00049F
_PIE3bits                                                     (abs)        0004A1
_PIE4bits                                                     (abs)        0004A2
_PIE5bits                                                     (abs)        0004A3
_PIN_MANAGER_Initialize                                       text18       00547E
_PIR0bits                                                     (abs)        0004AE
_PIR1bits                                                     (abs)        0004AF
_PIR2bits                                                     (abs)        0004B0
_PIR3bits                                                     (abs)        0004B1
_PIR4bits                                                     (abs)        0004B2
_PIR5bits                                                     (abs)        0004B3
_PMD0                                                         (abs)        000060
_PMD1                                                         (abs)        000061
_PMD2                                                         (abs)        000062
_PMD3                                                         (abs)        000063
_PMD4                                                         (abs)        000064
_PMD5                                                         (abs)        000065
_PMD6                                                         (abs)        000066
_PMD7                                                         (abs)        000067
_PMD8                                                         (abs)        000068
_PMD_Initialize                                               text17       005B10
_PORTAbits                                                    (abs)        0004CE
_PORTCbits                                                    (abs)        0004D0
_PR2                                                          (abs)        000323
_PWM1CLK                                                      (abs)        000461
_PWM1CON                                                      (abs)        000469
_PWM1CONbits                                                  (abs)        000469
_PWM1CPRE                                                     (abs)        000465
_PWM1ERS                                                      (abs)        000460
_PWM1GIE                                                      (abs)        000468
_PWM1GIEbits                                                  (abs)        000468
_PWM1GIR                                                      (abs)        000467
_PWM1GIRbits                                                  (abs)        000467
_PWM1LDS                                                      (abs)        000462
_PWM1PIPOS                                                    (abs)        000466
_PWM1PRH                                                      (abs)        000464
_PWM1PRL                                                      (abs)        000463
_PWM1S1CFG                                                    (abs)        00046A
_PWM1S1P1H                                                    (abs)        00046C
_PWM1S1P1L                                                    (abs)        00046B
_PWM1S1P2H                                                    (abs)        00046E
_PWM1S1P2L                                                    (abs)        00046D
_PWM1_16BIT_Initialize                                        text13       005322
_PWM1_16BIT_LoadBufferRegisters                               text51       005E6E
_PWM1_16BIT_Period_DefaultInterruptHandler                    (abs)        000000
_PWM1_16BIT_Period_InterruptHandler                           bssBANK5     000588
_PWM1_16BIT_Period_SetInterruptHandler                        text16       005D7E
_PWM1_16BIT_SetSlice1Output1DutyCycleRegister                 text50       005CE0
_PWM1_16BIT_Slice1Output1_DefaultInterruptHandler             (abs)        000000
_PWM1_16BIT_Slice1Output1_InterruptHandler                    bssBANK5     00058C
_PWM1_16BIT_Slice1Output1_SetInterruptHandler                 text15       005D74
_PWM1_16BIT_Slice1Output2_DefaultInterruptHandler             (abs)        000000
_PWM1_16BIT_Slice1Output2_InterruptHandler                    bssBANK5     00058A
_PWM1_16BIT_Slice1Output2_SetInterruptHandler                 text14       005D6A
_PWM1_16BIT_WritePeriodRegister                               text49       005CD2
_PWM2CLK                                                      (abs)        000470
_PWM2CON                                                      (abs)        000478
_PWM2CONbits                                                  (abs)        000478
_PWM2CPRE                                                     (abs)        000474
_PWM2ERS                                                      (abs)        00046F
_PWM2GIE                                                      (abs)        000477
_PWM2GIEbits                                                  (abs)        000477
_PWM2GIR                                                      (abs)        000476
_PWM2GIRbits                                                  (abs)        000476
_PWM2LDS                                                      (abs)        000471
_PWM2PIPOS                                                    (abs)        000475
_PWM2PRH                                                      (abs)        000473
_PWM2PRL                                                      (abs)        000472
_PWM2S1CFG                                                    (abs)        000479
_PWM2S1P1H                                                    (abs)        00047B
_PWM2S1P1L                                                    (abs)        00047A
_PWM2S1P2H                                                    (abs)        00047D
_PWM2S1P2L                                                    (abs)        00047C
_PWM2_16BIT_Disable                                           text56       005E76
_PWM2_16BIT_Enable                                            text55       005E72
_PWM2_16BIT_Initialize                                        text9        0052AE
_PWM2_16BIT_LoadBufferRegisters                               text66       005E7A
_PWM2_16BIT_Period_DefaultInterruptHandler                    (abs)        000000
_PWM2_16BIT_Period_InterruptHandler                           nvBANK6      000606
_PWM2_16BIT_Period_SetInterruptHandler                        text12       005D60
_PWM2_16BIT_SetSlice1Output1DutyCycleRegister                 text65       005CFC
_PWM2_16BIT_Slice1Output1_DefaultInterruptHandler             (abs)        000000
_PWM2_16BIT_Slice1Output1_InterruptHandler                    nvBANK6      00060A
_PWM2_16BIT_Slice1Output1_SetInterruptHandler                 text11       005D56
_PWM2_16BIT_Slice1Output2_DefaultInterruptHandler             (abs)        000000
_PWM2_16BIT_Slice1Output2_InterruptHandler                    nvBANK6      000608
_PWM2_16BIT_Slice1Output2_SetInterruptHandler                 text10       005D4C
_PWM2_16BIT_WritePeriodRegister                               text64       005CEE
_RB4PPS                                                       (abs)        00020D
_RC0PPS                                                       (abs)        000211
_RC1PPS                                                       (abs)        000212
_ReadMessageFromFifo                                          text127      003A7A
_Receive                                                      text126      004C94
_SERVICEBRAKE_Move                                            text47       005396
_SLRCONA                                                      (abs)        000403
_SLRCONB                                                      (abs)        00040B
_SLRCONC                                                      (abs)        000413
_SYSTEM_Initialize                                            text2        005832
_T0CON0                                                       (abs)        00031A
_T0CON0bits                                                   (abs)        00031A
_T0CON1                                                       (abs)        00031B
_T1CLK                                                        (abs)        000321
_T1CON                                                        (abs)        00031E
_T1CONbits                                                    (abs)        00031E
_T1GATE                                                       (abs)        000320
_T1GCON                                                       (abs)        00031F
_T1GCONbits                                                   (abs)        00031F
_T2CLKCON                                                     (abs)        000326
_T2CON                                                        (abs)        000324
_T2CONbits                                                    (abs)        000324
_T2HLT                                                        (abs)        000325
_T2HLTbits                                                    (abs)        000325
_T2PR                                                         (abs)        000323
_T2RST                                                        (abs)        000327
_T2RSTbits                                                    (abs)        000327
_T2TMR                                                        (abs)        000322
_TEMPORIZATION_100ms                                          text95       005E52
_TEMPORIZATION_10ms                                           text72       005E86
_TEMPORIZATION_10s                                            text94       005E8E
_TEMPORIZATION_1mins                                          text93       005E8C
_TEMPORIZATION_1s                                             text80       0055A8
_TEMPORIZATION_30s                                            text79       005E8A
_TEMPORIZATION_500ms                                          text77       005742
_TMR0H                                                        (abs)        000319
_TMR0L                                                        (abs)        000318
_TMR0_CallBack                                                text99       005A0E
_TMR0_DefaultInterruptHandler                                 text100      005E90
_TMR0_ISR                                                     text98       005E3C
_TMR0_Initialize                                              text7        005AE8
_TMR0_InterruptHandler                                        nvBANK6      000600
_TMR0_SetInterruptHandler                                     text8        005D42
_TMR0_StopTimer                                               text1        005E4C
_TMR1H                                                        (abs)        00031D
_TMR1L                                                        (abs)        00031C
_TMR1_CallBack                                                text75       0059B2
_TMR1_DefaultInterruptHandler                                 text76       005E88
_TMR1_ISR                                                     text73       004F22
_TMR1_Initialize                                              text5        0056FA
_TMR1_InterruptHandler                                        nvBANK6      000604
_TMR1_SetInterruptHandler                                     text6        005D38
_TMR1_WriteTimer                                              text74       005984
_TMR2                                                         (abs)        000322
_TMR2_CallBack                                                text70       005956
_TMR2_DefaultInterruptHandler                                 text71       005E84
_TMR2_ISR                                                     text69       005D0A
_TMR2_Initialize                                              text3        0058C8
_TMR2_InterruptHandler                                        nvBANK6      000602
_TMR2_SetInterruptHandler                                     text4        005D2E
_TRISA                                                        (abs)        0004C6
_TRISAbits                                                    (abs)        0004C6
_TRISB                                                        (abs)        0004C7
_TRISBbits                                                    (abs)        0004C7
_TRISC                                                        (abs)        0004C8
_TRISCbits                                                    (abs)        0004C8
_TRISE                                                        (abs)        0004CA
_ValidateTransmission                                         text86       004D80
_WPUA                                                         (abs)        000401
_WPUB                                                         (abs)        000409
_WPUC                                                         (abs)        000411
_WPUE                                                         (abs)        000421
_WriteMessageToFifo                                           text85       003834
__HRAM                                                        (abs)        000000
__Habs1                                                       abs1         000000
__Hbank10                                                     bank10       000000
__Hbank11                                                     bank11       000000
__Hbank12                                                     bank12       000000
__Hbank13                                                     bank13       000000
__Hbank14                                                     bank14       000000
__Hbank15                                                     bank15       000000
__Hbank16                                                     bank16       000000
__Hbank17                                                     bank17       000000
__Hbank18                                                     bank18       000000
__Hbank19                                                     bank19       000000
__Hbank20                                                     bank20       000000
__Hbank21                                                     bank21       000000
__Hbank22                                                     bank22       000000
__Hbank23                                                     bank23       000000
__Hbank24                                                     bank24       000000
__Hbank25                                                     bank25       000000
__Hbank26                                                     bank26       000000
__Hbank27                                                     bank27       000000
__Hbank28                                                     bank28       000000
__Hbank29                                                     bank29       000000
__Hbank30                                                     bank30       000000
__Hbank31                                                     bank31       000000
__Hbank32                                                     bank32       000000
__Hbank33                                                     bank33       000000
__Hbank34                                                     bank34       000000
__Hbank35                                                     bank35       000000
__Hbank36                                                     bank36       000000
__Hbank5                                                      bank5        000000
__Hbank6                                                      bank6        000000
__Hbank7                                                      bank7        000000
__Hbank8                                                      bank8        000000
__Hbank9                                                      bank9        000000
__Hbigbss                                                     bigbss       000000
__Hbigdata                                                    bigdata      000000
__Hbigram                                                     bigram       000000
__Hbss                                                        bss          000000
__HbssBANK5                                                   bssBANK5     000000
__HbssBANK6                                                   bssBANK6     000000
__HbssCOMRAM                                                  bssCOMRAM    000000
__Hcinit                                                      cinit        000000
__Hclrtext                                                    clrtext      000000
__Hcomram                                                     comram       000000
__Hconfig                                                     config       300024
__Hconst                                                      const        000000
__HcstackBANK5                                                cstackBANK5  000000
[...]
      Locals:         0       0       0       0       0       0       0       0       0       0       0       0       0       0       0       0       0       0       0       0       0       0       0       0       0       0       0       0       0       0       0       0       0
      Temps:          0       0       0       0       0       0       0       0       0       0       0       0       0       0       0       0       0       0       0       0       0       0       0       0       0       0       0       0       0       0       0       0       0
      Totals:         0       0       0       0       0       0       0       0       0       0       0       0       0       0       0       0       0       0       0       0       0       0       0       0       0       0       0       0       0       0       0       0       0
Total ram usage:        0 bytes
 Hardware stack levels used:    1
 This function calls:
		Nothing
 This function is called by:
		_CAN1_ErrorNotificationInterruptEnable
		_CAN1_ISR
 This function uses a non-reentrant model


 *************** function _DefaultModeChangeHandler *****************
 Defined at:
		line 137 in file "mcc_generated_files/can1.c"
 Parameters:    Size  Location     Type
		None
 Auto vars:     Size  Location     Type
		None
 Return value:  Size  Location     Type
                  1    wreg      void 
 Registers used:
		None
 Tracked objects:
		On entry : 
		On exit  : 
		Unchanged: 
 Data sizes:     COMRAM   BANK5   BANK6   BANK7   BANK8   BANK9  BANK10  BANK11  BANK12  BANK13  BANK14  BANK15  BANK16  BANK17  BANK18  BANK19  BANK20  BANK21  BANK22  BANK23  BANK24  BANK25  BANK26  BANK27  BANK28  BANK29  BANK30  BANK31  BANK32  BANK33  BANK34  BANK35  BANK36
      Params:         0       0       0       0       0       0       0       0       0       0       0       0       0       0       0       0       0       0       0       0       0       0       0       0       0       0       0       0       0       0       0       0       0
      Locals:         0       0       0       0       0       0       0       0       0       0       0       0       0       0       0       0       0       0       0       0       0       0       0       0       0       0       0       0       0       0       0       0       0
      Temps:          0       0       0       0       0       0       0       0       0       0       0       0       0       0       0       0       0       0       0       0       0       0       0       0       0       0       0       0       0       0       0       0       0
      Totals:         0       0       0       0       0       0       0       0       0       0       0       0       0       0       0       0       0       0       0       0       0       0       0       0       0       0       0       0       0       0       0       0       0
Total ram usage:        0 bytes
 Hardware stack levels used:    1
 This function calls:
		Nothing
 This function is called by:
		_CAN1_ErrorNotificationInterruptEnable
		_CAN1_ISR
 This function uses a non-reentrant model


 *************** function _DefaultInvalidMessageHandler *****************
 Defined at:
		line 125 in file "mcc_generated_files/can1.c"
 Parameters:    Size  Location     Type
		None
 Auto vars:     Size  Location     Type
		None
 Return value:  Size  Location     Type
                  1    wreg      void 
 Registers used:
		None
 Tracked objects:
		On entry : 
		On exit  : 
		Unchanged: 
 Data sizes:     COMRAM   BANK5   BANK6   BANK7   BANK8   BANK9  BANK10  BANK11  BANK12  BANK13  BANK14  BANK15  BANK16  BANK17  BANK18  BANK19  BANK20  BANK21  BANK22  BANK23  BANK24  BANK25  BANK26  BANK27  BANK28  BANK29  BANK30  BANK31  BANK32  BANK33  BANK34  BANK35  BANK36
      Params:         0       0       0       0       0       0       0       0       0       0       0       0       0       0       0       0       0       0       0       0       0       0       0       0       0       0       0       0       0       0       0       0       0
      Locals:         0       0       0       0       0       0       0       0       0       0       0       0       0       0       0       0       0       0       0       0       0       0       0       0       0       0       0       0       0       0       0       0       0
      Temps:          0       0       0       0       0       0       0       0       0       0       0       0       0       0       0       0       0       0       0       0       0       0       0       0       0       0       0       0       0       0       0       0       0
      Totals:         0       0       0       0       0       0       0       0       0       0       0       0       0       0       0       0       0       0       0       0       0       0       0       0       0       0       0       0       0       0       0       0       0
Total ram usage:        0 bytes
 Hardware stack levels used:    1
 This function calls:
		Nothing
 This function is called by:
		_CAN1_ErrorNotificationInterruptEnable
		_CAN1_ISR
 This function uses a non-reentrant model


 *************** function _DefaultBusWakeUpActivityHandler *****************
 Defined at:
		line 129 in file "mcc_generated_files/can1.c"
 Parameters:    Size  Location     Type
		None
 Auto vars:     Size  Location     Type
		None
 Return value:  Size  Location     Type
                  1    wreg      void 
 Registers used:
		None
 Tracked objects:
		On entry : 
		On exit  : 
		Unchanged: 
 Data sizes:     COMRAM   BANK5   BANK6   BANK7   BANK8   BANK9  BANK10  BANK11  BANK12  BANK13  BANK14  BANK15  BANK16  BANK17  BANK18  BANK19  BANK20  BANK21  BANK22  BANK23  BANK24  BANK25  BANK26  BANK27  BANK28  BANK29  BANK30  BANK31  BANK32  BANK33  BANK34  BANK35  BANK36
      Params:         0       0       0       0       0       0       0       0       0       0       0       0       0       0       0       0       0       0       0       0       0       0       0       0       0       0       0       0       0       0       0       0       0
      Locals:         0       0       0       0       0       0       0       0       0       0       0       0       0       0       0       0       0       0       0       0       0       0       0       0       0       0       0       0       0       0       0       0       0
      Temps:          0       0       0       0       0       0       0       0       0       0       0       0       0       0       0       0       0       0       0       0       0       0       0       0       0       0       0       0       0       0       0       0       0
      Totals:         0       0       0       0       0       0       0       0       0       0       0       0       0       0       0       0       0       0       0       0       0       0       0       0       0       0       0       0       0       0       0       0       0
Total ram usage:        0 bytes
 Hardware stack levels used:    1
 This function calls:
		Nothing
 This function is called by:
		_CAN1_ErrorNotificationInterruptEnable
		_CAN1_ISR
 This function uses a non-reentrant model


 *************** function _DefaultBusErrorHandler *****************
 Defined at:
		line 133 in file "mcc_generated_files/can1.c"
 Parameters:    Size  Location     Type
		None
 Auto vars:     Size  Location     Type
		None
 Return value:  Size  Location     Type
                  1    wreg      void 
 Registers used:
		None
 Tracked objects:
		On entry : 
		On exit  : 
		Unchanged: 
 Data sizes:     COMRAM   BANK5   BANK6   BANK7   BANK8   BANK9  BANK10  BANK11  BANK12  BANK13  BANK14  BANK15  BANK16  BANK17  BANK18  BANK19  BANK20  BANK21  BANK22  BANK23  BANK24  BANK25  BANK26  BANK27  BANK28  BANK29  BANK30  BANK31  BANK32  BANK33  BANK34  BANK35  BANK36
      Params:         0       0       0       0       0       0       0       0       0       0       0       0       0       0       0       0       0       0       0       0       0       0       0       0       0       0       0       0       0       0       0       0       0
      Locals:         0       0       0       0       0       0       0       0       0       0       0       0       0       0       0       0       0       0       0       0       0       0       0       0       0       0       0       0       0       0       0       0       0
      Temps:          0       0       0       0       0       0       0       0       0       0       0       0       0       0       0       0       0       0       0       0       0       0       0       0       0       0       0       0       0       0       0       0       0
      Totals:         0       0       0       0       0       0       0       0       0       0       0       0       0       0       0       0       0       0       0       0       0       0       0       0       0       0       0       0       0       0       0       0       0
Total ram usage:        0 bytes
 Hardware stack levels used:    1
 This function calls:
		Nothing
 This function is called by:
		_CAN1_ErrorNotificationInterruptEnable
		_CAN1_ISR
 This function uses a non-reentrant model



MODULE INFORMATION

Module		Function		Class		Link	Load	Size
mcc_generated_files/can1.c
		_ReadMessageFromFifo		CODE           	3A7A	0000	576
		_ValidateTransmission		CODE           	4D80	0000	216
		_CAN1_IsTxErrorPassive		CODE           	5C6E	0000	22
		_DefaultFIFO1NotEmptyHandler		CODE           	5E64	0000	6
		_CAN1_BitRateConfiguration		CODE           	5CAE	0000	20
		_CAN1_SetTxAttemptInterruptHandler		CODE           	5DA6	0000	10
		_Receive       		CODE           	4C94	0000	236
		_CAN1_SetInvalidMessageInterruptHandler		CODE           	5DCE	0000	10
		_CAN1_TX_FIFO_Configuration		CODE           	5C9A	0000	20
		_GetRxFifoDepth		CODE           	5BC2	0000	30
		_CAN1_ISR      		CODE           	424C	0000	342
		_DefaultBusErrorHandler		CODE           	5EA0	0000	2
		_CAN1_OperationModeGet		CODE           	5D9C	0000	10
		_CAN1_IsBusOff 		CODE           	5C84	0000	22
		_CAN1_Initialize		CODE           	54F0	0000	92
		_DefaultInvalidMessageHandler		CODE           	5E9C	0000	2
		_CAN1_SetFIFO1NotEmptyHandler		CODE           	5D92	0000	10
		_DefaultBusWakeUpActivityHandler		CODE           	5E9E	0000	2
		_CAN1_TransmitFIFOStatusGet		CODE           	5B38	0000	40
		_CAN1_Transmit 		CODE           	512A	0000	148
		_CAN1_RX_FIFO_FilterMaskConfiguration		CODE           	5B60	0000	34
		_CAN1_RX_FIFO_Configuration		CODE           	5A94	0000	42
		_CAN1_IsTxErrorActive		CODE           	5BE0	0000	26
		_GetRxFifoStatus		CODE           	5C2A	0000	24
		_CAN1_ReceivedMessageCountGet		CODE           	4E58	0000	202
		_CAN1_SetBusErrorInterruptHandler		CODE           	5DE2	0000	10
		_CAN1_SetSystemErrorInterruptHandler		CODE           	5DB0	0000	10
		_DefaultSystemErrorHandler		CODE           	5E96	0000	2
		_CAN1_IsTxErrorWarning		CODE           	5C58	0000	22
		_isTxChannel   		CODE           	5786	0000	62
		_GetTxFifoStatus		CODE           	5C12	0000	24
		_WriteMessageToFifo		CODE           	3834	0000	582
		_DefaultRxBufferOverflowHandler		CODE           	5E98	0000	2
		_CAN1_ErrorNotificationInterruptEnable		CODE           	51BE	0000	122
		_CAN1_SetBusWakeUpActivityInterruptHandler		CODE           	5DD8	0000	10
		_CAN1_Receive  		CODE           	565E	0000	82
		_CAN1_SetRxBufferOverFlowInterruptHandler		CODE           	5DBA	0000	10
		_CAN1_RX_FIFO_ResetInfo		CODE           	5928	0000	46
		_CAN1_OperationModeSet		CODE           	5092	0000	152
		_CAN1_SetModeChangeInterruptHandler		CODE           	5DC4	0000	10
		_CAN1_RXI_ISR  		CODE           	5A68	0000	44
		_DefaultTxAttemptHandler		CODE           	5E94	0000	2
		_DefaultModeChangeHandler		CODE           	5E9A	0000	2

mcc_generated_files/can1.c estimated size: 3338

C:\Program Files\Microchip\xc8\v2.31\pic\sources\c99\common\sprcadd.c
		___fladd       		CODE           	250E	0000	1218

C:\Program Files\Microchip\xc8\v2.31\pic\sources\c99\common\sprcadd.c estimated size: 1218

mcc_generated_files/pwm2_16bit.c
		_PWM2_16BIT_WritePeriodRegister		CODE           	5CEE	0000	14
		_PWM2_16BIT_Disable		CODE           	5E76	0000	4
		_PWM2_16BIT_Period_SetInterruptHandler		CODE           	5D60	0000	10
		_PWM2_16BIT_Slice1Output1_SetInterruptHandler		CODE           	5D56	0000	10
		_PWM2_16BIT_Slice1Output2_SetInterruptHandler		CODE           	5D4C	0000	10
		_PWM2_16BIT_Initialize		CODE           	52AE	0000	116
		_PWM2_16BIT_LoadBufferRegisters		CODE           	5E7A	0000	4
		_PWM2_16BIT_SetSlice1Output1DutyCycleRegister		CODE           	5CFC	0000	14
		_PWM2_16BIT_Enable		CODE           	5E72	0000	4

mcc_generated_files/pwm2_16bit.c estimated size: 186

TEMPORIZATIONS.c
		_TEMPORIZATION_1mins		CODE           	5E8C	0000	2
		_TEMPORIZATION_100ms		CODE           	5E52	0000	6
		_TEMPORIZATION_500ms		CODE           	5742	0000	68
		_TEMPORIZATION_10s		CODE           	5E8E	0000	2
		_TEMPORIZATION_30s		CODE           	5E8A	0000	2
		_TEMPORIZATION_1s		CODE           	55A8	0000	92
		_TEMPORIZATION_10ms		CODE           	5E86	0000	2

TEMPORIZATIONS.c estimated size: 174

MESSAGES.c
		_CANWriteMessage		CODE           	4AB8	0000	240
		_CANReadMessage		CODE           	35A4	0000	656
		_CANDisableErrorInterrupt		CODE           	58F8	0000	48

MESSAGES.c estimated size: 944

mcc_generated_files/tmr2.c
		_TMR2_ISR      		CODE           	5D0A	0000	12
		_TMR2_Initialize		CODE           	58C8	0000	48
		_TMR2_SetInterruptHandler		CODE           	5D2E	0000	10
		_TMR2_DefaultInterruptHandler		CODE           	5E84	0000	2
		_TMR2_CallBack 		CODE           	5956	0000	46

mcc_generated_files/tmr2.c estimated size: 118

mcc_generated_files/interrupt_manager.c
		_INTERRUPT_Initialize		CODE           	5E6A	0000	4
		_INTERRUPT_InterruptManager		CODE           	45BC	0000	266

mcc_generated_files/interrupt_manager.c estimated size: 270

C:\Program Files\Microchip\xc8\v2.31\pic\sources\c99\common\xxtofl.c
		___xxtofl      		CODE           	3EE0	0000	440

C:\Program Files\Microchip\xc8\v2.31\pic\sources\c99\common\xxtofl.c estimated size: 440

mcc_generated_files/tmr0.c
		_TMR0_SetInterruptHandler		CODE           	5D42	0000	10
		_TMR0_StopTimer		CODE           	5E4C	0000	6
		_TMR0_DefaultInterruptHandler		CODE           	5E90	0000	2
		_TMR0_CallBack 		CODE           	5A0E	0000	46
		_TMR0_ISR      		CODE           	5E3C	0000	8
		_TMR0_Initialize		CODE           	5AE8	0000	40

mcc_generated_files/tmr0.c estimated size: 112

mcc_generated_files/pin_manager.c
		_PIN_MANAGER_Initialize		CODE           	547E	0000	114

mcc_generated_files/pin_manager.c estimated size: 114

mcc_generated_files/adc.c
		_ADC_SelectContext		CODE           	5E32	0000	10
		_ADC_Initialize		CODE           	3CBA	0000	550
		_ADC_DisableChannelSequencer		CODE           	5E5E	0000	6
		_ADC_GetSingleConversion		CODE           	5896	0000	50
		_ADC_SetActiveClockTuningInterruptHandler		CODE           	5E14	0000	10
		_ADC_SetADIInterruptHandler		CODE           	5E1E	0000	10
		_ADC_StopConversion		CODE           	5E58	0000	6
		_ADC_SetContext1ThresholdInterruptHandler		CODE           	5E0A	0000	10
		_ADC_SetContext2ThresholdInterruptHandler		CODE           	5E00	0000	10
		_ADC_SetContext3ThresholdInterruptHandler		CODE           	5DF6	0000	10
		_ADC_SetContext4ThresholdInterruptHandler		CODE           	5DEC	0000	10

mcc_generated_files/adc.c estimated size: 682

mcc_generated_files/ext_int.c
		_INT0_SetInterruptHandler		CODE           	5D88	0000	10
		_EXT_INT_Initialize		CODE           	5C42	0000	22
		_INT0_DefaultInterruptHandler		CODE           	5E92	0000	2
		_INT0_CallBack 		CODE           	5864	0000	50
		_INT0_ISR      		CODE           	5E44	0000	8

mcc_generated_files/ext_int.c estimated size: 92

mcc_generated_files/pwm1_16bit.c
		_PWM1_16BIT_Period_SetInterruptHandler		CODE           	5D7E	0000	10
		_PWM1_16BIT_Slice1Output1_SetInterruptHandler		CODE           	5D74	0000	10
		_PWM1_16BIT_Slice1Output2_SetInterruptHandler		CODE           	5D6A	0000	10
		_PWM1_16BIT_Initialize		CODE           	5322	0000	116
		_PWM1_16BIT_LoadBufferRegisters		CODE           	5E6E	0000	4
		_PWM1_16BIT_SetSlice1Output1DutyCycleRegister		CODE           	5CE0	0000	14
		_PWM1_16BIT_WritePeriodRegister		CODE           	5CD2	0000	14

mcc_generated_files/pwm1_16bit.c estimated size: 178

shared
		i2_GPIO_PWM1_Control		CODE           	4BA8	0000	236
		_FIFO          		SMALLCONST     	0000	0000	0
		_DLC_BYTES     		SMALLCONST     	2501	0000	9
		i2___lwdiv     		CODE           	540A	0000	116
		i2_PWM1_16BIT_LoadBufferRegisters		CODE           	5E7E	0000	4
		i2___fladd     		CODE           	29D0	0000	1216
		i2___wmul      		CODE           	5ABE	0000	42
		i2___fltol     		CODE           	47CE	0000	262
		__initialization		CODE           	56B0	0000	68
		i2___aldiv     		CODE           	44B0	0000	268
		i2_PWM1_16BIT_SetSlice1Output1DutyCycleRegister		CODE           	5D22	0000	12
		i2___xxtofl    		CODE           	4098	0000	436
		i2_CAN1_OperationModeGet		CODE           	5E28	0000	10
		i2_PWM1_16BIT_WritePeriodRegister		CODE           	5D16	0000	12

shared estimated size: 2691

mcc_generated_files/mcc.c
		_PMD_Initialize		CODE           	5B10	0000	40
		_OSCILLATOR_Initialize		CODE           	5BFA	0000	24
		_SYSTEM_Initialize		CODE           	5832	0000	50

mcc_generated_files/mcc.c estimated size: 114

EBS.c
		_EBS_Watchdog  		CODE           	554C	0000	92
		_EBS_Init      		CODE           	5CC2	0000	16

EBS.c estimated size: 108

C:\Program Files\Microchip\xc8\v2.31\pic\sources\c99\common\sprcmul.c
		___flmul       		CODE           	2E90	0000	1102

C:\Program Files\Microchip\xc8\v2.31\pic\sources\c99\common\sprcmul.c estimated size: 1102

GPIO.c
		_GPIO_BrakePedalAtRest		CODE           	57FE	0000	52
		_GPIO_PWM1_Control		CODE           	48D4	0000	242
		_GPIO_PWM2_Control		CODE           	49C6	0000	242
		_GPIO_Init     		CODE           	5BA4	0000	30

GPIO.c estimated size: 566

C:\Program Files\Microchip\xc8\v2.31\pic\sources\c99\common\lwdiv.c
		___lwdiv       		CODE           	5238	0000	118

C:\Program Files\Microchip\xc8\v2.31\pic\sources\c99\common\lwdiv.c estimated size: 118

mcc_generated_files/tmr1.c
		_TMR1_Initialize		CODE           	56FA	0000	72
		_TMR1_SetInterruptHandler		CODE           	5D38	0000	10
		_TMR1_DefaultInterruptHandler		CODE           	5E88	0000	2
		_TMR1_CallBack 		CODE           	59B2	0000	46
		_TMR1_WriteTimer		CODE           	5984	0000	46
		_TMR1_ISR      		CODE           	4F22	0000	196

mcc_generated_files/tmr1.c estimated size: 372

C:\Program Files\Microchip\xc8\v2.31\pic\sources\c99\common\fltol.c
		___fltol       		CODE           	46C6	0000	264

C:\Program Files\Microchip\xc8\v2.31\pic\sources\c99\common\fltol.c estimated size: 264

C:\Program Files\Microchip\xc8\v2.31\pic\sources\c99\common\memcpy.c
		_memcpy        		CODE           	5604	0000	90

C:\Program Files\Microchip\xc8\v2.31\pic\sources\c99\common\memcpy.c estimated size: 90

mcc_generated_files/delay.c
		_DELAY_milliseconds		CODE           	59E0	0000	46

mcc_generated_files/delay.c estimated size: 46

C:\Program Files\Microchip\xc8\v2.31\pic\sources\c99\common\aldiv.c
		___aldiv       		CODE           	43A2	0000	270

C:\Program Files\Microchip\xc8\v2.31\pic\sources\c99\common\aldiv.c estimated size: 270

C:\Program Files\Microchip\xc8\v2.31\pic\sources\c99\common\Umul16.c
		___wmul        		CODE           	5A3C	0000	44

C:\Program Files\Microchip\xc8\v2.31\pic\sources\c99\common\Umul16.c estimated size: 44

ANALOG.c
		_ANALOG_RedAll 		CODE           	4FE6	0000	172
		_ANALOG_GetVoltage		CODE           	32DE	0000	710

ANALOG.c estimated size: 882

main.c
		_main          		CODE           	57C4	0000	58

main.c estimated size: 58

SERVICEBRAKE.c
		_SERVICEBRAKE_Move		CODE           	5396	0000	116
		_ASBSupervisor 		CODE           	5B82	0000	34

SERVICEBRAKE.c estimated size: 150

