Microchip MPLAB XC8 Compiler V2.31

Linker command line:

-W-3 --edf=C:\Program Files\Microchip\xc8\v2.31\pic\dat\en_msgs.txt \
  -pivt0x8=08h -cn -h+dist/default/production\ASB.X.production.sym \
  --cmf=dist/default/production\ASB.X.production.cmf -z -Q18F26Q84 \
  -oC:\Users\panze\AppData\Local\Temp\s2lk.2 --defsym=__MPLAB_BUILD=1 \
  -Mdist/default/production/ASB.X.production.map -E1 -ver=XC8 Compiler \
  --acfsm=1493 -ASTACK=060Ch-025FFh -pstack=STACK -ACODE=00h-0FFFFh \
  -ACONST=00h-0FFFFh -ASMALLCONST=02600h-026FFhx218 \
  -AMEDIUMCONST=02600h-0FFFFh -ACOMRAM=0501h-055Fh -AABS1=0500h-025FFh \
  -ABIGRAM=0501h-025FFh -ARAM=0560h-05FFh,0600h-06FFhx32 \
  -ABANK5=0560h-05FFh -ABANK6=0600h-06FFh -ABANK7=0700h-07FFh \
  -ABANK8=0800h-08FFh -ABANK9=0900h-09FFh -ABANK10=0A00h-0AFFh \
  -ABANK11=0B00h-0BFFh -ABANK12=0C00h-0CFFh -ABANK13=0D00h-0DFFh \
  -ABANK14=0E00h-0EFFh -ABANK15=0F00h-0FFFh -ABANK16=01000h-010FFh \
  -ABANK17=01100h-011FFh -ABANK18=01200h-012FFh -ABANK19=01300h-013FFh \
  -ABANK20=01400h-014FFh -ABANK21=01500h-015FFh -ABANK22=01600h-016FFh \
  -ABANK23=01700h-017FFh -ABANK24=01800h-018FFh -ABANK25=01900h-019FFh \
  -ABANK26=01A00h-01AFFh -ABANK27=01B00h-01BFFh -ABANK28=01C00h-01CFFh \
  -ABANK29=01D00h-01DFFh -ABANK30=01E00h-01EFFh -ABANK31=01F00h-01FFFh \
  -ABANK32=02000h-020FFh -ABANK33=02100h-021FFh -ABANK34=02200h-022FFh \
  -ABANK35=02300h-023FFh -ABANK36=02400h-024FFh -ABANK37=02500h-025FFh \
  -ASFR=00h-0FFhx4,0400h-045Fh,0460h-04FFh -ACONFIG=0300000h-0300023h \
  -AIDLOC=0200000h-020001Fh -AEEDATA=0380000h-03803FFh -peeprom_data=EEDATA \
  -preset_vec=00h -ppowerup=CODE,init -pramtop=02600h \
  -psmallconst=SMALLCONST -pmediumconst=MEDIUMCONST -pconst=CONST \
  -AFARRAM=00h-00h \
  -prdata=COMRAM,nvrram=COMRAM,nvbit=COMRAM,rbss=COMRAM,rbit=COMRAM \
  -pfarbss=FARRAM,fardata=FARRAM,nvFARRAM=FARRAM \
  -pintsave_regs=BIGRAM,bigbss=BIGRAM,bigdata=BIGRAM -pbss=RAM \
  -pidata=CODE,irdata=CODE,ibigdata=CODE,ifardata=CODE -prparam=COMRAM \
  C:\Users\panze\AppData\Local\Temp\s2lk.o \
  dist/default/production\ASB.X.production.o 

Object code version is 3.11

Machine type is 18F26Q84



                Name                               Link     Load   Length Selector   Space Scale
C:\Users\panze\AppData\Local\Temp\s2lk.o
                idloc                            200000   200000       20        0       5
                config                           300000   300000       24        0       4
                init                                 1A       1A        4        4       0
                reset_vec                             0        0        4        0       0
dist/default/production\ASB.X.production.o
                idloc                            200000   200000       20        0       5
                config                           300000   300000       24        0       4
                smallconst                         2600     2600        E     1300       0
                ivt0x8                                8        8       12        4       0
                text119                            537C     537C        2     1307       0
                text118                            537A     537A        2     1307       0
                text117                            5378     5378        2     1307       0
                text116                            5376     5376        2     1307       0
                text115                            5374     5374        2     1307       0
                text114                            5372     5372        2     1307       0
                text113                            5370     5370        2     1307       0
                text112                            3CD8     3CD8      156     1307       0
                text111                            50D2     50D2       1E     1307       0
                text110                            5152     5152       18     1307       0
                text109                            4BC8     4BC8       5A     1307       0
                text108                            36BE     36BE      240     1307       0
                text107                            4236     4236       EC     1307       0
                text106                            4C76     4C76       52     1307       0
                text105                            44E2     44E2       CA     1307       0
                text104                            535A     535A        4     1307       0
                text103                            520E     520E        C     1307       0
                text102                            5202     5202        C     1307       0
                text101                            3E2E     3E2E      10C     1307       0
                text100                            260E     260E      4C0     1307       0
                text99                             4044     4044      106     1307       0
                text98                             4A2A     4A2A       74     1307       0
                text97                             4FF0     4FF0       2A     1307       0
                text96                             3B24     3B24      1B4     1307       0
                text95                             414A     414A       EC     1307       0
                text94                             4844     4844       84     1307       0
                text93                             31E4     31E4      294     1307       0
                text92                             5350     5350        6     1307       0
                text91                             4F9A     4F9A       2C     1307       0
                text90                             534A     534A        6     1307       0
                text89                             4E24     4E24       32     1307       0
                text88                             531E     531E        A     1307       0
                text87                             5344     5344        6     1307       0
                text86                             2ACE     2ACE      44E     1307       0
                text85                             2F1C     2F1C      2C8     1307       0
                text84                             4D8C     4D8C       34     1307       0
                text83                             536E     536E        2     1307       0
                text82                             4DF2     4DF2       32     1307       0
                text81                             5330     5330        8     1307       0
                text80                             536C     536C        2     1307       0
                text79                             4F6C     4F6C       2E     1307       0
                text78                             5328     5328        8     1307       0
                text77                             4F3E     4F3E       2E     1307       0
                text76                             466C     466C       AC     1307       0
                text75                             533E     533E        6     1307       0
                text74                             536A     536A        2     1307       0
                text73                             5368     5368        2     1307       0
                text72                             51AC     51AC       16     1307       0
                text71                             5196     5196       16     1307       0
                text70                             50F0     50F0       1A     1307       0
                text69                             5180     5180       16     1307       0
                text68                             513A     513A       18     1307       0
                text67                             5314     5314        A     1307       0
                text66                             440A     440A       D8     1307       0
                text65                             3478     3478      246     1307       0
                text64                             4D18     4D18       3E     1307       0
                text63                             47B0     47B0       94     1307       0
                text62                             506A     506A       28     1307       0
                text61                             4322     4322       E8     1307       0
                text60                             4B6C     4B6C       5C     1307       0
                text59                             5366     5366        2     1307       0
                text58                             4D56     4D56       36     1307       0
                text57                             51F6     51F6        C     1307       0
                text56                             5364     5364        2     1307       0
                text55                             4F10     4F10       2E     1307       0
                text54                             4EE2     4EE2       2E     1307       0
                text53                             45AC     45AC       C0     1307       0
                text52                             5362     5362        2     1307       0
                text51                             5360     5360        2     1307       0
                text50                             4EB4     4EB4       2E     1307       0
                text49                             51EA     51EA        C     1307       0
                text48                             3F3A     3F3A      10A     1307       0
                text47                             50B4     50B4       1E     1307       0
                text46                             530A     530A        A     1307       0
                text45                             5300     5300        A     1307       0
                text44                             52F6     52F6        A     1307       0
                text43                             52EC     52EC        A     1307       0
                text42                             52E2     52E2        A     1307       0
                text41                             52D8     52D8        A     1307       0
                text40                             38FE     38FE      226     1307       0
                text39                             51D6     51D6       14     1307       0
                text38                             52CE     52CE        A     1307       0
                text37                             52C4     52C4        A     1307       0
                text36                             52BA     52BA        A     1307       0
                text35                             52B0     52B0        A     1307       0
                text34                             52A6     52A6        A     1307       0
                text33                             529C     529C        A     1307       0
                text32                             5292     5292        A     1307       0
                text31                             48C8     48C8       7A     1307       0
                text30                             5288     5288        A     1307       0
                text29                             4718     4718       98     1307       0
                text28                             527E     527E        A     1307       0
                text27                             4FC6     4FC6       2A     1307       0
                text26                             5092     5092       22     1307       0
                text25                             4E86     4E86       2E     1307       0
                text24                             51C2     51C2       14     1307       0
                text23                             4B10     4B10       5C     1307       0
                text22                             5274     5274        A     1307       0
                text21                             516A     516A       16     1307       0
                text20                             5356     5356        4     1307       0
                text19                             5122     5122       18     1307       0
                text18                             4A9E     4A9E       72     1307       0
                text17                             5042     5042       28     1307       0
                text16                             526A     526A        A     1307       0
                text15                             5260     5260        A     1307       0
                text14                             5256     5256        A     1307       0
                text13                             49B6     49B6       74     1307       0
                text12                             524C     524C        A     1307       0
                text11                             5242     5242        A     1307       0
                text10                             5238     5238        A     1307       0
                text9                              4942     4942       74     1307       0
                text8                              522E     522E        A     1307       0
                text7                              501A     501A       28     1307       0
                text6                              5224     5224        A     1307       0
                text5                              4CC8     4CC8       50     1307       0
                text4                              521A     521A        A     1307       0
                text3                              4E56     4E56       30     1307       0
                text2                              4DC0     4DC0       32     1307       0
                text1                              5338     5338        6     1307       0
                text0                              510A     510A       18     1307       0
                cstackCOMRAM                        501      501       55      501       1
                cstackBANK5                         5E7      5E7        E      560       1
                cstackBANK6                         608      608        4      600       1
                bssBANK6                            600      600        8      600       1
                dataBANK5                           5F5      5F5        2      560       1
                bssBANK5                            560      560       6B      560       1
                bssCOMRAM                           556      556        8      501       1
                cinit                              4C22     4C22       54     1307       0
                nvBANK5                             5CB      5CB       1C      560       1
                idataBANK5                         535E     535E        2     1307       0

TOTAL           Name                               Link     Load   Length     Space
        CLASS   STACK          

        CLASS   CODE           
                init                                 1A       1A        4         0
                reset_vec                             0        0        4         0
                ivt0x8                                8        8       12         0
                text119                            537C     537C        2         0
                text118                            537A     537A        2         0
                text117                            5378     5378        2         0
                text116                            5376     5376        2         0
                text115                            5374     5374        2         0
                text114                            5372     5372        2         0
                text113                            5370     5370        2         0
                text112                            3CD8     3CD8      156         0
                text111                            50D2     50D2       1E         0
                text110                            5152     5152       18         0
                text109                            4BC8     4BC8       5A         0
                text108                            36BE     36BE      240         0
                text107                            4236     4236       EC         0
                text106                            4C76     4C76       52         0
                text105                            44E2     44E2       CA         0
                text104                            535A     535A        4         0
                text103                            520E     520E        C         0
                text102                            5202     5202        C         0
                text101                            3E2E     3E2E      10C         0
                text100                            260E     260E      4C0         0
                text99                             4044     4044      106         0
                text98                             4A2A     4A2A       74         0
                text97                             4FF0     4FF0       2A         0
                text96                             3B24     3B24      1B4         0
                text95                             414A     414A       EC         0
                text94                             4844     4844       84         0
                text93                             31E4     31E4      294         0
                text92                             5350     5350        6         0
                text91                             4F9A     4F9A       2C         0
                text90                             534A     534A        6         0
                text89                             4E24     4E24       32         0
                text88                             531E     531E        A         0
                text87                             5344     5344        6         0
                text86                             2ACE     2ACE      44E         0
                text85                             2F1C     2F1C      2C8         0
                text84                             4D8C     4D8C       34         0
                text83                             536E     536E        2         0
                text82                             4DF2     4DF2       32         0
                text81                             5330     5330        8         0
                text80                             536C     536C        2         0
                text79                             4F6C     4F6C       2E         0
                text78                             5328     5328        8         0
                text77                             4F3E     4F3E       2E         0
                text76                             466C     466C       AC         0
                text75                             533E     533E        6         0
                text74                             536A     536A        2         0
                text73                             5368     5368        2         0
                text72                             51AC     51AC       16         0
                text71                             5196     5196       16         0
                text70                             50F0     50F0       1A         0
                text69                             5180     5180       16         0
                text68                             513A     513A       18         0
                text67                             5314     5314        A         0
                text66                             440A     440A       D8         0
                text65                             3478     3478      246         0
                text64                             4D18     4D18       3E         0
                text63                             47B0     47B0       94         0
                text62                             506A     506A       28         0
                text61                             4322     4322       E8         0
                text60                             4B6C     4B6C       5C         0
                text59                             5366     5366        2         0
                text58                             4D56     4D56       36         0
                text57                             51F6     51F6        C         0
                text56                             5364     5364        2         0
                text55                             4F10     4F10       2E         0
                text54                             4EE2     4EE2       2E         0
                text53                             45AC     45AC       C0         0
                text52                             5362     5362        2         0
                text51                             5360     5360        2         0
                text50                             4EB4     4EB4       2E         0
                text49                             51EA     51EA        C         0
                text48                             3F3A     3F3A      10A         0
                text47                             50B4     50B4       1E         0
                text46                             530A     530A        A         0
                text45                             5300     5300        A         0
                text44                             52F6     52F6        A         0
                text43                             52EC     52EC        A         0
                text42                             52E2     52E2        A         0
                text41                             52D8     52D8        A         0
                text40                             38FE     38FE      226         0
                text39                             51D6     51D6       14         0
                text38                             52CE     52CE        A         0
                text37                             52C4     52C4        A         0
                text36                             52BA     52BA        A         0
                text35                             52B0     52B0        A         0
                text34                             52A6     52A6        A         0
                text33                             529C     529C        A         0
                text32                             5292     5292        A         0
                text31                             48C8     48C8       7A         0
                text30                             5288     5288        A         0
                text29                             4718     4718       98         0
                text28                             527E     527E        A         0
                text27                             4FC6     4FC6       2A         0
                text26                             5092     5092       22         0
                text25                             4E86     4E86       2E         0
                text24                             51C2     51C2       14         0
                text23                             4B10     4B10       5C         0
                text22                             5274     5274        A         0
                text21                             516A     516A       16         0
                text20                             5356     5356        4         0
                text19                             5122     5122       18         0
                text18                             4A9E     4A9E       72         0
                text17                             5042     5042       28         0
                text16                             526A     526A        A         0
                text15                             5260     5260        A         0
                text14                             5256     5256        A         0
                text13                             49B6     49B6       74         0
                text12                             524C     524C        A         0
                text11                             5242     5242        A         0
                text10                             5238     5238        A         0
                text9                              4942     4942       74         0
                text8                              522E     522E        A         0
                text7                              501A     501A       28         0
                text6                              5224     5224        A         0
                text5                              4CC8     4CC8       50         0
                text4                              521A     521A        A         0
                text3                              4E56     4E56       30         0
                text2                              4DC0     4DC0       32         0
                text1                              5338     5338        6         0
                text0                              510A     510A       18         0
                cinit                              4C22     4C22       54         0
                idataBANK5                         535E     535E        2         0

        CLASS   CONST          

        CLASS   SMALLCONST     
                smallconst                         2600     2600        E         0

        CLASS   MEDIUMCONST    

        CLASS   COMRAM         
                cstackCOMRAM                        501      501       55         1
                bssCOMRAM                           556      556        8         1

        CLASS   ABS1           

        CLASS   BIGRAM         

        CLASS   RAM            

        CLASS   BANK5          
                cstackBANK5                         5E7      5E7        E         1
                dataBANK5                           5F5      5F5        2         1
                bssBANK5                            560      560       6B         1
                nvBANK5                             5CB      5CB       1C         1

        CLASS   BANK6          
                cstackBANK6                         608      608        4         1
                bssBANK6                            600      600        8         1

        CLASS   BANK7          

        CLASS   BANK8          

        CLASS   BANK9          

        CLASS   BANK10         

        CLASS   BANK11         

        CLASS   BANK12         

        CLASS   BANK13         

        CLASS   BANK14         

        CLASS   BANK15         

        CLASS   BANK16         

        CLASS   BANK17         

        CLASS   BANK18         

        CLASS   BANK19         

        CLASS   BANK20         

        CLASS   BANK21         

        CLASS   BANK22         

        CLASS   BANK23         

        CLASS   BANK24         

        CLASS   BANK25         

        CLASS   BANK26         

        CLASS   BANK27         

        CLASS   BANK28         

        CLASS   BANK29         

        CLASS   BANK30         

        CLASS   BANK31         

        CLASS   BANK32         

        CLASS   BANK33         

        CLASS   BANK34         

        CLASS   BANK35         

        CLASS   BANK36         

        CLASS   BANK37         

        CLASS   SFR            

        CLASS   CONFIG         
                config                           300000   300000       24         4

        CLASS   IDLOC          
                idloc                            200000   200000       20         5

        CLASS   EEDATA         

        CLASS   FARRAM         



SEGMENTS        Name                           Load    Length   Top    Selector   Space  Class

                reset_vec                      000000  000004  000004         0       0  CODE    
                ivt0x8                         000008  000016  00001E         4       0  CODE    
                cstackCOMRAM                   000501  00005D  00055E       501       1  COMRAM  
                bssBANK5                       000560  000097  0005F7       560       1  BANK5   
                bssBANK6                       000600  00000C  00060C       600       1  BANK6   
                smallconst                     002600  00000E  00260E      1300       0  SMALLCON
                text100                        00260E  002D70  00537E      1307       0  CODE    


UNUSED ADDRESS RANGES

        Name                Unused          Largest block    Delta
        BANK10           000A00-000AFF              100
        BANK11           000B00-000BFF              100
        BANK12           000C00-000CFF              100
        BANK13           000D00-000DFF              100
        BANK14           000E00-000EFF              100
        BANK15           000F00-000FFF              100
        BANK16           001000-0010FF              100
        BANK17           001100-0011FF              100
        BANK18           001200-0012FF              100
        BANK19           001300-0013FF              100
        BANK20           001400-0014FF              100
        BANK21           001500-0015FF              100
        BANK22           001600-0016FF              100
        BANK23           001700-0017FF              100
        BANK24           001800-0018FF              100
        BANK25           001900-0019FF              100
        BANK26           001A00-001AFF              100
        BANK27           001B00-001BFF              100
        BANK28           001C00-001CFF              100
        BANK29           001D00-001DFF              100
        BANK30           001E00-001EFF              100
        BANK31           001F00-001FFF              100
        BANK32           002000-0020FF              100
        BANK33           002100-0021FF              100
        BANK34           002200-0022FF              100
        BANK35           002300-0023FF              100
        BANK36           002400-0024FF              100
        BANK37           002500-0025FF              100
        BANK5            0005F7-0005FF                9
        BANK6            00060C-0006FF               F4
        BANK7            000700-0007FF              100
        BANK8            000800-0008FF              100
        BANK9            000900-0009FF              100
        BIGRAM           00055E-00055F                2
                         0005F7-0005FF                9
                         00060C-0025FF             1FF4
        CODE             000004-000007                4
                         00001E-0025FF             25E2
                         00537E-00FFFF             AC82
        COMRAM           00055E-00055F                2
        CONST            000004-000007                4
                         00001E-0025FF             25E2
                         00537E-00FFFF             AC82
        EEDATA           380000-3803FF              400
        MEDIUMCONST      00537E-00FFFF             AC82
        RAM              0005F7-0005FF                9
                         00060C-0025FF              100
        SFR              000000-0004FF              100
        SMALLCONST       00537E-00FFFF              100
        STACK            00060C-0025FF             1FF4

                                  Symbol Table

?_ADC_GetSingleConversion                                     cstackCOMRAM 000501
?___aldiv                                                     cstackCOMRAM 000501
?___fladd                                                     cstackCOMRAM 000528
?___flmul                                                     cstackCOMRAM 00050F
?___fltol                                                     cstackCOMRAM 000538
?___lwdiv                                                     cstackCOMRAM 000501
?___wmul                                                      cstackCOMRAM 000501
?___xxtofl                                                    cstackCOMRAM 000501
ADC_GetSingleConversion@channel                               cstackCOMRAM 000505
ADC_SelectContext@context                                     cstackCOMRAM 000501
ADC_SetADIInterruptHandler@InterruptHandler                   cstackBANK6  000608
ADC_SetActiveClockTuningInterruptHandler@InterruptHandler     cstackBANK6  000608
ADC_SetContext1ThresholdInterruptHandler@InterruptHandler     cstackBANK6  000608
ADC_SetContext2ThresholdInterruptHandler@InterruptHandler     cstackBANK6  000608
ADC_SetContext3ThresholdInterruptHandler@InterruptHandler     cstackBANK6  000608
ADC_SetContext4ThresholdInterruptHandler@InterruptHandler     cstackBANK6  000608
ANALOG_GetVoltage@ucEntradaAnalogica                          cstackCOMRAM 000544
ANALOG_GetVoltage@ucFlag                                      cstackCOMRAM 000546
ANALOG_GetVoltage@ucValor                                     cstackCOMRAM 000545
ANALOG_GetVoltage@uiValorAnalog                               cstackCOMRAM 000547
ANALOG_GetVoltage@uiValorCalculado                            cstackCOMRAM 000549
ANALOG_GetVoltage@uiValorVoltage                              cstackCOMRAM 00054B
CAN1_OperationModeSet@opMode                                  cstackBANK6  000608
CAN1_OperationModeSet@requestMode                             cstackBANK6  00060A
CAN1_OperationModeSet@status                                  cstackBANK6  000609
CAN1_RX_FIFO_ResetInfo@index                                  cstackBANK6  000608
CAN1_Receive@index                                            cstackCOMRAM 000525
CAN1_Receive@rxCanMsg                                         cstackCOMRAM 000522
CAN1_Receive@status                                           cstackCOMRAM 000524
CAN1_ReceivedMessageCountGet@channel                          cstackCOMRAM 000506
CAN1_ReceivedMessageCountGet@fifoDepth                        cstackCOMRAM 000507
CAN1_ReceivedMessageCountGet@fifoHead                         cstackCOMRAM 000509
CAN1_ReceivedMessageCountGet@fifoTail                         cstackCOMRAM 000508
CAN1_ReceivedMessageCountGet@index                            cstackCOMRAM 00050A
CAN1_ReceivedMessageCountGet@numOfMsg                         cstackCOMRAM 000504
CAN1_ReceivedMessageCountGet@rxMsgStatus                      cstackCOMRAM 000505
CAN1_ReceivedMessageCountGet@totalMsgObj                      cstackCOMRAM 000503
CAN1_SetBusErrorInterruptHandler@handler                      cstackBANK6  000608
CAN1_SetBusWakeUpActivityInterruptHandler@handler             cstackBANK6  000608
CAN1_SetFIFO1NotEmptyHandler@handler                          cstackBANK6  000608
CAN1_SetInvalidMessageInterruptHandler@handler                cstackBANK6  000608
CAN1_SetModeChangeInterruptHandler@handler                    cstackBANK6  000608
CAN1_SetRxBufferOverFlowInterruptHandler@handler              cstackBANK6  000608
CAN1_SetSystemErrorInterruptHandler@handler                   cstackBANK6  000608
CAN1_SetTxAttemptInterruptHandler@handler                     cstackBANK6  000608
CAN1_Transmit@fifoChannel                                     cstackCOMRAM 00051D
CAN1_Transmit@status                                          cstackCOMRAM 00051A
CAN1_Transmit@txCanMsg                                        cstackCOMRAM 000518
CAN1_Transmit@txFifoObj                                       cstackCOMRAM 00051B
CAN1_TransmitFIFOStatusGet@fifoChannel                        cstackCOMRAM 000504
CAN1_TransmitFIFOStatusGet@status                             cstackCOMRAM 000503
CANReadMessage@data1                                          cstackBANK5  0005F3
CANReadMessage@data2                                          cstackBANK5  0005F4
CANReadMessage@data3                                          cstackBANK5  0005F2
CANReadMessage@data4                                          cstackBANK5  0005F0
CANReadMessage@data5                                          cstackBANK5  0005F1
CANReadMessage@data6                                          cstackBANK5  0005EF
CANReadMessage@data7                                          cstackBANK5  0005ED
CANReadMessage@data8                                          cstackBANK5  0005EE
CANReadMessage@id                                             cstackBANK5  0005E9
CANWriteMessage@data1                                         cstackCOMRAM 000523
CANWriteMessage@data2                                         cstackCOMRAM 000524
CANWriteMessage@data3                                         cstackCOMRAM 000525
CANWriteMessage@data4                                         cstackCOMRAM 000526
CANWriteMessage@data5                                         cstackCOMRAM 000527
CANWriteMessage@data6                                         cstackCOMRAM 000528
CANWriteMessage@data7                                         cstackCOMRAM 000529
CANWriteMessage@data8                                         cstackCOMRAM 00052A
CANWriteMessage@dataLength                                    cstackCOMRAM 000522
CANWriteMessage@id                                            cstackCOMRAM 00051E
DELAY_milliseconds@milliseconds                               cstackCOMRAM 000501
GPIO_PWM1_Control@uiConvertedDC                               cstackCOMRAM 00054A
GPIO_PWM1_Control@uiConvertedPeriod                           cstackCOMRAM 000548
GPIO_PWM1_Control@uiDutyCycle                                 cstackCOMRAM 000542
GPIO_PWM1_Control@uiFreq                                      cstackCOMRAM 000544
GetRxFifoDepth@validChannel                                   cstackCOMRAM 000502
GetRxFifoStatus@validChannel                                  cstackCOMRAM 000501
GetTxFifoStatus@validChannel                                  cstackCOMRAM 000501
INT0_SetInterruptHandler@InterruptHandler                     cstackBANK6  000608
IVTBASEH                                                      (abs)        00045E
IVTBASEL                                                      (abs)        00045D
IVTBASEU                                                      (abs)        00045F
PWM1_16BIT_Period_SetInterruptHandler@InterruptHandler        cstackBANK6  000608
PWM1_16BIT_SetSlice1Output1DutyCycleRegister@registerValue    cstackCOMRAM 000501
PWM1_16BIT_Slice1Output1_SetInterruptHandler@InterruptHandler cstackBANK6  000608
PWM1_16BIT_Slice1Output2_SetInterruptHandler@InterruptHandler cstackBANK6  000608
PWM1_16BIT_WritePeriodRegister@periodCount                    cstackCOMRAM 000501
PWM2_16BIT_Period_SetInterruptHandler@InterruptHandler        cstackBANK6  000608
PWM2_16BIT_Slice1Output1_SetInterruptHandler@InterruptHandler cstackBANK6  000608
PWM2_16BIT_Slice1Output2_SetInterruptHandler@InterruptHandler cstackBANK6  000608
ReadMessageFromFifo@msgId                                     cstackCOMRAM 000513
ReadMessageFromFifo@rxCanMsg                                  cstackCOMRAM 00050E
ReadMessageFromFifo@rxFifoObj                                 cstackCOMRAM 00050C
ReadMessageFromFifo@status                                    cstackCOMRAM 000517
Receive@channel                                               cstackCOMRAM 000518
Receive@index                                                 cstackCOMRAM 000521
Receive@rxCanMsg                                              cstackCOMRAM 000519
Receive@rxFifoObj                                             cstackCOMRAM 00051E
Receive@rxMsgStatus                                           cstackCOMRAM 000520
Receive@status                                                cstackCOMRAM 00051D
SERVICEBRAKE_Move@ucTargetMove                                cstackCOMRAM 00054C
TMR0_SetInterruptHandler@InterruptHandler                     cstackBANK6  000608
TMR1_SetInterruptHandler@InterruptHandler                     cstackBANK6  000608
TMR1_WriteTimer@timerVal                                      cstackCOMRAM 000501
TMR2_SetInterruptHandler@InterruptHandler                     cstackBANK6  000608
ValidateTransmission@field                                    cstackCOMRAM 00050A
ValidateTransmission@txCanMsg                                 cstackCOMRAM 000502
ValidateTransmission@txMsgStatus                              cstackCOMRAM 000509
ValidateTransmission@validChannel                             cstackCOMRAM 000507
WriteMessageToFifo@msgId                                      cstackCOMRAM 000514
WriteMessageToFifo@status                                     cstackCOMRAM 000513
WriteMessageToFifo@txCanMsg                                   cstackCOMRAM 00050E
WriteMessageToFifo@txFifoObj                                  cstackCOMRAM 00050C
_ADACCH                                                       (abs)        0003E4
_ADACCL                                                       (abs)        0003E3
_ADACCU                                                       (abs)        0003E5
_ADACQH                                                       (abs)        0003EF
_ADACQL                                                       (abs)        0003EE
_ADACT                                                        (abs)        0003F9
_ADACTPPS                                                     (abs)        000269
_ADCAP                                                        (abs)        0003F0
_ADCLK                                                        (abs)        0003FA
_ADCNT                                                        (abs)        0003E6
_ADCON0                                                       (abs)        0003F3
_ADCON0bits                                                   (abs)        0003F3
_ADCON1                                                       (abs)        0003F4
_ADCON1bits                                                   (abs)        0003F4
_ADCON2                                                       (abs)        0003F5
_ADCON2bits                                                   (abs)        0003F5
_ADCON3                                                       (abs)        0003F6
_ADCON3bits                                                   (abs)        0003F6
_ADCP                                                         (abs)        0003D8
_ADCPbits                                                     (abs)        0003D8
_ADCSEL1                                                      (abs)        0003FC
_ADCSEL1bits                                                  (abs)        0003FC
_ADCSEL2                                                      (abs)        0003FD
_ADCSEL2bits                                                  (abs)        0003FD
_ADCSEL3                                                      (abs)        0003FE
_ADCSEL3bits                                                  (abs)        0003FE
_ADCSEL4                                                      (abs)        0003FF
_ADCSEL4bits                                                  (abs)        0003FF
_ADCTX                                                        (abs)        0003FB
_ADC_ActiveClockTuning_ISR                                    nvBANK5      0005D9
_ADC_Context1Thereshld_ISR                                    nvBANK5      0005E1
_ADC_Context2Thereshld_ISR                                    nvBANK5      0005DF
_ADC_Context3Thereshld_ISR                                    nvBANK5      0005DD
_ADC_Context4Thereshld_ISR                                    nvBANK5      0005DB
_ADC_ConversionComplete_ISR                                   nvBANK5      0005E3
_ADC_DefaultADI_ISR                                           (abs)        000000
_ADC_DefaultActiveClockTuning_ISR                             (abs)        000000
_ADC_DefaultContext1Threshold_ISR                             (abs)        000000
_ADC_DefaultContext2Threshold_ISR                             (abs)        000000
_ADC_DefaultContext3Threshold_ISR                             (abs)        000000
_ADC_DefaultContext4Threshold_ISR                             (abs)        000000
_ADC_DisableChannelSequencer                                  text90       00534A
_ADC_GetSingleConversion                                      text89       004E24
_ADC_Initialize                                               text40       0038FE
_ADC_SelectContext                                            text88       00531E
_ADC_SetADIInterruptHandler                                   text46       00530A
_ADC_SetActiveClockTuningInterruptHandler                     text45       005300
_ADC_SetContext1ThresholdInterruptHandler                     text44       0052F6
_ADC_SetContext2ThresholdInterruptHandler                     text43       0052EC
_ADC_SetContext3ThresholdInterruptHandler                     text42       0052E2
_ADC_SetContext4ThresholdInterruptHandler                     text41       0052D8
_ADC_StopConversion                                           text87       005344
_ADERRH                                                       (abs)        0003DE
_ADERRL                                                       (abs)        0003DD
_ADFLTRH                                                      (abs)        0003E2
_ADFLTRL                                                      (abs)        0003E1
_ADLTHH                                                       (abs)        0003DA
_ADLTHL                                                       (abs)        0003D9
_ADPCH                                                        (abs)        0003EC
_ADPREH                                                       (abs)        0003F2
_ADPREL                                                       (abs)        0003F1
_ADPREVH                                                      (abs)        0003E9
_ADPREVL                                                      (abs)        0003E8
_ADREF                                                        (abs)        0003F8
_ADRESH                                                       (abs)        0003EB
_ADRESL                                                       (abs)        0003EA
_ADRPT                                                        (abs)        0003E7
_ADSTAT                                                       (abs)        0003F7
_ADSTATbits                                                   (abs)        0003F7
_ADSTPTH                                                      (abs)        0003E0
_ADSTPTL                                                      (abs)        0003DF
_ADUTHH                                                       (abs)        0003DC
_ADUTHL                                                       (abs)        0003DB
_ANALOG_GetVoltage                                            text85       002F1C
_ANALOG_RedAll                                                text76       00466C
_ANSELA                                                       (abs)        000400
_ANSELAbits                                                   (abs)        000400
_ANSELB                                                       (abs)        000408
_ANSELC                                                       (abs)        000410
_ANSELCbits                                                   (abs)        000410
_ASBSupervisor                                                text58       004D56
_C1CONH                                                       (abs)        000101
_C1CONHbits                                                   (abs)        000101
_C1CONL                                                       (abs)        000100
_C1CONTbits                                                   (abs)        000103
_C1CONU                                                       (abs)        000102
_C1CONUbits                                                   (abs)        000102
_C1FIFOBA                                                     (abs)        00014C
_C1FIFOCON1H                                                  (abs)        00015D
_C1FIFOCON1L                                                  (abs)        00015C
_C1FIFOCON1T                                                  (abs)        00015F
_C1FIFOCON1U                                                  (abs)        00015E
_C1FIFOSTA1Lbits                                              (abs)        000160
_C1FLTCON0H                                                   (abs)        000181
_C1FLTOBJ1H                                                   (abs)        000195
_C1FLTOBJ1L                                                   (abs)        000194
_C1FLTOBJ1T                                                   (abs)        000197
_C1FLTOBJ1U                                                   (abs)        000196
_C1INTH                                                       (abs)        00011D
_C1INTHbits                                                   (abs)        00011D
_C1INTL                                                       (abs)        00011C
_C1INTLbits                                                   (abs)        00011C
_C1INTT                                                       (abs)        00011F
_C1INTTbits                                                   (abs)        00011F
_C1INTU                                                       (abs)        00011E
_C1INTUbits                                                   (abs)        00011E
_C1MASK1H                                                     (abs)        000199
_C1MASK1L                                                     (abs)        000198
_C1MASK1T                                                     (abs)        00019B
_C1MASK1U                                                     (abs)        00019A
_C1NBTCFGH                                                    (abs)        000105
_C1NBTCFGL                                                    (abs)        000104
_C1NBTCFGT                                                    (abs)        000107
_C1NBTCFGU                                                    (abs)        000106
_C1TRECUbits                                                  (abs)        000136
_C1TXQCONH                                                    (abs)        000151
_C1TXQCONL                                                    (abs)        000150
_C1TXQCONT                                                    (abs)        000153
_C1TXQCONU                                                    (abs)        000152
_C1TXQSTALbits                                                (abs)        000154
_CAN1_BitRateConfiguration                                    text39       0051D6
_CAN1_BusErrorHandler                                         bssBANK5     000586
_CAN1_BusWakeUpActivityHandler                                bssBANK5     000588
_CAN1_ErrorNotificationInterruptEnable                        text31       0048C8
_CAN1_FIFO1NotEmptyHandler                                    bssBANK5     00058C
_CAN1_ISR                                                     text112      003CD8
_CAN1_Initialize                                              text23       004B10
_CAN1_InvalidMessageHandler                                   bssBANK5     00058A
_CAN1_IsBusOff                                                text72       0051AC
_CAN1_IsTxErrorActive                                         text70       0050F0
_CAN1_IsTxErrorPassive                                        text71       005196
_CAN1_IsTxErrorWarning                                        text69       005180
_CAN1_ModeChangeHandler                                       bssBANK5     000584
_CAN1_OperationModeGet                                        text30       005288
_CAN1_OperationModeSet                                        text29       004718
_CAN1_RXI_ISR                                                 text91       004F9A
_CAN1_RX_FIFO_Configuration                                   text27       004FC6
_CAN1_RX_FIFO_FilterMaskConfiguration                         text26       005092
_CAN1_RX_FIFO_ResetInfo                                       text25       004E86
_CAN1_Receive                                                 text106      004C76
_CAN1_ReceivedMessageCountGet                                 text105      0044E2
_CAN1_RxBufferOverflowHandler                                 bssBANK5     00057E
_CAN1_SetBusErrorInterruptHandler                             text38       0052CE
_CAN1_SetBusWakeUpActivityInterruptHandler                    text37       0052C4
_CAN1_SetFIFO1NotEmptyHandler                                 text28       00527E
_CAN1_SetInvalidMessageInterruptHandler                       text36       0052BA
_CAN1_SetModeChangeInterruptHandler                           text35       0052B0
_CAN1_SetRxBufferOverFlowInterruptHandler                     text34       0052A6
_CAN1_SetSystemErrorInterruptHandler                          text33       00529C
_CAN1_SetTxAttemptInterruptHandler                            text32       005292
_CAN1_SystemErrorHandler                                      bssBANK5     000582
_CAN1_TX_FIFO_Configuration                                   text24       0051C2
_CAN1_Transmit                                                text63       0047B0
_CAN1_TransmitFIFOStatusGet                                   text62       00506A
_CAN1_TxAttemptHandler                                        bssBANK5     000580
_CANDATAdata                                                  bssBANK5     0005B5
_CANRXPPS                                                     (abs)        00023D
_CANReadMessage                                               text93       0031E4
_CANWriteMessage                                              text61       004322
_DELAY_milliseconds                                           text77       004F3E
_DLC_BYTES                                                    smallconst   002601
_DefaultBusErrorHandler                                       text119      00537C
_DefaultBusWakeUpActivityHandler                              text118      00537A
_DefaultFIFO1NotEmptyHandler                                  text92       005350
_DefaultInvalidMessageHandler                                 text117      005378
_DefaultModeChangeHandler                                     text116      005376
_DefaultRxBufferOverflowHandler                               text115      005374
_DefaultSystemErrorHandler                                    text114      005372
_DefaultTxAttemptHandler                                      text113      005370
_EXT_INT_Initialize                                           text21       00516A
_GPIO_BrakePedalAtRest                                        text84       004D8C
_GPIO_Init                                                    text47       0050B4
_GPIO_PWM1_Control                                            text95       00414A
_GetRxFifoDepth                                               text111      0050D2
_GetRxFifoStatus                                              text110      005152
_GetTxFifoStatus                                              text68       00513A
_HDRPRES_max                                                  bssCOMRAM    000559
_HDRPRES_min                                                  bssCOMRAM    00055A
_INLVLA                                                       (abs)        000404
_INLVLB                                                       (abs)        00040C
_INLVLC                                                       (abs)        000414
_INLVLE                                                       (abs)        000424
_INT0PPS                                                      (abs)        00023E
_INT0_CallBack                                                text82       004DF2
_INT0_DefaultInterruptHandler                                 text83       00536E
_INT0_ISR                                                     text81       005330
_INT0_InterruptHandler                                        nvBANK5      0005E5
_INT0_SetInterruptHandler                                     text22       005274
_INTCON0bits                                                  (abs)        0004D6
_INTERRUPT_Initialize                                         text20       005356
_INTERRUPT_InterruptManager                                   text48       003F3A
_LATA                                                         (abs)        0004BE
_LATAbits                                                     (abs)        0004BE
_LATB                                                         (abs)        0004BF
_LATBbits                                                     (abs)        0004BF
_LATC                                                         (abs)        0004C0
_NPRES_max                                                    bssBANK5     000594
_NPRES_min                                                    bssCOMRAM    000558
_ODCONA                                                       (abs)        000402
_ODCONB                                                       (abs)        00040A
_ODCONC                                                       (abs)        000412
_OSCCON1                                                      (abs)        0000AD
_OSCCON3                                                      (abs)        0000AF
_OSCEN                                                        (abs)        0000B3
_OSCFRQ                                                       (abs)        0000B1
_OSCILLATOR_Initialize                                        text19       005122
_OSCTUNE                                                      (abs)        0000B0
_PIE0bits                                                     (abs)        00049E
_PIE1bits                                                     (abs)        00049F
_PIE3bits                                                     (abs)        0004A1
_PIE4bits                                                     (abs)        0004A2
_PIE5bits                                                     (abs)        0004A3
_PIN_MANAGER_Initialize                                       text18       004A9E
_PIR0bits                                                     (abs)        0004AE
_PIR1bits                                                     (abs)        0004AF
_PIR2bits                                                     (abs)        0004B0
_PIR3bits                                                     (abs)        0004B1
_PIR4bits                                                     (abs)        0004B2
_PIR5bits                                                     (abs)        0004B3
_PMD0                                                         (abs)        000060
_PMD1                                                         (abs)        000061
_PMD2                                                         (abs)        000062
_PMD3                                                         (abs)        000063
_PMD4                                                         (abs)        000064
_PMD5                                                         (abs)        000065
_PMD6                                                         (abs)        000066
_PMD7                                                         (abs)        000067
_PMD8                                                         (abs)        000068
_PMD_Initialize                                               text17       005042
_PORTAbits                                                    (abs)        0004CE
_PORTCbits                                                    (abs)        0004D0
_PR2                                                          (abs)        000323
_PWM1CLK                                                      (abs)        000461
_PWM1CON                                                      (abs)        000469
_PWM1CONbits                                                  (abs)        000469
_PWM1CPRE                                                     (abs)        000465
_PWM1ERS                                                      (abs)        000460
_PWM1GIE                                                      (abs)        000468
_PWM1GIEbits                                                  (abs)        000468
_PWM1GIR                                                      (abs)        000467
_PWM1GIRbits                                                  (abs)        000467
_PWM1LDS                                                      (abs)        000462
_PWM1PIPOS                                                    (abs)        000466
_PWM1PRH                                                      (abs)        000464
_PWM1PRL                                                      (abs)        000463
_PWM1S1CFG                                                    (abs)        00046A
_PWM1S1P1H                                                    (abs)        00046C
_PWM1S1P1L                                                    (abs)        00046B
_PWM1S1P2H                                                    (abs)        00046E
_PWM1S1P2L                                                    (abs)        00046D
_PWM1_16BIT_Initialize                                        text13       0049B6
_PWM1_16BIT_LoadBufferRegisters                               text104      00535A
_PWM1_16BIT_Period_DefaultInterruptHandler                    (abs)        000000
_PWM1_16BIT_Period_InterruptHandler                           bssBANK5     00058E
_PWM1_16BIT_Period_SetInterruptHandler                        text16       00526A
_PWM1_16BIT_SetSlice1Output1DutyCycleRegister                 text103      00520E
_PWM1_16BIT_Slice1Output1_DefaultInterruptHandler             (abs)        000000
_PWM1_16BIT_Slice1Output1_InterruptHandler                    bssBANK5     000592
_PWM1_16BIT_Slice1Output1_SetInterruptHandler                 text15       005260
_PWM1_16BIT_Slice1Output2_DefaultInterruptHandler             (abs)        000000
_PWM1_16BIT_Slice1Output2_InterruptHandler                    bssBANK5     000590
_PWM1_16BIT_Slice1Output2_SetInterruptHandler                 text14       005256
_PWM1_16BIT_WritePeriodRegister                               text102      005202
_PWM2CLK                                                      (abs)        000470
_PWM2CON                                                      (abs)        000478
_PWM2CONbits                                                  (abs)        000478
_PWM2CPRE                                                     (abs)        000474
_PWM2ERS                                                      (abs)        00046F
_PWM2GIE                                                      (abs)        000477
_PWM2GIEbits                                                  (abs)        000477
_PWM2GIR                                                      (abs)        000476
_PWM2GIRbits                                                  (abs)        000476
_PWM2LDS                                                      (abs)        000471
_PWM2PIPOS                                                    (abs)        000475
_PWM2PRH                                                      (abs)        000473
_PWM2PRL                                                      (abs)        000472
_PWM2S1CFG                                                    (abs)        000479
_PWM2S1P1H                                                    (abs)        00047B
_PWM2S1P1L                                                    (abs)        00047A
_PWM2S1P2H                                                    (abs)        00047D
_PWM2S1P2L                                                    (abs)        00047C
_PWM2_16BIT_Initialize                                        text9        004942
_PWM2_16BIT_Period_DefaultInterruptHandler                    (abs)        000000
_PWM2_16BIT_Period_InterruptHandler                           nvBANK5      0005D3
_PWM2_16BIT_Period_SetInterruptHandler                        text12       00524C
_PWM2_16BIT_Slice1Output1_DefaultInterruptHandler             (abs)        000000
_PWM2_16BIT_Slice1Output1_InterruptHandler                    nvBANK5      0005D7
_PWM2_16BIT_Slice1Output1_SetInterruptHandler                 text11       005242
_PWM2_16BIT_Slice1Output2_DefaultInterruptHandler             (abs)        000000
_PWM2_16BIT_Slice1Output2_InterruptHandler                    nvBANK5      0005D5
_PWM2_16BIT_Slice1Output2_SetInterruptHandler                 text10       005238
_RB4PPS                                                       (abs)        00020D
_RC0PPS                                                       (abs)        000211
_RC1PPS                                                       (abs)        000212
_ReadMessageFromFifo                                          text108      0036BE
_Receive                                                      text107      004236
_SERVICEBRAKE_Move                                            text94       004844
_SLRCONA                                                      (abs)        000403
_SLRCONB                                                      (abs)        00040B
_SLRCONC                                                      (abs)        000413
_SYSTEM_Initialize                                            text2        004DC0
_T0CON0                                                       (abs)        00031A
_T0CON0bits                                                   (abs)        00031A
_T0CON1                                                       (abs)        00031B
_T1CLK                                                        (abs)        000321
_T1CON                                                        (abs)        00031E
_T1CONbits                                                    (abs)        00031E
_T1GATE                                                       (abs)        000320
_T1GCON                                                       (abs)        00031F
_T1GCONbits                                                   (abs)        00031F
_T2CLKCON                                                     (abs)        000326
_T2CON                                                        (abs)        000324
_T2CONbits                                                    (abs)        000324
_T2HLT                                                        (abs)        000325
_T2HLTbits                                                    (abs)        000325
_T2PR                                                         (abs)        000323
_T2RST                                                        (abs)        000327
_T2RSTbits                                                    (abs)        000327
_T2TMR                                                        (abs)        000322
_TEMPORIZATION_100ms                                          text75       00533E
_TEMPORIZATION_10ms                                           text52       005362
_TEMPORIZATION_10s                                            text74       00536A
_TEMPORIZATION_1mins                                          text73       005368
_TEMPORIZATION_1s                                             text60       004B6C
_TEMPORIZATION_30s                                            text59       005366
_TEMPORIZATION_500ms                                          text57       0051F6
_TMR0H                                                        (abs)        000319
_TMR0L                                                        (abs)        000318
_TMR0_CallBack                                                text79       004F6C
_TMR0_DefaultInterruptHandler                                 text80       00536C
_TMR0_ISR                                                     text78       005328
_TMR0_Initialize                                              text7        00501A
_TMR0_InterruptHandler                                        nvBANK5      0005CB
_TMR0_SetInterruptHandler                                     text8        00522E
_TMR0_StopTimer                                               text1        005338
_TMR1H                                                        (abs)        00031D
_TMR1L                                                        (abs)        00031C
_TMR1_CallBack                                                text55       004F10
_TMR1_DefaultInterruptHandler                                 text56       005364
_TMR1_ISR                                                     text53       0045AC
_TMR1_Initialize                                              text5        004CC8
_TMR1_InterruptHandler                                        nvBANK5      0005CF
_TMR1_SetInterruptHandler                                     text6        005224
_TMR1_WriteTimer                                              text54       004EE2
_TMR2                                                         (abs)        000322
_TMR2_CallBack                                                text50       004EB4
_TMR2_DefaultInterruptHandler                                 text51       005360
_TMR2_ISR                                                     text49       0051EA
_TMR2_Initialize                                              text3        004E56
_TMR2_InterruptHandler                                        nvBANK5      0005CD
_TMR2_SetInterruptHandler                                     text4        00521A
_TRISA                                                        (abs)        0004C6
_TRISAbits                                                    (abs)        0004C6
_TRISB                                                        (abs)        0004C7
_TRISBbits                                                    (abs)        0004C7
_TRISC                                                        (abs)        0004C8
_TRISCbits                                                    (abs)        0004C8
_TRISE                                                        (abs)        0004CA
_ValidateTransmission                                         text66       00440A
_WPUA                                                         (abs)        000401
_WPUB                                                         (abs)        000409
_WPUC                                                         (abs)        000411
_WPUE                                                         (abs)        000421
_WriteMessageToFifo                                           text65       003478
__HRAM                                                        (abs)        000000
__Habs1                                                       abs1         000000
__Hbank10                                                     bank10       000000
__Hbank11                                                     bank11       000000
__Hbank12                                                     bank12       000000
__Hbank13                                                     bank13       000000
__Hbank14                                                     bank14       000000
__Hbank15                                                     bank15       000000
__Hbank16                                                     bank16       000000
__Hbank17                                                     bank17       000000
__Hbank18                                                     bank18       000000
__Hbank19                                                     bank19       000000
__Hbank20                                                     bank20       000000
__Hbank21                                                     bank21       000000
__Hbank22                                                     bank22       000000
__Hbank23                                                     bank23       000000
__Hbank24                                                     bank24       000000
__Hbank25                                                     bank25       000000
__Hbank26                                                     bank26       000000
__Hbank27                                                     bank27       000000
__Hbank28                                                     bank28       000000
__Hbank29                                                     bank29       000000
__Hbank30                                                     bank30       000000
__Hbank31                                                     bank31       000000
__Hbank32                                                     bank32       000000
__Hbank33                                                     bank33       000000
__Hbank34                                                     bank34       000000
__Hbank35                                                     bank35       000000
__Hbank36                                                     bank36       000000
__Hbank37                                                     bank37       000000
__Hbank5                                                      bank5        000000
__Hbank6                                                      bank6        000000
__Hbank7                                                      bank7        000000
__Hbank8                                                      bank8        000000
__Hbank9                                                      bank9        000000
__Hbigbss                                                     bigbss       000000
__Hbigdata                                                    bigdata      000000
__Hbigram                                                     bigram       000000
__Hbss                                                        bss          000000
__HbssBANK5                                                   bssBANK5     000000
__HbssBANK6                                                   bssBANK6     000000
__HbssCOMRAM                                                  bssCOMRAM    000000
__Hcinit                                                      cinit        000000
__Hclrtext                                                    clrtext      000000
__Hcomram                                                     comram       000000
__Hconfig                                                     config       300024
__Hconst                                                      const        000000
__HcstackBANK5                                                cstackBANK5  000000
__HcstackBANK6                                                cstackBANK6  000000
__HcstackCOMRAM                                               cstackCOMRAM 000000
__Hdata                                                       data         000000
__HdataBANK5                                                  dataBANK5    000000
__Heeprom_data                                                eeprom_data  000000
__Hfarbss                                                     farbss       000000
__Hfardata                                                    fardata      000000
__Hibigdata                                                   ibigdata     000000
__Hidata                                                      idata        000000
__HidataBANK5                                                 idataBANK5   000000
__Hidloc                                                      idloc        200020
__Hifardata                                                   ifardata     000000
__Hinit                                                       init         00001E
__Hintsave_regs                                               intsave_regs 000000
__Hirdata                                                     irdata       000000
__Hivt0x8                                                     ivt0x8       00001A
__Hmediumconst                                                mediumconst  000000
__HnvBANK5                                                    nvBANK5      000000
__HnvFARRAM                                                   nvFARRAM     000000
__Hnvbit                                                      nvbit        000000
__Hnvrram                                                     nvrram       000000
__Hparam                                                      rparam       000000
__Hpowerup                                                    powerup      000000
__Hram                                                        ram          000000
__Hramtop                                                     ramtop       002600
__Hrbit                                                       rbit         000000
__Hrbss                                                       rbss         000000
__Hrdata                                                      rdata        000000
__Hreset_vec                                                  reset_vec    000004
__Hrparam                                                     rparam       000000
__Hsfr                                                        sfr          000000
__Hsmallconst                                                 smallconst   00260E
__Hspace_0                                                    (abs)        00537E
__Hspace_1                                                    (abs)        00060C
__Hspace_2                                                    (abs)        000000
__Hspace_4                                                    (abs)        600024
__Hstack                                                      stack        000000
__Hstruct                                                     struct       000000
__Htemp                                                       temp         000000
__Htext                                                       text         000000
__Htext0                                                      text0        000000
__Htext1                                                      text1        000000
__Htext10                                                     text10       000000
__Htext100                                                    text100      000000
__Htext101                                                    text101      000000
__Htext102                                                    text102      000000
__Htext103                                                    text103      000000
__Htext104                                                    text104      000000
__Htext105                                                    text105      000000
__Htext106                                                    text106      000000
__Htext107                                                    text107      000000
__Htext108                                                    text108      000000
__Htext109                                                    text109      000000
__Htext11                                                     text11       000000
__Htext110                                                    text110      000000
__Htext111                                                    text111      000000
__Htext112                                                    text112      000000
__Htext113                                                    text113      000000
__Htext114                                                    text114      000000
__Htext115                                                    text115      000000
__Htext116                                                    text116      000000
__Htext117                                                    text117      000000
__Htext118                                                    text118      000000
__Htext119                                                    text119      000000
[...]
		Nothing
 This function is called by:
		_CAN1_ErrorNotificationInterruptEnable
		_CAN1_ISR
 This function uses a non-reentrant model


 *************** function _DefaultRxBufferOverflowHandler *****************
 Defined at:
		line 149 in file "mcc_generated_files/can1.c"
 Parameters:    Size  Location     Type
		None
 Auto vars:     Size  Location     Type
		None
 Return value:  Size  Location     Type
                  1    wreg      void 
 Registers used:
		None
 Tracked objects:
		On entry : 
		On exit  : 
		Unchanged: 
 Data sizes:     COMRAM   BANK5   BANK6   BANK7   BANK8   BANK9  BANK10  BANK11  BANK12  BANK13  BANK14  BANK15  BANK16  BANK17  BANK18  BANK19  BANK20  BANK21  BANK22  BANK23  BANK24  BANK25  BANK26  BANK27  BANK28  BANK29  BANK30  BANK31  BANK32  BANK33  BANK34  BANK35  BANK36  BANK37
      Params:         0       0       0       0       0       0       0       0       0       0       0       0       0       0       0       0       0       0       0       0       0       0       0       0       0       0       0       0       0       0       0       0       0       0
      Locals:         0       0       0       0       0       0       0       0       0       0       0       0       0       0       0       0       0       0       0       0       0       0       0       0       0       0       0       0       0       0       0       0       0       0
      Temps:          0       0       0       0       0       0       0       0       0       0       0       0       0       0       0       0       0       0       0       0       0       0       0       0       0       0       0       0       0       0       0       0       0       0
      Totals:         0       0       0       0       0       0       0       0       0       0       0       0       0       0       0       0       0       0       0       0       0       0       0       0       0       0       0       0       0       0       0       0       0       0
Total ram usage:        0 bytes
 Hardware stack levels used:    1
 This function calls:
		Nothing
 This function is called by:
		_CAN1_ErrorNotificationInterruptEnable
		_CAN1_ISR
 This function uses a non-reentrant model


 *************** function _DefaultModeChangeHandler *****************
 Defined at:
		line 137 in file "mcc_generated_files/can1.c"
 Parameters:    Size  Location     Type
		None
 Auto vars:     Size  Location     Type
		None
 Return value:  Size  Location     Type
                  1    wreg      void 
 Registers used:
		None
 Tracked objects:
		On entry : 
		On exit  : 
		Unchanged: 
 Data sizes:     COMRAM   BANK5   BANK6   BANK7   BANK8   BANK9  BANK10  BANK11  BANK12  BANK13  BANK14  BANK15  BANK16  BANK17  BANK18  BANK19  BANK20  BANK21  BANK22  BANK23  BANK24  BANK25  BANK26  BANK27  BANK28  BANK29  BANK30  BANK31  BANK32  BANK33  BANK34  BANK35  BANK36  BANK37
      Params:         0       0       0       0       0       0       0       0       0       0       0       0       0       0       0       0       0       0       0       0       0       0       0       0       0       0       0       0       0       0       0       0       0       0
      Locals:         0       0       0       0       0       0       0       0       0       0       0       0       0       0       0       0       0       0       0       0       0       0       0       0       0       0       0       0       0       0       0       0       0       0
      Temps:          0       0       0       0       0       0       0       0       0       0       0       0       0       0       0       0       0       0       0       0       0       0       0       0       0       0       0       0       0       0       0       0       0       0
      Totals:         0       0       0       0       0       0       0       0       0       0       0       0       0       0       0       0       0       0       0       0       0       0       0       0       0       0       0       0       0       0       0       0       0       0
Total ram usage:        0 bytes
 Hardware stack levels used:    1
 This function calls:
		Nothing
 This function is called by:
		_CAN1_ErrorNotificationInterruptEnable
		_CAN1_ISR
 This function uses a non-reentrant model


 *************** function _DefaultInvalidMessageHandler *****************
 Defined at:
		line 125 in file "mcc_generated_files/can1.c"
 Parameters:    Size  Location     Type
		None
 Auto vars:     Size  Location     Type
		None
 Return value:  Size  Location     Type
                  1    wreg      void 
 Registers used:
		None
 Tracked objects:
		On entry : 
		On exit  : 
		Unchanged: 
 Data sizes:     COMRAM   BANK5   BANK6   BANK7   BANK8   BANK9  BANK10  BANK11  BANK12  BANK13  BANK14  BANK15  BANK16  BANK17  BANK18  BANK19  BANK20  BANK21  BANK22  BANK23  BANK24  BANK25  BANK26  BANK27  BANK28  BANK29  BANK30  BANK31  BANK32  BANK33  BANK34  BANK35  BANK36  BANK37
      Params:         0       0       0       0       0       0       0       0       0       0       0       0       0       0       0       0       0       0       0       0       0       0       0       0       0       0       0       0       0       0       0       0       0       0
      Locals:         0       0       0       0       0       0       0       0       0       0       0       0       0       0       0       0       0       0       0       0       0       0       0       0       0       0       0       0       0       0       0       0       0       0
      Temps:          0       0       0       0       0       0       0       0       0       0       0       0       0       0       0       0       0       0       0       0       0       0       0       0       0       0       0       0       0       0       0       0       0       0
      Totals:         0       0       0       0       0       0       0       0       0       0       0       0       0       0       0       0       0       0       0       0       0       0       0       0       0       0       0       0       0       0       0       0       0       0
Total ram usage:        0 bytes
 Hardware stack levels used:    1
 This function calls:
		Nothing
 This function is called by:
		_CAN1_ErrorNotificationInterruptEnable
		_CAN1_ISR
 This function uses a non-reentrant model


 *************** function _DefaultBusWakeUpActivityHandler *****************
 Defined at:
		line 129 in file "mcc_generated_files/can1.c"
 Parameters:    Size  Location     Type
		None
 Auto vars:     Size  Location     Type
		None
 Return value:  Size  Location     Type
                  1    wreg      void 
 Registers used:
		None
 Tracked objects:
		On entry : 
		On exit  : 
		Unchanged: 
 Data sizes:     COMRAM   BANK5   BANK6   BANK7   BANK8   BANK9  BANK10  BANK11  BANK12  BANK13  BANK14  BANK15  BANK16  BANK17  BANK18  BANK19  BANK20  BANK21  BANK22  BANK23  BANK24  BANK25  BANK26  BANK27  BANK28  BANK29  BANK30  BANK31  BANK32  BANK33  BANK34  BANK35  BANK36  BANK37
      Params:         0       0       0       0       0       0       0       0       0       0       0       0       0       0       0       0       0       0       0       0       0       0       0       0       0       0       0       0       0       0       0       0       0       0
      Locals:         0       0       0       0       0       0       0       0       0       0       0       0       0       0       0       0       0       0       0       0       0       0       0       0       0       0       0       0       0       0       0       0       0       0
      Temps:          0       0       0       0       0       0       0       0       0       0       0       0       0       0       0       0       0       0       0       0       0       0       0       0       0       0       0       0       0       0       0       0       0       0
      Totals:         0       0       0       0       0       0       0       0       0       0       0       0       0       0       0       0       0       0       0       0       0       0       0       0       0       0       0       0       0       0       0       0       0       0
Total ram usage:        0 bytes
 Hardware stack levels used:    1
 This function calls:
		Nothing
 This function is called by:
		_CAN1_ErrorNotificationInterruptEnable
		_CAN1_ISR
 This function uses a non-reentrant model


 *************** function _DefaultBusErrorHandler *****************
 Defined at:
		line 133 in file "mcc_generated_files/can1.c"
 Parameters:    Size  Location     Type
		None
 Auto vars:     Size  Location     Type
		None
 Return value:  Size  Location     Type
                  1    wreg      void 
 Registers used:
		None
 Tracked objects:
		On entry : 
		On exit  : 
		Unchanged: 
 Data sizes:     COMRAM   BANK5   BANK6   BANK7   BANK8   BANK9  BANK10  BANK11  BANK12  BANK13  BANK14  BANK15  BANK16  BANK17  BANK18  BANK19  BANK20  BANK21  BANK22  BANK23  BANK24  BANK25  BANK26  BANK27  BANK28  BANK29  BANK30  BANK31  BANK32  BANK33  BANK34  BANK35  BANK36  BANK37
      Params:         0       0       0       0       0       0       0       0       0       0       0       0       0       0       0       0       0       0       0       0       0       0       0       0       0       0       0       0       0       0       0       0       0       0
      Locals:         0       0       0       0       0       0       0       0       0       0       0       0       0       0       0       0       0       0       0       0       0       0       0       0       0       0       0       0       0       0       0       0       0       0
      Temps:          0       0       0       0       0       0       0       0       0       0       0       0       0       0       0       0       0       0       0       0       0       0       0       0       0       0       0       0       0       0       0       0       0       0
      Totals:         0       0       0       0       0       0       0       0       0       0       0       0       0       0       0       0       0       0       0       0       0       0       0       0       0       0       0       0       0       0       0       0       0       0
Total ram usage:        0 bytes
 Hardware stack levels used:    1
 This function calls:
		Nothing
 This function is called by:
		_CAN1_ErrorNotificationInterruptEnable
		_CAN1_ISR
 This function uses a non-reentrant model



MODULE INFORMATION

Module		Function		Class		Link	Load	Size
mcc_generated_files/can1.c
		_ReadMessageFromFifo		CODE           	36BE	0000	576
		_ValidateTransmission		CODE           	440A	0000	216
		_CAN1_IsTxErrorPassive		CODE           	5196	0000	22
		_DefaultFIFO1NotEmptyHandler		CODE           	5350	0000	6
		_CAN1_BitRateConfiguration		CODE           	51D6	0000	20
		_CAN1_SetTxAttemptInterruptHandler		CODE           	5292	0000	10
		_Receive       		CODE           	4236	0000	236
		_CAN1_SetInvalidMessageInterruptHandler		CODE           	52BA	0000	10
		_CAN1_TX_FIFO_Configuration		CODE           	51C2	0000	20
		_GetRxFifoDepth		CODE           	50D2	0000	30
		_CAN1_ISR      		CODE           	3CD8	0000	342
		_DefaultBusErrorHandler		CODE           	537C	0000	2
		_CAN1_OperationModeGet		CODE           	5288	0000	10
		_CAN1_IsBusOff 		CODE           	51AC	0000	22
		_CAN1_Initialize		CODE           	4B10	0000	92
		_DefaultInvalidMessageHandler		CODE           	5378	0000	2
		_CAN1_SetFIFO1NotEmptyHandler		CODE           	527E	0000	10
		_DefaultBusWakeUpActivityHandler		CODE           	537A	0000	2
		_CAN1_TransmitFIFOStatusGet		CODE           	506A	0000	40
		_CAN1_Transmit 		CODE           	47B0	0000	148
		_CAN1_RX_FIFO_FilterMaskConfiguration		CODE           	5092	0000	34
		_CAN1_RX_FIFO_Configuration		CODE           	4FC6	0000	42
		_CAN1_IsTxErrorActive		CODE           	50F0	0000	26
		_GetRxFifoStatus		CODE           	5152	0000	24
		_CAN1_ReceivedMessageCountGet		CODE           	44E2	0000	202
		_CAN1_SetBusErrorInterruptHandler		CODE           	52CE	0000	10
		_CAN1_SetSystemErrorInterruptHandler		CODE           	529C	0000	10
		_DefaultSystemErrorHandler		CODE           	5372	0000	2
		_CAN1_IsTxErrorWarning		CODE           	5180	0000	22
		_isTxChannel   		CODE           	4D18	0000	62
		_GetTxFifoStatus		CODE           	513A	0000	24
		_WriteMessageToFifo		CODE           	3478	0000	582
		_DefaultRxBufferOverflowHandler		CODE           	5374	0000	2
		_CAN1_ErrorNotificationInterruptEnable		CODE           	48C8	0000	122
		_CAN1_SetBusWakeUpActivityInterruptHandler		CODE           	52C4	0000	10
		_CAN1_Receive  		CODE           	4C76	0000	82
		_CAN1_SetRxBufferOverFlowInterruptHandler		CODE           	52A6	0000	10
		_CAN1_RX_FIFO_ResetInfo		CODE           	4E86	0000	46
		_CAN1_OperationModeSet		CODE           	4718	0000	152
		_CAN1_SetModeChangeInterruptHandler		CODE           	52B0	0000	10
		_CAN1_RXI_ISR  		CODE           	4F9A	0000	44
		_DefaultTxAttemptHandler		CODE           	5370	0000	2
		_DefaultModeChangeHandler		CODE           	5376	0000	2

mcc_generated_files/can1.c estimated size: 3338

C:\Program Files\Microchip\xc8\v2.31\pic\sources\c99\common\sprcadd.c
		___fladd       		CODE           	260E	0000	1216

C:\Program Files\Microchip\xc8\v2.31\pic\sources\c99\common\sprcadd.c estimated size: 1216

mcc_generated_files/pwm2_16bit.c
		_PWM2_16BIT_Period_SetInterruptHandler		CODE           	524C	0000	10
		_PWM2_16BIT_Slice1Output1_SetInterruptHandler		CODE           	5242	0000	10
		_PWM2_16BIT_Slice1Output2_SetInterruptHandler		CODE           	5238	0000	10
		_PWM2_16BIT_Initialize		CODE           	4942	0000	116

mcc_generated_files/pwm2_16bit.c estimated size: 146

TEMPORIZATIONS.c
		_TEMPORIZATION_1mins		CODE           	5368	0000	2
		_TEMPORIZATION_100ms		CODE           	533E	0000	6
		_TEMPORIZATION_500ms		CODE           	51F6	0000	12
		_TEMPORIZATION_10s		CODE           	536A	0000	2
		_TEMPORIZATION_30s		CODE           	5366	0000	2
		_TEMPORIZATION_1s		CODE           	4B6C	0000	92
		_TEMPORIZATION_10ms		CODE           	5362	0000	2

TEMPORIZATIONS.c estimated size: 118

MESSAGES.c
		_CANWriteMessage		CODE           	4322	0000	232
		_CANReadMessage		CODE           	31E4	0000	660

MESSAGES.c estimated size: 892

mcc_generated_files/tmr2.c
		_TMR2_ISR      		CODE           	51EA	0000	12
		_TMR2_Initialize		CODE           	4E56	0000	48
		_TMR2_SetInterruptHandler		CODE           	521A	0000	10
		_TMR2_DefaultInterruptHandler		CODE           	5360	0000	2
		_TMR2_CallBack 		CODE           	4EB4	0000	46

mcc_generated_files/tmr2.c estimated size: 118

mcc_generated_files/interrupt_manager.c
		_INTERRUPT_Initialize		CODE           	5356	0000	4
		_INTERRUPT_InterruptManager		CODE           	3F3A	0000	266

mcc_generated_files/interrupt_manager.c estimated size: 270

C:\Program Files\Microchip\xc8\v2.31\pic\sources\c99\common\xxtofl.c
		___xxtofl      		CODE           	3B24	0000	436

C:\Program Files\Microchip\xc8\v2.31\pic\sources\c99\common\xxtofl.c estimated size: 436

mcc_generated_files/tmr0.c
		_TMR0_SetInterruptHandler		CODE           	522E	0000	10
		_TMR0_StopTimer		CODE           	5338	0000	6
		_TMR0_DefaultInterruptHandler		CODE           	536C	0000	2
		_TMR0_CallBack 		CODE           	4F6C	0000	46
		_TMR0_ISR      		CODE           	5328	0000	8
		_TMR0_Initialize		CODE           	501A	0000	40

mcc_generated_files/tmr0.c estimated size: 112

mcc_generated_files/pin_manager.c
		_PIN_MANAGER_Initialize		CODE           	4A9E	0000	114

mcc_generated_files/pin_manager.c estimated size: 114

mcc_generated_files/adc.c
		_ADC_SelectContext		CODE           	531E	0000	10
		_ADC_Initialize		CODE           	38FE	0000	550
		_ADC_DisableChannelSequencer		CODE           	534A	0000	6
		_ADC_GetSingleConversion		CODE           	4E24	0000	50
		_ADC_SetActiveClockTuningInterruptHandler		CODE           	5300	0000	10
		_ADC_SetADIInterruptHandler		CODE           	530A	0000	10
		_ADC_StopConversion		CODE           	5344	0000	6
		_ADC_SetContext1ThresholdInterruptHandler		CODE           	52F6	0000	10
		_ADC_SetContext2ThresholdInterruptHandler		CODE           	52EC	0000	10
		_ADC_SetContext3ThresholdInterruptHandler		CODE           	52E2	0000	10
		_ADC_SetContext4ThresholdInterruptHandler		CODE           	52D8	0000	10

mcc_generated_files/adc.c estimated size: 682

mcc_generated_files/ext_int.c
		_INT0_SetInterruptHandler		CODE           	5274	0000	10
		_EXT_INT_Initialize		CODE           	516A	0000	22
		_INT0_DefaultInterruptHandler		CODE           	536E	0000	2
		_INT0_CallBack 		CODE           	4DF2	0000	50
		_INT0_ISR      		CODE           	5330	0000	8

mcc_generated_files/ext_int.c estimated size: 92

mcc_generated_files/pwm1_16bit.c
		_PWM1_16BIT_Period_SetInterruptHandler		CODE           	526A	0000	10
		_PWM1_16BIT_Slice1Output1_SetInterruptHandler		CODE           	5260	0000	10
		_PWM1_16BIT_Slice1Output2_SetInterruptHandler		CODE           	5256	0000	10
		_PWM1_16BIT_Initialize		CODE           	49B6	0000	116
		_PWM1_16BIT_LoadBufferRegisters		CODE           	535A	0000	4
		_PWM1_16BIT_SetSlice1Output1DutyCycleRegister		CODE           	520E	0000	12
		_PWM1_16BIT_WritePeriodRegister		CODE           	5202	0000	12

mcc_generated_files/pwm1_16bit.c estimated size: 174

shared
		_FIFO          		SMALLCONST     	0000	0000	0
		_DLC_BYTES     		SMALLCONST     	2601	0000	9
		__initialization		CODE           	4C22	0000	78
		i2_CAN1_OperationModeGet		CODE           	5314	0000	10

shared estimated size: 97

mcc_generated_files/mcc.c
		_PMD_Initialize		CODE           	5042	0000	40
		_OSCILLATOR_Initialize		CODE           	5122	0000	24
		_SYSTEM_Initialize		CODE           	4DC0	0000	50

mcc_generated_files/mcc.c estimated size: 114

C:\Program Files\Microchip\xc8\v2.31\pic\sources\c99\common\sprcmul.c
		___flmul       		CODE           	2ACE	0000	1102

C:\Program Files\Microchip\xc8\v2.31\pic\sources\c99\common\sprcmul.c estimated size: 1102

GPIO.c
		_GPIO_BrakePedalAtRest		CODE           	4D8C	0000	52
		_GPIO_PWM1_Control		CODE           	414A	0000	236
		_GPIO_Init     		CODE           	50B4	0000	30

GPIO.c estimated size: 318

C:\Program Files\Microchip\xc8\v2.31\pic\sources\c99\common\lwdiv.c
		___lwdiv       		CODE           	4A2A	0000	116

C:\Program Files\Microchip\xc8\v2.31\pic\sources\c99\common\lwdiv.c estimated size: 116

mcc_generated_files/tmr1.c
		_TMR1_Initialize		CODE           	4CC8	0000	80
		_TMR1_SetInterruptHandler		CODE           	5224	0000	10
		_TMR1_DefaultInterruptHandler		CODE           	5364	0000	2
		_TMR1_CallBack 		CODE           	4F10	0000	46
		_TMR1_WriteTimer		CODE           	4EE2	0000	46
		_TMR1_ISR      		CODE           	45AC	0000	192

mcc_generated_files/tmr1.c estimated size: 376

C:\Program Files\Microchip\xc8\v2.31\pic\sources\c99\common\fltol.c
		___fltol       		CODE           	4044	0000	262

C:\Program Files\Microchip\xc8\v2.31\pic\sources\c99\common\fltol.c estimated size: 262

C:\Program Files\Microchip\xc8\v2.31\pic\sources\c99\common\memcpy.c
		_memcpy        		CODE           	4BC8	0000	90

C:\Program Files\Microchip\xc8\v2.31\pic\sources\c99\common\memcpy.c estimated size: 90

mcc_generated_files/delay.c
		_DELAY_milliseconds		CODE           	4F3E	0000	46

mcc_generated_files/delay.c estimated size: 46

C:\Program Files\Microchip\xc8\v2.31\pic\sources\c99\common\aldiv.c
		___aldiv       		CODE           	3E2E	0000	268

C:\Program Files\Microchip\xc8\v2.31\pic\sources\c99\common\aldiv.c estimated size: 268

C:\Program Files\Microchip\xc8\v2.31\pic\sources\c99\common\Umul16.c
		___wmul        		CODE           	4FF0	0000	42

C:\Program Files\Microchip\xc8\v2.31\pic\sources\c99\common\Umul16.c estimated size: 42

ANALOG.c
		_ANALOG_RedAll 		CODE           	466C	0000	172
		_ANALOG_GetVoltage		CODE           	2F1C	0000	712

ANALOG.c estimated size: 884

main.c
		_main          		CODE           	510A	0000	24

main.c estimated size: 24

SERVICEBRAKE.c
		_SERVICEBRAKE_Move		CODE           	4844	0000	132
		_ASBSupervisor 		CODE           	4D56	0000	54

SERVICEBRAKE.c estimated size: 186

