Microchip MPLAB XC8 Compiler V2.31

Linker command line:

-W-3 --edf=C:\Program Files\Microchip\xc8\v2.31\pic\dat\en_msgs.txt \
  -pivt0x8=08h -cn -h+dist/default/production\ASB.X.production.sym \
  --cmf=dist/default/production\ASB.X.production.cmf -z -Q18F26Q84 \
  -oC:\Users\panze\AppData\Local\Temp\schg.2 --defsym=__MPLAB_BUILD=1 \
  -Mdist/default/production/ASB.X.production.map -E1 -ver=XC8 Compiler \
  --acfsm=1493 -ASTACK=0665h-025FFh -pstack=STACK -ACODE=00h-0FFFFh \
  -ACONST=00h-0FFFFh -ASMALLCONST=02600h-026FFhx218 \
  -AMEDIUMCONST=02600h-0FFFFh -ACOMRAM=0501h-055Fh -AABS1=0500h-025FFh \
  -ABIGRAM=0501h-025FFh -ARAM=0560h-05FFh,0600h-06FFhx32 \
  -ABANK5=0560h-05FFh -ABANK6=0600h-06FFh -ABANK7=0700h-07FFh \
  -ABANK8=0800h-08FFh -ABANK9=0900h-09FFh -ABANK10=0A00h-0AFFh \
  -ABANK11=0B00h-0BFFh -ABANK12=0C00h-0CFFh -ABANK13=0D00h-0DFFh \
  -ABANK14=0E00h-0EFFh -ABANK15=0F00h-0FFFh -ABANK16=01000h-010FFh \
  -ABANK17=01100h-011FFh -ABANK18=01200h-012FFh -ABANK19=01300h-013FFh \
  -ABANK20=01400h-014FFh -ABANK21=01500h-015FFh -ABANK22=01600h-016FFh \
  -ABANK23=01700h-017FFh -ABANK24=01800h-018FFh -ABANK25=01900h-019FFh \
  -ABANK26=01A00h-01AFFh -ABANK27=01B00h-01BFFh -ABANK28=01C00h-01CFFh \
  -ABANK29=01D00h-01DFFh -ABANK30=01E00h-01EFFh -ABANK31=01F00h-01FFFh \
  -ABANK32=02000h-020FFh -ABANK33=02100h-021FFh -ABANK34=02200h-022FFh \
  -ABANK35=02300h-023FFh -ABANK36=02400h-024FFh -ABANK37=02500h-025FFh \
  -ASFR=00h-0FFhx4,0400h-045Fh,0460h-04FFh -ACONFIG=0300000h-0300023h \
  -AIDLOC=0200000h-020001Fh -AEEDATA=0380000h-03803FFh -peeprom_data=EEDATA \
  -preset_vec=00h -ppowerup=CODE,init -pramtop=02600h \
  -psmallconst=SMALLCONST -pmediumconst=MEDIUMCONST -pconst=CONST \
  -AFARRAM=00h-00h \
  -prdata=COMRAM,nvrram=COMRAM,nvbit=COMRAM,rbss=COMRAM,rbit=COMRAM \
  -pfarbss=FARRAM,fardata=FARRAM,nvFARRAM=FARRAM \
  -pintsave_regs=BIGRAM,bigbss=BIGRAM,bigdata=BIGRAM -pbss=RAM \
  -pidata=CODE,irdata=CODE,ibigdata=CODE,ifardata=CODE -prparam=COMRAM \
  C:\Users\panze\AppData\Local\Temp\schg.o \
  dist/default/production\ASB.X.production.o 

Object code version is 3.11

Machine type is 18F26Q84



                Name                               Link     Load   Length Selector   Space Scale
C:\Users\panze\AppData\Local\Temp\schg.o
                idloc                            200000   200000       20        0       5
                config                           300000   300000       24        0       4
                init                                 1A       1A        4        4       0
                reset_vec                             0        0        4        0       0
dist/default/production\ASB.X.production.o
                idloc                            200000   200000       20        0       5
                config                           300000   300000       24        0       4
                smallconst                         2600     2600        E     1300       0
                ivt0x8                                8        8       12        4       0
                text137                            5E82     5E82        2     1307       0
                text136                            5E80     5E80        2     1307       0
                text135                            5E7E     5E7E        2     1307       0
                text134                            5E7C     5E7C        2     1307       0
                text133                            5E7A     5E7A        2     1307       0
                text132                            5E78     5E78        2     1307       0
                text131                            5E76     5E76        2     1307       0
                text130                            432E     432E      156     1307       0
                text129                            5B94     5B94       1E     1307       0
                text128                            5C14     5C14       18     1307       0
                text127                            55D4     55D4       5A     1307       0
                text126                            3B5C     3B5C      240     1307       0
                text125                            49B6     49B6       EC     1307       0
                text124                            562E     562E       52     1307       0
                text123                            4EF6     4EF6       CA     1307       0
                text122                            5E5E     5E5E        4     1307       0
                text121                            5D08     5D08        C     1307       0
                text120                            5CFC     5CFC        C     1307       0
                text119                            4592     4592      10C     1307       0
                text118                            2AD0     2AD0      4C0     1307       0
                text117                            48B0     48B0      106     1307       0
                text116                            5434     5434       74     1307       0
                text115                            5A6C     5A6C       2A     1307       0
                text114                            417A     417A      1B4     1307       0
                text113                            4E1E     4E1E       D8     1307       0
                text112                            56CC     56CC       4C     1307       0
                text111                            36A6     36A6      270     1307       0
                text110                            5E44     5E44        6     1307       0
                text109                            5A16     5A16       2C     1307       0
                text108                            5E3E     5E3E        6     1307       0
                text107                            5874     5874       32     1307       0
                text106                            5E18     5E18        A     1307       0
                text105                            5E38     5E38        6     1307       0
                text104                            2F90     2F90      44E     1307       0
                text103                            33DE     33DE      2C8     1307       0
                text102                            57DC     57DC       34     1307       0
                text101                            5E74     5E74        2     1307       0
                text100                            5842     5842       32     1307       0
                text99                             5E2A     5E2A        8     1307       0
                text98                             5E72     5E72        2     1307       0
                text97                             59BC     59BC       2E     1307       0
                text96                             5E22     5E22        8     1307       0
                text95                             598E     598E       2E     1307       0
                text94                             5084     5084       AC     1307       0
                text93                             5C6E     5C6E       16     1307       0
                text92                             5C58     5C58       16     1307       0
                text91                             5BB2     5BB2       1A     1307       0
                text90                             5C42     5C42       16     1307       0
                text89                             5BFC     5BFC       18     1307       0
                text88                             5E0E     5E0E        A     1307       0
                text87                             4D46     4D46       D8     1307       0
                text86                             3916     3916      246     1307       0
                text85                             579E     579E       3E     1307       0
                text84                             51C8     51C8       94     1307       0
                text83                             5AE6     5AE6       28     1307       0
                text82                             4AA2     4AA2       E8     1307       0
                text81                             5760     5760       3E     1307       0
                text80                             5E70     5E70        2     1307       0
                text79                             5E6E     5E6E        2     1307       0
                text78                             5B0E     5B0E       24     1307       0
                text77                             5E6C     5E6C        2     1307       0
                text76                             5E6A     5E6A        2     1307       0
                text75                             5E68     5E68        2     1307       0
                text74                             5960     5960       2E     1307       0
                text73                             5932     5932       2E     1307       0
                text72                             4FC0     4FC0       C4     1307       0
                text71                             5E66     5E66        2     1307       0
                text70                             5E64     5E64        2     1307       0
                text69                             5904     5904       2E     1307       0
                text68                             5CF0     5CF0        C     1307       0
                text67                             469E     469E      10A     1307       0
                text66                             5E5A     5E5A        4     1307       0
                text65                             5CD6     5CD6        E     1307       0
                text64                             5CC8     5CC8        E     1307       0
                text63                             4484     4484      10E     1307       0
                text62                             260E     260E      4C2     1307       0
                text61                             47A8     47A8      108     1307       0
                text60                             52D6     52D6       76     1307       0
                text59                             59EA     59EA       2C     1307       0
                text58                             3FC2     3FC2      1B8     1307       0
                text57                             4C68     4C68       DE     1307       0
                text56                             5E56     5E56        4     1307       0
                text55                             5E52     5E52        4     1307       0
                text54                             551A     551A       5E     1307       0
                text53                             5CE4     5CE4        C     1307       0
                text52                             5B76     5B76       1E     1307       0
                text51                             5E4E     5E4E        4     1307       0
                text50                             5CBA     5CBA        E     1307       0
                text49                             5CAC     5CAC        E     1307       0
                text48                             4B8A     4B8A       DE     1307       0
                text47                             5BE4     5BE4       18     1307       0
                text46                             5E04     5E04        A     1307       0
                text45                             5DFA     5DFA        A     1307       0
                text44                             5DF0     5DF0        A     1307       0
                text43                             5DE6     5DE6        A     1307       0
                text42                             5DDC     5DDC        A     1307       0
                text41                             5DD2     5DD2        A     1307       0
                text40                             3D9C     3D9C      226     1307       0
                text39                             5C98     5C98       14     1307       0
                text38                             5DC8     5DC8        A     1307       0
                text37                             5DBE     5DBE        A     1307       0
                text36                             5DB4     5DB4        A     1307       0
                text35                             5DAA     5DAA        A     1307       0
                text34                             5DA0     5DA0        A     1307       0
                text33                             5D96     5D96        A     1307       0
                text32                             5D8C     5D8C        A     1307       0
                text31                             525C     525C       7A     1307       0
                text30                             5D82     5D82        A     1307       0
                text29                             5130     5130       98     1307       0
                text28                             5D78     5D78        A     1307       0
                text27                             5A42     5A42       2A     1307       0
                text26                             5B54     5B54       22     1307       0
                text25                             58D6     58D6       2E     1307       0
                text24                             5C84     5C84       14     1307       0
                text23                             5578     5578       5C     1307       0
                text22                             5D6E     5D6E        A     1307       0
                text21                             5C2C     5C2C       16     1307       0
                text20                             5E4A     5E4A        4     1307       0
                text19                             5BCC     5BCC       18     1307       0
                text18                             54A8     54A8       72     1307       0
                text17                             5ABE     5ABE       28     1307       0
                text16                             5D64     5D64        A     1307       0
                text15                             5D5A     5D5A        A     1307       0
                text14                             5D50     5D50        A     1307       0
                text13                             53C0     53C0       74     1307       0
                text12                             5D46     5D46        A     1307       0
                text11                             5D3C     5D3C        A     1307       0
                text10                             5D32     5D32        A     1307       0
                text9                              534C     534C       74     1307       0
                text8                              5D28     5D28        A     1307       0
                text7                              5A96     5A96       28     1307       0
                text6                              5D1E     5D1E        A     1307       0
                text5                              5718     5718       48     1307       0
                text4                              5D14     5D14        A     1307       0
                text3                              58A6     58A6       30     1307       0
                text2                              5810     5810       32     1307       0
                text1                              5E32     5E32        6     1307       0
                text0                              5B32     5B32       22     1307       0
                cstackCOMRAM                        501      501       5B      501       1
                cstackBANK5                         560      560       44      560       1
                cstackBANK6                         64F      64F       16      600       1
                bssBANK6                            600      600       35      600       1
                dataBANK5                           5E7      5E7        2      560       1
                bssBANK5                            5A4      5A4       41      560       1
                bssCOMRAM                           55C      55C        2      501       1
                cinit                              5680     5680       4C     1307       0
                nvBANK6                             635      635       1A      600       1
                nvBANK5                             5E5      5E5        2      560       1
                idataBANK5                         5E62     5E62        2     1307       0

TOTAL           Name                               Link     Load   Length     Space
        CLASS   STACK          

        CLASS   CODE           
                init                                 1A       1A        4         0
                reset_vec                             0        0        4         0
                ivt0x8                                8        8       12         0
                text137                            5E82     5E82        2         0
                text136                            5E80     5E80        2         0
                text135                            5E7E     5E7E        2         0
                text134                            5E7C     5E7C        2         0
                text133                            5E7A     5E7A        2         0
                text132                            5E78     5E78        2         0
                text131                            5E76     5E76        2         0
                text130                            432E     432E      156         0
                text129                            5B94     5B94       1E         0
                text128                            5C14     5C14       18         0
                text127                            55D4     55D4       5A         0
                text126                            3B5C     3B5C      240         0
                text125                            49B6     49B6       EC         0
                text124                            562E     562E       52         0
                text123                            4EF6     4EF6       CA         0
                text122                            5E5E     5E5E        4         0
                text121                            5D08     5D08        C         0
                text120                            5CFC     5CFC        C         0
                text119                            4592     4592      10C         0
                text118                            2AD0     2AD0      4C0         0
                text117                            48B0     48B0      106         0
                text116                            5434     5434       74         0
                text115                            5A6C     5A6C       2A         0
                text114                            417A     417A      1B4         0
                text113                            4E1E     4E1E       D8         0
                text112                            56CC     56CC       4C         0
                text111                            36A6     36A6      270         0
                text110                            5E44     5E44        6         0
                text109                            5A16     5A16       2C         0
                text108                            5E3E     5E3E        6         0
                text107                            5874     5874       32         0
                text106                            5E18     5E18        A         0
                text105                            5E38     5E38        6         0
                text104                            2F90     2F90      44E         0
                text103                            33DE     33DE      2C8         0
                text102                            57DC     57DC       34         0
                text101                            5E74     5E74        2         0
                text100                            5842     5842       32         0
                text99                             5E2A     5E2A        8         0
                text98                             5E72     5E72        2         0
                text97                             59BC     59BC       2E         0
                text96                             5E22     5E22        8         0
                text95                             598E     598E       2E         0
                text94                             5084     5084       AC         0
                text93                             5C6E     5C6E       16         0
                text92                             5C58     5C58       16         0
                text91                             5BB2     5BB2       1A         0
                text90                             5C42     5C42       16         0
                text89                             5BFC     5BFC       18         0
                text88                             5E0E     5E0E        A         0
                text87                             4D46     4D46       D8         0
                text86                             3916     3916      246         0
                text85                             579E     579E       3E         0
                text84                             51C8     51C8       94         0
                text83                             5AE6     5AE6       28         0
                text82                             4AA2     4AA2       E8         0
                text81                             5760     5760       3E         0
                text80                             5E70     5E70        2         0
                text79                             5E6E     5E6E        2         0
                text78                             5B0E     5B0E       24         0
                text77                             5E6C     5E6C        2         0
                text76                             5E6A     5E6A        2         0
                text75                             5E68     5E68        2         0
                text74                             5960     5960       2E         0
                text73                             5932     5932       2E         0
                text72                             4FC0     4FC0       C4         0
                text71                             5E66     5E66        2         0
                text70                             5E64     5E64        2         0
                text69                             5904     5904       2E         0
                text68                             5CF0     5CF0        C         0
                text67                             469E     469E      10A         0
                text66                             5E5A     5E5A        4         0
                text65                             5CD6     5CD6        E         0
                text64                             5CC8     5CC8        E         0
                text63                             4484     4484      10E         0
                text62                             260E     260E      4C2         0
                text61                             47A8     47A8      108         0
                text60                             52D6     52D6       76         0
                text59                             59EA     59EA       2C         0
                text58                             3FC2     3FC2      1B8         0
                text57                             4C68     4C68       DE         0
                text56                             5E56     5E56        4         0
                text55                             5E52     5E52        4         0
                text54                             551A     551A       5E         0
                text53                             5CE4     5CE4        C         0
                text52                             5B76     5B76       1E         0
                text51                             5E4E     5E4E        4         0
                text50                             5CBA     5CBA        E         0
                text49                             5CAC     5CAC        E         0
                text48                             4B8A     4B8A       DE         0
                text47                             5BE4     5BE4       18         0
                text46                             5E04     5E04        A         0
                text45                             5DFA     5DFA        A         0
                text44                             5DF0     5DF0        A         0
                text43                             5DE6     5DE6        A         0
                text42                             5DDC     5DDC        A         0
                text41                             5DD2     5DD2        A         0
                text40                             3D9C     3D9C      226         0
                text39                             5C98     5C98       14         0
                text38                             5DC8     5DC8        A         0
                text37                             5DBE     5DBE        A         0
                text36                             5DB4     5DB4        A         0
                text35                             5DAA     5DAA        A         0
                text34                             5DA0     5DA0        A         0
                text33                             5D96     5D96        A         0
                text32                             5D8C     5D8C        A         0
                text31                             525C     525C       7A         0
                text30                             5D82     5D82        A         0
                text29                             5130     5130       98         0
                text28                             5D78     5D78        A         0
                text27                             5A42     5A42       2A         0
                text26                             5B54     5B54       22         0
                text25                             58D6     58D6       2E         0
                text24                             5C84     5C84       14         0
                text23                             5578     5578       5C         0
                text22                             5D6E     5D6E        A         0
                text21                             5C2C     5C2C       16         0
                text20                             5E4A     5E4A        4         0
                text19                             5BCC     5BCC       18         0
                text18                             54A8     54A8       72         0
                text17                             5ABE     5ABE       28         0
                text16                             5D64     5D64        A         0
                text15                             5D5A     5D5A        A         0
                text14                             5D50     5D50        A         0
                text13                             53C0     53C0       74         0
                text12                             5D46     5D46        A         0
                text11                             5D3C     5D3C        A         0
                text10                             5D32     5D32        A         0
                text9                              534C     534C       74         0
                text8                              5D28     5D28        A         0
                text7                              5A96     5A96       28         0
                text6                              5D1E     5D1E        A         0
                text5                              5718     5718       48         0
                text4                              5D14     5D14        A         0
                text3                              58A6     58A6       30         0
                text2                              5810     5810       32         0
                text1                              5E32     5E32        6         0
                text0                              5B32     5B32       22         0
                cinit                              5680     5680       4C         0
                idataBANK5                         5E62     5E62        2         0

        CLASS   CONST          

        CLASS   SMALLCONST     
                smallconst                         2600     2600        E         0

        CLASS   MEDIUMCONST    

        CLASS   COMRAM         
                cstackCOMRAM                        501      501       5B         1
                bssCOMRAM                           55C      55C        2         1

        CLASS   ABS1           

        CLASS   BIGRAM         

        CLASS   RAM            

        CLASS   BANK5          
                cstackBANK5                         560      560       44         1
                dataBANK5                           5E7      5E7        2         1
                bssBANK5                            5A4      5A4       41         1
                nvBANK5                             5E5      5E5        2         1

        CLASS   BANK6          
                cstackBANK6                         64F      64F       16         1
                bssBANK6                            600      600       35         1
                nvBANK6                             635      635       1A         1

        CLASS   BANK7          

        CLASS   BANK8          

        CLASS   BANK9          

        CLASS   BANK10         

        CLASS   BANK11         

        CLASS   BANK12         

        CLASS   BANK13         

        CLASS   BANK14         

        CLASS   BANK15         

        CLASS   BANK16         

        CLASS   BANK17         

        CLASS   BANK18         

        CLASS   BANK19         

        CLASS   BANK20         

        CLASS   BANK21         

        CLASS   BANK22         

        CLASS   BANK23         

        CLASS   BANK24         

        CLASS   BANK25         

        CLASS   BANK26         

        CLASS   BANK27         

        CLASS   BANK28         

        CLASS   BANK29         

        CLASS   BANK30         

        CLASS   BANK31         

        CLASS   BANK32         

        CLASS   BANK33         

        CLASS   BANK34         

        CLASS   BANK35         

        CLASS   BANK36         

        CLASS   BANK37         

        CLASS   SFR            

        CLASS   CONFIG         
                config                           300000   300000       24         4

        CLASS   IDLOC          
                idloc                            200000   200000       20         5

        CLASS   EEDATA         

        CLASS   FARRAM         



SEGMENTS        Name                           Load    Length   Top    Selector   Space  Class

                reset_vec                      000000  000004  000004         0       0  CODE    
                ivt0x8                         000008  000016  00001E         4       0  CODE    
                cstackCOMRAM                   000501  00005D  00055E       501       1  COMRAM  
                cstackBANK5                    000560  000089  0005E9       560       1  BANK5   
                bssBANK6                       000600  000065  000665       600       1  BANK6   
                smallconst                     002600  00000E  00260E      1300       0  SMALLCON
                text62                         00260E  003876  005E84      1307       0  CODE    


UNUSED ADDRESS RANGES

        Name                Unused          Largest block    Delta
        BANK10           000A00-000AFF              100
        BANK11           000B00-000BFF              100
        BANK12           000C00-000CFF              100
        BANK13           000D00-000DFF              100
        BANK14           000E00-000EFF              100
        BANK15           000F00-000FFF              100
        BANK16           001000-0010FF              100
        BANK17           001100-0011FF              100
        BANK18           001200-0012FF              100
        BANK19           001300-0013FF              100
        BANK20           001400-0014FF              100
        BANK21           001500-0015FF              100
        BANK22           001600-0016FF              100
        BANK23           001700-0017FF              100
        BANK24           001800-0018FF              100
        BANK25           001900-0019FF              100
        BANK26           001A00-001AFF              100
        BANK27           001B00-001BFF              100
        BANK28           001C00-001CFF              100
        BANK29           001D00-001DFF              100
        BANK30           001E00-001EFF              100
        BANK31           001F00-001FFF              100
        BANK32           002000-0020FF              100
        BANK33           002100-0021FF              100
        BANK34           002200-0022FF              100
        BANK35           002300-0023FF              100
        BANK36           002400-0024FF              100
        BANK37           002500-0025FF              100
        BANK5            0005E9-0005FF               17
        BANK6            000665-0006FF               9B
        BANK7            000700-0007FF              100
        BANK8            000800-0008FF              100
        BANK9            000900-0009FF              100
        BIGRAM           00055E-00055F                2
                         0005E9-0005FF               17
                         000665-0025FF             1F9B
        CODE             000004-000007                4
                         00001E-0025FF             25E2
                         005E84-00FFFF             A17C
        COMRAM           00055E-00055F                2
        CONST            000004-000007                4
                         00001E-0025FF             25E2
                         005E84-00FFFF             A17C
        EEDATA           380000-3803FF              400
        MEDIUMCONST      005E84-00FFFF             A17C
        RAM              0005E9-0005FF               17
                         000665-0025FF              100
        SFR              000000-0004FF              100
        SMALLCONST       005E84-00FFFF              100
        STACK            000665-0025FF             1F9B

                                  Symbol Table

?_ADC_GetSingleConversion                                     cstackCOMRAM 000501
?___aldiv                                                     cstackBANK5  000577
?___fladd                                                     cstackBANK5  000593
?___flmul                                                     cstackCOMRAM 00051D
?___fltol                                                     cstackBANK6  00064F
?___lwdiv                                                     cstackBANK5  000577
?___wmul                                                      cstackBANK5  00057E
?___xxtofl                                                    cstackBANK5  000585
?i2___aldiv                                                   cstackCOMRAM 000501
?i2___fladd                                                   cstackCOMRAM 000536
?i2___fltol                                                   cstackCOMRAM 000546
?i2___lwdiv                                                   cstackCOMRAM 000501
?i2___wmul                                                    cstackCOMRAM 000508
?i2___xxtofl                                                  cstackCOMRAM 00050F
ADC_GetSingleConversion@channel                               cstackCOMRAM 000505
ADC_SelectContext@context                                     cstackCOMRAM 000501
ADC_SetADIInterruptHandler@InterruptHandler                   cstackBANK5  000577
ADC_SetActiveClockTuningInterruptHandler@InterruptHandler     cstackBANK5  000577
ADC_SetContext1ThresholdInterruptHandler@InterruptHandler     cstackBANK5  000577
ADC_SetContext2ThresholdInterruptHandler@InterruptHandler     cstackBANK5  000577
ADC_SetContext3ThresholdInterruptHandler@InterruptHandler     cstackBANK5  000577
ADC_SetContext4ThresholdInterruptHandler@InterruptHandler     cstackBANK5  000577
ANALOG_GetVoltage@ucEntradaAnalogica                          cstackCOMRAM 000552
ANALOG_GetVoltage@ucFlag                                      cstackCOMRAM 000554
ANALOG_GetVoltage@ucValor                                     cstackCOMRAM 000553
ANALOG_GetVoltage@uiValorAnalog                               cstackCOMRAM 000555
ANALOG_GetVoltage@uiValorCalculado                            cstackCOMRAM 000557
ANALOG_GetVoltage@uiValorVoltage                              cstackCOMRAM 000559
CAN1_OperationModeSet@opMode                                  cstackBANK5  000577
CAN1_OperationModeSet@requestMode                             cstackBANK5  000579
CAN1_OperationModeSet@status                                  cstackBANK5  000578
CAN1_RX_FIFO_ResetInfo@index                                  cstackBANK5  000577
CAN1_Receive@index                                            cstackCOMRAM 000525
CAN1_Receive@rxCanMsg                                         cstackCOMRAM 000522
CAN1_Receive@status                                           cstackCOMRAM 000524
CAN1_ReceivedMessageCountGet@channel                          cstackCOMRAM 000506
CAN1_ReceivedMessageCountGet@fifoDepth                        cstackCOMRAM 000507
CAN1_ReceivedMessageCountGet@fifoHead                         cstackCOMRAM 000509
CAN1_ReceivedMessageCountGet@fifoTail                         cstackCOMRAM 000508
CAN1_ReceivedMessageCountGet@index                            cstackCOMRAM 00050A
CAN1_ReceivedMessageCountGet@numOfMsg                         cstackCOMRAM 000504
CAN1_ReceivedMessageCountGet@rxMsgStatus                      cstackCOMRAM 000505
CAN1_ReceivedMessageCountGet@totalMsgObj                      cstackCOMRAM 000503
CAN1_SetBusErrorInterruptHandler@handler                      cstackBANK5  000577
CAN1_SetBusWakeUpActivityInterruptHandler@handler             cstackBANK5  000577
CAN1_SetFIFO1NotEmptyHandler@handler                          cstackBANK5  000577
CAN1_SetInvalidMessageInterruptHandler@handler                cstackBANK5  000577
CAN1_SetModeChangeInterruptHandler@handler                    cstackBANK5  000577
CAN1_SetRxBufferOverFlowInterruptHandler@handler              cstackBANK5  000577
CAN1_SetSystemErrorInterruptHandler@handler                   cstackBANK5  000577
CAN1_SetTxAttemptInterruptHandler@handler                     cstackBANK5  000577
CAN1_Transmit@fifoChannel                                     cstackCOMRAM 00051D
CAN1_Transmit@status                                          cstackCOMRAM 00051A
CAN1_Transmit@txCanMsg                                        cstackCOMRAM 000518
CAN1_Transmit@txFifoObj                                       cstackCOMRAM 00051B
CAN1_TransmitFIFOStatusGet@fifoChannel                        cstackCOMRAM 000504
CAN1_TransmitFIFOStatusGet@status                             cstackCOMRAM 000503
CANReadMessage@data1                                          cstackBANK5  000571
CANReadMessage@data2                                          cstackBANK5  000572
CANReadMessage@data3                                          cstackBANK5  000570
CANReadMessage@data4                                          cstackBANK5  00056E
CANReadMessage@data5                                          cstackBANK5  00056F
CANReadMessage@data6                                          cstackBANK5  00056D
CANReadMessage@data7                                          cstackBANK5  00056B
CANReadMessage@data8                                          cstackBANK5  00056C
CANReadMessage@id                                             cstackBANK5  000567
CANWriteMessage@data1                                         cstackCOMRAM 000523
CANWriteMessage@data2                                         cstackCOMRAM 000524
CANWriteMessage@data3                                         cstackCOMRAM 000525
CANWriteMessage@data4                                         cstackCOMRAM 000526
CANWriteMessage@data5                                         cstackCOMRAM 000527
CANWriteMessage@data6                                         cstackCOMRAM 000528
CANWriteMessage@data7                                         cstackCOMRAM 000529
CANWriteMessage@data8                                         cstackCOMRAM 00052A
CANWriteMessage@dataLength                                    cstackCOMRAM 000522
CANWriteMessage@id                                            cstackCOMRAM 00051E
DELAY_milliseconds@milliseconds                               cstackCOMRAM 000501
EBS_Watchdog@ucWDState                                        cstackBANK5  0005A3
GPIO_PWM1_Control@uiConvertedDC                               cstackBANK6  000661
GPIO_PWM1_Control@uiConvertedPeriod                           cstackBANK6  00065F
GPIO_PWM1_Control@uiDutyCycle                                 cstackBANK6  000659
GPIO_PWM1_Control@uiFreq                                      cstackBANK6  00065B
GPIO_PWM2_Control@uiConvertedDC                               cstackBANK6  000661
GPIO_PWM2_Control@uiConvertedPeriod                           cstackBANK6  00065F
GPIO_PWM2_Control@uiDutyCycle                                 cstackBANK6  000659
GPIO_PWM2_Control@uiFreq                                      cstackBANK6  00065B
GetRxFifoDepth@validChannel                                   cstackCOMRAM 000502
GetRxFifoStatus@validChannel                                  cstackCOMRAM 000501
GetTxFifoStatus@validChannel                                  cstackCOMRAM 000501
INT0_SetInterruptHandler@InterruptHandler                     cstackBANK5  000577
IVTBASEH                                                      (abs)        00045E
IVTBASEL                                                      (abs)        00045D
IVTBASEU                                                      (abs)        00045F
PWM1_16BIT_Period_SetInterruptHandler@InterruptHandler        cstackBANK5  000577
PWM1_16BIT_SetSlice1Output1DutyCycleRegister@registerValue    cstackBANK5  000577
PWM1_16BIT_Slice1Output1_SetInterruptHandler@InterruptHandler cstackBANK5  000577
PWM1_16BIT_Slice1Output2_SetInterruptHandler@InterruptHandler cstackBANK5  000577
PWM1_16BIT_WritePeriodRegister@periodCount                    cstackBANK5  000577
PWM2_16BIT_Period_SetInterruptHandler@InterruptHandler        cstackBANK5  000577
PWM2_16BIT_SetSlice1Output1DutyCycleRegister@registerValue    cstackBANK5  000577
PWM2_16BIT_Slice1Output1_SetInterruptHandler@InterruptHandler cstackBANK5  000577
PWM2_16BIT_Slice1Output2_SetInterruptHandler@InterruptHandler cstackBANK5  000577
PWM2_16BIT_WritePeriodRegister@periodCount                    cstackBANK5  000577
ReadMessageFromFifo@msgId                                     cstackCOMRAM 000513
ReadMessageFromFifo@rxCanMsg                                  cstackCOMRAM 00050E
ReadMessageFromFifo@rxFifoObj                                 cstackCOMRAM 00050C
ReadMessageFromFifo@status                                    cstackCOMRAM 000517
Receive@channel                                               cstackCOMRAM 000518
Receive@index                                                 cstackCOMRAM 000521
Receive@rxCanMsg                                              cstackCOMRAM 000519
Receive@rxFifoObj                                             cstackCOMRAM 00051E
Receive@rxMsgStatus                                           cstackCOMRAM 000520
Receive@status                                                cstackCOMRAM 00051D
SERVICEBRAKE_Move@ucTargetMove                                cstackCOMRAM 00055A
TMR0_SetInterruptHandler@InterruptHandler                     cstackBANK5  000577
TMR1_SetInterruptHandler@InterruptHandler                     cstackBANK5  000577
TMR1_WriteTimer@timerVal                                      cstackCOMRAM 000501
TMR2_SetInterruptHandler@InterruptHandler                     cstackBANK5  000577
ValidateTransmission@field                                    cstackCOMRAM 00050A
ValidateTransmission@txCanMsg                                 cstackCOMRAM 000502
ValidateTransmission@txMsgStatus                              cstackCOMRAM 000509
ValidateTransmission@validChannel                             cstackCOMRAM 000507
WriteMessageToFifo@msgId                                      cstackCOMRAM 000514
WriteMessageToFifo@status                                     cstackCOMRAM 000513
WriteMessageToFifo@txCanMsg                                   cstackCOMRAM 00050E
WriteMessageToFifo@txFifoObj                                  cstackCOMRAM 00050C
_ADACCH                                                       (abs)        0003E4
_ADACCL                                                       (abs)        0003E3
_ADACCU                                                       (abs)        0003E5
_ADACQH                                                       (abs)        0003EF
_ADACQL                                                       (abs)        0003EE
_ADACT                                                        (abs)        0003F9
_ADACTPPS                                                     (abs)        000269
_ADCAP                                                        (abs)        0003F0
_ADCLK                                                        (abs)        0003FA
_ADCNT                                                        (abs)        0003E6
_ADCON0                                                       (abs)        0003F3
_ADCON0bits                                                   (abs)        0003F3
_ADCON1                                                       (abs)        0003F4
_ADCON1bits                                                   (abs)        0003F4
_ADCON2                                                       (abs)        0003F5
_ADCON2bits                                                   (abs)        0003F5
_ADCON3                                                       (abs)        0003F6
_ADCON3bits                                                   (abs)        0003F6
_ADCP                                                         (abs)        0003D8
_ADCPbits                                                     (abs)        0003D8
_ADCSEL1                                                      (abs)        0003FC
_ADCSEL1bits                                                  (abs)        0003FC
_ADCSEL2                                                      (abs)        0003FD
_ADCSEL2bits                                                  (abs)        0003FD
_ADCSEL3                                                      (abs)        0003FE
_ADCSEL3bits                                                  (abs)        0003FE
_ADCSEL4                                                      (abs)        0003FF
_ADCSEL4bits                                                  (abs)        0003FF
_ADCTX                                                        (abs)        0003FB
_ADC_ActiveClockTuning_ISR                                    nvBANK6      000641
_ADC_Context1Thereshld_ISR                                    nvBANK6      000649
_ADC_Context2Thereshld_ISR                                    nvBANK6      000647
_ADC_Context3Thereshld_ISR                                    nvBANK6      000645
_ADC_Context4Thereshld_ISR                                    nvBANK6      000643
_ADC_ConversionComplete_ISR                                   nvBANK6      00064B
_ADC_DefaultADI_ISR                                           (abs)        000000
_ADC_DefaultActiveClockTuning_ISR                             (abs)        000000
_ADC_DefaultContext1Threshold_ISR                             (abs)        000000
_ADC_DefaultContext2Threshold_ISR                             (abs)        000000
_ADC_DefaultContext3Threshold_ISR                             (abs)        000000
_ADC_DefaultContext4Threshold_ISR                             (abs)        000000
_ADC_DisableChannelSequencer                                  text108      005E3E
_ADC_GetSingleConversion                                      text107      005874
_ADC_Initialize                                               text40       003D9C
_ADC_SelectContext                                            text106      005E18
_ADC_SetADIInterruptHandler                                   text46       005E04
_ADC_SetActiveClockTuningInterruptHandler                     text45       005DFA
_ADC_SetContext1ThresholdInterruptHandler                     text44       005DF0
_ADC_SetContext2ThresholdInterruptHandler                     text43       005DE6
_ADC_SetContext3ThresholdInterruptHandler                     text42       005DDC
_ADC_SetContext4ThresholdInterruptHandler                     text41       005DD2
_ADC_StopConversion                                           text105      005E38
_ADERRH                                                       (abs)        0003DE
_ADERRL                                                       (abs)        0003DD
_ADFLTRH                                                      (abs)        0003E2
_ADFLTRL                                                      (abs)        0003E1
_ADLTHH                                                       (abs)        0003DA
_ADLTHL                                                       (abs)        0003D9
_ADPCH                                                        (abs)        0003EC
_ADPREH                                                       (abs)        0003F2
_ADPREL                                                       (abs)        0003F1
_ADPREVH                                                      (abs)        0003E9
_ADPREVL                                                      (abs)        0003E8
_ADREF                                                        (abs)        0003F8
_ADRESH                                                       (abs)        0003EB
_ADRESL                                                       (abs)        0003EA
_ADRPT                                                        (abs)        0003E7
_ADSTAT                                                       (abs)        0003F7
_ADSTATbits                                                   (abs)        0003F7
_ADSTPTH                                                      (abs)        0003E0
_ADSTPTL                                                      (abs)        0003DF
_ADUTHH                                                       (abs)        0003DC
_ADUTHL                                                       (abs)        0003DB
_ANALOG_GetVoltage                                            text103      0033DE
_ANALOG_RedAll                                                text94       005084
_ANSELA                                                       (abs)        000400
_ANSELAbits                                                   (abs)        000400
_ANSELB                                                       (abs)        000408
_ANSELC                                                       (abs)        000410
_ANSELCbits                                                   (abs)        000410
_C1CONH                                                       (abs)        000101
_C1CONHbits                                                   (abs)        000101
_C1CONL                                                       (abs)        000100
_C1CONTbits                                                   (abs)        000103
_C1CONU                                                       (abs)        000102
_C1CONUbits                                                   (abs)        000102
_C1FIFOBA                                                     (abs)        00014C
_C1FIFOCON1H                                                  (abs)        00015D
_C1FIFOCON1L                                                  (abs)        00015C
_C1FIFOCON1T                                                  (abs)        00015F
_C1FIFOCON1U                                                  (abs)        00015E
_C1FIFOSTA1Lbits                                              (abs)        000160
_C1FLTCON0H                                                   (abs)        000181
_C1FLTOBJ1H                                                   (abs)        000195
_C1FLTOBJ1L                                                   (abs)        000194
_C1FLTOBJ1T                                                   (abs)        000197
_C1FLTOBJ1U                                                   (abs)        000196
_C1INTH                                                       (abs)        00011D
_C1INTHbits                                                   (abs)        00011D
_C1INTL                                                       (abs)        00011C
_C1INTLbits                                                   (abs)        00011C
_C1INTT                                                       (abs)        00011F
_C1INTTbits                                                   (abs)        00011F
_C1INTU                                                       (abs)        00011E
_C1INTUbits                                                   (abs)        00011E
_C1MASK1H                                                     (abs)        000199
_C1MASK1L                                                     (abs)        000198
_C1MASK1T                                                     (abs)        00019B
_C1MASK1U                                                     (abs)        00019A
_C1NBTCFGH                                                    (abs)        000105
_C1NBTCFGL                                                    (abs)        000104
_C1NBTCFGT                                                    (abs)        000107
_C1NBTCFGU                                                    (abs)        000106
_C1TRECUbits                                                  (abs)        000136
_C1TXQCONH                                                    (abs)        000151
_C1TXQCONL                                                    (abs)        000150
_C1TXQCONT                                                    (abs)        000153
_C1TXQCONU                                                    (abs)        000152
_C1TXQSTALbits                                                (abs)        000154
_CAN1_BitRateConfiguration                                    text39       005C98
_CAN1_BusErrorHandler                                         bssBANK5     0005AE
_CAN1_BusWakeUpActivityHandler                                bssBANK5     0005B0
_CAN1_ErrorNotificationInterruptEnable                        text31       00525C
_CAN1_FIFO1NotEmptyHandler                                    bssBANK5     0005B4
_CAN1_ISR                                                     text130      00432E
_CAN1_Initialize                                              text23       005578
_CAN1_InvalidMessageHandler                                   bssBANK5     0005B2
_CAN1_IsBusOff                                                text93       005C6E
_CAN1_IsTxErrorActive                                         text91       005BB2
_CAN1_IsTxErrorPassive                                        text92       005C58
_CAN1_IsTxErrorWarning                                        text90       005C42
_CAN1_ModeChangeHandler                                       bssBANK5     0005AC
_CAN1_OperationModeGet                                        text30       005D82
_CAN1_OperationModeSet                                        text29       005130
_CAN1_RXI_ISR                                                 text109      005A16
_CAN1_RX_FIFO_Configuration                                   text27       005A42
_CAN1_RX_FIFO_FilterMaskConfiguration                         text26       005B54
_CAN1_RX_FIFO_ResetInfo                                       text25       0058D6
_CAN1_Receive                                                 text124      00562E
_CAN1_ReceivedMessageCountGet                                 text123      004EF6
_CAN1_RxBufferOverflowHandler                                 bssBANK5     0005A6
_CAN1_SetBusErrorInterruptHandler                             text38       005DC8
_CAN1_SetBusWakeUpActivityInterruptHandler                    text37       005DBE
_CAN1_SetFIFO1NotEmptyHandler                                 text28       005D78
_CAN1_SetInvalidMessageInterruptHandler                       text36       005DB4
_CAN1_SetModeChangeInterruptHandler                           text35       005DAA
_CAN1_SetRxBufferOverFlowInterruptHandler                     text34       005DA0
_CAN1_SetSystemErrorInterruptHandler                          text33       005D96
_CAN1_SetTxAttemptInterruptHandler                            text32       005D8C
_CAN1_SystemErrorHandler                                      bssBANK5     0005AA
_CAN1_TX_FIFO_Configuration                                   text24       005C84
_CAN1_Transmit                                                text84       0051C8
_CAN1_TransmitFIFOStatusGet                                   text83       005AE6
_CAN1_TxAttemptHandler                                        bssBANK5     0005A8
_CANDATAdata                                                  bssBANK6     00061E
_CANRXPPS                                                     (abs)        00023D
_CANReadMessage                                               text111      0036A6
_CANWriteMessage                                              text82       004AA2
_DELAY_milliseconds                                           text95       00598E
_DLC_BYTES                                                    smallconst   002601
_DefaultBusErrorHandler                                       text137      005E82
_DefaultBusWakeUpActivityHandler                              text136      005E80
_DefaultFIFO1NotEmptyHandler                                  text110      005E44
_DefaultInvalidMessageHandler                                 text135      005E7E
_DefaultModeChangeHandler                                     text134      005E7C
_DefaultRxBufferOverflowHandler                               text133      005E7A
_DefaultSystemErrorHandler                                    text132      005E78
_DefaultTxAttemptHandler                                      text131      005E76
_EBS_Init                                                     text53       005CE4
_EBS_Watchdog                                                 text54       00551A
_EXT_INT_Initialize                                           text21       005C2C
_GPIO_BrakePedalAtRest                                        text102      0057DC
_GPIO_Init                                                    text52       005B76
_GPIO_PWM1_Control                                            text48       004B8A
_GPIO_PWM2_Control                                            text57       004C68
_GetRxFifoDepth                                               text129      005B94
_GetRxFifoStatus                                              text128      005C14
_GetTxFifoStatus                                              text89       005BFC
_HDRPRES_max                                                  bssBANK5     0005BE
_HDRPRES_min                                                  bssCOMRAM    00055C
_INLVLA                                                       (abs)        000404
_INLVLB                                                       (abs)        00040C
_INLVLC                                                       (abs)        000414
_INLVLE                                                       (abs)        000424
_INT0PPS                                                      (abs)        00023E
_INT0_CallBack                                                text100      005842
_INT0_DefaultInterruptHandler                                 text101      005E74
_INT0_ISR                                                     text99       005E2A
_INT0_InterruptHandler                                        nvBANK6      00064D
_INT0_SetInterruptHandler                                     text22       005D6E
_INTCON0bits                                                  (abs)        0004D6
_INTERRUPT_Initialize                                         text20       005E4A
_INTERRUPT_InterruptManager                                   text67       00469E
_LATA                                                         (abs)        0004BE
_LATAbits                                                     (abs)        0004BE
_LATB                                                         (abs)        0004BF
_LATBbits                                                     (abs)        0004BF
_LATC                                                         (abs)        0004C0
_NPRES_max                                                    bssBANK5     0005BC
_NPRES_min                                                    bssBANK5     0005BD
_ODCONA                                                       (abs)        000402
_ODCONB                                                       (abs)        00040A
_ODCONC                                                       (abs)        000412
_OSCCON1                                                      (abs)        0000AD
_OSCCON3                                                      (abs)        0000AF
_OSCEN                                                        (abs)        0000B3
_OSCFRQ                                                       (abs)        0000B1
_OSCILLATOR_Initialize                                        text19       005BCC
_OSCTUNE                                                      (abs)        0000B0
_PIE0bits                                                     (abs)        00049E
_PIE1bits                                                     (abs)        00049F
_PIE3bits                                                     (abs)        0004A1
_PIE4bits                                                     (abs)        0004A2
_PIE5bits                                                     (abs)        0004A3
_PIN_MANAGER_Initialize                                       text18       0054A8
_PIR0bits                                                     (abs)        0004AE
_PIR1bits                                                     (abs)        0004AF
_PIR2bits                                                     (abs)        0004B0
_PIR3bits                                                     (abs)        0004B1
_PIR4bits                                                     (abs)        0004B2
_PIR5bits                                                     (abs)        0004B3
_PMD0                                                         (abs)        000060
_PMD1                                                         (abs)        000061
_PMD2                                                         (abs)        000062
_PMD3                                                         (abs)        000063
_PMD4                                                         (abs)        000064
_PMD5                                                         (abs)        000065
_PMD6                                                         (abs)        000066
_PMD7                                                         (abs)        000067
_PMD8                                                         (abs)        000068
_PMD_Initialize                                               text17       005ABE
_PORTAbits                                                    (abs)        0004CE
_PORTCbits                                                    (abs)        0004D0
_PR2                                                          (abs)        000323
_PWM1CLK                                                      (abs)        000461
_PWM1CON                                                      (abs)        000469
_PWM1CONbits                                                  (abs)        000469
_PWM1CPRE                                                     (abs)        000465
_PWM1ERS                                                      (abs)        000460
_PWM1GIE                                                      (abs)        000468
_PWM1GIEbits                                                  (abs)        000468
_PWM1GIR                                                      (abs)        000467
_PWM1GIRbits                                                  (abs)        000467
_PWM1LDS                                                      (abs)        000462
_PWM1PIPOS                                                    (abs)        000466
_PWM1PRH                                                      (abs)        000464
_PWM1PRL                                                      (abs)        000463
_PWM1S1CFG                                                    (abs)        00046A
_PWM1S1P1H                                                    (abs)        00046C
_PWM1S1P1L                                                    (abs)        00046B
_PWM1S1P2H                                                    (abs)        00046E
_PWM1S1P2L                                                    (abs)        00046D
_PWM1_16BIT_Initialize                                        text13       0053C0
_PWM1_16BIT_LoadBufferRegisters                               text51       005E4E
_PWM1_16BIT_Period_DefaultInterruptHandler                    (abs)        000000
_PWM1_16BIT_Period_InterruptHandler                           bssBANK5     0005B6
_PWM1_16BIT_Period_SetInterruptHandler                        text16       005D64
_PWM1_16BIT_SetSlice1Output1DutyCycleRegister                 text50       005CBA
_PWM1_16BIT_Slice1Output1_DefaultInterruptHandler             (abs)        000000
_PWM1_16BIT_Slice1Output1_InterruptHandler                    bssBANK5     0005BA
_PWM1_16BIT_Slice1Output1_SetInterruptHandler                 text15       005D5A
_PWM1_16BIT_Slice1Output2_DefaultInterruptHandler             (abs)        000000
_PWM1_16BIT_Slice1Output2_InterruptHandler                    bssBANK5     0005B8
_PWM1_16BIT_Slice1Output2_SetInterruptHandler                 text14       005D50
_PWM1_16BIT_WritePeriodRegister                               text49       005CAC
_PWM2CLK                                                      (abs)        000470
_PWM2CON                                                      (abs)        000478
_PWM2CONbits                                                  (abs)        000478
_PWM2CPRE                                                     (abs)        000474
_PWM2ERS                                                      (abs)        00046F
_PWM2GIE                                                      (abs)        000477
_PWM2GIEbits                                                  (abs)        000477
_PWM2GIR                                                      (abs)        000476
_PWM2GIRbits                                                  (abs)        000476
_PWM2LDS                                                      (abs)        000471
_PWM2PIPOS                                                    (abs)        000475
_PWM2PRH                                                      (abs)        000473
_PWM2PRL                                                      (abs)        000472
_PWM2S1CFG                                                    (abs)        000479
_PWM2S1P1H                                                    (abs)        00047B
_PWM2S1P1L                                                    (abs)        00047A
_PWM2S1P2H                                                    (abs)        00047D
_PWM2S1P2L                                                    (abs)        00047C
_PWM2_16BIT_Disable                                           text56       005E56
_PWM2_16BIT_Enable                                            text55       005E52
_PWM2_16BIT_Initialize                                        text9        00534C
_PWM2_16BIT_LoadBufferRegisters                               text66       005E5A
_PWM2_16BIT_Period_DefaultInterruptHandler                    (abs)        000000
_PWM2_16BIT_Period_InterruptHandler                           nvBANK6      00063B
_PWM2_16BIT_Period_SetInterruptHandler                        text12       005D46
_PWM2_16BIT_SetSlice1Output1DutyCycleRegister                 text65       005CD6
_PWM2_16BIT_Slice1Output1_DefaultInterruptHandler             (abs)        000000
_PWM2_16BIT_Slice1Output1_InterruptHandler                    nvBANK6      00063F
_PWM2_16BIT_Slice1Output1_SetInterruptHandler                 text11       005D3C
_PWM2_16BIT_Slice1Output2_DefaultInterruptHandler             (abs)        000000
_PWM2_16BIT_Slice1Output2_InterruptHandler                    nvBANK6      00063D
_PWM2_16BIT_Slice1Output2_SetInterruptHandler                 text10       005D32
_PWM2_16BIT_WritePeriodRegister                               text64       005CC8
_RB4PPS                                                       (abs)        00020D
_RC0PPS                                                       (abs)        000211
_RC1PPS                                                       (abs)        000212
_ReadMessageFromFifo                                          text126      003B5C
_Receive                                                      text125      0049B6
_SERVICEBRAKE_Init                                            text47       005BE4
_SERVICEBRAKE_Move                                            text112      0056CC
_SLRCONA                                                      (abs)        000403
_SLRCONB                                                      (abs)        00040B
_SLRCONC                                                      (abs)        000413
_SYSTEM_Initialize                                            text2        005810
_T0CON0                                                       (abs)        00031A
_T0CON0bits                                                   (abs)        00031A
_T0CON1                                                       (abs)        00031B
_T1CLK                                                        (abs)        000321
_T1CON                                                        (abs)        00031E
_T1CONbits                                                    (abs)        00031E
_T1GATE                                                       (abs)        000320
_T1GCON                                                       (abs)        00031F
_T1GCONbits                                                   (abs)        00031F
_T2CLKCON                                                     (abs)        000326
_T2CON                                                        (abs)        000324
_T2CONbits                                                    (abs)        000324
_T2HLT                                                        (abs)        000325
_T2HLTbits                                                    (abs)        000325
_T2PR                                                         (abs)        000323
_T2RST                                                        (abs)        000327
_T2RSTbits                                                    (abs)        000327
_T2TMR                                                        (abs)        000322
_TEMPORIZATION_100ms                                          text81       005760
_TEMPORIZATION_10ms                                           text71       005E66
_TEMPORIZATION_10s                                            text80       005E70
_TEMPORIZATION_1mins                                          text79       005E6E
_TEMPORIZATION_1s                                             text78       005B0E
_TEMPORIZATION_30s                                            text77       005E6C
_TEMPORIZATION_500ms                                          text76       005E6A
_TMR0H                                                        (abs)        000319
_TMR0L                                                        (abs)        000318
_TMR0_CallBack                                                text97       0059BC
_TMR0_DefaultInterruptHandler                                 text98       005E72
_TMR0_ISR                                                     text96       005E22
_TMR0_Initialize                                              text7        005A96
_TMR0_InterruptHandler                                        nvBANK6      000635
_TMR0_SetInterruptHandler                                     text8        005D28
_TMR0_StopTimer                                               text1        005E32
_TMR1H                                                        (abs)        00031D
_TMR1L                                                        (abs)        00031C
_TMR1_CallBack                                                text74       005960
_TMR1_DefaultInterruptHandler                                 text75       005E68
_TMR1_ISR                                                     text72       004FC0
_TMR1_Initialize                                              text5        005718
_TMR1_InterruptHandler                                        nvBANK6      000639
_TMR1_SetInterruptHandler                                     text6        005D1E
_TMR1_WriteTimer                                              text73       005932
_TMR2                                                         (abs)        000322
_TMR2_CallBack                                                text69       005904
_TMR2_DefaultInterruptHandler                                 text70       005E64
_TMR2_ISR                                                     text68       005CF0
_TMR2_Initialize                                              text3        0058A6
_TMR2_InterruptHandler                                        nvBANK6      000637
_TMR2_SetInterruptHandler                                     text4        005D14
_TRISA                                                        (abs)        0004C6
_TRISAbits                                                    (abs)        0004C6
_TRISB                                                        (abs)        0004C7
_TRISBbits                                                    (abs)        0004C7
_TRISC                                                        (abs)        0004C8
_TRISCbits                                                    (abs)        0004C8
_TRISE                                                        (abs)        0004CA
_ValidateTransmission                                         text87       004D46
_WPUA                                                         (abs)        000401
_WPUB                                                         (abs)        000409
_WPUC                                                         (abs)        000411
_WPUE                                                         (abs)        000421
_WriteMessageToFifo                                           text86       003916
__HRAM                                                        (abs)        000000
__Habs1                                                       abs1         000000
__Hbank10                                                     bank10       000000
__Hbank11                                                     bank11       000000
__Hbank12                                                     bank12       000000
__Hbank13                                                     bank13       000000
__Hbank14                                                     bank14       000000
__Hbank15                                                     bank15       000000
__Hbank16                                                     bank16       000000
__Hbank17                                                     bank17       000000
__Hbank18                                                     bank18       000000
__Hbank19                                                     bank19       000000
__Hbank20                                                     bank20       000000
__Hbank21                                                     bank21       000000
__Hbank22                                                     bank22       000000
__Hbank23                                                     bank23       000000
__Hbank24                                                     bank24       000000
__Hbank25                                                     bank25       000000
__Hbank26                                                     bank26       000000
__Hbank27                                                     bank27       000000
__Hbank28                                                     bank28       000000
__Hbank29                                                     bank29       000000
__Hbank30                                                     bank30       000000
__Hbank31                                                     bank31       000000
__Hbank32                                                     bank32       000000
__Hbank33                                                     bank33       000000
__Hbank34                                                     bank34       000000
__Hbank35                                                     bank35       000000
__Hbank36                                                     bank36       000000
__Hbank37                                                     bank37       000000
__Hbank5                                                      bank5        000000
__Hbank6                                                      bank6        000000
__Hbank7                                                      bank7        000000
__Hbank8                                                      bank8        000000
__Hbank9                                                      bank9        000000
__Hbigbss                                                     bigbss       000000
__Hbigdata                                                    bigdata      000000
__Hbigram                                                     bigram       000000
__Hbss                                                        bss          000000
__HbssBANK5                                                   bssBANK5     000000
__HbssBANK6                                                   bssBANK6     000000
__HbssCOMRAM                                                  bssCOMRAM    000000
__Hcinit                                                      cinit        000000
__Hclrtext                                                    clrtext      000000
__Hcomram                                                     comram       000000
__Hconfig                                                     config       300024
__Hconst                                                      const        000000
__HcstackBANK5                                                cstackBANK5  000000
__HcstackBANK6                                                cstackBANK6  000000
__HcstackCOMRAM                                               cstackCOMRAM 000000
[...]
      Locals:         0       0       0       0       0       0       0       0       0       0       0       0       0       0       0       0       0       0       0       0       0       0       0       0       0       0       0       0       0       0       0       0       0       0
      Temps:          0       0       0       0       0       0       0       0       0       0       0       0       0       0       0       0       0       0       0       0       0       0       0       0       0       0       0       0       0       0       0       0       0       0
      Totals:         0       0       0       0       0       0       0       0       0       0       0       0       0       0       0       0       0       0       0       0       0       0       0       0       0       0       0       0       0       0       0       0       0       0
Total ram usage:        0 bytes
 Hardware stack levels used:    1
 This function calls:
		Nothing
 This function is called by:
		_CAN1_ErrorNotificationInterruptEnable
		_CAN1_ISR
 This function uses a non-reentrant model


 *************** function _DefaultModeChangeHandler *****************
 Defined at:
		line 137 in file "mcc_generated_files/can1.c"
 Parameters:    Size  Location     Type
		None
 Auto vars:     Size  Location     Type
		None
 Return value:  Size  Location     Type
                  1    wreg      void 
 Registers used:
		None
 Tracked objects:
		On entry : 
		On exit  : 
		Unchanged: 
 Data sizes:     COMRAM   BANK5   BANK6   BANK7   BANK8   BANK9  BANK10  BANK11  BANK12  BANK13  BANK14  BANK15  BANK16  BANK17  BANK18  BANK19  BANK20  BANK21  BANK22  BANK23  BANK24  BANK25  BANK26  BANK27  BANK28  BANK29  BANK30  BANK31  BANK32  BANK33  BANK34  BANK35  BANK36  BANK37
      Params:         0       0       0       0       0       0       0       0       0       0       0       0       0       0       0       0       0       0       0       0       0       0       0       0       0       0       0       0       0       0       0       0       0       0
      Locals:         0       0       0       0       0       0       0       0       0       0       0       0       0       0       0       0       0       0       0       0       0       0       0       0       0       0       0       0       0       0       0       0       0       0
      Temps:          0       0       0       0       0       0       0       0       0       0       0       0       0       0       0       0       0       0       0       0       0       0       0       0       0       0       0       0       0       0       0       0       0       0
      Totals:         0       0       0       0       0       0       0       0       0       0       0       0       0       0       0       0       0       0       0       0       0       0       0       0       0       0       0       0       0       0       0       0       0       0
Total ram usage:        0 bytes
 Hardware stack levels used:    1
 This function calls:
		Nothing
 This function is called by:
		_CAN1_ErrorNotificationInterruptEnable
		_CAN1_ISR
 This function uses a non-reentrant model


 *************** function _DefaultInvalidMessageHandler *****************
 Defined at:
		line 125 in file "mcc_generated_files/can1.c"
 Parameters:    Size  Location     Type
		None
 Auto vars:     Size  Location     Type
		None
 Return value:  Size  Location     Type
                  1    wreg      void 
 Registers used:
		None
 Tracked objects:
		On entry : 
		On exit  : 
		Unchanged: 
 Data sizes:     COMRAM   BANK5   BANK6   BANK7   BANK8   BANK9  BANK10  BANK11  BANK12  BANK13  BANK14  BANK15  BANK16  BANK17  BANK18  BANK19  BANK20  BANK21  BANK22  BANK23  BANK24  BANK25  BANK26  BANK27  BANK28  BANK29  BANK30  BANK31  BANK32  BANK33  BANK34  BANK35  BANK36  BANK37
      Params:         0       0       0       0       0       0       0       0       0       0       0       0       0       0       0       0       0       0       0       0       0       0       0       0       0       0       0       0       0       0       0       0       0       0
      Locals:         0       0       0       0       0       0       0       0       0       0       0       0       0       0       0       0       0       0       0       0       0       0       0       0       0       0       0       0       0       0       0       0       0       0
      Temps:          0       0       0       0       0       0       0       0       0       0       0       0       0       0       0       0       0       0       0       0       0       0       0       0       0       0       0       0       0       0       0       0       0       0
      Totals:         0       0       0       0       0       0       0       0       0       0       0       0       0       0       0       0       0       0       0       0       0       0       0       0       0       0       0       0       0       0       0       0       0       0
Total ram usage:        0 bytes
 Hardware stack levels used:    1
 This function calls:
		Nothing
 This function is called by:
		_CAN1_ErrorNotificationInterruptEnable
		_CAN1_ISR
 This function uses a non-reentrant model


 *************** function _DefaultBusWakeUpActivityHandler *****************
 Defined at:
		line 129 in file "mcc_generated_files/can1.c"
 Parameters:    Size  Location     Type
		None
 Auto vars:     Size  Location     Type
		None
 Return value:  Size  Location     Type
                  1    wreg      void 
 Registers used:
		None
 Tracked objects:
		On entry : 
		On exit  : 
		Unchanged: 
 Data sizes:     COMRAM   BANK5   BANK6   BANK7   BANK8   BANK9  BANK10  BANK11  BANK12  BANK13  BANK14  BANK15  BANK16  BANK17  BANK18  BANK19  BANK20  BANK21  BANK22  BANK23  BANK24  BANK25  BANK26  BANK27  BANK28  BANK29  BANK30  BANK31  BANK32  BANK33  BANK34  BANK35  BANK36  BANK37
      Params:         0       0       0       0       0       0       0       0       0       0       0       0       0       0       0       0       0       0       0       0       0       0       0       0       0       0       0       0       0       0       0       0       0       0
      Locals:         0       0       0       0       0       0       0       0       0       0       0       0       0       0       0       0       0       0       0       0       0       0       0       0       0       0       0       0       0       0       0       0       0       0
      Temps:          0       0       0       0       0       0       0       0       0       0       0       0       0       0       0       0       0       0       0       0       0       0       0       0       0       0       0       0       0       0       0       0       0       0
      Totals:         0       0       0       0       0       0       0       0       0       0       0       0       0       0       0       0       0       0       0       0       0       0       0       0       0       0       0       0       0       0       0       0       0       0
Total ram usage:        0 bytes
 Hardware stack levels used:    1
 This function calls:
		Nothing
 This function is called by:
		_CAN1_ErrorNotificationInterruptEnable
		_CAN1_ISR
 This function uses a non-reentrant model


 *************** function _DefaultBusErrorHandler *****************
 Defined at:
		line 133 in file "mcc_generated_files/can1.c"
 Parameters:    Size  Location     Type
		None
 Auto vars:     Size  Location     Type
		None
 Return value:  Size  Location     Type
                  1    wreg      void 
 Registers used:
		None
 Tracked objects:
		On entry : 
		On exit  : 
		Unchanged: 
 Data sizes:     COMRAM   BANK5   BANK6   BANK7   BANK8   BANK9  BANK10  BANK11  BANK12  BANK13  BANK14  BANK15  BANK16  BANK17  BANK18  BANK19  BANK20  BANK21  BANK22  BANK23  BANK24  BANK25  BANK26  BANK27  BANK28  BANK29  BANK30  BANK31  BANK32  BANK33  BANK34  BANK35  BANK36  BANK37
      Params:         0       0       0       0       0       0       0       0       0       0       0       0       0       0       0       0       0       0       0       0       0       0       0       0       0       0       0       0       0       0       0       0       0       0
      Locals:         0       0       0       0       0       0       0       0       0       0       0       0       0       0       0       0       0       0       0       0       0       0       0       0       0       0       0       0       0       0       0       0       0       0
      Temps:          0       0       0       0       0       0       0       0       0       0       0       0       0       0       0       0       0       0       0       0       0       0       0       0       0       0       0       0       0       0       0       0       0       0
      Totals:         0       0       0       0       0       0       0       0       0       0       0       0       0       0       0       0       0       0       0       0       0       0       0       0       0       0       0       0       0       0       0       0       0       0
Total ram usage:        0 bytes
 Hardware stack levels used:    1
 This function calls:
		Nothing
 This function is called by:
		_CAN1_ErrorNotificationInterruptEnable
		_CAN1_ISR
 This function uses a non-reentrant model



MODULE INFORMATION

Module		Function		Class		Link	Load	Size
mcc_generated_files/can1.c
		_ReadMessageFromFifo		CODE           	3B5C	0000	576
		_ValidateTransmission		CODE           	4D46	0000	216
		_CAN1_IsTxErrorPassive		CODE           	5C58	0000	22
		_DefaultFIFO1NotEmptyHandler		CODE           	5E44	0000	6
		_CAN1_BitRateConfiguration		CODE           	5C98	0000	20
		_CAN1_SetTxAttemptInterruptHandler		CODE           	5D8C	0000	10
		_Receive       		CODE           	49B6	0000	236
		_CAN1_SetInvalidMessageInterruptHandler		CODE           	5DB4	0000	10
		_CAN1_TX_FIFO_Configuration		CODE           	5C84	0000	20
		_GetRxFifoDepth		CODE           	5B94	0000	30
		_CAN1_ISR      		CODE           	432E	0000	342
		_DefaultBusErrorHandler		CODE           	5E82	0000	2
		_CAN1_OperationModeGet		CODE           	5D82	0000	10
		_CAN1_IsBusOff 		CODE           	5C6E	0000	22
		_CAN1_Initialize		CODE           	5578	0000	92
		_DefaultInvalidMessageHandler		CODE           	5E7E	0000	2
		_CAN1_SetFIFO1NotEmptyHandler		CODE           	5D78	0000	10
		_DefaultBusWakeUpActivityHandler		CODE           	5E80	0000	2
		_CAN1_TransmitFIFOStatusGet		CODE           	5AE6	0000	40
		_CAN1_Transmit 		CODE           	51C8	0000	148
		_CAN1_RX_FIFO_FilterMaskConfiguration		CODE           	5B54	0000	34
		_CAN1_RX_FIFO_Configuration		CODE           	5A42	0000	42
		_CAN1_IsTxErrorActive		CODE           	5BB2	0000	26
		_GetRxFifoStatus		CODE           	5C14	0000	24
		_CAN1_ReceivedMessageCountGet		CODE           	4EF6	0000	202
		_CAN1_SetBusErrorInterruptHandler		CODE           	5DC8	0000	10
		_CAN1_SetSystemErrorInterruptHandler		CODE           	5D96	0000	10
		_DefaultSystemErrorHandler		CODE           	5E78	0000	2
		_CAN1_IsTxErrorWarning		CODE           	5C42	0000	22
		_isTxChannel   		CODE           	579E	0000	62
		_GetTxFifoStatus		CODE           	5BFC	0000	24
		_WriteMessageToFifo		CODE           	3916	0000	582
		_DefaultRxBufferOverflowHandler		CODE           	5E7A	0000	2
		_CAN1_ErrorNotificationInterruptEnable		CODE           	525C	0000	122
		_CAN1_SetBusWakeUpActivityInterruptHandler		CODE           	5DBE	0000	10
		_CAN1_Receive  		CODE           	562E	0000	82
		_CAN1_SetRxBufferOverFlowInterruptHandler		CODE           	5DA0	0000	10
		_CAN1_RX_FIFO_ResetInfo		CODE           	58D6	0000	46
		_CAN1_OperationModeSet		CODE           	5130	0000	152
		_CAN1_SetModeChangeInterruptHandler		CODE           	5DAA	0000	10
		_CAN1_RXI_ISR  		CODE           	5A16	0000	44
		_DefaultTxAttemptHandler		CODE           	5E76	0000	2
		_DefaultModeChangeHandler		CODE           	5E7C	0000	2

mcc_generated_files/can1.c estimated size: 3338

C:\Program Files\Microchip\xc8\v2.31\pic\sources\c99\common\sprcadd.c
		___fladd       		CODE           	260E	0000	1218

C:\Program Files\Microchip\xc8\v2.31\pic\sources\c99\common\sprcadd.c estimated size: 1218

mcc_generated_files/pwm2_16bit.c
		_PWM2_16BIT_WritePeriodRegister		CODE           	5CC8	0000	14
		_PWM2_16BIT_Disable		CODE           	5E56	0000	4
		_PWM2_16BIT_Period_SetInterruptHandler		CODE           	5D46	0000	10
		_PWM2_16BIT_Slice1Output1_SetInterruptHandler		CODE           	5D3C	0000	10
		_PWM2_16BIT_Slice1Output2_SetInterruptHandler		CODE           	5D32	0000	10
		_PWM2_16BIT_Initialize		CODE           	534C	0000	116
		_PWM2_16BIT_LoadBufferRegisters		CODE           	5E5A	0000	4
		_PWM2_16BIT_SetSlice1Output1DutyCycleRegister		CODE           	5CD6	0000	14
		_PWM2_16BIT_Enable		CODE           	5E52	0000	4

mcc_generated_files/pwm2_16bit.c estimated size: 186

TEMPORIZATIONS.c
		_TEMPORIZATION_1mins		CODE           	5E6E	0000	2
		_TEMPORIZATION_100ms		CODE           	5760	0000	62
		_TEMPORIZATION_500ms		CODE           	5E6A	0000	2
		_TEMPORIZATION_10s		CODE           	5E70	0000	2
		_TEMPORIZATION_30s		CODE           	5E6C	0000	2
		_TEMPORIZATION_1s		CODE           	5B0E	0000	36
		_TEMPORIZATION_10ms		CODE           	5E66	0000	2

TEMPORIZATIONS.c estimated size: 108

MESSAGES.c
		_CANWriteMessage		CODE           	4AA2	0000	232
		_CANReadMessage		CODE           	36A6	0000	624

MESSAGES.c estimated size: 856

mcc_generated_files/tmr2.c
		_TMR2_ISR      		CODE           	5CF0	0000	12
		_TMR2_Initialize		CODE           	58A6	0000	48
		_TMR2_SetInterruptHandler		CODE           	5D14	0000	10
		_TMR2_DefaultInterruptHandler		CODE           	5E64	0000	2
		_TMR2_CallBack 		CODE           	5904	0000	46

mcc_generated_files/tmr2.c estimated size: 118

mcc_generated_files/interrupt_manager.c
		_INTERRUPT_Initialize		CODE           	5E4A	0000	4
		_INTERRUPT_InterruptManager		CODE           	469E	0000	266

mcc_generated_files/interrupt_manager.c estimated size: 270

C:\Program Files\Microchip\xc8\v2.31\pic\sources\c99\common\xxtofl.c
		___xxtofl      		CODE           	3FC2	0000	440

C:\Program Files\Microchip\xc8\v2.31\pic\sources\c99\common\xxtofl.c estimated size: 440

mcc_generated_files/tmr0.c
		_TMR0_SetInterruptHandler		CODE           	5D28	0000	10
		_TMR0_StopTimer		CODE           	5E32	0000	6
		_TMR0_DefaultInterruptHandler		CODE           	5E72	0000	2
		_TMR0_CallBack 		CODE           	59BC	0000	46
		_TMR0_ISR      		CODE           	5E22	0000	8
		_TMR0_Initialize		CODE           	5A96	0000	40

mcc_generated_files/tmr0.c estimated size: 112

mcc_generated_files/pin_manager.c
		_PIN_MANAGER_Initialize		CODE           	54A8	0000	114

mcc_generated_files/pin_manager.c estimated size: 114

mcc_generated_files/adc.c
		_ADC_SelectContext		CODE           	5E18	0000	10
		_ADC_Initialize		CODE           	3D9C	0000	550
		_ADC_DisableChannelSequencer		CODE           	5E3E	0000	6
		_ADC_GetSingleConversion		CODE           	5874	0000	50
		_ADC_SetActiveClockTuningInterruptHandler		CODE           	5DFA	0000	10
		_ADC_SetADIInterruptHandler		CODE           	5E04	0000	10
		_ADC_StopConversion		CODE           	5E38	0000	6
		_ADC_SetContext1ThresholdInterruptHandler		CODE           	5DF0	0000	10
		_ADC_SetContext2ThresholdInterruptHandler		CODE           	5DE6	0000	10
		_ADC_SetContext3ThresholdInterruptHandler		CODE           	5DDC	0000	10
		_ADC_SetContext4ThresholdInterruptHandler		CODE           	5DD2	0000	10

mcc_generated_files/adc.c estimated size: 682

mcc_generated_files/ext_int.c
		_INT0_SetInterruptHandler		CODE           	5D6E	0000	10
		_EXT_INT_Initialize		CODE           	5C2C	0000	22
		_INT0_DefaultInterruptHandler		CODE           	5E74	0000	2
		_INT0_CallBack 		CODE           	5842	0000	50
		_INT0_ISR      		CODE           	5E2A	0000	8

mcc_generated_files/ext_int.c estimated size: 92

mcc_generated_files/pwm1_16bit.c
		_PWM1_16BIT_Period_SetInterruptHandler		CODE           	5D64	0000	10
		_PWM1_16BIT_Slice1Output1_SetInterruptHandler		CODE           	5D5A	0000	10
		_PWM1_16BIT_Slice1Output2_SetInterruptHandler		CODE           	5D50	0000	10
		_PWM1_16BIT_Initialize		CODE           	53C0	0000	116
		_PWM1_16BIT_LoadBufferRegisters		CODE           	5E4E	0000	4
		_PWM1_16BIT_SetSlice1Output1DutyCycleRegister		CODE           	5CBA	0000	14
		_PWM1_16BIT_WritePeriodRegister		CODE           	5CAC	0000	14

mcc_generated_files/pwm1_16bit.c estimated size: 178

shared
		i2_GPIO_PWM1_Control		CODE           	4E1E	0000	216
		_FIFO          		SMALLCONST     	0000	0000	0
		_DLC_BYTES     		SMALLCONST     	2601	0000	9
		i2___lwdiv     		CODE           	5434	0000	116
		i2_PWM1_16BIT_LoadBufferRegisters		CODE           	5E5E	0000	4
		i2___fladd     		CODE           	2AD0	0000	1216
		i2___wmul      		CODE           	5A6C	0000	42
		i2___fltol     		CODE           	48B0	0000	262
		__initialization		CODE           	5680	0000	70
		i2___aldiv     		CODE           	4592	0000	268
		i2_PWM1_16BIT_SetSlice1Output1DutyCycleRegister		CODE           	5D08	0000	12
		i2___xxtofl    		CODE           	417A	0000	436
		i2_CAN1_OperationModeGet		CODE           	5E0E	0000	10
		i2_PWM1_16BIT_WritePeriodRegister		CODE           	5CFC	0000	12

shared estimated size: 2673

mcc_generated_files/mcc.c
		_PMD_Initialize		CODE           	5ABE	0000	40
		_OSCILLATOR_Initialize		CODE           	5BCC	0000	24
		_SYSTEM_Initialize		CODE           	5810	0000	50

mcc_generated_files/mcc.c estimated size: 114

EBS.c
		_EBS_Watchdog  		CODE           	551A	0000	94
		_EBS_Init      		CODE           	5CE4	0000	12

EBS.c estimated size: 106

C:\Program Files\Microchip\xc8\v2.31\pic\sources\c99\common\sprcmul.c
		___flmul       		CODE           	2F90	0000	1102

C:\Program Files\Microchip\xc8\v2.31\pic\sources\c99\common\sprcmul.c estimated size: 1102

GPIO.c
		_GPIO_BrakePedalAtRest		CODE           	57DC	0000	52
		_GPIO_PWM1_Control		CODE           	4B8A	0000	222
		_GPIO_PWM2_Control		CODE           	4C68	0000	222
		_GPIO_Init     		CODE           	5B76	0000	30

GPIO.c estimated size: 526

C:\Program Files\Microchip\xc8\v2.31\pic\sources\c99\common\lwdiv.c
		___lwdiv       		CODE           	52D6	0000	118

C:\Program Files\Microchip\xc8\v2.31\pic\sources\c99\common\lwdiv.c estimated size: 118

mcc_generated_files/tmr1.c
		_TMR1_Initialize		CODE           	5718	0000	72
		_TMR1_SetInterruptHandler		CODE           	5D1E	0000	10
		_TMR1_DefaultInterruptHandler		CODE           	5E68	0000	2
		_TMR1_CallBack 		CODE           	5960	0000	46
		_TMR1_WriteTimer		CODE           	5932	0000	46
		_TMR1_ISR      		CODE           	4FC0	0000	196

mcc_generated_files/tmr1.c estimated size: 372

C:\Program Files\Microchip\xc8\v2.31\pic\sources\c99\common\fltol.c
		___fltol       		CODE           	47A8	0000	264

C:\Program Files\Microchip\xc8\v2.31\pic\sources\c99\common\fltol.c estimated size: 264

C:\Program Files\Microchip\xc8\v2.31\pic\sources\c99\common\memcpy.c
		_memcpy        		CODE           	55D4	0000	90

C:\Program Files\Microchip\xc8\v2.31\pic\sources\c99\common\memcpy.c estimated size: 90

mcc_generated_files/delay.c
		_DELAY_milliseconds		CODE           	598E	0000	46

mcc_generated_files/delay.c estimated size: 46

C:\Program Files\Microchip\xc8\v2.31\pic\sources\c99\common\aldiv.c
		___aldiv       		CODE           	4484	0000	270

C:\Program Files\Microchip\xc8\v2.31\pic\sources\c99\common\aldiv.c estimated size: 270

C:\Program Files\Microchip\xc8\v2.31\pic\sources\c99\common\Umul16.c
		___wmul        		CODE           	59EA	0000	44

C:\Program Files\Microchip\xc8\v2.31\pic\sources\c99\common\Umul16.c estimated size: 44

ANALOG.c
		_ANALOG_RedAll 		CODE           	5084	0000	172
		_ANALOG_GetVoltage		CODE           	33DE	0000	712

ANALOG.c estimated size: 884

main.c
		_main          		CODE           	5B32	0000	34

main.c estimated size: 34

SERVICEBRAKE.c
		_SERVICEBRAKE_Move		CODE           	56CC	0000	76
		_SERVICEBRAKE_Init		CODE           	5BE4	0000	24

SERVICEBRAKE.c estimated size: 100

