Microchip MPLAB XC8 Compiler V2.32

Linker command line:

-W-3 --edf=C:\Program Files\Microchip\xc8\v2.32\pic\dat\en_msgs.txt \
  -pivt0x8=08h -cn -h+dist/default/production\ASB.X.production.sym \
  --cmf=dist/default/production\ASB.X.production.cmf -z -Q18F26Q84 \
  -oC:\Users\LUC\AppData\Local\Temp\xcAs1eqk.4 --defsym=__MPLAB_BUILD=1 \
  -Mdist/default/production/ASB.X.production.map -E1 -ver=XC8 Compiler \
  --acfsm=1493 -ASTACK=0560h-025FFh -pstack=STACK -ACODE=00h-0FFFFh \
  -ACONST=00h-0FFFFh -ASMALLCONST=02600h-026FFhx218 \
  -AMEDIUMCONST=02600h-0FFFFh -ACOMRAM=0501h-055Fh -AABS1=0500h-025FFh \
  -ABIGRAM=0501h-025FFh -ARAM=0560h-05FFh,0600h-06FFhx32 \
  -ABANK5=0560h-05FFh -ABANK6=0600h-06FFh -ABANK7=0700h-07FFh \
  -ABANK8=0800h-08FFh -ABANK9=0900h-09FFh -ABANK10=0A00h-0AFFh \
  -ABANK11=0B00h-0BFFh -ABANK12=0C00h-0CFFh -ABANK13=0D00h-0DFFh \
  -ABANK14=0E00h-0EFFh -ABANK15=0F00h-0FFFh -ABANK16=01000h-010FFh \
  -ABANK17=01100h-011FFh -ABANK18=01200h-012FFh -ABANK19=01300h-013FFh \
  -ABANK20=01400h-014FFh -ABANK21=01500h-015FFh -ABANK22=01600h-016FFh \
  -ABANK23=01700h-017FFh -ABANK24=01800h-018FFh -ABANK25=01900h-019FFh \
  -ABANK26=01A00h-01AFFh -ABANK27=01B00h-01BFFh -ABANK28=01C00h-01CFFh \
  -ABANK29=01D00h-01DFFh -ABANK30=01E00h-01EFFh -ABANK31=01F00h-01FFFh \
  -ABANK32=02000h-020FFh -ABANK33=02100h-021FFh -ABANK34=02200h-022FFh \
  -ABANK35=02300h-023FFh -ABANK36=02400h-024FFh -ABANK37=02500h-025FFh \
  -ASFR=00h-0FFhx4,0400h-045Fh,0460h-04FFh -ACONFIG=0300000h-0300023h \
  -AIDLOC=0200000h-020001Fh -AEEDATA=0380000h-03803FFh -peeprom_data=EEDATA \
  -preset_vec=00h -ppowerup=CODE,init -pramtop=02600h \
  -psmallconst=SMALLCONST -pmediumconst=MEDIUMCONST -pconst=CONST \
  -AFARRAM=00h-00h \
  -prdata=COMRAM,nvrram=COMRAM,nvbit=COMRAM,rbss=COMRAM,rbit=COMRAM \
  -pfarbss=FARRAM,fardata=FARRAM,nvFARRAM=FARRAM \
  -pintsave_regs=BIGRAM,bigbss=BIGRAM,bigdata=BIGRAM -pbss=RAM \
  -pidata=CODE,irdata=CODE,ibigdata=CODE,ifardata=CODE -prparam=COMRAM \
  C:\Users\LUC\AppData\Local\Temp\xcAs1eqk.o \
  dist/default/production\ASB.X.production.o 

Object code version is 3.11

Machine type is 18F26Q84



                Name                               Link     Load   Length Selector   Space Scale
C:\Users\LUC\AppData\Local\Temp\xcAs1eqk.o
                idloc                            200000   200000       20        0       5
                config                           300000   300000       24        0       4
                init                                 1A       1A        4        4       0
                reset_vec                             0        0        4        0       0
dist/default/production\ASB.X.production.o
                idloc                            200000   200000       20        0       5
                config                           300000   300000       24        0       4
                smallconst                         2600     2600        E     1300       0
                ivt0x8                                8        8       12        4       0
                text45                             2D18     2D18        2     1307       0
                text44                             2B26     2B26       2C     1307       0
                text43                             2D06     2D06        8     1307       0
                text42                             2D16     2D16        2     1307       0
                text41                             2AFA     2AFA       2C     1307       0
                text40                             2CFE     2CFE        8     1307       0
                text39                             2D14     2D14        2     1307       0
                text38                             2ACE     2ACE       2C     1307       0
                text37                             2AA0     2AA0       2E     1307       0
                text36                             2C5E     2C5E       14     1307       0
                text35                             2D12     2D12        2     1307       0
                text34                             28F6     28F6       4E     1307       0
                text33                             2B52     2B52       2A     1307       0
                text32                             26BA     26BA       92     1307       0
                text31                             2A72     2A72       2E     1307       0
                text30                             2CF4     2CF4        A     1307       0
                text29                             2CEA     2CEA        A     1307       0
                text28                             2CE0     2CE0        A     1307       0
                text27                             260E     260E       AC     1307       0
                text26                             2C4A     2C4A       14     1307       0
                text25                             2CD6     2CD6        A     1307       0
                text24                             289E     289E       58     1307       0
                text23                             2C36     2C36       14     1307       0
                text22                             2944     2944       48     1307       0
                text21                             2CCC     2CCC        A     1307       0
                text20                             2C22     2C22       14     1307       0
                text19                             2D0E     2D0E        4     1307       0
                text18                             2C0A     2C0A       18     1307       0
                text17                             274C     274C       76     1307       0
                text16                             2B7C     2B7C       28     1307       0
                text15                             2CC2     2CC2        A     1307       0
                text14                             2CB8     2CB8        A     1307       0
                text13                             2CAE     2CAE        A     1307       0
                text12                             2830     2830       6E     1307       0
                text11                             2CA4     2CA4        A     1307       0
                text10                             2C9A     2C9A        A     1307       0
                text9                              2C90     2C90        A     1307       0
                text8                              27C2     27C2       6E     1307       0
                text7                              2C86     2C86        A     1307       0
                text6                              2BA4     2BA4       26     1307       0
                text5                              2C7C     2C7C        A     1307       0
                text4                              298C     298C       46     1307       0
                text3                              2C72     2C72        A     1307       0
                text2                              2A44     2A44       2E     1307       0
                text1                              2A12     2A12       32     1307       0
                text0                              2BEA     2BEA       20     1307       0
                cstackCOMRAM                        546      546        6      501       1
                dataCOMRAM                          501      501       20      501       1
                bssCOMRAM                           537      537        F      501       1
                cinit                              29D2     29D2       40     1307       0
                nvCOMRAM                            521      521       16      501       1
                idataCOMRAM                        2BCA     2BCA       20     1307       0

TOTAL           Name                               Link     Load   Length     Space
        CLASS   STACK          

        CLASS   CODE           
                init                                 1A       1A        4         0
                reset_vec                             0        0        4         0
                ivt0x8                                8        8       12         0
                text45                             2D18     2D18        2         0
                text44                             2B26     2B26       2C         0
                text43                             2D06     2D06        8         0
                text42                             2D16     2D16        2         0
                text41                             2AFA     2AFA       2C         0
                text40                             2CFE     2CFE        8         0
                text39                             2D14     2D14        2         0
                text38                             2ACE     2ACE       2C         0
                text37                             2AA0     2AA0       2E         0
                text36                             2C5E     2C5E       14         0
                text35                             2D12     2D12        2         0
                text34                             28F6     28F6       4E         0
                text33                             2B52     2B52       2A         0
                text32                             26BA     26BA       92         0
                text31                             2A72     2A72       2E         0
                text30                             2CF4     2CF4        A         0
                text29                             2CEA     2CEA        A         0
                text28                             2CE0     2CE0        A         0
                text27                             260E     260E       AC         0
                text26                             2C4A     2C4A       14         0
                text25                             2CD6     2CD6        A         0
                text24                             289E     289E       58         0
                text23                             2C36     2C36       14         0
                text22                             2944     2944       48         0
                text21                             2CCC     2CCC        A         0
                text20                             2C22     2C22       14         0
                text19                             2D0E     2D0E        4         0
                text18                             2C0A     2C0A       18         0
                text17                             274C     274C       76         0
                text16                             2B7C     2B7C       28         0
                text15                             2CC2     2CC2        A         0
                text14                             2CB8     2CB8        A         0
                text13                             2CAE     2CAE        A         0
                text12                             2830     2830       6E         0
                text11                             2CA4     2CA4        A         0
                text10                             2C9A     2C9A        A         0
                text9                              2C90     2C90        A         0
                text8                              27C2     27C2       6E         0
                text7                              2C86     2C86        A         0
                text6                              2BA4     2BA4       26         0
                text5                              2C7C     2C7C        A         0
                text4                              298C     298C       46         0
                text3                              2C72     2C72        A         0
                text2                              2A44     2A44       2E         0
                text1                              2A12     2A12       32         0
                text0                              2BEA     2BEA       20         0
                cinit                              29D2     29D2       40         0
                idataCOMRAM                        2BCA     2BCA       20         0

        CLASS   CONST          

        CLASS   SMALLCONST     
                smallconst                         2600     2600        E         0

        CLASS   MEDIUMCONST    

        CLASS   COMRAM         
                cstackCOMRAM                        546      546        6         1
                dataCOMRAM                          501      501       20         1
                bssCOMRAM                           537      537        F         1
                nvCOMRAM                            521      521       16         1

        CLASS   ABS1           

        CLASS   BIGRAM         

        CLASS   RAM            

        CLASS   BANK5          

        CLASS   BANK6          

        CLASS   BANK7          

        CLASS   BANK8          

        CLASS   BANK9          

        CLASS   BANK10         

        CLASS   BANK11         

        CLASS   BANK12         

        CLASS   BANK13         

        CLASS   BANK14         

        CLASS   BANK15         

        CLASS   BANK16         

        CLASS   BANK17         

        CLASS   BANK18         

        CLASS   BANK19         

        CLASS   BANK20         

        CLASS   BANK21         

        CLASS   BANK22         

        CLASS   BANK23         

        CLASS   BANK24         

        CLASS   BANK25         

        CLASS   BANK26         

        CLASS   BANK27         

        CLASS   BANK28         

        CLASS   BANK29         

        CLASS   BANK30         

        CLASS   BANK31         

        CLASS   BANK32         

        CLASS   BANK33         

        CLASS   BANK34         

        CLASS   BANK35         

        CLASS   BANK36         

        CLASS   BANK37         

        CLASS   SFR            

        CLASS   CONFIG         
                config                           300000   300000       24         4

        CLASS   IDLOC          
                idloc                            200000   200000       20         5

        CLASS   EEDATA         

        CLASS   FARRAM         



SEGMENTS        Name                           Load    Length   Top    Selector   Space  Class

                reset_vec                      000000  000004  000004         0       0  CODE    
                ivt0x8                         000008  000016  00001E         4       0  CODE    
                dataCOMRAM                     000501  00004B  00054C       501       1  COMRAM  
                smallconst                     002600  00000E  00260E      1300       0  SMALLCON
                text27                         00260E  00070C  002D1A      1307       0  CODE    


UNUSED ADDRESS RANGES

        Name                Unused          Largest block    Delta
        BANK10           000A00-000AFF              100
        BANK11           000B00-000BFF              100
        BANK12           000C00-000CFF              100
        BANK13           000D00-000DFF              100
        BANK14           000E00-000EFF              100
        BANK15           000F00-000FFF              100
        BANK16           001000-0010FF              100
        BANK17           001100-0011FF              100
        BANK18           001200-0012FF              100
        BANK19           001300-0013FF              100
        BANK20           001400-0014FF              100
        BANK21           001500-0015FF              100
        BANK22           001600-0016FF              100
        BANK23           001700-0017FF              100
        BANK24           001800-0018FF              100
        BANK25           001900-0019FF              100
        BANK26           001A00-001AFF              100
        BANK27           001B00-001BFF              100
        BANK28           001C00-001CFF              100
        BANK29           001D00-001DFF              100
        BANK30           001E00-001EFF              100
        BANK31           001F00-001FFF              100
        BANK32           002000-0020FF              100
        BANK33           002100-0021FF              100
        BANK34           002200-0022FF              100
        BANK35           002300-0023FF              100
        BANK36           002400-0024FF              100
        BANK37           002500-0025FF              100
        BANK5            000560-0005FF               A0
        BANK6            000600-0006FF              100
        BANK7            000700-0007FF              100
        BANK8            000800-0008FF              100
        BANK9            000900-0009FF              100
        BIGRAM           00054C-0025FF             20B4
        CODE             000004-000007                4
                         00001E-0025FF             25E2
                         002D1A-00FFFF             D2E6
        COMRAM           00054C-00055F               14
        CONST            000004-000007                4
                         00001E-0025FF             25E2
                         002D1A-00FFFF             D2E6
        EEDATA           380000-3803FF              400
        MEDIUMCONST      002D1A-00FFFF             D2E6
        RAM              000560-0025FF              100
        SFR              000000-0004FF              100
        SMALLCONST       002D1A-00FFFF              100
        STACK            000560-0025FF             20A0

                                  Symbol Table

ADC_SetADIInterruptHandler@InterruptHandler                   cstackCOMRAM 000548
ADC_SetActiveClockTuningInterruptHandler@InterruptHandler     cstackCOMRAM 000548
ADC_SetContext1ThresholdInterruptHandler@InterruptHandler     cstackCOMRAM 000548
CAN1_OperationModeSet@opMode                                  cstackCOMRAM 000548
CAN1_OperationModeSet@requestMode                             cstackCOMRAM 00054A
CAN1_OperationModeSet@status                                  cstackCOMRAM 000549
DELAY_milliseconds@milliseconds                               cstackCOMRAM 000548
INT0_SetInterruptHandler@InterruptHandler                     cstackCOMRAM 000548
IVTBASEH                                                      (abs)        00045E
IVTBASEL                                                      (abs)        00045D
IVTBASEU                                                      (abs)        00045F
PWM1_16BIT_Period_SetInterruptHandler@InterruptHandler        cstackCOMRAM 000548
PWM1_16BIT_Slice1Output1_SetInterruptHandler@InterruptHandler cstackCOMRAM 000548
PWM1_16BIT_Slice1Output2_SetInterruptHandler@InterruptHandler cstackCOMRAM 000548
PWM2_16BIT_Period_SetInterruptHandler@InterruptHandler        cstackCOMRAM 000548
PWM2_16BIT_Slice1Output1_SetInterruptHandler@InterruptHandler cstackCOMRAM 000548
PWM2_16BIT_Slice1Output2_SetInterruptHandler@InterruptHandler cstackCOMRAM 000548
TMR0_SetInterruptHandler@InterruptHandler                     cstackCOMRAM 000548
TMR1_SetInterruptHandler@InterruptHandler                     cstackCOMRAM 000548
TMR1_WriteTimer@timerVal                                      cstackCOMRAM 000546
TMR2_ISR@CountCallBack                                        bssCOMRAM    000537
TMR2_SetInterruptHandler@InterruptHandler                     cstackCOMRAM 000548
_ADACCH                                                       (abs)        0003E4
_ADACCL                                                       (abs)        0003E3
_ADACCU                                                       (abs)        0003E5
_ADACQH                                                       (abs)        0003EF
_ADACQL                                                       (abs)        0003EE
_ADACT                                                        (abs)        0003F9
_ADACTPPS                                                     (abs)        000269
_ADCAP                                                        (abs)        0003F0
_ADCLK                                                        (abs)        0003FA
_ADCNT                                                        (abs)        0003E6
_ADCON0                                                       (abs)        0003F3
_ADCON0bits                                                   (abs)        0003F3
_ADCON1                                                       (abs)        0003F4
_ADCON1bits                                                   (abs)        0003F4
_ADCON2                                                       (abs)        0003F5
_ADCON2bits                                                   (abs)        0003F5
_ADCON3                                                       (abs)        0003F6
_ADCON3bits                                                   (abs)        0003F6
_ADCP                                                         (abs)        0003D8
_ADCPbits                                                     (abs)        0003D8
_ADCSEL1                                                      (abs)        0003FC
_ADCSEL1bits                                                  (abs)        0003FC
_ADCTX                                                        (abs)        0003FB
_ADC_ActiveClockTuning_ISR                                    nvCOMRAM     00052F
_ADC_Context1Thereshld_ISR                                    nvCOMRAM     000531
_ADC_ConversionComplete_ISR                                   nvCOMRAM     000533
_ADC_DefaultADI_ISR                                           (abs)        000000
_ADC_DefaultActiveClockTuning_ISR                             (abs)        000000
_ADC_DefaultContext1Threshold_ISR                             (abs)        000000
_ADC_Initialize                                               text27       00260E
_ADC_SetADIInterruptHandler                                   text30       002CF4
_ADC_SetActiveClockTuningInterruptHandler                     text29       002CEA
_ADC_SetContext1ThresholdInterruptHandler                     text28       002CE0
_ADERRH                                                       (abs)        0003DE
_ADERRL                                                       (abs)        0003DD
_ADFLTRH                                                      (abs)        0003E2
_ADFLTRL                                                      (abs)        0003E1
_ADLTHH                                                       (abs)        0003DA
_ADLTHL                                                       (abs)        0003D9
_ADPCH                                                        (abs)        0003EC
_ADPREH                                                       (abs)        0003F2
_ADPREL                                                       (abs)        0003F1
_ADPREVH                                                      (abs)        0003E9
_ADPREVL                                                      (abs)        0003E8
_ADREF                                                        (abs)        0003F8
_ADRESH                                                       (abs)        0003EB
_ADRESL                                                       (abs)        0003EA
_ADRPT                                                        (abs)        0003E7
_ADSTAT                                                       (abs)        0003F7
_ADSTATbits                                                   (abs)        0003F7
_ADSTPTH                                                      (abs)        0003E0
_ADSTPTL                                                      (abs)        0003DF
_ADUTHH                                                       (abs)        0003DC
_ADUTHL                                                       (abs)        0003DB
_ANSELA                                                       (abs)        000400
_ANSELB                                                       (abs)        000408
_ANSELC                                                       (abs)        000410
_C1CONH                                                       (abs)        000101
_C1CONHbits                                                   (abs)        000101
_C1CONL                                                       (abs)        000100
_C1CONTbits                                                   (abs)        000103
_C1CONU                                                       (abs)        000102
_C1CONUbits                                                   (abs)        000102
_C1FIFOBA                                                     (abs)        00014C
_C1INTHbits                                                   (abs)        00011D
_C1INTTbits                                                   (abs)        00011F
_C1NBTCFGH                                                    (abs)        000105
_C1NBTCFGL                                                    (abs)        000104
_C1NBTCFGT                                                    (abs)        000107
_C1NBTCFGU                                                    (abs)        000106
_C1TRECUbits                                                  (abs)        000136
_C1TXQCONH                                                    (abs)        000151
_C1TXQCONL                                                    (abs)        000150
_C1TXQCONT                                                    (abs)        000153
_C1TXQCONU                                                    (abs)        000152
_CAN1_BitRateConfiguration                                    text26       002C4A
_CAN1_Initialize                                              text22       002944
_CAN1_OperationModeGet                                        text25       002CD6
_CAN1_OperationModeSet                                        text24       00289E
_CAN1_TX_FIFO_Configuration                                   text23       002C36
_CANDATAdata                                                  dataCOMRAM   000501
_CANRXPPS                                                     (abs)        00023D
_DELAY_milliseconds                                           text31       002A72
_DLC_BYTES                                                    smallconst   002601
_EXT_INT_Initialize                                           text20       002C22
_INLVLA                                                       (abs)        000404
_INLVLB                                                       (abs)        00040C
_INLVLC                                                       (abs)        000414
_INLVLE                                                       (abs)        000424
_INT0PPS                                                      (abs)        00023E
_INT0_CallBack                                                text44       002B26
_INT0_DefaultInterruptHandler                                 text45       002D18
_INT0_ISR                                                     text43       002D06
_INT0_InterruptHandler                                        nvCOMRAM     000535
_INT0_SetInterruptHandler                                     text21       002CCC
_INTCON0bits                                                  (abs)        0004D6
_INTERRUPT_Initialize                                         text19       002D0E
_INTERRUPT_InterruptManager                                   text32       0026BA
_LATA                                                         (abs)        0004BE
_LATAbits                                                     (abs)        0004BE
_LATB                                                         (abs)        0004BF
_LATBbits                                                     (abs)        0004BF
_LATC                                                         (abs)        0004C0
_ODCONA                                                       (abs)        000402
_ODCONB                                                       (abs)        00040A
_ODCONC                                                       (abs)        000412
_OSCCON1                                                      (abs)        0000AD
_OSCCON3                                                      (abs)        0000AF
_OSCEN                                                        (abs)        0000B3
_OSCFRQ                                                       (abs)        0000B1
_OSCILLATOR_Initialize                                        text18       002C0A
_OSCTUNE                                                      (abs)        0000B0
_PIE1bits                                                     (abs)        00049F
_PIE3bits                                                     (abs)        0004A1
_PIE4bits                                                     (abs)        0004A2
_PIE5bits                                                     (abs)        0004A3
_PIN_MANAGER_Initialize                                       text17       00274C
_PIR1bits                                                     (abs)        0004AF
_PIR2bits                                                     (abs)        0004B0
_PIR3bits                                                     (abs)        0004B1
_PIR4bits                                                     (abs)        0004B2
_PIR5bits                                                     (abs)        0004B3
_PMD0                                                         (abs)        000060
_PMD1                                                         (abs)        000061
_PMD2                                                         (abs)        000062
_PMD3                                                         (abs)        000063
_PMD4                                                         (abs)        000064
_PMD5                                                         (abs)        000065
_PMD6                                                         (abs)        000066
_PMD7                                                         (abs)        000067
_PMD8                                                         (abs)        000068
_PMD_Initialize                                               text16       002B7C
_PR2                                                          (abs)        000323
_PWM1CLK                                                      (abs)        000461
_PWM1CON                                                      (abs)        000469
_PWM1CONbits                                                  (abs)        000469
_PWM1CPRE                                                     (abs)        000465
_PWM1ERS                                                      (abs)        000460
_PWM1GIE                                                      (abs)        000468
_PWM1GIEbits                                                  (abs)        000468
_PWM1GIR                                                      (abs)        000467
_PWM1GIRbits                                                  (abs)        000467
_PWM1LDS                                                      (abs)        000462
_PWM1PIPOS                                                    (abs)        000466
_PWM1PRH                                                      (abs)        000464
_PWM1PRL                                                      (abs)        000463
_PWM1S1CFG                                                    (abs)        00046A
_PWM1S1P1H                                                    (abs)        00046C
_PWM1S1P1L                                                    (abs)        00046B
_PWM1S1P2H                                                    (abs)        00046E
_PWM1S1P2L                                                    (abs)        00046D
_PWM1_16BIT_Initialize                                        text12       002830
_PWM1_16BIT_Period_DefaultInterruptHandler                    (abs)        000000
_PWM1_16BIT_Period_InterruptHandler                           bssCOMRAM    000539
_PWM1_16BIT_Period_SetInterruptHandler                        text15       002CC2
_PWM1_16BIT_Slice1Output1_DefaultInterruptHandler             (abs)        000000
_PWM1_16BIT_Slice1Output1_InterruptHandler                    bssCOMRAM    00053D
_PWM1_16BIT_Slice1Output1_SetInterruptHandler                 text14       002CB8
_PWM1_16BIT_Slice1Output2_DefaultInterruptHandler             (abs)        000000
_PWM1_16BIT_Slice1Output2_InterruptHandler                    bssCOMRAM    00053B
_PWM1_16BIT_Slice1Output2_SetInterruptHandler                 text13       002CAE
_PWM2CLK                                                      (abs)        000470
_PWM2CON                                                      (abs)        000478
_PWM2CONbits                                                  (abs)        000478
_PWM2CPRE                                                     (abs)        000474
_PWM2ERS                                                      (abs)        00046F
_PWM2GIE                                                      (abs)        000477
_PWM2GIEbits                                                  (abs)        000477
_PWM2GIR                                                      (abs)        000476
_PWM2GIRbits                                                  (abs)        000476
_PWM2LDS                                                      (abs)        000471
_PWM2PIPOS                                                    (abs)        000475
_PWM2PRH                                                      (abs)        000473
_PWM2PRL                                                      (abs)        000472
_PWM2S1CFG                                                    (abs)        000479
_PWM2S1P1H                                                    (abs)        00047B
_PWM2S1P1L                                                    (abs)        00047A
_PWM2S1P2H                                                    (abs)        00047D
_PWM2S1P2L                                                    (abs)        00047C
_PWM2_16BIT_Initialize                                        text8        0027C2
_PWM2_16BIT_Period_DefaultInterruptHandler                    (abs)        000000
_PWM2_16BIT_Period_InterruptHandler                           nvCOMRAM     000529
_PWM2_16BIT_Period_SetInterruptHandler                        text11       002CA4
_PWM2_16BIT_Slice1Output1_DefaultInterruptHandler             (abs)        000000
_PWM2_16BIT_Slice1Output1_InterruptHandler                    nvCOMRAM     00052D
_PWM2_16BIT_Slice1Output1_SetInterruptHandler                 text10       002C9A
_PWM2_16BIT_Slice1Output2_DefaultInterruptHandler             (abs)        000000
_PWM2_16BIT_Slice1Output2_InterruptHandler                    nvCOMRAM     00052B
_PWM2_16BIT_Slice1Output2_SetInterruptHandler                 text9        002C90
_RB4PPS                                                       (abs)        00020D
_RC0PPS                                                       (abs)        000211
_RC1PPS                                                       (abs)        000212
_SLRCONA                                                      (abs)        000403
_SLRCONB                                                      (abs)        00040B
_SLRCONC                                                      (abs)        000413
_SYSTEM_Initialize                                            text1        002A12
_T0CON0                                                       (abs)        00031A
_T0CON0bits                                                   (abs)        00031A
_T0CON1                                                       (abs)        00031B
_T1CLK                                                        (abs)        000321
_T1CON                                                        (abs)        00031E
_T1CONbits                                                    (abs)        00031E
_T1GATE                                                       (abs)        000320
_T1GCON                                                       (abs)        00031F
_T1GCONbits                                                   (abs)        00031F
_T2CLKCON                                                     (abs)        000326
_T2CON                                                        (abs)        000324
_T2CONbits                                                    (abs)        000324
_T2HLT                                                        (abs)        000325
_T2HLTbits                                                    (abs)        000325
_T2PR                                                         (abs)        000323
_T2RST                                                        (abs)        000327
_T2RSTbits                                                    (abs)        000327
_T2TMR                                                        (abs)        000322
_TMR0H                                                        (abs)        000319
_TMR0L                                                        (abs)        000318
_TMR0_CallBack                                                text41       002AFA
_TMR0_DefaultInterruptHandler                                 text42       002D16
_TMR0_ISR                                                     text40       002CFE
_TMR0_Initialize                                              text6        002BA4
_TMR0_InterruptHandler                                        nvCOMRAM     000521
_TMR0_SetInterruptHandler                                     text7        002C86
_TMR1H                                                        (abs)        00031D
_TMR1L                                                        (abs)        00031C
_TMR1_CallBack                                                text38       002ACE
_TMR1_DefaultInterruptHandler                                 text39       002D14
_TMR1_ISR                                                     text36       002C5E
_TMR1_Initialize                                              text4        00298C
_TMR1_InterruptHandler                                        nvCOMRAM     000525
_TMR1_SetInterruptHandler                                     text5        002C7C
_TMR1_WriteTimer                                              text37       002AA0
_TMR2                                                         (abs)        000322
_TMR2_CallBack                                                text34       0028F6
_TMR2_DefaultInterruptHandler                                 text35       002D12
_TMR2_ISR                                                     text33       002B52
_TMR2_Initialize                                              text2        002A44
_TMR2_InterruptHandler                                        nvCOMRAM     000523
_TMR2_SetInterruptHandler                                     text3        002C72
_TRISA                                                        (abs)        0004C6
_TRISB                                                        (abs)        0004C7
_TRISBbits                                                    (abs)        0004C7
_TRISC                                                        (abs)        0004C8
_TRISE                                                        (abs)        0004CA
_WPUA                                                         (abs)        000401
_WPUB                                                         (abs)        000409
_WPUC                                                         (abs)        000411
_WPUE                                                         (abs)        000421
__HRAM                                                        (abs)        000000
__Habs1                                                       abs1         000000
__Hbank10                                                     bank10       000000
__Hbank11                                                     bank11       000000
__Hbank12                                                     bank12       000000
__Hbank13                                                     bank13       000000
__Hbank14                                                     bank14       000000
__Hbank15                                                     bank15       000000
__Hbank16                                                     bank16       000000
__Hbank17                                                     bank17       000000
__Hbank18                                                     bank18       000000
__Hbank19                                                     bank19       000000
__Hbank20                                                     bank20       000000
__Hbank21                                                     bank21       000000
__Hbank22                                                     bank22       000000
__Hbank23                                                     bank23       000000
__Hbank24                                                     bank24       000000
__Hbank25                                                     bank25       000000
__Hbank26                                                     bank26       000000
__Hbank27                                                     bank27       000000
__Hbank28                                                     bank28       000000
__Hbank29                                                     bank29       000000
__Hbank30                                                     bank30       000000
__Hbank31                                                     bank31       000000
__Hbank32                                                     bank32       000000
__Hbank33                                                     bank33       000000
__Hbank34                                                     bank34       000000
__Hbank35                                                     bank35       000000
__Hbank36                                                     bank36       000000
__Hbank37                                                     bank37       000000
__Hbank5                                                      bank5        000000
__Hbank6                                                      bank6        000000
__Hbank7                                                      bank7        000000
__Hbank8                                                      bank8        000000
__Hbank9                                                      bank9        000000
__Hbigbss                                                     bigbss       000000
__Hbigdata                                                    bigdata      000000
__Hbigram                                                     bigram       000000
__Hbss                                                        bss          000000
__HbssCOMRAM                                                  bssCOMRAM    000000
__Hcinit                                                      cinit        000000
__Hclrtext                                                    clrtext      000000
__Hcomram                                                     comram       000000
__Hconfig                                                     config       300024
__Hconst                                                      const        000000
__HcstackCOMRAM                                               cstackCOMRAM 000000
__Hdata                                                       data         000000
__HdataCOMRAM                                                 dataCOMRAM   000000
__Heeprom_data                                                eeprom_data  000000
__Hfarbss                                                     farbss       000000
__Hfardata                                                    fardata      000000
__Hibigdata                                                   ibigdata     000000
__Hidata                                                      idata        000000
__HidataCOMRAM                                                idataCOMRAM  000000
__Hidloc                                                      idloc        200020
__Hifardata                                                   ifardata     000000
__Hinit                                                       init         00001E
__Hintsave_regs                                               intsave_regs 000000
__Hirdata                                                     irdata       000000
__Hivt0x8                                                     ivt0x8       00001A
__Hmediumconst                                                mediumconst  000000
__HnvCOMRAM                                                   nvCOMRAM     000000
__HnvFARRAM                                                   nvFARRAM     000000
__Hnvbit                                                      nvbit        000000
__Hnvrram                                                     nvrram       000000
__Hparam                                                      rparam       000000
__Hpowerup                                                    powerup      000000
__Hram                                                        ram          000000
__Hramtop                                                     ramtop       002600
__Hrbit                                                       rbit         000000
__Hrbss                                                       rbss         000000
__Hrdata                                                      rdata        000000
__Hreset_vec                                                  reset_vec    000004
__Hrparam                                                     rparam       000000
__Hsfr                                                        sfr          000000
__Hsmallconst                                                 smallconst   00260E
__Hspace_0                                                    (abs)        002D1A
__Hspace_1                                                    (abs)        00054C
__Hspace_2                                                    (abs)        000000
__Hspace_4                                                    (abs)        600024
__Hstack                                                      stack        000000
__Hstruct                                                     struct       000000
__Htemp                                                       temp         000000
__Htext                                                       text         000000
__Htext0                                                      text0        000000
__Htext1                                                      text1        000000
__Htext10                                                     text10       000000
__Htext11                                                     text11       000000
__Htext12                                                     text12       000000
__Htext13                                                     text13       000000
__Htext14                                                     text14       000000
__Htext15                                                     text15       000000
__Htext16                                                     text16       000000
__Htext17                                                     text17       000000
__Htext18                                                     text18       000000
__Htext19                                                     text19       000000
__Htext2                                                      text2        000000
__Htext20                                                     text20       000000
__Htext21                                                     text21       000000
__Htext22                                                     text22       000000
__Htext23                                                     text23       000000
__Htext24                                                     text24       000000
__Htext25                                                     text25       000000
__Htext26                                                     text26       000000
__Htext27                                                     text27       000000
__Htext28                                                     text28       000000
__Htext29                                                     text29       000000
__Htext3                                                      text3        000000
__Htext30                                                     text30       000000
__Htext31                                                     text31       000000
__Htext32                                                     text32       000000
__Htext33                                                     text33       000000
__Htext34                                                     text34       000000
__Htext35                                                     text35       000000
__Htext36                                                     text36       000000
__Htext37                                                     text37       000000
__Htext38                                                     text38       000000
__Htext39                                                     text39       000000
__Htext4                                                      text4        000000
__Htext40                                                     text40       000000
__Htext41                                                     text41       000000
__Htext42                                                     text42       000000
__Htext43                                                     text43       000000
__Htext44                                                     text44       000000
__Htext45                                                     text45       000000
__Htext46                                                     text46       000000
__Htext5                                                      text5        000000
__Htext6                                                      text6        000000
__Htext7                                                      text7        000000
__Htext8                                                      text8        000000
__Htext9                                                      text9        000000
__LRAM                                                        (abs)        000001
__Labs1                                                       abs1         000000
__Lbank10                                                     bank10       000000
__Lbank11                                                     bank11       000000
__Lbank12                                                     bank12       000000
__Lbank13                                                     bank13       000000
__Lbank14                                                     bank14       000000
__Lbank15                                                     bank15       000000
__Lbank16                                                     bank16       000000
__Lbank17                                                     bank17       000000
__Lbank18                                                     bank18       000000
__Lbank19                                                     bank19       000000
__Lbank20                                                     bank20       000000
__Lbank21                                                     bank21       000000
__Lbank22                                                     bank22       000000
__Lbank23                                                     bank23       000000
__Lbank24                                                     bank24       000000
__Lbank25                                                     bank25       000000
__Lbank26                                                     bank26       000000
__Lbank27                                                     bank27       000000
__Lbank28                                                     bank28       000000
__Lbank29                                                     bank29       000000
__Lbank30                                                     bank30       000000
__Lbank31                                                     bank31       000000
__Lbank32                                                     bank32       000000
__Lbank33                                                     bank33       000000
__Lbank34                                                     bank34       000000
__Lbank35                                                     bank35       000000
__Lbank36                                                     bank36       000000
__Lbank37                                                     bank37       000000
__Lbank5                                                      bank5        000000
__Lbank6                                                      bank6        000000
__Lbank7                                                      bank7        000000
__Lbank8                                                      bank8        000000
__Lbank9                                                      bank9        000000
__Lbigbss                                                     bigbss       000000
__Lbigdata                                                    bigdata      000000
__Lbigram                                                     bigram       000000
__Lbss                                                        bss          000000
__LbssCOMRAM                                                  bssCOMRAM    000000
__Lcinit                                                      cinit        000000
__Lclrtext                                                    clrtext      000000
__Lcomram                                                     comram       000000
__Lconfig                                                     config       000000
__Lconst                                                      const        000000
__LcstackCOMRAM                                               cstackCOMRAM 000000
__Ldata                                                       data         000000
__LdataCOMRAM                                                 dataCOMRAM   000000
__Leeprom_data                                                eeprom_data  000000
__Lfarbss                                                     farbss       000000
__Lfardata                                                    fardata      000000
__Libigdata                                                   ibigdata     000000
__Lidata                                                      idata        000000
__LidataCOMRAM                                                idataCOMRAM  000000
__Lidloc                                                      idloc        000000
__Lifardata                                                   ifardata     000000
__Linit                                                       init         00001A
__Lintsave_regs                                               intsave_regs 000000
__Lirdata                                                     irdata       000000
__Livt0x8                                                     ivt0x8       000008
__Lmediumconst                                                mediumconst  000000
__LnvCOMRAM                                                   nvCOMRAM     000000
__LnvFARRAM                                                   nvFARRAM     000000
__Lnvbit                                                      nvbit        000000
__Lnvrram                                                     nvrram       000000
__Lparam                                                      rparam       000000
__Lpowerup                                                    powerup      000000
__Lram                                                        ram          000000
__Lramtop                                                     ramtop       002600
__Lrbit                                                       rbit         000000
__Lrbss                                                       rbss         000000
__Lrdata                                                      rdata        000000
__Lreset_vec                                                  reset_vec    000000
__Lrparam                                                     rparam       000000
__Lsfr                                                        sfr          000000
__Lsmallconst                                                 smallconst   002600
__Lspace_0                                                    (abs)        000000
__Lspace_1                                                    (abs)        000000
__Lspace_2                                                    (abs)        000000
__Lspace_4                                                    (abs)        000000
__Lstack                                                      stack        000000
__Lstruct                                                     struct       000000
__Ltemp                                                       temp         000000
__Ltext                                                       text         000000
__Ltext0                                                      text0        000000
__Ltext1                                                      text1        000000
__Ltext10                                                     text10       000000
__Ltext11                                                     text11       000000
__Ltext12                                                     text12       000000
__Ltext13                                                     text13       000000
__Ltext14                                                     text14       000000
__Ltext15                                                     text15       000000
__Ltext16                                                     text16       000000
__Ltext17                                                     text17       000000
__Ltext18                                                     text18       000000
__Ltext19                                                     text19       000000
__Ltext2                                                      text2        000000
__Ltext20                                                     text20       000000
__Ltext21                                                     text21       000000
__Ltext22                                                     text22       000000
__Ltext23                                                     text23       000000
__Ltext24                                                     text24       000000
__Ltext25                                                     text25       000000
__Ltext26                                                     text26       000000
__Ltext27                                                     text27       000000
__Ltext28                                                     text28       000000
__Ltext29                                                     text29       000000
__Ltext3                                                      text3        000000
__Ltext30                                                     text30       000000
__Ltext31                                                     text31       000000
__Ltext32                                                     text32       000000
__Ltext33                                                     text33       000000
__Ltext34                                                     text34       000000
__Ltext35                                                     text35       000000
__Ltext36                                                     text36       000000
__Ltext37                                                     text37       000000
__Ltext38                                                     text38       000000
__Ltext39                                                     text39       000000
__Ltext4                                                      text4        000000
__Ltext40                                                     text40       000000
__Ltext41                                                     text41       000000
__Ltext42                                                     text42       000000
__Ltext43                                                     text43       000000
__Ltext44                                                     text44       000000
__Ltext45                                                     text45       000000
__Ltext46                                                     text46       000000
__Ltext5                                                      text5        000000
__Ltext6                                                      text6        000000
__Ltext7                                                      text7        000000
__Ltext8                                                      text8        000000
__Ltext9                                                      text9        000000
__S0                                                          (abs)        002D1A
__S1                                                          (abs)        00054C
__S2                                                          (abs)        000000
__S4                                                          (abs)        000000
__S5                                                          (abs)        000000
___inthi_sp                                                   stack        000000
___intlo_sp                                                   stack        000000
___param_bank                                                 (abs)        000000
___rparam_used                                                (abs)        000001
___sp                                                         stack        000000
__accesstop                                                   (abs)        000560
__activetblptr                                                (abs)        000003
__end_of_ADC_Initialize                                       text27       0026BA
__end_of_ADC_SetADIInterruptHandler                           text30       002CFE
__end_of_ADC_SetActiveClockTuningInterruptHandler             text29       002CF4
__end_of_ADC_SetContext1ThresholdInterruptHandler             text28       002CEA
__end_of_CAN1_BitRateConfiguration                            text26       002C5E
__end_of_CAN1_Initialize                                      text22       00298C
__end_of_CAN1_OperationModeGet                                text25       002CE0
__end_of_CAN1_OperationModeSet                                text24       0028F6
__end_of_CAN1_TX_FIFO_Configuration                           text23       002C4A
__end_of_DELAY_milliseconds                                   text31       002AA0
__end_of_DLC_BYTES                                            smallconst   00260A
__end_of_EXT_INT_Initialize                                   text20       002C36
__end_of_FIFO                                                 smallconst   00260C
__end_of_INT0_CallBack                                        text44       002B52
__end_of_INT0_DefaultInterruptHandler                         text45       002D1A
__end_of_INT0_ISR                                             text43       002D0E
__end_of_INT0_SetInterruptHandler                             text21       002CD6
__end_of_INTERRUPT_Initialize                                 text19       002D12
__end_of_INTERRUPT_InterruptManager                           text32       00274C
__end_of_OSCILLATOR_Initialize                                text18       002C22
__end_of_PIN_MANAGER_Initialize                               text17       0027C2
__end_of_PMD_Initialize                                       text16       002BA4
__end_of_PWM1_16BIT_Initialize                                text12       00289E
__end_of_PWM1_16BIT_Period_SetInterruptHandler                text15       002CCC
__end_of_PWM1_16BIT_Slice1Output1_SetInterruptHandler         text14       002CC2
__end_of_PWM1_16BIT_Slice1Output2_SetInterruptHandler         text13       002CB8
__end_of_PWM2_16BIT_Initialize                                text8        002830
__end_of_PWM2_16BIT_Period_SetInterruptHandler                text11       002CAE
__end_of_PWM2_16BIT_Slice1Output1_SetInterruptHandler         text10       002CA4
__end_of_PWM2_16BIT_Slice1Output2_SetInterruptHandler         text9        002C9A
__end_of_SYSTEM_Initialize                                    text1        002A44
__end_of_TMR0_CallBack                                        text41       002B26
__end_of_TMR0_DefaultInterruptHandler                         text42       002D18
__end_of_TMR0_ISR                                             text40       002D06
__end_of_TMR0_Initialize                                      text6        002BCA
__end_of_TMR0_SetInterruptHandler                             text7        002C90
__end_of_TMR1_CallBack                                        text38       002AFA
__end_of_TMR1_DefaultInterruptHandler                         text39       002D16
__end_of_TMR1_ISR                                             text36       002C72
__end_of_TMR1_Initialize                                      text4        0029D2
__end_of_TMR1_SetInterruptHandler                             text5        002C86
__end_of_TMR1_WriteTimer                                      text37       002ACE
__end_of_TMR2_CallBack                                        text34       002944
__end_of_TMR2_DefaultInterruptHandler                         text35       002D14
__end_of_TMR2_ISR                                             text33       002B7C
__end_of_TMR2_Initialize                                      text2        002A72
__end_of_TMR2_SetInterruptHandler                             text3        002C7C
__end_of__initialization                                      cinit        002A0C
__end_of_main                                                 text0        002C0A
__initialization                                              cinit        0029D2
__mediumconst                                                 mediumconst  000000
__pbssCOMRAM                                                  bssCOMRAM    000537
__pcinit                                                      cinit        0029D2
__pcstackCOMRAM                                               cstackCOMRAM 000546
__pdataCOMRAM                                                 dataCOMRAM   000501
__pidataCOMRAM                                                idataCOMRAM  002BCA
__pivt0x8                                                     ivt0x8       000008
__pnvCOMRAM                                                   nvCOMRAM     000521
__psmallconst                                                 smallconst   002600
__ptext0                                                      text0        002BEA
__ptext1                                                      text1        002A12
__ptext10                                                     text10       002C9A
__ptext11                                                     text11       002CA4
__ptext12                                                     text12       002830
__ptext13                                                     text13       002CAE
__ptext14                                                     text14       002CB8
__ptext15                                                     text15       002CC2
__ptext16                                                     text16       002B7C
__ptext17                                                     text17       00274C
__ptext18                                                     text18       002C0A
__ptext19                                                     text19       002D0E
__ptext2                                                      text2        002A44
__ptext20                                                     text20       002C22
__ptext21                                                     text21       002CCC
__ptext22                                                     text22       002944
__ptext23                                                     text23       002C36
__ptext24                                                     text24       00289E
__ptext25                                                     text25       002CD6
__ptext26                                                     text26       002C4A
__ptext27                                                     text27       00260E
__ptext28                                                     text28       002CE0
__ptext29                                                     text29       002CEA
__ptext3                                                      text3        002C72
__ptext30                                                     text30       002CF4
__ptext31                                                     text31       002A72
__ptext32                                                     text32       0026BA
__ptext33                                                     text33       002B52
__ptext34                                                     text34       0028F6
__ptext35                                                     text35       002D12
__ptext36                                                     text36       002C5E
__ptext37                                                     text37       002AA0
__ptext38                                                     text38       002ACE
__ptext39                                                     text39       002D14
__ptext4                                                      text4        00298C
__ptext40                                                     text40       002CFE
__ptext41                                                     text41       002AFA
__ptext42                                                     text42       002D16
__ptext43                                                     text43       002D06
__ptext44                                                     text44       002B26
__ptext45                                                     text45       002D18
__ptext46                                                     text46       000000
__ptext5                                                      text5        002C7C
__ptext6                                                      text6        002BA4
__ptext7                                                      text7        002C86
__ptext8                                                      text8        0027C2
__ptext9                                                      text9        002C90
__ramtop                                                      ramtop       002600
__size_of_ADC_Initialize                                      (abs)        000000
__size_of_ADC_SetADIInterruptHandler                          (abs)        000000
__size_of_ADC_SetActiveClockTuningInterruptHandler            (abs)        000000
__size_of_ADC_SetContext1ThresholdInterruptHandler            (abs)        000000
__size_of_CAN1_BitRateConfiguration                           (abs)        000000
__size_of_CAN1_Initialize                                     (abs)        000000
__size_of_CAN1_OperationModeGet                               (abs)        000000
__size_of_CAN1_OperationModeSet                               (abs)        000000
__size_of_CAN1_TX_FIFO_Configuration                          (abs)        000000
__size_of_DELAY_milliseconds                                  (abs)        000000
__size_of_EXT_INT_Initialize                                  (abs)        000000
__size_of_INT0_CallBack                                       (abs)        000000
__size_of_INT0_DefaultInterruptHandler                        (abs)        000000
__size_of_INT0_ISR                                            (abs)        000000
__size_of_INT0_SetInterruptHandler                            (abs)        000000
__size_of_INTERRUPT_Initialize                                (abs)        000000
__size_of_INTERRUPT_InterruptManager                          (abs)        000000
__size_of_OSCILLATOR_Initialize                               (abs)        000000
__size_of_PIN_MANAGER_Initialize                              (abs)        000000
__size_of_PMD_Initialize                                      (abs)        000000
__size_of_PWM1_16BIT_Initialize                               (abs)        000000
__size_of_PWM1_16BIT_Period_SetInterruptHandler               (abs)        000000
__size_of_PWM1_16BIT_Slice1Output1_SetInterruptHandler        (abs)        000000
__size_of_PWM1_16BIT_Slice1Output2_SetInterruptHandler        (abs)        000000
__size_of_PWM2_16BIT_Initialize                               (abs)        000000
__size_of_PWM2_16BIT_Period_SetInterruptHandler               (abs)        000000
__size_of_PWM2_16BIT_Slice1Output1_SetInterruptHandler        (abs)        000000
__size_of_PWM2_16BIT_Slice1Output2_SetInterruptHandler        (abs)        000000
__size_of_SYSTEM_Initialize                                   (abs)        000000
__size_of_TMR0_CallBack                                       (abs)        000000
__size_of_TMR0_DefaultInterruptHandler                        (abs)        000000
__size_of_TMR0_ISR                                            (abs)        000000
__size_of_TMR0_Initialize                                     (abs)        000000
__size_of_TMR0_SetInterruptHandler                            (abs)        000000
__size_of_TMR1_CallBack                                       (abs)        000000
__size_of_TMR1_DefaultInterruptHandler                        (abs)        000000
__size_of_TMR1_ISR                                            (abs)        000000
__size_of_TMR1_Initialize                                     (abs)        000000
__size_of_TMR1_SetInterruptHandler                            (abs)        000000
__size_of_TMR1_WriteTimer                                     (abs)        000000
__size_of_TMR2_CallBack                                       (abs)        000000
__size_of_TMR2_DefaultInterruptHandler                        (abs)        000000
__size_of_TMR2_ISR                                            (abs)        000000
__size_of_TMR2_Initialize                                     (abs)        000000
__size_of_TMR2_SetInterruptHandler                            (abs)        000000
__size_of_main                                                (abs)        000000
__smallconst                                                  smallconst   002600
_main                                                         text0        002BEA
_msg                                                          bssCOMRAM    00053F
_timer1ReloadVal                                              nvCOMRAM     000527
end_of_initialization                                         cinit        002A0C
intlevel0                                                     text         000000
intlevel1                                                     text         000000
intlevel2                                                     text         000000
intlevel3                                                     text         000000
isa$std                                                       (abs)        000001
isa$xinst                                                     (abs)        000000
ivt0x8_base                                                   ivt0x8       000008
stackhi                                                       (abs)        0025FF
stacklo                                                       (abs)        000560
start                                                         init         00001A
start_initialization                                          cinit        0029D2


MODULE INFORMATION

Module		Function		Class		Link	Load	Size
mcc_generated_files/can1.c
		_CAN1_BitRateConfiguration		CODE           	2C4A	0000	20
		_CAN1_TX_FIFO_Configuration		CODE           	2C36	0000	20
		_CAN1_OperationModeGet		CODE           	2CD6	0000	10
		_CAN1_Initialize		CODE           	2944	0000	72
		_CAN1_OperationModeSet		CODE           	289E	0000	88

mcc_generated_files/can1.c estimated size: 210

mcc_generated_files/pwm2_16bit.c
		_PWM2_16BIT_Period_SetInterruptHandler		CODE           	2CA4	0000	10
		_PWM2_16BIT_Slice1Output1_SetInterruptHandler		CODE           	2C9A	0000	10
		_PWM2_16BIT_Slice1Output2_SetInterruptHandler		CODE           	2C90	0000	10
		_PWM2_16BIT_Initialize		CODE           	27C2	0000	110

mcc_generated_files/pwm2_16bit.c estimated size: 140

mcc_generated_files/tmr2.c
		_TMR2_ISR      		CODE           	2B52	0000	42
		_TMR2_Initialize		CODE           	2A44	0000	46
		_TMR2_SetInterruptHandler		CODE           	2C72	0000	10
		_TMR2_DefaultInterruptHandler		CODE           	2D12	0000	2
		_TMR2_CallBack 		CODE           	28F6	0000	78

mcc_generated_files/tmr2.c estimated size: 178

mcc_generated_files/interrupt_manager.c
		_INTERRUPT_Initialize		CODE           	2D0E	0000	4
		_INTERRUPT_InterruptManager		CODE           	26BA	0000	146

mcc_generated_files/interrupt_manager.c estimated size: 150

mcc_generated_files/tmr0.c
		_TMR0_SetInterruptHandler		CODE           	2C86	0000	10
		_TMR0_DefaultInterruptHandler		CODE           	2D16	0000	2
		_TMR0_CallBack 		CODE           	2AFA	0000	44
		_TMR0_ISR      		CODE           	2CFE	0000	8
		_TMR0_Initialize		CODE           	2BA4	0000	38

mcc_generated_files/tmr0.c estimated size: 102

mcc_generated_files/pin_manager.c
		_PIN_MANAGER_Initialize		CODE           	274C	0000	118

mcc_generated_files/pin_manager.c estimated size: 118

mcc_generated_files/adc.c
		_ADC_Initialize		CODE           	260E	0000	172
		_ADC_SetActiveClockTuningInterruptHandler		CODE           	2CEA	0000	10
		_ADC_SetADIInterruptHandler		CODE           	2CF4	0000	10
		_ADC_SetContext1ThresholdInterruptHandler		CODE           	2CE0	0000	10

mcc_generated_files/adc.c estimated size: 202

mcc_generated_files/ext_int.c
		_INT0_SetInterruptHandler		CODE           	2CCC	0000	10
		_EXT_INT_Initialize		CODE           	2C22	0000	20
		_INT0_DefaultInterruptHandler		CODE           	2D18	0000	2
		_INT0_CallBack 		CODE           	2B26	0000	44
		_INT0_ISR      		CODE           	2D06	0000	8

mcc_generated_files/ext_int.c estimated size: 84

mcc_generated_files/pwm1_16bit.c
		_PWM1_16BIT_Period_SetInterruptHandler		CODE           	2CC2	0000	10
		_PWM1_16BIT_Slice1Output1_SetInterruptHandler		CODE           	2CB8	0000	10
		_PWM1_16BIT_Slice1Output2_SetInterruptHandler		CODE           	2CAE	0000	10
		_PWM1_16BIT_Initialize		CODE           	2830	0000	110

mcc_generated_files/pwm1_16bit.c estimated size: 140

shared
		_FIFO          		SMALLCONST     	0000	0000	0
		_DLC_BYTES     		SMALLCONST     	2601	0000	9
		__initialization		CODE           	29D2	0000	58

shared estimated size: 67

mcc_generated_files/mcc.c
		_PMD_Initialize		CODE           	2B7C	0000	40
		_OSCILLATOR_Initialize		CODE           	2C0A	0000	24
		_SYSTEM_Initialize		CODE           	2A12	0000	50

mcc_generated_files/mcc.c estimated size: 114

mcc_generated_files/tmr1.c
		_TMR1_Initialize		CODE           	298C	0000	70
		_TMR1_SetInterruptHandler		CODE           	2C7C	0000	10
		_TMR1_DefaultInterruptHandler		CODE           	2D14	0000	2
		_TMR1_CallBack 		CODE           	2ACE	0000	44
		_TMR1_WriteTimer		CODE           	2AA0	0000	46
		_TMR1_ISR      		CODE           	2C5E	0000	20

mcc_generated_files/tmr1.c estimated size: 192

mcc_generated_files/delay.c
		_DELAY_milliseconds		CODE           	2A72	0000	46

mcc_generated_files/delay.c estimated size: 46

main.c
		_main          		CODE           	2BEA	0000	32

main.c estimated size: 32

