Microchip MPLAB XC8 Compiler V2.32

Linker command line:

-W-3 --edf=C:\Program Files\Microchip\xc8\v2.32\pic\dat\en_msgs.txt \
  -pivt0x8=08h -cn -h+dist/default/production\ASB.X.production.sym \
  --cmf=dist/default/production\ASB.X.production.cmf -z -Q18F26Q84 \
  -oC:\Users\DAVIDJ\AppData\Local\Temp\xcAs9a8.4 --defsym=__MPLAB_BUILD=1 \
  -Mdist/default/production/ASB.X.production.map -E1 -ver=XC8 Compiler \
  --acfsm=1493 -ASTACK=061Ch-025FFh -pstack=STACK -ACODE=00h-0FFFFh \
  -ACONST=00h-0FFFFh -ASMALLCONST=02600h-026FFhx218 \
  -AMEDIUMCONST=02600h-0FFFFh -ACOMRAM=0501h-055Fh -AABS1=0500h-025FFh \
  -ABIGRAM=0501h-025FFh -ARAM=0560h-05FFh,0600h-06FFhx32 \
  -ABANK5=0560h-05FFh -ABANK6=0600h-06FFh -ABANK7=0700h-07FFh \
  -ABANK8=0800h-08FFh -ABANK9=0900h-09FFh -ABANK10=0A00h-0AFFh \
  -ABANK11=0B00h-0BFFh -ABANK12=0C00h-0CFFh -ABANK13=0D00h-0DFFh \
  -ABANK14=0E00h-0EFFh -ABANK15=0F00h-0FFFh -ABANK16=01000h-010FFh \
  -ABANK17=01100h-011FFh -ABANK18=01200h-012FFh -ABANK19=01300h-013FFh \
  -ABANK20=01400h-014FFh -ABANK21=01500h-015FFh -ABANK22=01600h-016FFh \
  -ABANK23=01700h-017FFh -ABANK24=01800h-018FFh -ABANK25=01900h-019FFh \
  -ABANK26=01A00h-01AFFh -ABANK27=01B00h-01BFFh -ABANK28=01C00h-01CFFh \
  -ABANK29=01D00h-01DFFh -ABANK30=01E00h-01EFFh -ABANK31=01F00h-01FFFh \
  -ABANK32=02000h-020FFh -ABANK33=02100h-021FFh -ABANK34=02200h-022FFh \
  -ABANK35=02300h-023FFh -ABANK36=02400h-024FFh -ABANK37=02500h-025FFh \
  -ASFR=00h-0FFhx4,0400h-045Fh,0460h-04FFh -ACONFIG=0300000h-0300023h \
  -AIDLOC=0200000h-020001Fh -AEEDATA=0380000h-03803FFh -peeprom_data=EEDATA \
  -preset_vec=00h -ppowerup=CODE,init -pramtop=02600h \
  -psmallconst=SMALLCONST -pmediumconst=MEDIUMCONST -pconst=CONST \
  -AFARRAM=00h-00h \
  -prdata=COMRAM,nvrram=COMRAM,nvbit=COMRAM,rbss=COMRAM,rbit=COMRAM \
  -pfarbss=FARRAM,fardata=FARRAM,nvFARRAM=FARRAM \
  -pintsave_regs=BIGRAM,bigbss=BIGRAM,bigdata=BIGRAM -pbss=RAM \
  -pidata=CODE,irdata=CODE,ibigdata=CODE,ifardata=CODE -prparam=COMRAM \
  C:\Users\DAVIDJ\AppData\Local\Temp\xcAs9a8.o \
  dist/default/production\ASB.X.production.o 

Object code version is 3.11

Machine type is 18F26Q84



                Name                               Link     Load   Length Selector   Space Scale
C:\Users\DAVIDJ\AppData\Local\Temp\xcAs9a8.o
                idloc                            200000   200000       20        0       5
                config                           300000   300000       24        0       4
                init                                 1A       1A        4        4       0
                reset_vec                             0        0        4        0       0
dist/default/production\ASB.X.production.o
                idloc                            200000   200000       20        0       5
                config                           300000   300000       24        0       4
                smallconst                         2600     2600        E     1300       0
                ivt0x8                                8        8       12        4       0
                text98                             4FC6     4FC6        2     1307       0
                text97                             4FC4     4FC4        2     1307       0
                text96                             4FC2     4FC2        2     1307       0
                text95                             4FC0     4FC0        2     1307       0
                text94                             4FBE     4FBE        2     1307       0
                text93                             4FBC     4FBC        2     1307       0
                text92                             4FBA     4FBA        2     1307       0
                text91                             3F2E     3F2E      156     1307       0
                text90                             4F96     4F96        6     1307       0
                text89                             4B60     4B60       32     1307       0
                text88                             4F7C     4F7C        A     1307       0
                text87                             33DE     33DE      39A     1307       0
                text86                             2F90     2F90      44E     1307       0
                text85                             2AD0     2AD0      4C0     1307       0
                text84                             429A     429A      106     1307       0
                text83                             3D7A     3D7A      1B4     1307       0
                text82                             399E     399E      224     1307       0
                text81                             4B2E     4B2E       32     1307       0
                text80                             4FB8     4FB8        2     1307       0
                text79                             4AFC     4AFC       32     1307       0
                text78                             4F8E     4F8E        8     1307       0
                text77                             4FB6     4FB6        2     1307       0
                text76                             4CA8     4CA8       2E     1307       0
                text75                             4F86     4F86        8     1307       0
                text74                             4FB4     4FB4        2     1307       0
                text73                             4C7A     4C7A       2E     1307       0
                text72                             4C4C     4C4C       2E     1307       0
                text71                             4E2A     4E2A       14     1307       0
                text70                             4FB2     4FB2        2     1307       0
                text69                             4C1E     4C1E       2E     1307       0
                text68                             4BF0     4BF0       2E     1307       0
                text67                             4558     4558       B6     1307       0
                text66                             4A96     4A96       34     1307       0
                text65                             4FAC     4FAC        4     1307       0
                text64                             4E68     4E68        E     1307       0
                text63                             4E5A     4E5A        E     1307       0
                text62                             4084     4084      10E     1307       0
                text61                             260E     260E      4C2     1307       0
                text60                             4192     4192      108     1307       0
                text59                             4720     4720       76     1307       0
                text58                             4CD6     4CD6       2C     1307       0
                text57                             3BC2     3BC2      1B8     1307       0
                text56                             447C     447C       DC     1307       0
                text55                             4FA8     4FA8        4     1307       0
                text54                             4FA4     4FA4        4     1307       0
                text53                             494C     494C       5C     1307       0
                text52                             4E76     4E76        C     1307       0
                text51                             4D9E     4D9E       1E     1307       0
                text50                             4FA0     4FA0        4     1307       0
                text49                             4E4C     4E4C        E     1307       0
                text48                             4E3E     4E3E        E     1307       0
                text47                             43A0     43A0       DC     1307       0
                text46                             4DD4     4DD4       18     1307       0
                text45                             4F72     4F72        A     1307       0
                text44                             4F68     4F68        A     1307       0
                text43                             4F5E     4F5E        A     1307       0
                text42                             4F54     4F54        A     1307       0
                text41                             4F4A     4F4A        A     1307       0
                text40                             4F40     4F40        A     1307       0
                text39                             3778     3778      226     1307       0
                text38                             4E16     4E16       14     1307       0
                text37                             4F36     4F36        A     1307       0
                text36                             4F2C     4F2C        A     1307       0
                text35                             4F22     4F22        A     1307       0
                text34                             4F18     4F18        A     1307       0
                text33                             4F0E     4F0E        A     1307       0
                text32                             4F04     4F04        A     1307       0
                text31                             4EFA     4EFA        A     1307       0
                text30                             46A6     46A6       7A     1307       0
                text29                             4EF0     4EF0        A     1307       0
                text28                             460E     460E       98     1307       0
                text27                             4EE6     4EE6        A     1307       0
                text26                             4D02     4D02       2A     1307       0
                text25                             4D7C     4D7C       22     1307       0
                text24                             4BC2     4BC2       2E     1307       0
                text23                             4E02     4E02       14     1307       0
                text22                             48F0     48F0       5C     1307       0
                text21                             4EDC     4EDC        A     1307       0
                text20                             4DEC     4DEC       16     1307       0
                text19                             4F9C     4F9C        4     1307       0
                text18                             4DBC     4DBC       18     1307       0
                text17                             487E     487E       72     1307       0
                text16                             4D54     4D54       28     1307       0
                text15                             4ED2     4ED2        A     1307       0
                text14                             4EC8     4EC8        A     1307       0
                text13                             4EBE     4EBE        A     1307       0
                text12                             480A     480A       74     1307       0
                text11                             4EB4     4EB4        A     1307       0
                text10                             4EAA     4EAA        A     1307       0
                text9                              4EA0     4EA0        A     1307       0
                text8                              4796     4796       74     1307       0
                text7                              4E96     4E96        A     1307       0
                text6                              4D2C     4D2C       28     1307       0
                text5                              4E8C     4E8C        A     1307       0
                text4                              4A4E     4A4E       48     1307       0
                text3                              4E82     4E82        A     1307       0
                text2                              4B92     4B92       30     1307       0
                text1                              4ACA     4ACA       32     1307       0
                text0                              49FC     49FC       52     1307       0
                cstackCOMRAM                        501      501       49      501       1
                cstackBANK5                         5AB      5AB       43      560       1
                bssBANK6                            600      600       10      600       1
                dataBANK5                           5FE      5FE        2      560       1
                bssBANK5                            560      560       4B      560       1
                bssCOMRAM                           54A      54A       16      501       1
                cinit                              49A8     49A8       54     1307       0
                nvBANK6                             610      610        C      600       1
                nvBANK5                             5EE      5EE       10      560       1
                idataBANK5                         4FB0     4FB0        2     1307       0

TOTAL           Name                               Link     Load   Length     Space
        CLASS   STACK          

        CLASS   CODE           
                init                                 1A       1A        4         0
                reset_vec                             0        0        4         0
                ivt0x8                                8        8       12         0
                text98                             4FC6     4FC6        2         0
                text97                             4FC4     4FC4        2         0
                text96                             4FC2     4FC2        2         0
                text95                             4FC0     4FC0        2         0
                text94                             4FBE     4FBE        2         0
                text93                             4FBC     4FBC        2         0
                text92                             4FBA     4FBA        2         0
                text91                             3F2E     3F2E      156         0
                text90                             4F96     4F96        6         0
                text89                             4B60     4B60       32         0
                text88                             4F7C     4F7C        A         0
                text87                             33DE     33DE      39A         0
                text86                             2F90     2F90      44E         0
                text85                             2AD0     2AD0      4C0         0
                text84                             429A     429A      106         0
                text83                             3D7A     3D7A      1B4         0
                text82                             399E     399E      224         0
                text81                             4B2E     4B2E       32         0
                text80                             4FB8     4FB8        2         0
                text79                             4AFC     4AFC       32         0
                text78                             4F8E     4F8E        8         0
                text77                             4FB6     4FB6        2         0
                text76                             4CA8     4CA8       2E         0
                text75                             4F86     4F86        8         0
                text74                             4FB4     4FB4        2         0
                text73                             4C7A     4C7A       2E         0
                text72                             4C4C     4C4C       2E         0
                text71                             4E2A     4E2A       14         0
                text70                             4FB2     4FB2        2         0
                text69                             4C1E     4C1E       2E         0
                text68                             4BF0     4BF0       2E         0
                text67                             4558     4558       B6         0
                text66                             4A96     4A96       34         0
                text65                             4FAC     4FAC        4         0
                text64                             4E68     4E68        E         0
                text63                             4E5A     4E5A        E         0
                text62                             4084     4084      10E         0
                text61                             260E     260E      4C2         0
                text60                             4192     4192      108         0
                text59                             4720     4720       76         0
                text58                             4CD6     4CD6       2C         0
                text57                             3BC2     3BC2      1B8         0
                text56                             447C     447C       DC         0
                text55                             4FA8     4FA8        4         0
                text54                             4FA4     4FA4        4         0
                text53                             494C     494C       5C         0
                text52                             4E76     4E76        C         0
                text51                             4D9E     4D9E       1E         0
                text50                             4FA0     4FA0        4         0
                text49                             4E4C     4E4C        E         0
                text48                             4E3E     4E3E        E         0
                text47                             43A0     43A0       DC         0
                text46                             4DD4     4DD4       18         0
                text45                             4F72     4F72        A         0
                text44                             4F68     4F68        A         0
                text43                             4F5E     4F5E        A         0
                text42                             4F54     4F54        A         0
                text41                             4F4A     4F4A        A         0
                text40                             4F40     4F40        A         0
                text39                             3778     3778      226         0
                text38                             4E16     4E16       14         0
                text37                             4F36     4F36        A         0
                text36                             4F2C     4F2C        A         0
                text35                             4F22     4F22        A         0
                text34                             4F18     4F18        A         0
                text33                             4F0E     4F0E        A         0
                text32                             4F04     4F04        A         0
                text31                             4EFA     4EFA        A         0
                text30                             46A6     46A6       7A         0
                text29                             4EF0     4EF0        A         0
                text28                             460E     460E       98         0
                text27                             4EE6     4EE6        A         0
                text26                             4D02     4D02       2A         0
                text25                             4D7C     4D7C       22         0
                text24                             4BC2     4BC2       2E         0
                text23                             4E02     4E02       14         0
                text22                             48F0     48F0       5C         0
                text21                             4EDC     4EDC        A         0
                text20                             4DEC     4DEC       16         0
                text19                             4F9C     4F9C        4         0
                text18                             4DBC     4DBC       18         0
                text17                             487E     487E       72         0
                text16                             4D54     4D54       28         0
                text15                             4ED2     4ED2        A         0
                text14                             4EC8     4EC8        A         0
                text13                             4EBE     4EBE        A         0
                text12                             480A     480A       74         0
                text11                             4EB4     4EB4        A         0
                text10                             4EAA     4EAA        A         0
                text9                              4EA0     4EA0        A         0
                text8                              4796     4796       74         0
                text7                              4E96     4E96        A         0
                text6                              4D2C     4D2C       28         0
                text5                              4E8C     4E8C        A         0
                text4                              4A4E     4A4E       48         0
                text3                              4E82     4E82        A         0
                text2                              4B92     4B92       30         0
                text1                              4ACA     4ACA       32         0
                text0                              49FC     49FC       52         0
                cinit                              49A8     49A8       54         0
                idataBANK5                         4FB0     4FB0        2         0

        CLASS   CONST          

        CLASS   SMALLCONST     
                smallconst                         2600     2600        E         0

        CLASS   MEDIUMCONST    

        CLASS   COMRAM         
                cstackCOMRAM                        501      501       49         1
                bssCOMRAM                           54A      54A       16         1

        CLASS   ABS1           

        CLASS   BIGRAM         

        CLASS   RAM            

        CLASS   BANK5          
                cstackBANK5                         5AB      5AB       43         1
                dataBANK5                           5FE      5FE        2         1
                bssBANK5                            560      560       4B         1
                nvBANK5                             5EE      5EE       10         1

        CLASS   BANK6          
                bssBANK6                            600      600       10         1
                nvBANK6                             610      610        C         1

        CLASS   BANK7          

        CLASS   BANK8          

        CLASS   BANK9          

        CLASS   BANK10         

        CLASS   BANK11         

        CLASS   BANK12         

        CLASS   BANK13         

        CLASS   BANK14         

        CLASS   BANK15         

        CLASS   BANK16         

        CLASS   BANK17         

        CLASS   BANK18         

        CLASS   BANK19         

        CLASS   BANK20         

        CLASS   BANK21         

        CLASS   BANK22         

        CLASS   BANK23         

        CLASS   BANK24         

        CLASS   BANK25         

        CLASS   BANK26         

        CLASS   BANK27         

        CLASS   BANK28         

        CLASS   BANK29         

        CLASS   BANK30         

        CLASS   BANK31         

        CLASS   BANK32         

        CLASS   BANK33         

        CLASS   BANK34         

        CLASS   BANK35         

        CLASS   BANK36         

        CLASS   BANK37         

        CLASS   SFR            

        CLASS   CONFIG         
                config                           300000   300000       24         4

        CLASS   IDLOC          
                idloc                            200000   200000       20         5

        CLASS   EEDATA         

        CLASS   FARRAM         



SEGMENTS        Name                           Load    Length   Top    Selector   Space  Class

                reset_vec                      000000  000004  000004         0       0  CODE    
                ivt0x8                         000008  000016  00001E         4       0  CODE    
                cstackCOMRAM                   000501  00005F  000560       501       1  COMRAM  
                bssBANK5                       000560  0000A0  000600       560       1  BANK5   
                bssBANK6                       000600  00001C  00061C       600       1  BANK6   
                smallconst                     002600  00000E  00260E      1300       0  SMALLCON
                text61                         00260E  0029BA  004FC8      1307       0  CODE    


UNUSED ADDRESS RANGES

        Name                Unused          Largest block    Delta
        BANK10           000A00-000AFF              100
        BANK11           000B00-000BFF              100
        BANK12           000C00-000CFF              100
        BANK13           000D00-000DFF              100
        BANK14           000E00-000EFF              100
        BANK15           000F00-000FFF              100
        BANK16           001000-0010FF              100
        BANK17           001100-0011FF              100
        BANK18           001200-0012FF              100
        BANK19           001300-0013FF              100
        BANK20           001400-0014FF              100
        BANK21           001500-0015FF              100
        BANK22           001600-0016FF              100
        BANK23           001700-0017FF              100
        BANK24           001800-0018FF              100
        BANK25           001900-0019FF              100
        BANK26           001A00-001AFF              100
        BANK27           001B00-001BFF              100
        BANK28           001C00-001CFF              100
        BANK29           001D00-001DFF              100
        BANK30           001E00-001EFF              100
        BANK31           001F00-001FFF              100
        BANK32           002000-0020FF              100
        BANK33           002100-0021FF              100
        BANK34           002200-0022FF              100
        BANK35           002300-0023FF              100
        BANK36           002400-0024FF              100
        BANK37           002500-0025FF              100
        BANK6            00061C-0006FF               E4
        BANK7            000700-0007FF              100
        BANK8            000800-0008FF              100
        BANK9            000900-0009FF              100
        BIGRAM           00061C-0025FF             1FE4
        CODE             000004-000007                4
                         00001E-0025FF             25E2
                         004FC8-00FFFF             B038
        CONST            000004-000007                4
                         00001E-0025FF             25E2
                         004FC8-00FFFF             B038
        EEDATA           380000-3803FF              400
        MEDIUMCONST      004FC8-00FFFF             B038
        RAM              00061C-0025FF              100
        SFR              000000-0004FF              100
        SMALLCONST       004FC8-00FFFF              100
        STACK            00061C-0025FF             1FE4

                                  Symbol Table

?_ADC_GetSingleConversion                                     cstackCOMRAM 000501
?___aldiv                                                     cstackBANK5  0005AB
?___fladd                                                     cstackBANK5  0005C7
?___fldiv                                                     cstackCOMRAM 00050F
?___flmul                                                     cstackCOMRAM 00050F
?___fltol                                                     cstackBANK5  0005D7
?___lwdiv                                                     cstackBANK5  0005AB
?___wmul                                                      cstackBANK5  0005B2
?___xxtofl                                                    cstackBANK5  0005B9
?i2___fladd                                                   cstackCOMRAM 000528
?i2___fltol                                                   cstackCOMRAM 000538
?i2___xxtofl                                                  cstackCOMRAM 000501
ADC_GetSingleConversion@channel                               cstackCOMRAM 000505
ADC_SelectContext@context                                     cstackCOMRAM 000501
ADC_SetADIInterruptHandler@InterruptHandler                   cstackBANK5  0005AB
ADC_SetActiveClockTuningInterruptHandler@InterruptHandler     cstackBANK5  0005AB
ADC_SetContext1ThresholdInterruptHandler@InterruptHandler     cstackBANK5  0005AB
ADC_SetContext2ThresholdInterruptHandler@InterruptHandler     cstackBANK5  0005AB
ADC_SetContext3ThresholdInterruptHandler@InterruptHandler     cstackBANK5  0005AB
ADC_SetContext4ThresholdInterruptHandler@InterruptHandler     cstackBANK5  0005AB
ANALOG_GetVoltage@ucEntradaAnalogica                          cstackCOMRAM 000544
ANALOG_GetVoltage@ucFlag                                      cstackCOMRAM 000549
ANALOG_GetVoltage@uiValorAnalog                               cstackCOMRAM 000547
ANALOG_GetVoltage@uiValorVoltage                              cstackCOMRAM 000545
CAN1_OperationModeSet@opMode                                  cstackBANK5  0005AB
CAN1_OperationModeSet@requestMode                             cstackBANK5  0005AD
CAN1_OperationModeSet@status                                  cstackBANK5  0005AC
CAN1_RX_FIFO_ResetInfo@index                                  cstackBANK5  0005AB
CAN1_SetBusErrorInterruptHandler@handler                      cstackBANK5  0005AB
CAN1_SetBusWakeUpActivityInterruptHandler@handler             cstackBANK5  0005AB
CAN1_SetFIFO1NotEmptyHandler@handler                          cstackBANK5  0005AB
CAN1_SetInvalidMessageInterruptHandler@handler                cstackBANK5  0005AB
CAN1_SetModeChangeInterruptHandler@handler                    cstackBANK5  0005AB
CAN1_SetRxBufferOverFlowInterruptHandler@handler              cstackBANK5  0005AB
CAN1_SetSystemErrorInterruptHandler@handler                   cstackBANK5  0005AB
CAN1_SetTxAttemptInterruptHandler@handler                     cstackBANK5  0005AB
DELAY_milliseconds@milliseconds                               cstackBANK5  0005AB
EBS_Watchdog@ucWDState                                        cstackBANK5  0005ED
GPIO_PWM1_Control@uiConvertedDC                               cstackBANK5  0005E9
GPIO_PWM1_Control@uiConvertedPeriod                           cstackBANK5  0005E7
GPIO_PWM1_Control@uiDutyCycle                                 cstackBANK5  0005E1
GPIO_PWM1_Control@uiFreq                                      cstackBANK5  0005E3
GPIO_PWM2_Control@uiConvertedDC                               cstackBANK5  0005E9
GPIO_PWM2_Control@uiConvertedPeriod                           cstackBANK5  0005E7
GPIO_PWM2_Control@uiDutyCycle                                 cstackBANK5  0005E1
GPIO_PWM2_Control@uiFreq                                      cstackBANK5  0005E3
INT0_SetInterruptHandler@InterruptHandler                     cstackBANK5  0005AB
IVTBASEH                                                      (abs)        00045E
IVTBASEL                                                      (abs)        00045D
IVTBASEU                                                      (abs)        00045F
PWM1_16BIT_Period_SetInterruptHandler@InterruptHandler        cstackBANK5  0005AB
PWM1_16BIT_SetSlice1Output1DutyCycleRegister@registerValue    cstackBANK5  0005AB
PWM1_16BIT_Slice1Output1_SetInterruptHandler@InterruptHandler cstackBANK5  0005AB
PWM1_16BIT_Slice1Output2_SetInterruptHandler@InterruptHandler cstackBANK5  0005AB
PWM1_16BIT_WritePeriodRegister@periodCount                    cstackBANK5  0005AB
PWM2_16BIT_Period_SetInterruptHandler@InterruptHandler        cstackBANK5  0005AB
PWM2_16BIT_SetSlice1Output1DutyCycleRegister@registerValue    cstackBANK5  0005AB
PWM2_16BIT_Slice1Output1_SetInterruptHandler@InterruptHandler cstackBANK5  0005AB
PWM2_16BIT_Slice1Output2_SetInterruptHandler@InterruptHandler cstackBANK5  0005AB
PWM2_16BIT_WritePeriodRegister@periodCount                    cstackBANK5  0005AB
TMR0_SetInterruptHandler@InterruptHandler                     cstackBANK5  0005AB
TMR1_SetInterruptHandler@InterruptHandler                     cstackBANK5  0005AB
TMR1_WriteTimer@timerVal                                      cstackCOMRAM 000501
TMR2_ISR@CountCallBack                                        bssBANK5     00057A
TMR2_SetInterruptHandler@InterruptHandler                     cstackBANK5  0005AB
_ADACCH                                                       (abs)        0003E4
_ADACCL                                                       (abs)        0003E3
_ADACCU                                                       (abs)        0003E5
_ADACQH                                                       (abs)        0003EF
_ADACQL                                                       (abs)        0003EE
_ADACT                                                        (abs)        0003F9
_ADACTPPS                                                     (abs)        000269
_ADCAP                                                        (abs)        0003F0
_ADCLK                                                        (abs)        0003FA
_ADCNT                                                        (abs)        0003E6
_ADCON0                                                       (abs)        0003F3
_ADCON0bits                                                   (abs)        0003F3
_ADCON1                                                       (abs)        0003F4
_ADCON1bits                                                   (abs)        0003F4
_ADCON2                                                       (abs)        0003F5
_ADCON2bits                                                   (abs)        0003F5
_ADCON3                                                       (abs)        0003F6
_ADCON3bits                                                   (abs)        0003F6
_ADCP                                                         (abs)        0003D8
_ADCPbits                                                     (abs)        0003D8
_ADCSEL1                                                      (abs)        0003FC
_ADCSEL1bits                                                  (abs)        0003FC
_ADCSEL2                                                      (abs)        0003FD
_ADCSEL2bits                                                  (abs)        0003FD
_ADCSEL3                                                      (abs)        0003FE
_ADCSEL3bits                                                  (abs)        0003FE
_ADCSEL4                                                      (abs)        0003FF
_ADCSEL4bits                                                  (abs)        0003FF
_ADCTX                                                        (abs)        0003FB
_ADC_ActiveClockTuning_ISR                                    nvBANK5      0005F0
_ADC_Context1Thereshld_ISR                                    nvBANK5      0005F8
_ADC_Context2Thereshld_ISR                                    nvBANK5      0005F6
_ADC_Context3Thereshld_ISR                                    nvBANK5      0005F4
_ADC_Context4Thereshld_ISR                                    nvBANK5      0005F2
_ADC_ConversionComplete_ISR                                   nvBANK5      0005FA
_ADC_DefaultADI_ISR                                           (abs)        000000
_ADC_DefaultActiveClockTuning_ISR                             (abs)        000000
_ADC_DefaultContext1Threshold_ISR                             (abs)        000000
_ADC_DefaultContext2Threshold_ISR                             (abs)        000000
_ADC_DefaultContext3Threshold_ISR                             (abs)        000000
_ADC_DefaultContext4Threshold_ISR                             (abs)        000000
_ADC_DisableChannelSequencer                                  text90       004F96
_ADC_GetSingleConversion                                      text89       004B60
_ADC_Initialize                                               text39       003778
_ADC_SelectContext                                            text88       004F7C
_ADC_SetADIInterruptHandler                                   text45       004F72
_ADC_SetActiveClockTuningInterruptHandler                     text44       004F68
_ADC_SetContext1ThresholdInterruptHandler                     text43       004F5E
_ADC_SetContext2ThresholdInterruptHandler                     text42       004F54
_ADC_SetContext3ThresholdInterruptHandler                     text41       004F4A
_ADC_SetContext4ThresholdInterruptHandler                     text40       004F40
_ADERRH                                                       (abs)        0003DE
_ADERRL                                                       (abs)        0003DD
_ADFLTRH                                                      (abs)        0003E2
_ADFLTRL                                                      (abs)        0003E1
_ADLTHH                                                       (abs)        0003DA
_ADLTHL                                                       (abs)        0003D9
_ADPCH                                                        (abs)        0003EC
_ADPREH                                                       (abs)        0003F2
_ADPREL                                                       (abs)        0003F1
_ADPREVH                                                      (abs)        0003E9
_ADPREVL                                                      (abs)        0003E8
_ADREF                                                        (abs)        0003F8
_ADRESH                                                       (abs)        0003EB
_ADRESL                                                       (abs)        0003EA
_ADRPT                                                        (abs)        0003E7
_ADSTAT                                                       (abs)        0003F7
_ADSTATbits                                                   (abs)        0003F7
_ADSTPTH                                                      (abs)        0003E0
_ADSTPTL                                                      (abs)        0003DF
_ADUTHH                                                       (abs)        0003DC
_ADUTHL                                                       (abs)        0003DB
_ANALOG_GetVoltage                                            text82       00399E
_ANSELA                                                       (abs)        000400
_ANSELAbits                                                   (abs)        000400
_ANSELB                                                       (abs)        000408
_ANSELC                                                       (abs)        000410
_ANSELCbits                                                   (abs)        000410
_C1CONH                                                       (abs)        000101
_C1CONHbits                                                   (abs)        000101
_C1CONL                                                       (abs)        000100
_C1CONTbits                                                   (abs)        000103
_C1CONU                                                       (abs)        000102
_C1CONUbits                                                   (abs)        000102
_C1FIFOBA                                                     (abs)        00014C
_C1FIFOCON1H                                                  (abs)        00015D
_C1FIFOCON1L                                                  (abs)        00015C
_C1FIFOCON1T                                                  (abs)        00015F
_C1FIFOCON1U                                                  (abs)        00015E
_C1FIFOSTA1Lbits                                              (abs)        000160
_C1FLTCON0H                                                   (abs)        000181
_C1FLTOBJ1H                                                   (abs)        000195
_C1FLTOBJ1L                                                   (abs)        000194
_C1FLTOBJ1T                                                   (abs)        000197
_C1FLTOBJ1U                                                   (abs)        000196
_C1INTH                                                       (abs)        00011D
_C1INTHbits                                                   (abs)        00011D
_C1INTL                                                       (abs)        00011C
_C1INTLbits                                                   (abs)        00011C
_C1INTT                                                       (abs)        00011F
_C1INTTbits                                                   (abs)        00011F
_C1INTU                                                       (abs)        00011E
_C1INTUbits                                                   (abs)        00011E
_C1MASK1H                                                     (abs)        000199
_C1MASK1L                                                     (abs)        000198
_C1MASK1T                                                     (abs)        00019B
_C1MASK1U                                                     (abs)        00019A
_C1NBTCFGH                                                    (abs)        000105
_C1NBTCFGL                                                    (abs)        000104
_C1NBTCFGT                                                    (abs)        000107
_C1NBTCFGU                                                    (abs)        000106
_C1TRECUbits                                                  (abs)        000136
_C1TXQCONH                                                    (abs)        000151
_C1TXQCONL                                                    (abs)        000150
_C1TXQCONT                                                    (abs)        000153
_C1TXQCONU                                                    (abs)        000152
_C1TXQSTALbits                                                (abs)        000154
_CAN1_BitRateConfiguration                                    text38       004E16
_CAN1_BusErrorHandler                                         bssBANK5     000584
_CAN1_BusWakeUpActivityHandler                                bssBANK5     000586
_CAN1_ErrorNotificationInterruptEnable                        text30       0046A6
_CAN1_FIFO1NotEmptyHandler                                    bssBANK5     00058A
_CAN1_ISR                                                     text91       003F2E
_CAN1_Initialize                                              text22       0048F0
_CAN1_InvalidMessageHandler                                   bssBANK5     000588
_CAN1_ModeChangeHandler                                       bssBANK5     000582
_CAN1_OperationModeGet                                        text29       004EF0
_CAN1_OperationModeSet                                        text28       00460E
_CAN1_RX_FIFO_Configuration                                   text26       004D02
_CAN1_RX_FIFO_FilterMaskConfiguration                         text25       004D7C
_CAN1_RX_FIFO_ResetInfo                                       text24       004BC2
_CAN1_RxBufferOverflowHandler                                 bssBANK5     00057C
_CAN1_SetBusErrorInterruptHandler                             text37       004F36
_CAN1_SetBusWakeUpActivityInterruptHandler                    text36       004F2C
_CAN1_SetFIFO1NotEmptyHandler                                 text27       004EE6
_CAN1_SetInvalidMessageInterruptHandler                       text35       004F22
_CAN1_SetModeChangeInterruptHandler                           text34       004F18
_CAN1_SetRxBufferOverFlowInterruptHandler                     text33       004F0E
_CAN1_SetSystemErrorInterruptHandler                          text32       004F04
_CAN1_SetTxAttemptInterruptHandler                            text31       004EFA
_CAN1_SystemErrorHandler                                      bssBANK5     000580
_CAN1_TX_FIFO_Configuration                                   text23       004E02
_CAN1_TxAttemptHandler                                        bssBANK5     00057E
_CANDATAdata                                                  bssBANK6     000600
_CANRXPPS                                                     (abs)        00023D
_DELAY_milliseconds                                           text66       004A96
_DLC_BYTES                                                    smallconst   002601
_DefaultBusErrorHandler                                       text98       004FC6
_DefaultBusWakeUpActivityHandler                              text97       004FC4
_DefaultFIFO1NotEmptyHandler                                  (abs)        000000
_DefaultInvalidMessageHandler                                 text96       004FC2
_DefaultModeChangeHandler                                     text95       004FC0
_DefaultRxBufferOverflowHandler                               text94       004FBE
_DefaultSystemErrorHandler                                    text93       004FBC
_DefaultTxAttemptHandler                                      text92       004FBA
_EBS_Init                                                     text52       004E76
_EBS_Watchdog                                                 text53       00494C
_EXT_INT_Initialize                                           text20       004DEC
_GPIO_BrakePedalAtRest                                        text81       004B2E
_GPIO_Init                                                    text51       004D9E
_GPIO_PWM1_Control                                            text47       0043A0
_GPIO_PWM2_Control                                            text56       00447C
_HDRPRES_max                                                  bssCOMRAM    00054B
_HDRPRES_min                                                  bssCOMRAM    00054C
_INLVLA                                                       (abs)        000404
_INLVLB                                                       (abs)        00040C
_INLVLC                                                       (abs)        000414
_INLVLE                                                       (abs)        000424
_INT0PPS                                                      (abs)        00023E
_INT0_CallBack                                                text79       004AFC
_INT0_DefaultInterruptHandler                                 text80       004FB8
_INT0_ISR                                                     text78       004F8E
_INT0_InterruptHandler                                        nvBANK5      0005FC
_INT0_SetInterruptHandler                                     text21       004EDC
_INTCON0bits                                                  (abs)        0004D6
_INTERRUPT_Initialize                                         text19       004F9C
_INTERRUPT_InterruptManager                                   text67       004558
_LATA                                                         (abs)        0004BE
_LATAbits                                                     (abs)        0004BE
_LATB                                                         (abs)        0004BF
_LATBbits                                                     (abs)        0004BF
_LATC                                                         (abs)        0004C0
_NPRES_max                                                    bssBANK5     000592
_NPRES_min                                                    bssCOMRAM    00054A
_ODCONA                                                       (abs)        000402
_ODCONB                                                       (abs)        00040A
_ODCONC                                                       (abs)        000412
_OSCCON1                                                      (abs)        0000AD
_OSCCON3                                                      (abs)        0000AF
_OSCEN                                                        (abs)        0000B3
_OSCFRQ                                                       (abs)        0000B1
_OSCILLATOR_Initialize                                        text18       004DBC
_OSCTUNE                                                      (abs)        0000B0
_PIE0bits                                                     (abs)        00049E
_PIE1bits                                                     (abs)        00049F
_PIE3bits                                                     (abs)        0004A1
_PIE4bits                                                     (abs)        0004A2
_PIE5bits                                                     (abs)        0004A3
_PIN_MANAGER_Initialize                                       text17       00487E
_PIR0bits                                                     (abs)        0004AE
_PIR1bits                                                     (abs)        0004AF
_PIR2bits                                                     (abs)        0004B0
_PIR3bits                                                     (abs)        0004B1
_PIR4bits                                                     (abs)        0004B2
_PIR5bits                                                     (abs)        0004B3
_PMD0                                                         (abs)        000060
_PMD1                                                         (abs)        000061
_PMD2                                                         (abs)        000062
_PMD3                                                         (abs)        000063
_PMD4                                                         (abs)        000064
_PMD5                                                         (abs)        000065
_PMD6                                                         (abs)        000066
_PMD7                                                         (abs)        000067
_PMD8                                                         (abs)        000068
_PMD_Initialize                                               text16       004D54
_PORTAbits                                                    (abs)        0004CE
_PORTCbits                                                    (abs)        0004D0
_PR2                                                          (abs)        000323
_PWM1CLK                                                      (abs)        000461
_PWM1CON                                                      (abs)        000469
_PWM1CONbits                                                  (abs)        000469
_PWM1CPRE                                                     (abs)        000465
_PWM1ERS                                                      (abs)        000460
_PWM1GIE                                                      (abs)        000468
_PWM1GIEbits                                                  (abs)        000468
_PWM1GIR                                                      (abs)        000467
_PWM1GIRbits                                                  (abs)        000467
_PWM1LDS                                                      (abs)        000462
_PWM1PIPOS                                                    (abs)        000466
_PWM1PRH                                                      (abs)        000464
_PWM1PRL                                                      (abs)        000463
_PWM1S1CFG                                                    (abs)        00046A
_PWM1S1P1H                                                    (abs)        00046C
_PWM1S1P1L                                                    (abs)        00046B
_PWM1S1P2H                                                    (abs)        00046E
_PWM1S1P2L                                                    (abs)        00046D
_PWM1_16BIT_Initialize                                        text12       00480A
_PWM1_16BIT_LoadBufferRegisters                               text50       004FA0
_PWM1_16BIT_Period_DefaultInterruptHandler                    (abs)        000000
_PWM1_16BIT_Period_InterruptHandler                           bssBANK5     00058C
_PWM1_16BIT_Period_SetInterruptHandler                        text15       004ED2
_PWM1_16BIT_SetSlice1Output1DutyCycleRegister                 text49       004E4C
_PWM1_16BIT_Slice1Output1_DefaultInterruptHandler             (abs)        000000
_PWM1_16BIT_Slice1Output1_InterruptHandler                    bssBANK5     000590
_PWM1_16BIT_Slice1Output1_SetInterruptHandler                 text14       004EC8
_PWM1_16BIT_Slice1Output2_DefaultInterruptHandler             (abs)        000000
_PWM1_16BIT_Slice1Output2_InterruptHandler                    bssBANK5     00058E
_PWM1_16BIT_Slice1Output2_SetInterruptHandler                 text13       004EBE
_PWM1_16BIT_WritePeriodRegister                               text48       004E3E
_PWM2CLK                                                      (abs)        000470
_PWM2CON                                                      (abs)        000478
_PWM2CONbits                                                  (abs)        000478
_PWM2CPRE                                                     (abs)        000474
_PWM2ERS                                                      (abs)        00046F
_PWM2GIE                                                      (abs)        000477
_PWM2GIEbits                                                  (abs)        000477
_PWM2GIR                                                      (abs)        000476
_PWM2GIRbits                                                  (abs)        000476
_PWM2LDS                                                      (abs)        000471
_PWM2PIPOS                                                    (abs)        000475
_PWM2PRH                                                      (abs)        000473
_PWM2PRL                                                      (abs)        000472
_PWM2S1CFG                                                    (abs)        000479
_PWM2S1P1H                                                    (abs)        00047B
_PWM2S1P1L                                                    (abs)        00047A
_PWM2S1P2H                                                    (abs)        00047D
_PWM2S1P2L                                                    (abs)        00047C
_PWM2_16BIT_Disable                                           text55       004FA8
_PWM2_16BIT_Enable                                            text54       004FA4
_PWM2_16BIT_Initialize                                        text8        004796
_PWM2_16BIT_LoadBufferRegisters                               text65       004FAC
_PWM2_16BIT_Period_DefaultInterruptHandler                    (abs)        000000
_PWM2_16BIT_Period_InterruptHandler                           nvBANK6      000616
_PWM2_16BIT_Period_SetInterruptHandler                        text11       004EB4
_PWM2_16BIT_SetSlice1Output1DutyCycleRegister                 text64       004E68
_PWM2_16BIT_Slice1Output1_DefaultInterruptHandler             (abs)        000000
_PWM2_16BIT_Slice1Output1_InterruptHandler                    nvBANK6      00061A
_PWM2_16BIT_Slice1Output1_SetInterruptHandler                 text10       004EAA
_PWM2_16BIT_Slice1Output2_DefaultInterruptHandler             (abs)        000000
_PWM2_16BIT_Slice1Output2_InterruptHandler                    nvBANK6      000618
_PWM2_16BIT_Slice1Output2_SetInterruptHandler                 text9        004EA0
_PWM2_16BIT_WritePeriodRegister                               text63       004E5A
_RB4PPS                                                       (abs)        00020D
_RC0PPS                                                       (abs)        000211
_RC1PPS                                                       (abs)        000212
_SERVICEBRAKE_Init                                            text46       004DD4
_SLRCONA                                                      (abs)        000403
_SLRCONB                                                      (abs)        00040B
_SLRCONC                                                      (abs)        000413
_SYSTEM_Initialize                                            text1        004ACA
_T0CON0                                                       (abs)        00031A
_T0CON0bits                                                   (abs)        00031A
_T0CON1                                                       (abs)        00031B
_T1CLK                                                        (abs)        000321
_T1CON                                                        (abs)        00031E
_T1CONbits                                                    (abs)        00031E
_T1GATE                                                       (abs)        000320
_T1GCON                                                       (abs)        00031F
_T1GCONbits                                                   (abs)        00031F
_T2CLKCON                                                     (abs)        000326
_T2CON                                                        (abs)        000324
_T2CONbits                                                    (abs)        000324
_T2HLT                                                        (abs)        000325
_T2HLTbits                                                    (abs)        000325
_T2PR                                                         (abs)        000323
_T2RST                                                        (abs)        000327
_T2RSTbits                                                    (abs)        000327
_T2TMR                                                        (abs)        000322
_TMR0H                                                        (abs)        000319
_TMR0L                                                        (abs)        000318
_TMR0_CallBack                                                text76       004CA8
_TMR0_DefaultInterruptHandler                                 text77       004FB6
_TMR0_ISR                                                     text75       004F86
_TMR0_Initialize                                              text6        004D2C
_TMR0_InterruptHandler                                        nvBANK6      000610
_TMR0_SetInterruptHandler                                     text7        004E96
_TMR1H                                                        (abs)        00031D
_TMR1L                                                        (abs)        00031C
_TMR1_CallBack                                                text73       004C7A
_TMR1_DefaultInterruptHandler                                 text74       004FB4
_TMR1_ISR                                                     text71       004E2A
_TMR1_Initialize                                              text4        004A4E
_TMR1_InterruptHandler                                        nvBANK6      000614
_TMR1_SetInterruptHandler                                     text5        004E8C
_TMR1_WriteTimer                                              text72       004C4C
_TMR2                                                         (abs)        000322
_TMR2_CallBack                                                text69       004C1E
_TMR2_DefaultInterruptHandler                                 text70       004FB2
_TMR2_ISR                                                     text68       004BF0
_TMR2_Initialize                                              text2        004B92
_TMR2_InterruptHandler                                        nvBANK6      000612
_TMR2_SetInterruptHandler                                     text3        004E82
_TRISA                                                        (abs)        0004C6
_TRISAbits                                                    (abs)        0004C6
_TRISB                                                        (abs)        0004C7
_TRISBbits                                                    (abs)        0004C7
_TRISC                                                        (abs)        0004C8
_TRISCbits                                                    (abs)        0004C8
_TRISE                                                        (abs)        0004CA
_WPUA                                                         (abs)        000401
_WPUB                                                         (abs)        000409
_WPUC                                                         (abs)        000411
_WPUE                                                         (abs)        000421
__HRAM                                                        (abs)        000000
__Habs1                                                       abs1         000000
__Hbank10                                                     bank10       000000
__Hbank11                                                     bank11       000000
__Hbank12                                                     bank12       000000
__Hbank13                                                     bank13       000000
__Hbank14                                                     bank14       000000
__Hbank15                                                     bank15       000000
__Hbank16                                                     bank16       000000
__Hbank17                                                     bank17       000000
__Hbank18                                                     bank18       000000
__Hbank19                                                     bank19       000000
__Hbank20                                                     bank20       000000
__Hbank21                                                     bank21       000000
__Hbank22                                                     bank22       000000
__Hbank23                                                     bank23       000000
__Hbank24                                                     bank24       000000
__Hbank25                                                     bank25       000000
__Hbank26                                                     bank26       000000
__Hbank27                                                     bank27       000000
__Hbank28                                                     bank28       000000
__Hbank29                                                     bank29       000000
__Hbank30                                                     bank30       000000
__Hbank31                                                     bank31       000000
__Hbank32                                                     bank32       000000
__Hbank33                                                     bank33       000000
__Hbank34                                                     bank34       000000
__Hbank35                                                     bank35       000000
__Hbank36                                                     bank36       000000
__Hbank37                                                     bank37       000000
__Hbank5                                                      bank5        000000
__Hbank6                                                      bank6        000000
__Hbank7                                                      bank7        000000
__Hbank8                                                      bank8        000000
__Hbank9                                                      bank9        000000
__Hbigbss                                                     bigbss       000000
__Hbigdata                                                    bigdata      000000
__Hbigram                                                     bigram       000000
__Hbss                                                        bss          000000
__HbssBANK5                                                   bssBANK5     000000
__HbssBANK6                                                   bssBANK6     000000
__HbssCOMRAM                                                  bssCOMRAM    000000
__Hcinit                                                      cinit        000000
__Hclrtext                                                    clrtext      000000
__Hcomram                                                     comram       000000
__Hconfig                                                     config       300024
__Hconst                                                      const        000000
__HcstackBANK5                                                cstackBANK5  000000
__HcstackCOMRAM                                               cstackCOMRAM 000000
__Hdata                                                       data         000000
__HdataBANK5                                                  dataBANK5    000000
__Heeprom_data                                                eeprom_data  000000
__Hfarbss                                                     farbss       000000
__Hfardata                                                    fardata      000000
__Hibigdata                                                   ibigdata     000000
__Hidata                                                      idata        000000
__HidataBANK5                                                 idataBANK5   000000
__Hidloc                                                      idloc        200020
__Hifardata                                                   ifardata     000000
__Hinit                                                       init         00001E
__Hintsave_regs                                               intsave_regs 000000
__Hirdata                                                     irdata       000000
__Hivt0x8                                                     ivt0x8       00001A
__Hmediumconst                                                mediumconst  000000
__HnvBANK5                                                    nvBANK5      000000
__HnvBANK6                                                    nvBANK6      000000
__HnvFARRAM                                                   nvFARRAM     000000
__Hnvbit                                                      nvbit        000000
__Hnvrram                                                     nvrram       000000
__Hparam                                                      rparam       000000
__Hpowerup                                                    powerup      000000
__Hram                                                        ram          000000
__Hramtop                                                     ramtop       002600
__Hrbit                                                       rbit         000000
__Hrbss                                                       rbss         000000
__Hrdata                                                      rdata        000000
__Hreset_vec                                                  reset_vec    000004
__Hrparam                                                     rparam       000000
__Hsfr                                                        sfr          000000
__Hsmallconst                                                 smallconst   00260E
__Hspace_0                                                    (abs)        004FC8
__Hspace_1                                                    (abs)        00061C
__Hspace_2                                                    (abs)        000000
__Hspace_4                                                    (abs)        600024
__Hstack                                                      stack        000000
__Hstruct                                                     struct       000000
__Htemp                                                       temp         000000
__Htext                                                       text         000000
__Htext0                                                      text0        000000
__Htext1                                                      text1        000000
__Htext10                                                     text10       000000
__Htext11                                                     text11       000000
__Htext12                                                     text12       000000
__Htext13                                                     text13       000000
__Htext14                                                     text14       000000
__Htext15                                                     text15       000000
__Htext16                                                     text16       000000
__Htext17                                                     text17       000000
__Htext18                                                     text18       000000
__Htext19                                                     text19       000000
__Htext2                                                      text2        000000
__Htext20                                                     text20       000000
__Htext21                                                     text21       000000
__Htext22                                                     text22       000000
__Htext23                                                     text23       000000
__Htext24                                                     text24       000000
__Htext25                                                     text25       000000
__Htext26                                                     text26       000000
__Htext27                                                     text27       000000
__Htext28                                                     text28       000000
__Htext29                                                     text29       000000
__Htext3                                                      text3        000000
__Htext30                                                     text30       000000
__Htext31                                                     text31       000000
__Htext32                                                     text32       000000
__Htext33                                                     text33       000000
__Htext34                                                     text34       000000
__Htext35                                                     text35       000000
__Htext36                                                     text36       000000
__Htext37                                                     text37       000000
__Htext38                                                     text38       000000
__Htext39                                                     text39       000000
__Htext4                                                      text4        000000
__Htext40                                                     text40       000000
__Htext41                                                     text41       000000
__Htext42                                                     text42       000000
__Htext43                                                     text43       000000
__Htext44                                                     text44       000000
__Htext45                                                     text45       000000
__Htext46                                                     text46       000000
__Htext47                                                     text47       000000
__Htext48                                                     text48       000000
__Htext49                                                     text49       000000
__Htext5                                                      text5        000000
__Htext50                                                     text50       000000
__Htext51                                                     text51       000000
__Htext52                                                     text52       000000
__Htext53                                                     text53       000000
__Htext54                                                     text54       000000
__Htext55                                                     text55       000000
__Htext56                                                     text56       000000
__Htext57                                                     text57       000000
__Htext58                                                     text58       000000
__Htext59                                                     text59       000000
__Htext6                                                      text6        000000
__Htext60                                                     text60       000000
__Htext61                                                     text61       000000
__Htext62                                                     text62       000000
__Htext63                                                     text63       000000
__Htext64                                                     text64       000000
__Htext65                                                     text65       000000
__Htext66                                                     text66       000000
__Htext67                                                     text67       000000
__Htext68                                                     text68       000000
__Htext69                                                     text69       000000
__Htext7                                                      text7        000000
__Htext70                                                     text70       000000
__Htext71                                                     text71       000000
__Htext72                                                     text72       000000
__Htext73                                                     text73       000000
__Htext74                                                     text74       000000
__Htext75                                                     text75       000000
__Htext76                                                     text76       000000
__Htext77                                                     text77       000000
__Htext78                                                     text78       000000
__Htext79                                                     text79       000000
__Htext8                                                      text8        000000
__Htext80                                                     text80       000000
__Htext81                                                     text81       000000
__Htext82                                                     text82       000000
__Htext83                                                     text83       000000
__Htext84                                                     text84       000000
__Htext85                                                     text85       000000
__Htext86                                                     text86       000000
__Htext87                                                     text87       000000
__Htext88                                                     text88       000000
__Htext89                                                     text89       000000
__Htext9                                                      text9        000000
__Htext90                                                     text90       000000
__Htext91                                                     text91       000000
__Htext92                                                     text92       000000
__Htext93                                                     text93       000000
__Htext94                                                     text94       000000
__Htext95                                                     text95       000000
__Htext96                                                     text96       000000
__Htext97                                                     text97       000000
__Htext98                                                     text98       000000
__Htext99                                                     text99       000000
__LRAM                                                        (abs)        000001
__Labs1                                                       abs1         000000
__Lbank10                                                     bank10       000000
__Lbank11                                                     bank11       000000
__Lbank12                                                     bank12       000000
__Lbank13                                                     bank13       000000
__Lbank14                                                     bank14       000000
__Lbank15                                                     bank15       000000
__Lbank16                                                     bank16       000000
__Lbank17                                                     bank17       000000
__Lbank18                                                     bank18       000000
__Lbank19                                                     bank19       000000
__Lbank20                                                     bank20       000000
__Lbank21                                                     bank21       000000
__Lbank22                                                     bank22       000000
__Lbank23                                                     bank23       000000
__Lbank24                                                     bank24       000000
__Lbank25                                                     bank25       000000
__Lbank26                                                     bank26       000000
__Lbank27                                                     bank27       000000
__Lbank28                                                     bank28       000000
__Lbank29                                                     bank29       000000
__Lbank30                                                     bank30       000000
__Lbank31                                                     bank31       000000
__Lbank32                                                     bank32       000000
__Lbank33                                                     bank33       000000
__Lbank34                                                     bank34       000000
__Lbank35                                                     bank35       000000
__Lbank36                                                     bank36       000000
__Lbank37                                                     bank37       000000
__Lbank5                                                      bank5        000000
__Lbank6                                                      bank6        000000
__Lbank7                                                      bank7        000000
__Lbank8                                                      bank8        000000
__Lbank9                                                      bank9        000000
__Lbigbss                                                     bigbss       000000
__Lbigdata                                                    bigdata      000000
__Lbigram                                                     bigram       000000
__Lbss                                                        bss          000000
__LbssBANK5                                                   bssBANK5     000000
__LbssBANK6                                                   bssBANK6     000000
[...]
__size_of_DefaultTxAttemptHandler                             (abs)        000000
__size_of_EBS_Init                                            (abs)        000000
__size_of_EBS_Watchdog                                        (abs)        000000
__size_of_EXT_INT_Initialize                                  (abs)        000000
__size_of_GPIO_BrakePedalAtRest                               (abs)        000000
__size_of_GPIO_Init                                           (abs)        000000
__size_of_GPIO_PWM1_Control                                   (abs)        000000
__size_of_GPIO_PWM2_Control                                   (abs)        000000
__size_of_INT0_CallBack                                       (abs)        000000
__size_of_INT0_DefaultInterruptHandler                        (abs)        000000
__size_of_INT0_ISR                                            (abs)        000000
__size_of_INT0_SetInterruptHandler                            (abs)        000000
__size_of_INTERRUPT_Initialize                                (abs)        000000
__size_of_INTERRUPT_InterruptManager                          (abs)        000000
__size_of_OSCILLATOR_Initialize                               (abs)        000000
__size_of_PIN_MANAGER_Initialize                              (abs)        000000
__size_of_PMD_Initialize                                      (abs)        000000
__size_of_PWM1_16BIT_Initialize                               (abs)        000000
__size_of_PWM1_16BIT_LoadBufferRegisters                      (abs)        000000
__size_of_PWM1_16BIT_Period_SetInterruptHandler               (abs)        000000
__size_of_PWM1_16BIT_SetSlice1Output1DutyCycleRegister        (abs)        000000
__size_of_PWM1_16BIT_Slice1Output1_SetInterruptHandler        (abs)        000000
__size_of_PWM1_16BIT_Slice1Output2_SetInterruptHandler        (abs)        000000
__size_of_PWM1_16BIT_WritePeriodRegister                      (abs)        000000
__size_of_PWM2_16BIT_Disable                                  (abs)        000000
__size_of_PWM2_16BIT_Enable                                   (abs)        000000
__size_of_PWM2_16BIT_Initialize                               (abs)        000000
__size_of_PWM2_16BIT_LoadBufferRegisters                      (abs)        000000
__size_of_PWM2_16BIT_Period_SetInterruptHandler               (abs)        000000
__size_of_PWM2_16BIT_SetSlice1Output1DutyCycleRegister        (abs)        000000
__size_of_PWM2_16BIT_Slice1Output1_SetInterruptHandler        (abs)        000000
__size_of_PWM2_16BIT_Slice1Output2_SetInterruptHandler        (abs)        000000
__size_of_PWM2_16BIT_WritePeriodRegister                      (abs)        000000
__size_of_SERVICEBRAKE_Init                                   (abs)        000000
__size_of_SYSTEM_Initialize                                   (abs)        000000
__size_of_TMR0_CallBack                                       (abs)        000000
__size_of_TMR0_DefaultInterruptHandler                        (abs)        000000
__size_of_TMR0_ISR                                            (abs)        000000
__size_of_TMR0_Initialize                                     (abs)        000000
__size_of_TMR0_SetInterruptHandler                            (abs)        000000
__size_of_TMR1_CallBack                                       (abs)        000000
__size_of_TMR1_DefaultInterruptHandler                        (abs)        000000
__size_of_TMR1_ISR                                            (abs)        000000
__size_of_TMR1_Initialize                                     (abs)        000000
__size_of_TMR1_SetInterruptHandler                            (abs)        000000
__size_of_TMR1_WriteTimer                                     (abs)        000000
__size_of_TMR2_CallBack                                       (abs)        000000
__size_of_TMR2_DefaultInterruptHandler                        (abs)        000000
__size_of_TMR2_ISR                                            (abs)        000000
__size_of_TMR2_Initialize                                     (abs)        000000
__size_of_TMR2_SetInterruptHandler                            (abs)        000000
__size_of___aldiv                                             (abs)        000000
__size_of___fladd                                             (abs)        000000
__size_of___fldiv                                             (abs)        000000
__size_of___flmul                                             (abs)        000000
__size_of___fltol                                             (abs)        000000
__size_of___lwdiv                                             (abs)        000000
__size_of___wmul                                              (abs)        000000
__size_of___xxtofl                                            (abs)        000000
__size_of_main                                                (abs)        000000
__size_ofi2___fladd                                           (abs)        000000
__size_ofi2___fltol                                           (abs)        000000
__size_ofi2___xxtofl                                          (abs)        000000
__smallconst                                                  smallconst   002600
_main                                                         text0        0049FC
_msgReceipt                                                   bssBANK5     00059D
_msgTransmit                                                  bssBANK5     0005A4
_rxFifos                                                      dataBANK5    0005FE
_rxMsgData                                                    bssBANK6     000608
_timer1ReloadVal                                              nvBANK5      0005EE
_ucAMI_state                                                  bssCOMRAM    000557
_ucAN1                                                        bssBANK5     000562
_ucAN2                                                        bssBANK5     000560
_ucASBState                                                   bssBANK5     000597
_ucASRequesState                                              bssCOMRAM    00054F
_ucAS_state                                                   bssCOMRAM    000559
_ucBrake_hydr_actual                                          bssBANK5     00059B
_ucBrake_hydr_target                                          bssBANK5     00059A
_ucCones_count_actual                                         bssCOMRAM    000553
_ucDutyServomotor                                             bssCOMRAM    00054E
_ucEBS_state                                                  bssCOMRAM    000558
_ucLEDState                                                   bssCOMRAM    00055F
_ucLap_counter                                                bssCOMRAM    000554
_ucMotor_moment_actual                                        bssBANK5     000599
_ucMotor_moment_target                                        bssBANK5     000598
_ucPICHDRPRES1                                                bssBANK5     00056E
_ucPICHDRPRES1min                                             bssBANK5     000595
_ucPICHDRPRES2                                                bssBANK5     00056C
_ucPICHDRPRES2min                                             bssBANK5     000594
_ucPICNPRES1                                                  bssBANK5     00056A
_ucPICNPRES2                                                  bssBANK5     000568
_ucPICNPRES3                                                  bssBANK5     000566
_ucPICNPRES4                                                  bssBANK5     000564
_ucPedalPos                                                   bssCOMRAM    00054D
_ucService_brake                                              bssCOMRAM    000555
_ucServoLmax                                                  bssBANK5     000593
_ucServoLmin                                                  bssBANK5     000596
_ucSpeed_actual                                               bssCOMRAM    000552
_ucSpeed_target                                               bssCOMRAM    000551
_ucSteering_angle_actual                                      bssCOMRAM    000550
_ucSteering_angle_target                                      bssBANK5     00059C
_ucSteering_state                                             bssCOMRAM    000556
_ucTargetAccelerator                                          bssCOMRAM    00055E
_ucTargetBrake                                                bssCOMRAM    00055C
_ucTargetClutch                                               bssCOMRAM    00055D
_ucTargetDirection                                            bssCOMRAM    00055B
_ucTargetGear                                                 bssCOMRAM    00055A
_uiAcc_lateral                                                bssBANK5     000572
_uiAcc_longitudinal                                           bssBANK5     000574
_uiCones_count_all                                            bssBANK5     000576
_uiIndex                                                      bssBANK5     000578
_uiYaw_rate                                                   bssBANK5     000570
end_of_initialization                                         cinit        0049F6
i2___fladd                                                    text85       002AD0
i2___fladd@a                                                  cstackCOMRAM 00052C
i2___fladd@aexp                                               cstackCOMRAM 000535
i2___fladd@b                                                  cstackCOMRAM 000528
i2___fladd@bexp                                               cstackCOMRAM 000536
i2___fladd@grs                                                cstackCOMRAM 000537
i2___fladd@signs                                              cstackCOMRAM 000534
i2___fltol                                                    text84       00429A
i2___fltol@exp1                                               cstackCOMRAM 000541
i2___fltol@f1                                                 cstackCOMRAM 000538
i2___fltol@sign1                                              cstackCOMRAM 000540
i2___xxtofl                                                   text83       003D7A
i2___xxtofl@arg                                               cstackCOMRAM 00050B
i2___xxtofl@exp                                               cstackCOMRAM 00050A
i2___xxtofl@sign                                              cstackCOMRAM 000509
i2___xxtofl@val                                               cstackCOMRAM 000501
intlevel0                                                     text         000000
intlevel1                                                     text         000000
intlevel2                                                     text         000000
intlevel3                                                     text         000000
isa$std                                                       (abs)        000001
isa$xinst                                                     (abs)        000000
ivt0x8_base                                                   ivt0x8       000008
stackhi                                                       (abs)        0025FF
stacklo                                                       (abs)        00061C
start                                                         init         00001A
start_initialization                                          cinit        0049A8


MODULE INFORMATION

Module		Function		Class		Link	Load	Size
mcc_generated_files/can1.c
		_CAN1_BitRateConfiguration		CODE           	4E16	0000	20
		_CAN1_SetTxAttemptInterruptHandler		CODE           	4EFA	0000	10
		_CAN1_SetInvalidMessageInterruptHandler		CODE           	4F22	0000	10
		_CAN1_TX_FIFO_Configuration		CODE           	4E02	0000	20
		_CAN1_ISR      		CODE           	3F2E	0000	342
		_DefaultBusErrorHandler		CODE           	4FC6	0000	2
		_CAN1_OperationModeGet		CODE           	4EF0	0000	10
		_CAN1_Initialize		CODE           	48F0	0000	92
		_DefaultInvalidMessageHandler		CODE           	4FC2	0000	2
		_CAN1_SetFIFO1NotEmptyHandler		CODE           	4EE6	0000	10
		_DefaultBusWakeUpActivityHandler		CODE           	4FC4	0000	2
		_CAN1_RX_FIFO_FilterMaskConfiguration		CODE           	4D7C	0000	34
		_CAN1_RX_FIFO_Configuration		CODE           	4D02	0000	42
		_CAN1_SetBusErrorInterruptHandler		CODE           	4F36	0000	10
		_CAN1_SetSystemErrorInterruptHandler		CODE           	4F04	0000	10
		_DefaultSystemErrorHandler		CODE           	4FBC	0000	2
		_DefaultRxBufferOverflowHandler		CODE           	4FBE	0000	2
		_CAN1_ErrorNotificationInterruptEnable		CODE           	46A6	0000	122
		_CAN1_SetBusWakeUpActivityInterruptHandler		CODE           	4F2C	0000	10
		_CAN1_SetRxBufferOverFlowInterruptHandler		CODE           	4F0E	0000	10
		_CAN1_RX_FIFO_ResetInfo		CODE           	4BC2	0000	46
		_CAN1_OperationModeSet		CODE           	460E	0000	152
		_CAN1_SetModeChangeInterruptHandler		CODE           	4F18	0000	10
		_DefaultTxAttemptHandler		CODE           	4FBA	0000	2
		_DefaultModeChangeHandler		CODE           	4FC0	0000	2

mcc_generated_files/can1.c estimated size: 974

C:\Program Files\Microchip\xc8\v2.32\pic\sources\c99\common\sprcadd.c
		___fladd       		CODE           	260E	0000	1218

C:\Program Files\Microchip\xc8\v2.32\pic\sources\c99\common\sprcadd.c estimated size: 1218

C:\Program Files\Microchip\xc8\v2.32\pic\sources\c99\common\aldiv.c
		___aldiv       		CODE           	4084	0000	270

C:\Program Files\Microchip\xc8\v2.32\pic\sources\c99\common\aldiv.c estimated size: 270

mcc_generated_files/pwm2_16bit.c
		_PWM2_16BIT_WritePeriodRegister		CODE           	4E5A	0000	14
		_PWM2_16BIT_Disable		CODE           	4FA8	0000	4
		_PWM2_16BIT_Period_SetInterruptHandler		CODE           	4EB4	0000	10
		_PWM2_16BIT_Slice1Output1_SetInterruptHandler		CODE           	4EAA	0000	10
		_PWM2_16BIT_Slice1Output2_SetInterruptHandler		CODE           	4EA0	0000	10
		_PWM2_16BIT_Initialize		CODE           	4796	0000	116
		_PWM2_16BIT_LoadBufferRegisters		CODE           	4FAC	0000	4
		_PWM2_16BIT_SetSlice1Output1DutyCycleRegister		CODE           	4E68	0000	14
		_PWM2_16BIT_Enable		CODE           	4FA4	0000	4

mcc_generated_files/pwm2_16bit.c estimated size: 186

mcc_generated_files/tmr2.c
		_TMR2_ISR      		CODE           	4BF0	0000	46
		_TMR2_Initialize		CODE           	4B92	0000	48
		_TMR2_SetInterruptHandler		CODE           	4E82	0000	10
		_TMR2_DefaultInterruptHandler		CODE           	4FB2	0000	2
		_TMR2_CallBack 		CODE           	4C1E	0000	46

mcc_generated_files/tmr2.c estimated size: 152

mcc_generated_files/interrupt_manager.c
		_INTERRUPT_Initialize		CODE           	4F9C	0000	4
		_INTERRUPT_InterruptManager		CODE           	4558	0000	182

mcc_generated_files/interrupt_manager.c estimated size: 186

mcc_generated_files/tmr0.c
		_TMR0_SetInterruptHandler		CODE           	4E96	0000	10
		_TMR0_DefaultInterruptHandler		CODE           	4FB6	0000	2
		_TMR0_CallBack 		CODE           	4CA8	0000	46
		_TMR0_ISR      		CODE           	4F86	0000	8
		_TMR0_Initialize		CODE           	4D2C	0000	40

mcc_generated_files/tmr0.c estimated size: 106

mcc_generated_files/pin_manager.c
		_PIN_MANAGER_Initialize		CODE           	487E	0000	114

mcc_generated_files/pin_manager.c estimated size: 114

mcc_generated_files/adc.c
		_ADC_SelectContext		CODE           	4F7C	0000	10
		_ADC_Initialize		CODE           	3778	0000	550
		_ADC_DisableChannelSequencer		CODE           	4F96	0000	6
		_ADC_GetSingleConversion		CODE           	4B60	0000	50
		_ADC_SetActiveClockTuningInterruptHandler		CODE           	4F68	0000	10
		_ADC_SetADIInterruptHandler		CODE           	4F72	0000	10
		_ADC_SetContext1ThresholdInterruptHandler		CODE           	4F5E	0000	10
		_ADC_SetContext2ThresholdInterruptHandler		CODE           	4F54	0000	10
		_ADC_SetContext3ThresholdInterruptHandler		CODE           	4F4A	0000	10
		_ADC_SetContext4ThresholdInterruptHandler		CODE           	4F40	0000	10

mcc_generated_files/adc.c estimated size: 676

C:\Program Files\Microchip\xc8\v2.32\pic\sources\c99\common\Umul16.c
		___wmul        		CODE           	4CD6	0000	44

C:\Program Files\Microchip\xc8\v2.32\pic\sources\c99\common\Umul16.c estimated size: 44

mcc_generated_files/ext_int.c
		_INT0_SetInterruptHandler		CODE           	4EDC	0000	10
		_EXT_INT_Initialize		CODE           	4DEC	0000	22
		_INT0_DefaultInterruptHandler		CODE           	4FB8	0000	2
		_INT0_CallBack 		CODE           	4AFC	0000	50
		_INT0_ISR      		CODE           	4F8E	0000	8

mcc_generated_files/ext_int.c estimated size: 92

mcc_generated_files/pwm1_16bit.c
		_PWM1_16BIT_Period_SetInterruptHandler		CODE           	4ED2	0000	10
		_PWM1_16BIT_Slice1Output1_SetInterruptHandler		CODE           	4EC8	0000	10
		_PWM1_16BIT_Slice1Output2_SetInterruptHandler		CODE           	4EBE	0000	10
		_PWM1_16BIT_Initialize		CODE           	480A	0000	116
		_PWM1_16BIT_LoadBufferRegisters		CODE           	4FA0	0000	4
		_PWM1_16BIT_SetSlice1Output1DutyCycleRegister		CODE           	4E4C	0000	14
		_PWM1_16BIT_WritePeriodRegister		CODE           	4E3E	0000	14

mcc_generated_files/pwm1_16bit.c estimated size: 178

shared
		_FIFO          		SMALLCONST     	0000	0000	0
		_DLC_BYTES     		SMALLCONST     	2601	0000	9
		i2___fladd     		CODE           	2AD0	0000	1216
		i2___fltol     		CODE           	429A	0000	262
		__initialization		CODE           	49A8	0000	78
		i2___xxtofl    		CODE           	3D7A	0000	436

shared estimated size: 2001

C:\Program Files\Microchip\xc8\v2.32\pic\sources\c99\common\sprcmul.c
		___flmul       		CODE           	2F90	0000	1102

C:\Program Files\Microchip\xc8\v2.32\pic\sources\c99\common\sprcmul.c estimated size: 1102

mcc_generated_files/mcc.c
		_PMD_Initialize		CODE           	4D54	0000	40
		_OSCILLATOR_Initialize		CODE           	4DBC	0000	24
		_SYSTEM_Initialize		CODE           	4ACA	0000	50

mcc_generated_files/mcc.c estimated size: 114

EBS.c
		_EBS_Watchdog  		CODE           	494C	0000	92
		_EBS_Init      		CODE           	4E76	0000	12

EBS.c estimated size: 104

C:\Program Files\Microchip\xc8\v2.32\pic\sources\c99\common\sprcdiv.c
		___fldiv       		CODE           	33DE	0000	922

C:\Program Files\Microchip\xc8\v2.32\pic\sources\c99\common\sprcdiv.c estimated size: 922

GPIO.c
		_GPIO_BrakePedalAtRest		CODE           	4B2E	0000	50
		_GPIO_PWM1_Control		CODE           	43A0	0000	220
		_GPIO_PWM2_Control		CODE           	447C	0000	220
		_GPIO_Init     		CODE           	4D9E	0000	30

GPIO.c estimated size: 520

mcc_generated_files/tmr1.c
		_TMR1_Initialize		CODE           	4A4E	0000	72
		_TMR1_SetInterruptHandler		CODE           	4E8C	0000	10
		_TMR1_DefaultInterruptHandler		CODE           	4FB4	0000	2
		_TMR1_CallBack 		CODE           	4C7A	0000	46
		_TMR1_WriteTimer		CODE           	4C4C	0000	46
		_TMR1_ISR      		CODE           	4E2A	0000	20

mcc_generated_files/tmr1.c estimated size: 196

C:\Program Files\Microchip\xc8\v2.32\pic\sources\c99\common\lwdiv.c
		___lwdiv       		CODE           	4720	0000	118

C:\Program Files\Microchip\xc8\v2.32\pic\sources\c99\common\lwdiv.c estimated size: 118

C:\Program Files\Microchip\xc8\v2.32\pic\sources\c99\common\fltol.c
		___fltol       		CODE           	4192	0000	264

C:\Program Files\Microchip\xc8\v2.32\pic\sources\c99\common\fltol.c estimated size: 264

mcc_generated_files/delay.c
		_DELAY_milliseconds		CODE           	4A96	0000	52

mcc_generated_files/delay.c estimated size: 52

C:\Program Files\Microchip\xc8\v2.32\pic\sources\c99\common\xxtofl.c
		___xxtofl      		CODE           	3BC2	0000	440

C:\Program Files\Microchip\xc8\v2.32\pic\sources\c99\common\xxtofl.c estimated size: 440

ANALOG.c
		_ANALOG_GetVoltage		CODE           	399E	0000	548

ANALOG.c estimated size: 548

main.c
		_main          		CODE           	49FC	0000	82

main.c estimated size: 82

SERVICEBRAKE.c
		_SERVICEBRAKE_Init		CODE           	4DD4	0000	24

SERVICEBRAKE.c estimated size: 24

