Microchip MPLAB XC8 Compiler V2.31

Linker command line:

-W-3 --edf=C:\Program Files\Microchip\xc8\v2.31\pic\dat\en_msgs.txt \
  -pivt0x8=08h -cn -h+dist/default/production\ASB.X.production.sym \
  --cmf=dist/default/production\ASB.X.production.cmf -z -Q18F26Q84 \
  -oC:\Users\panze\AppData\Local\Temp\sdkc.2 --defsym=__MPLAB_BUILD=1 \
  -Mdist/default/production/ASB.X.production.map -E1 -ver=XC8 Compiler \
  --acfsm=1493 -ASTACK=0604h-025FFh -pstack=STACK -ACODE=00h-0FFFFh \
  -ACONST=00h-0FFFFh -ASMALLCONST=02600h-026FFhx218 \
  -AMEDIUMCONST=02600h-0FFFFh -ACOMRAM=0501h-055Fh -AABS1=0500h-025FFh \
  -ABIGRAM=0501h-025FFh -ARAM=0560h-05FFh,0600h-06FFhx32 \
  -ABANK5=0560h-05FFh -ABANK6=0600h-06FFh -ABANK7=0700h-07FFh \
  -ABANK8=0800h-08FFh -ABANK9=0900h-09FFh -ABANK10=0A00h-0AFFh \
  -ABANK11=0B00h-0BFFh -ABANK12=0C00h-0CFFh -ABANK13=0D00h-0DFFh \
  -ABANK14=0E00h-0EFFh -ABANK15=0F00h-0FFFh -ABANK16=01000h-010FFh \
  -ABANK17=01100h-011FFh -ABANK18=01200h-012FFh -ABANK19=01300h-013FFh \
  -ABANK20=01400h-014FFh -ABANK21=01500h-015FFh -ABANK22=01600h-016FFh \
  -ABANK23=01700h-017FFh -ABANK24=01800h-018FFh -ABANK25=01900h-019FFh \
  -ABANK26=01A00h-01AFFh -ABANK27=01B00h-01BFFh -ABANK28=01C00h-01CFFh \
  -ABANK29=01D00h-01DFFh -ABANK30=01E00h-01EFFh -ABANK31=01F00h-01FFFh \
  -ABANK32=02000h-020FFh -ABANK33=02100h-021FFh -ABANK34=02200h-022FFh \
  -ABANK35=02300h-023FFh -ABANK36=02400h-024FFh -ABANK37=02500h-025FFh \
  -ASFR=00h-0FFhx4,0400h-045Fh,0460h-04FFh -ACONFIG=0300000h-0300023h \
  -AIDLOC=0200000h-020001Fh -AEEDATA=0380000h-03803FFh -peeprom_data=EEDATA \
  -preset_vec=00h -ppowerup=CODE,init -pramtop=02600h \
  -psmallconst=SMALLCONST -pmediumconst=MEDIUMCONST -pconst=CONST \
  -AFARRAM=00h-00h \
  -prdata=COMRAM,nvrram=COMRAM,nvbit=COMRAM,rbss=COMRAM,rbit=COMRAM \
  -pfarbss=FARRAM,fardata=FARRAM,nvFARRAM=FARRAM \
  -pintsave_regs=BIGRAM,bigbss=BIGRAM,bigdata=BIGRAM -pbss=RAM \
  -pidata=CODE,irdata=CODE,ibigdata=CODE,ifardata=CODE -prparam=COMRAM \
  C:\Users\panze\AppData\Local\Temp\sdkc.o \
  dist/default/production\ASB.X.production.o 

Object code version is 3.11

Machine type is 18F26Q84



                Name                               Link     Load   Length Selector   Space Scale
C:\Users\panze\AppData\Local\Temp\sdkc.o
                idloc                            200000   200000       20        0       5
                config                           300000   300000       24        0       4
                init                                 1A       1A        4        4       0
                reset_vec                             0        0        4        0       0
dist/default/production\ASB.X.production.o
                idloc                            200000   200000       20        0       5
                config                           300000   300000       24        0       4
                smallconst                         2600     2600        E     1300       0
                ivt0x8                                8        8       12        4       0
                text123                            5418     5418        2     1307       0
                text122                            5416     5416        2     1307       0
                text121                            5414     5414        2     1307       0
                text120                            5412     5412        2     1307       0
                text119                            5410     5410        2     1307       0
                text118                            540E     540E        2     1307       0
                text117                            540C     540C        2     1307       0
                text116                            3CA8     3CA8      156     1307       0
                text115                            5162     5162       1E     1307       0
                text114                            51E2     51E2       18     1307       0
                text113                            4BA4     4BA4       5A     1307       0
                text112                            368E     368E      240     1307       0
                text111                            42F2     42F2       EC     1307       0
                text110                            4BFE     4BFE       52     1307       0
                text109                            459E     459E       CA     1307       0
                text108                            53F4     53F4        4     1307       0
                text107                            52AA     52AA        C     1307       0
                text106                            529E     529E        C     1307       0
                text105                            3DFE     3DFE      10C     1307       0
                text104                            260E     260E      4C0     1307       0
                text103                            4014     4014      106     1307       0
                text102                            4A62     4A62       74     1307       0
                text101                            505C     505C       2A     1307       0
                text100                            3AF4     3AF4      1B4     1307       0
                text99                             4206     4206       EC     1307       0
                text98                             4CEA     4CEA       4A     1307       0
                text97                             53F0     53F0        4     1307       0
                text96                             5292     5292        C     1307       0
                text95                             5286     5286        C     1307       0
                text94                             411A     411A       EC     1307       0
                text93                             4CA0     4CA0       4A     1307       0
                text92                             31E4     31E4      264     1307       0
                text91                             53E6     53E6        6     1307       0
                text90                             5006     5006       2C     1307       0
                text89                             53E0     53E0        6     1307       0
                text88                             4E90     4E90       32     1307       0
                text87                             53BA     53BA        A     1307       0
                text86                             53DA     53DA        6     1307       0
                text85                             2ACE     2ACE      44E     1307       0
                text84                             2F1C     2F1C      2C8     1307       0
                text83                             4DF8     4DF8       34     1307       0
                text82                             540A     540A        2     1307       0
                text81                             4E5E     4E5E       32     1307       0
                text80                             53CC     53CC        8     1307       0
                text79                             5408     5408        2     1307       0
                text78                             4FD8     4FD8       2E     1307       0
                text77                             53C4     53C4        8     1307       0
                text76                             4FAA     4FAA       2E     1307       0
                text75                             4728     4728       AC     1307       0
                text74                             523C     523C       16     1307       0
                text73                             5226     5226       16     1307       0
                text72                             5180     5180       1A     1307       0
                text71                             5210     5210       16     1307       0
                text70                             51CA     51CA       18     1307       0
                text69                             53B0     53B0        A     1307       0
                text68                             44C6     44C6       D8     1307       0
                text67                             3448     3448      246     1307       0
                text66                             4DBA     4DBA       3E     1307       0
                text65                             486C     486C       94     1307       0
                text64                             50D6     50D6       28     1307       0
                text63                             43DE     43DE       E8     1307       0
                text62                             4D7C     4D7C       3E     1307       0
                text61                             5406     5406        2     1307       0
                text60                             5404     5404        2     1307       0
                text59                             50FE     50FE       24     1307       0
                text58                             5402     5402        2     1307       0
                text57                             5400     5400        2     1307       0
                text56                             53FE     53FE        2     1307       0
                text55                             4F7C     4F7C       2E     1307       0
                text54                             4F4E     4F4E       2E     1307       0
                text53                             4668     4668       C0     1307       0
                text52                             53FC     53FC        2     1307       0
                text51                             53FA     53FA        2     1307       0
                text50                             4F20     4F20       2E     1307       0
                text49                             527A     527A        C     1307       0
                text48                             3F0A     3F0A      10A     1307       0
                text47                             5144     5144       1E     1307       0
                text46                             53A6     53A6        A     1307       0
                text45                             539C     539C        A     1307       0
                text44                             5392     5392        A     1307       0
                text43                             5388     5388        A     1307       0
                text42                             537E     537E        A     1307       0
                text41                             5374     5374        A     1307       0
                text40                             38CE     38CE      226     1307       0
                text39                             5266     5266       14     1307       0
                text38                             536A     536A        A     1307       0
                text37                             5360     5360        A     1307       0
                text36                             5356     5356        A     1307       0
                text35                             534C     534C        A     1307       0
                text34                             5342     5342        A     1307       0
                text33                             5338     5338        A     1307       0
                text32                             532E     532E        A     1307       0
                text31                             4900     4900       7A     1307       0
                text30                             5324     5324        A     1307       0
                text29                             47D4     47D4       98     1307       0
                text28                             531A     531A        A     1307       0
                text27                             5032     5032       2A     1307       0
                text26                             5122     5122       22     1307       0
                text25                             4EF2     4EF2       2E     1307       0
                text24                             5252     5252       14     1307       0
                text23                             4B48     4B48       5C     1307       0
                text22                             5310     5310        A     1307       0
                text21                             51FA     51FA       16     1307       0
                text20                             53EC     53EC        4     1307       0
                text19                             51B2     51B2       18     1307       0
                text18                             4AD6     4AD6       72     1307       0
                text17                             50AE     50AE       28     1307       0
                text16                             5306     5306        A     1307       0
                text15                             52FC     52FC        A     1307       0
                text14                             52F2     52F2        A     1307       0
                text13                             49EE     49EE       74     1307       0
                text12                             52E8     52E8        A     1307       0
                text11                             52DE     52DE        A     1307       0
                text10                             52D4     52D4        A     1307       0
                text9                              497A     497A       74     1307       0
                text8                              52CA     52CA        A     1307       0
                text7                              5086     5086       28     1307       0
                text6                              52C0     52C0        A     1307       0
                text5                              4C50     4C50       50     1307       0
                text4                              52B6     52B6        A     1307       0
                text3                              4EC2     4EC2       30     1307       0
                text2                              4E2C     4E2C       32     1307       0
                text1                              53D4     53D4        6     1307       0
                text0                              519A     519A       18     1307       0
                cstackCOMRAM                        501      501       55      501       1
                cstackBANK5                         5EC      5EC        E      560       1
                cstackBANK6                         600      600        4      600       1
                dataBANK5                           5FA      5FA        2      560       1
                bssBANK5                            560      560       70      560       1
                bssCOMRAM                           556      556        8      501       1
                cinit                              4D34     4D34       48     1307       0
                nvBANK5                             5D0      5D0       1C      560       1
                idataBANK5                         53F8     53F8        2     1307       0

TOTAL           Name                               Link     Load   Length     Space
        CLASS   STACK          

        CLASS   CODE           
                init                                 1A       1A        4         0
                reset_vec                             0        0        4         0
                ivt0x8                                8        8       12         0
                text123                            5418     5418        2         0
                text122                            5416     5416        2         0
                text121                            5414     5414        2         0
                text120                            5412     5412        2         0
                text119                            5410     5410        2         0
                text118                            540E     540E        2         0
                text117                            540C     540C        2         0
                text116                            3CA8     3CA8      156         0
                text115                            5162     5162       1E         0
                text114                            51E2     51E2       18         0
                text113                            4BA4     4BA4       5A         0
                text112                            368E     368E      240         0
                text111                            42F2     42F2       EC         0
                text110                            4BFE     4BFE       52         0
                text109                            459E     459E       CA         0
                text108                            53F4     53F4        4         0
                text107                            52AA     52AA        C         0
                text106                            529E     529E        C         0
                text105                            3DFE     3DFE      10C         0
                text104                            260E     260E      4C0         0
                text103                            4014     4014      106         0
                text102                            4A62     4A62       74         0
                text101                            505C     505C       2A         0
                text100                            3AF4     3AF4      1B4         0
                text99                             4206     4206       EC         0
                text98                             4CEA     4CEA       4A         0
                text97                             53F0     53F0        4         0
                text96                             5292     5292        C         0
                text95                             5286     5286        C         0
                text94                             411A     411A       EC         0
                text93                             4CA0     4CA0       4A         0
                text92                             31E4     31E4      264         0
                text91                             53E6     53E6        6         0
                text90                             5006     5006       2C         0
                text89                             53E0     53E0        6         0
                text88                             4E90     4E90       32         0
                text87                             53BA     53BA        A         0
                text86                             53DA     53DA        6         0
                text85                             2ACE     2ACE      44E         0
                text84                             2F1C     2F1C      2C8         0
                text83                             4DF8     4DF8       34         0
                text82                             540A     540A        2         0
                text81                             4E5E     4E5E       32         0
                text80                             53CC     53CC        8         0
                text79                             5408     5408        2         0
                text78                             4FD8     4FD8       2E         0
                text77                             53C4     53C4        8         0
                text76                             4FAA     4FAA       2E         0
                text75                             4728     4728       AC         0
                text74                             523C     523C       16         0
                text73                             5226     5226       16         0
                text72                             5180     5180       1A         0
                text71                             5210     5210       16         0
                text70                             51CA     51CA       18         0
                text69                             53B0     53B0        A         0
                text68                             44C6     44C6       D8         0
                text67                             3448     3448      246         0
                text66                             4DBA     4DBA       3E         0
                text65                             486C     486C       94         0
                text64                             50D6     50D6       28         0
                text63                             43DE     43DE       E8         0
                text62                             4D7C     4D7C       3E         0
                text61                             5406     5406        2         0
                text60                             5404     5404        2         0
                text59                             50FE     50FE       24         0
                text58                             5402     5402        2         0
                text57                             5400     5400        2         0
                text56                             53FE     53FE        2         0
                text55                             4F7C     4F7C       2E         0
                text54                             4F4E     4F4E       2E         0
                text53                             4668     4668       C0         0
                text52                             53FC     53FC        2         0
                text51                             53FA     53FA        2         0
                text50                             4F20     4F20       2E         0
                text49                             527A     527A        C         0
                text48                             3F0A     3F0A      10A         0
                text47                             5144     5144       1E         0
                text46                             53A6     53A6        A         0
                text45                             539C     539C        A         0
                text44                             5392     5392        A         0
                text43                             5388     5388        A         0
                text42                             537E     537E        A         0
                text41                             5374     5374        A         0
                text40                             38CE     38CE      226         0
                text39                             5266     5266       14         0
                text38                             536A     536A        A         0
                text37                             5360     5360        A         0
                text36                             5356     5356        A         0
                text35                             534C     534C        A         0
                text34                             5342     5342        A         0
                text33                             5338     5338        A         0
                text32                             532E     532E        A         0
                text31                             4900     4900       7A         0
                text30                             5324     5324        A         0
                text29                             47D4     47D4       98         0
                text28                             531A     531A        A         0
                text27                             5032     5032       2A         0
                text26                             5122     5122       22         0
                text25                             4EF2     4EF2       2E         0
                text24                             5252     5252       14         0
                text23                             4B48     4B48       5C         0
                text22                             5310     5310        A         0
                text21                             51FA     51FA       16         0
                text20                             53EC     53EC        4         0
                text19                             51B2     51B2       18         0
                text18                             4AD6     4AD6       72         0
                text17                             50AE     50AE       28         0
                text16                             5306     5306        A         0
                text15                             52FC     52FC        A         0
                text14                             52F2     52F2        A         0
                text13                             49EE     49EE       74         0
                text12                             52E8     52E8        A         0
                text11                             52DE     52DE        A         0
                text10                             52D4     52D4        A         0
                text9                              497A     497A       74         0
                text8                              52CA     52CA        A         0
                text7                              5086     5086       28         0
                text6                              52C0     52C0        A         0
                text5                              4C50     4C50       50         0
                text4                              52B6     52B6        A         0
                text3                              4EC2     4EC2       30         0
                text2                              4E2C     4E2C       32         0
                text1                              53D4     53D4        6         0
                text0                              519A     519A       18         0
                cinit                              4D34     4D34       48         0
                idataBANK5                         53F8     53F8        2         0

        CLASS   CONST          

        CLASS   SMALLCONST     
                smallconst                         2600     2600        E         0

        CLASS   MEDIUMCONST    

        CLASS   COMRAM         
                cstackCOMRAM                        501      501       55         1
                bssCOMRAM                           556      556        8         1

        CLASS   ABS1           

        CLASS   BIGRAM         

        CLASS   RAM            

        CLASS   BANK5          
                cstackBANK5                         5EC      5EC        E         1
                dataBANK5                           5FA      5FA        2         1
                bssBANK5                            560      560       70         1
                nvBANK5                             5D0      5D0       1C         1

        CLASS   BANK6          
                cstackBANK6                         600      600        4         1

        CLASS   BANK7          

        CLASS   BANK8          

        CLASS   BANK9          

        CLASS   BANK10         

        CLASS   BANK11         

        CLASS   BANK12         

        CLASS   BANK13         

        CLASS   BANK14         

        CLASS   BANK15         

        CLASS   BANK16         

        CLASS   BANK17         

        CLASS   BANK18         

        CLASS   BANK19         

        CLASS   BANK20         

        CLASS   BANK21         

        CLASS   BANK22         

        CLASS   BANK23         

        CLASS   BANK24         

        CLASS   BANK25         

        CLASS   BANK26         

        CLASS   BANK27         

        CLASS   BANK28         

        CLASS   BANK29         

        CLASS   BANK30         

        CLASS   BANK31         

        CLASS   BANK32         

        CLASS   BANK33         

        CLASS   BANK34         

        CLASS   BANK35         

        CLASS   BANK36         

        CLASS   BANK37         

        CLASS   SFR            

        CLASS   CONFIG         
                config                           300000   300000       24         4

        CLASS   IDLOC          
                idloc                            200000   200000       20         5

        CLASS   EEDATA         

        CLASS   FARRAM         



SEGMENTS        Name                           Load    Length   Top    Selector   Space  Class

                reset_vec                      000000  000004  000004         0       0  CODE    
                ivt0x8                         000008  000016  00001E         4       0  CODE    
                cstackCOMRAM                   000501  00005D  00055E       501       1  COMRAM  
                bssBANK5                       000560  00009C  0005FC       560       1  BANK5   
                cstackBANK6                    000600  000004  000604       600       1  BANK6   
                smallconst                     002600  00000E  00260E      1300       0  SMALLCON
                text104                        00260E  002E0C  00541A      1307       0  CODE    


UNUSED ADDRESS RANGES

        Name                Unused          Largest block    Delta
        BANK10           000A00-000AFF              100
        BANK11           000B00-000BFF              100
        BANK12           000C00-000CFF              100
        BANK13           000D00-000DFF              100
        BANK14           000E00-000EFF              100
        BANK15           000F00-000FFF              100
        BANK16           001000-0010FF              100
        BANK17           001100-0011FF              100
        BANK18           001200-0012FF              100
        BANK19           001300-0013FF              100
        BANK20           001400-0014FF              100
        BANK21           001500-0015FF              100
        BANK22           001600-0016FF              100
        BANK23           001700-0017FF              100
        BANK24           001800-0018FF              100
        BANK25           001900-0019FF              100
        BANK26           001A00-001AFF              100
        BANK27           001B00-001BFF              100
        BANK28           001C00-001CFF              100
        BANK29           001D00-001DFF              100
        BANK30           001E00-001EFF              100
        BANK31           001F00-001FFF              100
        BANK32           002000-0020FF              100
        BANK33           002100-0021FF              100
        BANK34           002200-0022FF              100
        BANK35           002300-0023FF              100
        BANK36           002400-0024FF              100
        BANK37           002500-0025FF              100
        BANK5            0005FC-0005FF                4
        BANK6            000604-0006FF               FC
        BANK7            000700-0007FF              100
        BANK8            000800-0008FF              100
        BANK9            000900-0009FF              100
        BIGRAM           00055E-00055F                2
                         0005FC-0005FF                4
                         000604-0025FF             1FFC
        CODE             000004-000007                4
                         00001E-0025FF             25E2
                         00541A-00FFFF             ABE6
        COMRAM           00055E-00055F                2
        CONST            000004-000007                4
                         00001E-0025FF             25E2
                         00541A-00FFFF             ABE6
        EEDATA           380000-3803FF              400
        MEDIUMCONST      00541A-00FFFF             ABE6
        RAM              0005FC-0005FF                4
                         000604-0025FF              100
        SFR              000000-0004FF              100
        SMALLCONST       00541A-00FFFF              100
        STACK            000604-0025FF             1FFC

                                  Symbol Table

?_ADC_GetSingleConversion                                     cstackCOMRAM 000501
?___aldiv                                                     cstackCOMRAM 000501
?___fladd                                                     cstackCOMRAM 000528
?___flmul                                                     cstackCOMRAM 00050F
?___fltol                                                     cstackCOMRAM 000538
?___lwdiv                                                     cstackCOMRAM 000501
?___wmul                                                      cstackCOMRAM 000501
?___xxtofl                                                    cstackCOMRAM 000501
ADC_GetSingleConversion@channel                               cstackCOMRAM 000505
ADC_SelectContext@context                                     cstackCOMRAM 000501
ADC_SetADIInterruptHandler@InterruptHandler                   cstackBANK6  000600
ADC_SetActiveClockTuningInterruptHandler@InterruptHandler     cstackBANK6  000600
ADC_SetContext1ThresholdInterruptHandler@InterruptHandler     cstackBANK6  000600
ADC_SetContext2ThresholdInterruptHandler@InterruptHandler     cstackBANK6  000600
ADC_SetContext3ThresholdInterruptHandler@InterruptHandler     cstackBANK6  000600
ADC_SetContext4ThresholdInterruptHandler@InterruptHandler     cstackBANK6  000600
ANALOG_GetVoltage@ucEntradaAnalogica                          cstackCOMRAM 000544
ANALOG_GetVoltage@ucFlag                                      cstackCOMRAM 000546
ANALOG_GetVoltage@ucValor                                     cstackCOMRAM 000545
ANALOG_GetVoltage@uiValorAnalog                               cstackCOMRAM 000547
ANALOG_GetVoltage@uiValorCalculado                            cstackCOMRAM 000549
ANALOG_GetVoltage@uiValorVoltage                              cstackCOMRAM 00054B
CAN1_OperationModeSet@opMode                                  cstackBANK6  000600
CAN1_OperationModeSet@requestMode                             cstackBANK6  000602
CAN1_OperationModeSet@status                                  cstackBANK6  000601
CAN1_RX_FIFO_ResetInfo@index                                  cstackBANK6  000600
CAN1_Receive@index                                            cstackCOMRAM 000525
CAN1_Receive@rxCanMsg                                         cstackCOMRAM 000522
CAN1_Receive@status                                           cstackCOMRAM 000524
CAN1_ReceivedMessageCountGet@channel                          cstackCOMRAM 000506
CAN1_ReceivedMessageCountGet@fifoDepth                        cstackCOMRAM 000507
CAN1_ReceivedMessageCountGet@fifoHead                         cstackCOMRAM 000509
CAN1_ReceivedMessageCountGet@fifoTail                         cstackCOMRAM 000508
CAN1_ReceivedMessageCountGet@index                            cstackCOMRAM 00050A
CAN1_ReceivedMessageCountGet@numOfMsg                         cstackCOMRAM 000504
CAN1_ReceivedMessageCountGet@rxMsgStatus                      cstackCOMRAM 000505
CAN1_ReceivedMessageCountGet@totalMsgObj                      cstackCOMRAM 000503
CAN1_SetBusErrorInterruptHandler@handler                      cstackBANK6  000600
CAN1_SetBusWakeUpActivityInterruptHandler@handler             cstackBANK6  000600
CAN1_SetFIFO1NotEmptyHandler@handler                          cstackBANK6  000600
CAN1_SetInvalidMessageInterruptHandler@handler                cstackBANK6  000600
CAN1_SetModeChangeInterruptHandler@handler                    cstackBANK6  000600
CAN1_SetRxBufferOverFlowInterruptHandler@handler              cstackBANK6  000600
CAN1_SetSystemErrorInterruptHandler@handler                   cstackBANK6  000600
CAN1_SetTxAttemptInterruptHandler@handler                     cstackBANK6  000600
CAN1_Transmit@fifoChannel                                     cstackCOMRAM 00051D
CAN1_Transmit@status                                          cstackCOMRAM 00051A
CAN1_Transmit@txCanMsg                                        cstackCOMRAM 000518
CAN1_Transmit@txFifoObj                                       cstackCOMRAM 00051B
CAN1_TransmitFIFOStatusGet@fifoChannel                        cstackCOMRAM 000504
CAN1_TransmitFIFOStatusGet@status                             cstackCOMRAM 000503
CANReadMessage@data1                                          cstackBANK5  0005F8
CANReadMessage@data2                                          cstackBANK5  0005F9
CANReadMessage@data3                                          cstackBANK5  0005F7
CANReadMessage@data4                                          cstackBANK5  0005F5
CANReadMessage@data5                                          cstackBANK5  0005F6
CANReadMessage@data6                                          cstackBANK5  0005F4
CANReadMessage@data7                                          cstackBANK5  0005F2
CANReadMessage@data8                                          cstackBANK5  0005F3
CANReadMessage@id                                             cstackBANK5  0005EE
CANWriteMessage@data1                                         cstackCOMRAM 000523
CANWriteMessage@data2                                         cstackCOMRAM 000524
CANWriteMessage@data3                                         cstackCOMRAM 000525
CANWriteMessage@data4                                         cstackCOMRAM 000526
CANWriteMessage@data5                                         cstackCOMRAM 000527
CANWriteMessage@data6                                         cstackCOMRAM 000528
CANWriteMessage@data7                                         cstackCOMRAM 000529
CANWriteMessage@data8                                         cstackCOMRAM 00052A
CANWriteMessage@dataLength                                    cstackCOMRAM 000522
CANWriteMessage@id                                            cstackCOMRAM 00051E
DELAY_milliseconds@milliseconds                               cstackCOMRAM 000501
ETC_Move@ucTargetMove                                         cstackCOMRAM 00054C
GPIO_PWM1_Control@uiConvertedDC                               cstackCOMRAM 00054A
GPIO_PWM1_Control@uiConvertedPeriod                           cstackCOMRAM 000548
GPIO_PWM1_Control@uiDutyCycle                                 cstackCOMRAM 000542
GPIO_PWM1_Control@uiFreq                                      cstackCOMRAM 000544
GPIO_PWM2_Control@uiConvertedDC                               cstackCOMRAM 00054A
GPIO_PWM2_Control@uiConvertedPeriod                           cstackCOMRAM 000548
GPIO_PWM2_Control@uiDutyCycle                                 cstackCOMRAM 000542
GPIO_PWM2_Control@uiFreq                                      cstackCOMRAM 000544
GetRxFifoDepth@validChannel                                   cstackCOMRAM 000502
GetRxFifoStatus@validChannel                                  cstackCOMRAM 000501
GetTxFifoStatus@validChannel                                  cstackCOMRAM 000501
INT0_SetInterruptHandler@InterruptHandler                     cstackBANK6  000600
IVTBASEH                                                      (abs)        00045E
IVTBASEL                                                      (abs)        00045D
IVTBASEU                                                      (abs)        00045F
PWM1_16BIT_Period_SetInterruptHandler@InterruptHandler        cstackBANK6  000600
PWM1_16BIT_SetSlice1Output1DutyCycleRegister@registerValue    cstackCOMRAM 000501
PWM1_16BIT_Slice1Output1_SetInterruptHandler@InterruptHandler cstackBANK6  000600
PWM1_16BIT_Slice1Output2_SetInterruptHandler@InterruptHandler cstackBANK6  000600
PWM1_16BIT_WritePeriodRegister@periodCount                    cstackCOMRAM 000501
PWM2_16BIT_Period_SetInterruptHandler@InterruptHandler        cstackBANK6  000600
PWM2_16BIT_SetSlice1Output1DutyCycleRegister@registerValue    cstackCOMRAM 000501
PWM2_16BIT_Slice1Output1_SetInterruptHandler@InterruptHandler cstackBANK6  000600
PWM2_16BIT_Slice1Output2_SetInterruptHandler@InterruptHandler cstackBANK6  000600
PWM2_16BIT_WritePeriodRegister@periodCount                    cstackCOMRAM 000501
ReadMessageFromFifo@msgId                                     cstackCOMRAM 000513
ReadMessageFromFifo@rxCanMsg                                  cstackCOMRAM 00050E
ReadMessageFromFifo@rxFifoObj                                 cstackCOMRAM 00050C
ReadMessageFromFifo@status                                    cstackCOMRAM 000517
Receive@channel                                               cstackCOMRAM 000518
Receive@index                                                 cstackCOMRAM 000521
Receive@rxCanMsg                                              cstackCOMRAM 000519
Receive@rxFifoObj                                             cstackCOMRAM 00051E
Receive@rxMsgStatus                                           cstackCOMRAM 000520
Receive@status                                                cstackCOMRAM 00051D
SERVICEBRAKE_Move@ucTargetMove                                cstackCOMRAM 00054C
TMR0_SetInterruptHandler@InterruptHandler                     cstackBANK6  000600
TMR1_SetInterruptHandler@InterruptHandler                     cstackBANK6  000600
TMR1_WriteTimer@timerVal                                      cstackCOMRAM 000501
TMR2_SetInterruptHandler@InterruptHandler                     cstackBANK6  000600
ValidateTransmission@field                                    cstackCOMRAM 00050A
ValidateTransmission@txCanMsg                                 cstackCOMRAM 000502
ValidateTransmission@txMsgStatus                              cstackCOMRAM 000509
ValidateTransmission@validChannel                             cstackCOMRAM 000507
WriteMessageToFifo@msgId                                      cstackCOMRAM 000514
WriteMessageToFifo@status                                     cstackCOMRAM 000513
WriteMessageToFifo@txCanMsg                                   cstackCOMRAM 00050E
WriteMessageToFifo@txFifoObj                                  cstackCOMRAM 00050C
_ADACCH                                                       (abs)        0003E4
_ADACCL                                                       (abs)        0003E3
_ADACCU                                                       (abs)        0003E5
_ADACQH                                                       (abs)        0003EF
_ADACQL                                                       (abs)        0003EE
_ADACT                                                        (abs)        0003F9
_ADACTPPS                                                     (abs)        000269
_ADCAP                                                        (abs)        0003F0
_ADCLK                                                        (abs)        0003FA
_ADCNT                                                        (abs)        0003E6
_ADCON0                                                       (abs)        0003F3
_ADCON0bits                                                   (abs)        0003F3
_ADCON1                                                       (abs)        0003F4
_ADCON1bits                                                   (abs)        0003F4
_ADCON2                                                       (abs)        0003F5
_ADCON2bits                                                   (abs)        0003F5
_ADCON3                                                       (abs)        0003F6
_ADCON3bits                                                   (abs)        0003F6
_ADCP                                                         (abs)        0003D8
_ADCPbits                                                     (abs)        0003D8
_ADCSEL1                                                      (abs)        0003FC
_ADCSEL1bits                                                  (abs)        0003FC
_ADCSEL2                                                      (abs)        0003FD
_ADCSEL2bits                                                  (abs)        0003FD
_ADCSEL3                                                      (abs)        0003FE
_ADCSEL3bits                                                  (abs)        0003FE
_ADCSEL4                                                      (abs)        0003FF
_ADCSEL4bits                                                  (abs)        0003FF
_ADCTX                                                        (abs)        0003FB
_ADC_ActiveClockTuning_ISR                                    nvBANK5      0005DE
_ADC_Context1Thereshld_ISR                                    nvBANK5      0005E6
_ADC_Context2Thereshld_ISR                                    nvBANK5      0005E4
_ADC_Context3Thereshld_ISR                                    nvBANK5      0005E2
_ADC_Context4Thereshld_ISR                                    nvBANK5      0005E0
_ADC_ConversionComplete_ISR                                   nvBANK5      0005E8
_ADC_DefaultADI_ISR                                           (abs)        000000
_ADC_DefaultActiveClockTuning_ISR                             (abs)        000000
_ADC_DefaultContext1Threshold_ISR                             (abs)        000000
_ADC_DefaultContext2Threshold_ISR                             (abs)        000000
_ADC_DefaultContext3Threshold_ISR                             (abs)        000000
_ADC_DefaultContext4Threshold_ISR                             (abs)        000000
_ADC_DisableChannelSequencer                                  text89       0053E0
_ADC_GetSingleConversion                                      text88       004E90
_ADC_Initialize                                               text40       0038CE
_ADC_SelectContext                                            text87       0053BA
_ADC_SetADIInterruptHandler                                   text46       0053A6
_ADC_SetActiveClockTuningInterruptHandler                     text45       00539C
_ADC_SetContext1ThresholdInterruptHandler                     text44       005392
_ADC_SetContext2ThresholdInterruptHandler                     text43       005388
_ADC_SetContext3ThresholdInterruptHandler                     text42       00537E
_ADC_SetContext4ThresholdInterruptHandler                     text41       005374
_ADC_StopConversion                                           text86       0053DA
_ADERRH                                                       (abs)        0003DE
_ADERRL                                                       (abs)        0003DD
_ADFLTRH                                                      (abs)        0003E2
_ADFLTRL                                                      (abs)        0003E1
_ADLTHH                                                       (abs)        0003DA
_ADLTHL                                                       (abs)        0003D9
_ADPCH                                                        (abs)        0003EC
_ADPREH                                                       (abs)        0003F2
_ADPREL                                                       (abs)        0003F1
_ADPREVH                                                      (abs)        0003E9
_ADPREVL                                                      (abs)        0003E8
_ADREF                                                        (abs)        0003F8
_ADRESH                                                       (abs)        0003EB
_ADRESL                                                       (abs)        0003EA
_ADRPT                                                        (abs)        0003E7
_ADSTAT                                                       (abs)        0003F7
_ADSTATbits                                                   (abs)        0003F7
_ADSTPTH                                                      (abs)        0003E0
_ADSTPTL                                                      (abs)        0003DF
_ADUTHH                                                       (abs)        0003DC
_ADUTHL                                                       (abs)        0003DB
_ANALOG_GetVoltage                                            text84       002F1C
_ANALOG_RedAll                                                text75       004728
_ANSELA                                                       (abs)        000400
_ANSELAbits                                                   (abs)        000400
_ANSELB                                                       (abs)        000408
_ANSELC                                                       (abs)        000410
_ANSELCbits                                                   (abs)        000410
_C1CONH                                                       (abs)        000101
_C1CONHbits                                                   (abs)        000101
_C1CONL                                                       (abs)        000100
_C1CONTbits                                                   (abs)        000103
_C1CONU                                                       (abs)        000102
_C1CONUbits                                                   (abs)        000102
_C1FIFOBA                                                     (abs)        00014C
_C1FIFOCON1H                                                  (abs)        00015D
_C1FIFOCON1L                                                  (abs)        00015C
_C1FIFOCON1T                                                  (abs)        00015F
_C1FIFOCON1U                                                  (abs)        00015E
_C1FIFOSTA1Lbits                                              (abs)        000160
_C1FLTCON0H                                                   (abs)        000181
_C1FLTOBJ1H                                                   (abs)        000195
_C1FLTOBJ1L                                                   (abs)        000194
_C1FLTOBJ1T                                                   (abs)        000197
_C1FLTOBJ1U                                                   (abs)        000196
_C1INTH                                                       (abs)        00011D
_C1INTHbits                                                   (abs)        00011D
_C1INTL                                                       (abs)        00011C
_C1INTLbits                                                   (abs)        00011C
_C1INTT                                                       (abs)        00011F
_C1INTTbits                                                   (abs)        00011F
_C1INTU                                                       (abs)        00011E
_C1INTUbits                                                   (abs)        00011E
_C1MASK1H                                                     (abs)        000199
_C1MASK1L                                                     (abs)        000198
_C1MASK1T                                                     (abs)        00019B
_C1MASK1U                                                     (abs)        00019A
_C1NBTCFGH                                                    (abs)        000105
_C1NBTCFGL                                                    (abs)        000104
_C1NBTCFGT                                                    (abs)        000107
_C1NBTCFGU                                                    (abs)        000106
_C1TRECUbits                                                  (abs)        000136
_C1TXQCONH                                                    (abs)        000151
_C1TXQCONL                                                    (abs)        000150
_C1TXQCONT                                                    (abs)        000153
_C1TXQCONU                                                    (abs)        000152
_C1TXQSTALbits                                                (abs)        000154
_CAN1_BitRateConfiguration                                    text39       005266
_CAN1_BusErrorHandler                                         bssBANK5     000586
_CAN1_BusWakeUpActivityHandler                                bssBANK5     000588
_CAN1_ErrorNotificationInterruptEnable                        text31       004900
_CAN1_FIFO1NotEmptyHandler                                    bssBANK5     00058C
_CAN1_ISR                                                     text116      003CA8
_CAN1_Initialize                                              text23       004B48
_CAN1_InvalidMessageHandler                                   bssBANK5     00058A
_CAN1_IsBusOff                                                text74       00523C
_CAN1_IsTxErrorActive                                         text72       005180
_CAN1_IsTxErrorPassive                                        text73       005226
_CAN1_IsTxErrorWarning                                        text71       005210
_CAN1_ModeChangeHandler                                       bssBANK5     000584
_CAN1_OperationModeGet                                        text30       005324
_CAN1_OperationModeSet                                        text29       0047D4
_CAN1_RXI_ISR                                                 text90       005006
_CAN1_RX_FIFO_Configuration                                   text27       005032
_CAN1_RX_FIFO_FilterMaskConfiguration                         text26       005122
_CAN1_RX_FIFO_ResetInfo                                       text25       004EF2
_CAN1_Receive                                                 text110      004BFE
_CAN1_ReceivedMessageCountGet                                 text109      00459E
_CAN1_RxBufferOverflowHandler                                 bssBANK5     00057E
_CAN1_SetBusErrorInterruptHandler                             text38       00536A
_CAN1_SetBusWakeUpActivityInterruptHandler                    text37       005360
_CAN1_SetFIFO1NotEmptyHandler                                 text28       00531A
_CAN1_SetInvalidMessageInterruptHandler                       text36       005356
_CAN1_SetModeChangeInterruptHandler                           text35       00534C
_CAN1_SetRxBufferOverFlowInterruptHandler                     text34       005342
_CAN1_SetSystemErrorInterruptHandler                          text33       005338
_CAN1_SetTxAttemptInterruptHandler                            text32       00532E
_CAN1_SystemErrorHandler                                      bssBANK5     000582
_CAN1_TX_FIFO_Configuration                                   text24       005252
_CAN1_Transmit                                                text65       00486C
_CAN1_TransmitFIFOStatusGet                                   text64       0050D6
_CAN1_TxAttemptHandler                                        bssBANK5     000580
_CANDATAdata                                                  bssBANK5     0005B2
_CANRXPPS                                                     (abs)        00023D
_CANReadMessage                                               text92       0031E4
_CANWriteMessage                                              text63       0043DE
_DELAY_milliseconds                                           text76       004FAA
_DLC_BYTES                                                    smallconst   002601
_DefaultBusErrorHandler                                       text123      005418
_DefaultBusWakeUpActivityHandler                              text122      005416
_DefaultFIFO1NotEmptyHandler                                  text91       0053E6
_DefaultInvalidMessageHandler                                 text121      005414
_DefaultModeChangeHandler                                     text120      005412
_DefaultRxBufferOverflowHandler                               text119      005410
_DefaultSystemErrorHandler                                    text118      00540E
_DefaultTxAttemptHandler                                      text117      00540C
_ETC_Move                                                     text98       004CEA
_EXT_INT_Initialize                                           text21       0051FA
_GPIO_BrakePedalAtRest                                        text83       004DF8
_GPIO_Init                                                    text47       005144
_GPIO_PWM1_Control                                            text94       00411A
_GPIO_PWM2_Control                                            text99       004206
_GetRxFifoDepth                                               text115      005162
_GetRxFifoStatus                                              text114      0051E2
_GetTxFifoStatus                                              text70       0051CA
_HDRPRES_max                                                  bssCOMRAM    000559
_HDRPRES_min                                                  bssCOMRAM    00055A
_INLVLA                                                       (abs)        000404
_INLVLB                                                       (abs)        00040C
_INLVLC                                                       (abs)        000414
_INLVLE                                                       (abs)        000424
_INT0PPS                                                      (abs)        00023E
_INT0_CallBack                                                text81       004E5E
_INT0_DefaultInterruptHandler                                 text82       00540A
_INT0_ISR                                                     text80       0053CC
_INT0_InterruptHandler                                        nvBANK5      0005EA
_INT0_SetInterruptHandler                                     text22       005310
_INTCON0bits                                                  (abs)        0004D6
_INTERRUPT_Initialize                                         text20       0053EC
_INTERRUPT_InterruptManager                                   text48       003F0A
_LATA                                                         (abs)        0004BE
_LATAbits                                                     (abs)        0004BE
_LATB                                                         (abs)        0004BF
_LATBbits                                                     (abs)        0004BF
_LATC                                                         (abs)        0004C0
_NPRES_max                                                    bssBANK5     000594
_NPRES_min                                                    bssCOMRAM    000558
_ODCONA                                                       (abs)        000402
_ODCONB                                                       (abs)        00040A
_ODCONC                                                       (abs)        000412
_OSCCON1                                                      (abs)        0000AD
_OSCCON3                                                      (abs)        0000AF
_OSCEN                                                        (abs)        0000B3
_OSCFRQ                                                       (abs)        0000B1
_OSCILLATOR_Initialize                                        text19       0051B2
_OSCTUNE                                                      (abs)        0000B0
_PIE0bits                                                     (abs)        00049E
_PIE1bits                                                     (abs)        00049F
_PIE3bits                                                     (abs)        0004A1
_PIE4bits                                                     (abs)        0004A2
_PIE5bits                                                     (abs)        0004A3
_PIN_MANAGER_Initialize                                       text18       004AD6
_PIR0bits                                                     (abs)        0004AE
_PIR1bits                                                     (abs)        0004AF
_PIR2bits                                                     (abs)        0004B0
_PIR3bits                                                     (abs)        0004B1
_PIR4bits                                                     (abs)        0004B2
_PIR5bits                                                     (abs)        0004B3
_PMD0                                                         (abs)        000060
_PMD1                                                         (abs)        000061
_PMD2                                                         (abs)        000062
_PMD3                                                         (abs)        000063
_PMD4                                                         (abs)        000064
_PMD5                                                         (abs)        000065
_PMD6                                                         (abs)        000066
_PMD7                                                         (abs)        000067
_PMD8                                                         (abs)        000068
_PMD_Initialize                                               text17       0050AE
_PORTAbits                                                    (abs)        0004CE
_PORTCbits                                                    (abs)        0004D0
_PR2                                                          (abs)        000323
_PWM1CLK                                                      (abs)        000461
_PWM1CON                                                      (abs)        000469
_PWM1CONbits                                                  (abs)        000469
_PWM1CPRE                                                     (abs)        000465
_PWM1ERS                                                      (abs)        000460
_PWM1GIE                                                      (abs)        000468
_PWM1GIEbits                                                  (abs)        000468
_PWM1GIR                                                      (abs)        000467
_PWM1GIRbits                                                  (abs)        000467
_PWM1LDS                                                      (abs)        000462
_PWM1PIPOS                                                    (abs)        000466
_PWM1PRH                                                      (abs)        000464
_PWM1PRL                                                      (abs)        000463
_PWM1S1CFG                                                    (abs)        00046A
_PWM1S1P1H                                                    (abs)        00046C
_PWM1S1P1L                                                    (abs)        00046B
_PWM1S1P2H                                                    (abs)        00046E
_PWM1S1P2L                                                    (abs)        00046D
_PWM1_16BIT_Initialize                                        text13       0049EE
_PWM1_16BIT_LoadBufferRegisters                               text97       0053F0
_PWM1_16BIT_Period_DefaultInterruptHandler                    (abs)        000000
_PWM1_16BIT_Period_InterruptHandler                           bssBANK5     00058E
_PWM1_16BIT_Period_SetInterruptHandler                        text16       005306
_PWM1_16BIT_SetSlice1Output1DutyCycleRegister                 text96       005292
_PWM1_16BIT_Slice1Output1_DefaultInterruptHandler             (abs)        000000
_PWM1_16BIT_Slice1Output1_InterruptHandler                    bssBANK5     000592
_PWM1_16BIT_Slice1Output1_SetInterruptHandler                 text15       0052FC
_PWM1_16BIT_Slice1Output2_DefaultInterruptHandler             (abs)        000000
_PWM1_16BIT_Slice1Output2_InterruptHandler                    bssBANK5     000590
_PWM1_16BIT_Slice1Output2_SetInterruptHandler                 text14       0052F2
_PWM1_16BIT_WritePeriodRegister                               text95       005286
_PWM2CLK                                                      (abs)        000470
_PWM2CON                                                      (abs)        000478
_PWM2CONbits                                                  (abs)        000478
_PWM2CPRE                                                     (abs)        000474
_PWM2ERS                                                      (abs)        00046F
_PWM2GIE                                                      (abs)        000477
_PWM2GIEbits                                                  (abs)        000477
_PWM2GIR                                                      (abs)        000476
_PWM2GIRbits                                                  (abs)        000476
_PWM2LDS                                                      (abs)        000471
_PWM2PIPOS                                                    (abs)        000475
_PWM2PRH                                                      (abs)        000473
_PWM2PRL                                                      (abs)        000472
_PWM2S1CFG                                                    (abs)        000479
_PWM2S1P1H                                                    (abs)        00047B
_PWM2S1P1L                                                    (abs)        00047A
_PWM2S1P2H                                                    (abs)        00047D
_PWM2S1P2L                                                    (abs)        00047C
_PWM2_16BIT_Initialize                                        text9        00497A
_PWM2_16BIT_LoadBufferRegisters                               text108      0053F4
_PWM2_16BIT_Period_DefaultInterruptHandler                    (abs)        000000
_PWM2_16BIT_Period_InterruptHandler                           nvBANK5      0005D8
_PWM2_16BIT_Period_SetInterruptHandler                        text12       0052E8
_PWM2_16BIT_SetSlice1Output1DutyCycleRegister                 text107      0052AA
_PWM2_16BIT_Slice1Output1_DefaultInterruptHandler             (abs)        000000
_PWM2_16BIT_Slice1Output1_InterruptHandler                    nvBANK5      0005DC
_PWM2_16BIT_Slice1Output1_SetInterruptHandler                 text11       0052DE
_PWM2_16BIT_Slice1Output2_DefaultInterruptHandler             (abs)        000000
_PWM2_16BIT_Slice1Output2_InterruptHandler                    nvBANK5      0005DA
_PWM2_16BIT_Slice1Output2_SetInterruptHandler                 text10       0052D4
_PWM2_16BIT_WritePeriodRegister                               text106      00529E
_RB4PPS                                                       (abs)        00020D
_RC0PPS                                                       (abs)        000211
_RC1PPS                                                       (abs)        000212
_ReadMessageFromFifo                                          text112      00368E
_Receive                                                      text111      0042F2
_SERVICEBRAKE_Move                                            text93       004CA0
_SLRCONA                                                      (abs)        000403
_SLRCONB                                                      (abs)        00040B
_SLRCONC                                                      (abs)        000413
_SYSTEM_Initialize                                            text2        004E2C
_T0CON0                                                       (abs)        00031A
_T0CON0bits                                                   (abs)        00031A
_T0CON1                                                       (abs)        00031B
_T1CLK                                                        (abs)        000321
_T1CON                                                        (abs)        00031E
_T1CONbits                                                    (abs)        00031E
_T1GATE                                                       (abs)        000320
_T1GCON                                                       (abs)        00031F
_T1GCONbits                                                   (abs)        00031F
_T2CLKCON                                                     (abs)        000326
_T2CON                                                        (abs)        000324
_T2CONbits                                                    (abs)        000324
_T2HLT                                                        (abs)        000325
_T2HLTbits                                                    (abs)        000325
_T2PR                                                         (abs)        000323
_T2RST                                                        (abs)        000327
_T2RSTbits                                                    (abs)        000327
_T2TMR                                                        (abs)        000322
_TEMPORIZATION_100ms                                          text62       004D7C
_TEMPORIZATION_10ms                                           text52       0053FC
_TEMPORIZATION_10s                                            text61       005406
_TEMPORIZATION_1mins                                          text60       005404
_TEMPORIZATION_1s                                             text59       0050FE
_TEMPORIZATION_30s                                            text58       005402
_TEMPORIZATION_500ms                                          text57       005400
_TMR0H                                                        (abs)        000319
_TMR0L                                                        (abs)        000318
_TMR0_CallBack                                                text78       004FD8
_TMR0_DefaultInterruptHandler                                 text79       005408
_TMR0_ISR                                                     text77       0053C4
_TMR0_Initialize                                              text7        005086
_TMR0_InterruptHandler                                        nvBANK5      0005D0
_TMR0_SetInterruptHandler                                     text8        0052CA
_TMR0_StopTimer                                               text1        0053D4
_TMR1H                                                        (abs)        00031D
_TMR1L                                                        (abs)        00031C
_TMR1_CallBack                                                text55       004F7C
_TMR1_DefaultInterruptHandler                                 text56       0053FE
_TMR1_ISR                                                     text53       004668
_TMR1_Initialize                                              text5        004C50
_TMR1_InterruptHandler                                        nvBANK5      0005D4
_TMR1_SetInterruptHandler                                     text6        0052C0
_TMR1_WriteTimer                                              text54       004F4E
_TMR2                                                         (abs)        000322
_TMR2_CallBack                                                text50       004F20
_TMR2_DefaultInterruptHandler                                 text51       0053FA
_TMR2_ISR                                                     text49       00527A
_TMR2_Initialize                                              text3        004EC2
_TMR2_InterruptHandler                                        nvBANK5      0005D2
_TMR2_SetInterruptHandler                                     text4        0052B6
_TRISA                                                        (abs)        0004C6
_TRISAbits                                                    (abs)        0004C6
_TRISB                                                        (abs)        0004C7
_TRISBbits                                                    (abs)        0004C7
_TRISC                                                        (abs)        0004C8
_TRISCbits                                                    (abs)        0004C8
_TRISE                                                        (abs)        0004CA
_ValidateTransmission                                         text68       0044C6
_WPUA                                                         (abs)        000401
_WPUB                                                         (abs)        000409
_WPUC                                                         (abs)        000411
_WPUE                                                         (abs)        000421
_WriteMessageToFifo                                           text67       003448
__HRAM                                                        (abs)        000000
__Habs1                                                       abs1         000000
__Hbank10                                                     bank10       000000
__Hbank11                                                     bank11       000000
__Hbank12                                                     bank12       000000
__Hbank13                                                     bank13       000000
__Hbank14                                                     bank14       000000
__Hbank15                                                     bank15       000000
__Hbank16                                                     bank16       000000
__Hbank17                                                     bank17       000000
__Hbank18                                                     bank18       000000
__Hbank19                                                     bank19       000000
__Hbank20                                                     bank20       000000
__Hbank21                                                     bank21       000000
__Hbank22                                                     bank22       000000
__Hbank23                                                     bank23       000000
__Hbank24                                                     bank24       000000
__Hbank25                                                     bank25       000000
__Hbank26                                                     bank26       000000
__Hbank27                                                     bank27       000000
__Hbank28                                                     bank28       000000
__Hbank29                                                     bank29       000000
__Hbank30                                                     bank30       000000
__Hbank31                                                     bank31       000000
__Hbank32                                                     bank32       000000
__Hbank33                                                     bank33       000000
__Hbank34                                                     bank34       000000
__Hbank35                                                     bank35       000000
__Hbank36                                                     bank36       000000
__Hbank37                                                     bank37       000000
__Hbank5                                                      bank5        000000
__Hbank6                                                      bank6        000000
__Hbank7                                                      bank7        000000
__Hbank8                                                      bank8        000000
__Hbank9                                                      bank9        000000
__Hbigbss                                                     bigbss       000000
__Hbigdata                                                    bigdata      000000
__Hbigram                                                     bigram       000000
__Hbss                                                        bss          000000
__HbssBANK5                                                   bssBANK5     000000
__HbssCOMRAM                                                  bssCOMRAM    000000
__Hcinit                                                      cinit        000000
__Hclrtext                                                    clrtext      000000
__Hcomram                                                     comram       000000
__Hconfig                                                     config       300024
__Hconst                                                      const        000000
__HcstackBANK5                                                cstackBANK5  000000
__HcstackBANK6                                                cstackBANK6  000000
__HcstackCOMRAM                                               cstackCOMRAM 000000
__Hdata                                                       data         000000
__HdataBANK5                                                  dataBANK5    000000
__Heeprom_data                                                eeprom_data  000000
__Hfarbss                                                     farbss       000000
__Hfardata                                                    fardata      000000
__Hibigdata                                                   ibigdata     000000
__Hidata                                                      idata        000000
__HidataBANK5                                                 idataBANK5   000000
__Hidloc                                                      idloc        200020
__Hifardata                                                   ifardata     000000
__Hinit                                                       init         00001E
__Hintsave_regs                                               intsave_regs 000000
__Hirdata                                                     irdata       000000
__Hivt0x8                                                     ivt0x8       00001A
__Hmediumconst                                                mediumconst  000000
__HnvBANK5                                                    nvBANK5      000000
__HnvFARRAM                                                   nvFARRAM     000000
__Hnvbit                                                      nvbit        000000
__Hnvrram                                                     nvrram       000000
__Hparam                                                      rparam       000000
__Hpowerup                                                    powerup      000000
__Hram                                                        ram          000000
__Hramtop                                                     ramtop       002600
__Hrbit                                                       rbit         000000
__Hrbss                                                       rbss         000000
__Hrdata                                                      rdata        000000
__Hreset_vec                                                  reset_vec    000004
__Hrparam                                                     rparam       000000
__Hsfr                                                        sfr          000000
__Hsmallconst                                                 smallconst   00260E
__Hspace_0                                                    (abs)        00541A
__Hspace_1                                                    (abs)        000604
__Hspace_2                                                    (abs)        000000
__Hspace_4                                                    (abs)        600024
__Hstack                                                      stack        000000
__Hstruct                                                     struct       000000
__Htemp                                                       temp         000000
__Htext                                                       text         000000
__Htext0                                                      text0        000000
__Htext1                                                      text1        000000
__Htext10                                                     text10       000000
__Htext100                                                    text100      000000
__Htext101                                                    text101      000000
__Htext102                                                    text102      000000
__Htext103                                                    text103      000000
[...]
 Parameters:    Size  Location     Type
		None
 Auto vars:     Size  Location     Type
		None
 Return value:  Size  Location     Type
                  1    wreg      void 
 Registers used:
		None
 Tracked objects:
		On entry : 
		On exit  : 
		Unchanged: 
 Data sizes:     COMRAM   BANK5   BANK6   BANK7   BANK8   BANK9  BANK10  BANK11  BANK12  BANK13  BANK14  BANK15  BANK16  BANK17  BANK18  BANK19  BANK20  BANK21  BANK22  BANK23  BANK24  BANK25  BANK26  BANK27  BANK28  BANK29  BANK30  BANK31  BANK32  BANK33  BANK34  BANK35  BANK36  BANK37
      Params:         0       0       0       0       0       0       0       0       0       0       0       0       0       0       0       0       0       0       0       0       0       0       0       0       0       0       0       0       0       0       0       0       0       0
      Locals:         0       0       0       0       0       0       0       0       0       0       0       0       0       0       0       0       0       0       0       0       0       0       0       0       0       0       0       0       0       0       0       0       0       0
      Temps:          0       0       0       0       0       0       0       0       0       0       0       0       0       0       0       0       0       0       0       0       0       0       0       0       0       0       0       0       0       0       0       0       0       0
      Totals:         0       0       0       0       0       0       0       0       0       0       0       0       0       0       0       0       0       0       0       0       0       0       0       0       0       0       0       0       0       0       0       0       0       0
Total ram usage:        0 bytes
 Hardware stack levels used:    1
 This function calls:
		Nothing
 This function is called by:
		_CAN1_ErrorNotificationInterruptEnable
		_CAN1_ISR
 This function uses a non-reentrant model


 *************** function _DefaultModeChangeHandler *****************
 Defined at:
		line 137 in file "mcc_generated_files/can1.c"
 Parameters:    Size  Location     Type
		None
 Auto vars:     Size  Location     Type
		None
 Return value:  Size  Location     Type
                  1    wreg      void 
 Registers used:
		None
 Tracked objects:
		On entry : 
		On exit  : 
		Unchanged: 
 Data sizes:     COMRAM   BANK5   BANK6   BANK7   BANK8   BANK9  BANK10  BANK11  BANK12  BANK13  BANK14  BANK15  BANK16  BANK17  BANK18  BANK19  BANK20  BANK21  BANK22  BANK23  BANK24  BANK25  BANK26  BANK27  BANK28  BANK29  BANK30  BANK31  BANK32  BANK33  BANK34  BANK35  BANK36  BANK37
      Params:         0       0       0       0       0       0       0       0       0       0       0       0       0       0       0       0       0       0       0       0       0       0       0       0       0       0       0       0       0       0       0       0       0       0
      Locals:         0       0       0       0       0       0       0       0       0       0       0       0       0       0       0       0       0       0       0       0       0       0       0       0       0       0       0       0       0       0       0       0       0       0
      Temps:          0       0       0       0       0       0       0       0       0       0       0       0       0       0       0       0       0       0       0       0       0       0       0       0       0       0       0       0       0       0       0       0       0       0
      Totals:         0       0       0       0       0       0       0       0       0       0       0       0       0       0       0       0       0       0       0       0       0       0       0       0       0       0       0       0       0       0       0       0       0       0
Total ram usage:        0 bytes
 Hardware stack levels used:    1
 This function calls:
		Nothing
 This function is called by:
		_CAN1_ErrorNotificationInterruptEnable
		_CAN1_ISR
 This function uses a non-reentrant model


 *************** function _DefaultInvalidMessageHandler *****************
 Defined at:
		line 125 in file "mcc_generated_files/can1.c"
 Parameters:    Size  Location     Type
		None
 Auto vars:     Size  Location     Type
		None
 Return value:  Size  Location     Type
                  1    wreg      void 
 Registers used:
		None
 Tracked objects:
		On entry : 
		On exit  : 
		Unchanged: 
 Data sizes:     COMRAM   BANK5   BANK6   BANK7   BANK8   BANK9  BANK10  BANK11  BANK12  BANK13  BANK14  BANK15  BANK16  BANK17  BANK18  BANK19  BANK20  BANK21  BANK22  BANK23  BANK24  BANK25  BANK26  BANK27  BANK28  BANK29  BANK30  BANK31  BANK32  BANK33  BANK34  BANK35  BANK36  BANK37
      Params:         0       0       0       0       0       0       0       0       0       0       0       0       0       0       0       0       0       0       0       0       0       0       0       0       0       0       0       0       0       0       0       0       0       0
      Locals:         0       0       0       0       0       0       0       0       0       0       0       0       0       0       0       0       0       0       0       0       0       0       0       0       0       0       0       0       0       0       0       0       0       0
      Temps:          0       0       0       0       0       0       0       0       0       0       0       0       0       0       0       0       0       0       0       0       0       0       0       0       0       0       0       0       0       0       0       0       0       0
      Totals:         0       0       0       0       0       0       0       0       0       0       0       0       0       0       0       0       0       0       0       0       0       0       0       0       0       0       0       0       0       0       0       0       0       0
Total ram usage:        0 bytes
 Hardware stack levels used:    1
 This function calls:
		Nothing
 This function is called by:
		_CAN1_ErrorNotificationInterruptEnable
		_CAN1_ISR
 This function uses a non-reentrant model


 *************** function _DefaultBusWakeUpActivityHandler *****************
 Defined at:
		line 129 in file "mcc_generated_files/can1.c"
 Parameters:    Size  Location     Type
		None
 Auto vars:     Size  Location     Type
		None
 Return value:  Size  Location     Type
                  1    wreg      void 
 Registers used:
		None
 Tracked objects:
		On entry : 
		On exit  : 
		Unchanged: 
 Data sizes:     COMRAM   BANK5   BANK6   BANK7   BANK8   BANK9  BANK10  BANK11  BANK12  BANK13  BANK14  BANK15  BANK16  BANK17  BANK18  BANK19  BANK20  BANK21  BANK22  BANK23  BANK24  BANK25  BANK26  BANK27  BANK28  BANK29  BANK30  BANK31  BANK32  BANK33  BANK34  BANK35  BANK36  BANK37
      Params:         0       0       0       0       0       0       0       0       0       0       0       0       0       0       0       0       0       0       0       0       0       0       0       0       0       0       0       0       0       0       0       0       0       0
      Locals:         0       0       0       0       0       0       0       0       0       0       0       0       0       0       0       0       0       0       0       0       0       0       0       0       0       0       0       0       0       0       0       0       0       0
      Temps:          0       0       0       0       0       0       0       0       0       0       0       0       0       0       0       0       0       0       0       0       0       0       0       0       0       0       0       0       0       0       0       0       0       0
      Totals:         0       0       0       0       0       0       0       0       0       0       0       0       0       0       0       0       0       0       0       0       0       0       0       0       0       0       0       0       0       0       0       0       0       0
Total ram usage:        0 bytes
 Hardware stack levels used:    1
 This function calls:
		Nothing
 This function is called by:
		_CAN1_ErrorNotificationInterruptEnable
		_CAN1_ISR
 This function uses a non-reentrant model


 *************** function _DefaultBusErrorHandler *****************
 Defined at:
		line 133 in file "mcc_generated_files/can1.c"
 Parameters:    Size  Location     Type
		None
 Auto vars:     Size  Location     Type
		None
 Return value:  Size  Location     Type
                  1    wreg      void 
 Registers used:
		None
 Tracked objects:
		On entry : 
		On exit  : 
		Unchanged: 
 Data sizes:     COMRAM   BANK5   BANK6   BANK7   BANK8   BANK9  BANK10  BANK11  BANK12  BANK13  BANK14  BANK15  BANK16  BANK17  BANK18  BANK19  BANK20  BANK21  BANK22  BANK23  BANK24  BANK25  BANK26  BANK27  BANK28  BANK29  BANK30  BANK31  BANK32  BANK33  BANK34  BANK35  BANK36  BANK37
      Params:         0       0       0       0       0       0       0       0       0       0       0       0       0       0       0       0       0       0       0       0       0       0       0       0       0       0       0       0       0       0       0       0       0       0
      Locals:         0       0       0       0       0       0       0       0       0       0       0       0       0       0       0       0       0       0       0       0       0       0       0       0       0       0       0       0       0       0       0       0       0       0
      Temps:          0       0       0       0       0       0       0       0       0       0       0       0       0       0       0       0       0       0       0       0       0       0       0       0       0       0       0       0       0       0       0       0       0       0
      Totals:         0       0       0       0       0       0       0       0       0       0       0       0       0       0       0       0       0       0       0       0       0       0       0       0       0       0       0       0       0       0       0       0       0       0
Total ram usage:        0 bytes
 Hardware stack levels used:    1
 This function calls:
		Nothing
 This function is called by:
		_CAN1_ErrorNotificationInterruptEnable
		_CAN1_ISR
 This function uses a non-reentrant model



MODULE INFORMATION

Module		Function		Class		Link	Load	Size
mcc_generated_files/can1.c
		_ReadMessageFromFifo		CODE           	368E	0000	576
		_ValidateTransmission		CODE           	44C6	0000	216
		_CAN1_IsTxErrorPassive		CODE           	5226	0000	22
		_DefaultFIFO1NotEmptyHandler		CODE           	53E6	0000	6
		_CAN1_BitRateConfiguration		CODE           	5266	0000	20
		_CAN1_SetTxAttemptInterruptHandler		CODE           	532E	0000	10
		_Receive       		CODE           	42F2	0000	236
		_CAN1_SetInvalidMessageInterruptHandler		CODE           	5356	0000	10
		_CAN1_TX_FIFO_Configuration		CODE           	5252	0000	20
		_GetRxFifoDepth		CODE           	5162	0000	30
		_CAN1_ISR      		CODE           	3CA8	0000	342
		_DefaultBusErrorHandler		CODE           	5418	0000	2
		_CAN1_OperationModeGet		CODE           	5324	0000	10
		_CAN1_IsBusOff 		CODE           	523C	0000	22
		_CAN1_Initialize		CODE           	4B48	0000	92
		_DefaultInvalidMessageHandler		CODE           	5414	0000	2
		_CAN1_SetFIFO1NotEmptyHandler		CODE           	531A	0000	10
		_DefaultBusWakeUpActivityHandler		CODE           	5416	0000	2
		_CAN1_TransmitFIFOStatusGet		CODE           	50D6	0000	40
		_CAN1_Transmit 		CODE           	486C	0000	148
		_CAN1_RX_FIFO_FilterMaskConfiguration		CODE           	5122	0000	34
		_CAN1_RX_FIFO_Configuration		CODE           	5032	0000	42
		_CAN1_IsTxErrorActive		CODE           	5180	0000	26
		_GetRxFifoStatus		CODE           	51E2	0000	24
		_CAN1_ReceivedMessageCountGet		CODE           	459E	0000	202
		_CAN1_SetBusErrorInterruptHandler		CODE           	536A	0000	10
		_CAN1_SetSystemErrorInterruptHandler		CODE           	5338	0000	10
		_DefaultSystemErrorHandler		CODE           	540E	0000	2
		_CAN1_IsTxErrorWarning		CODE           	5210	0000	22
		_isTxChannel   		CODE           	4DBA	0000	62
		_GetTxFifoStatus		CODE           	51CA	0000	24
		_WriteMessageToFifo		CODE           	3448	0000	582
		_DefaultRxBufferOverflowHandler		CODE           	5410	0000	2
		_CAN1_ErrorNotificationInterruptEnable		CODE           	4900	0000	122
		_CAN1_SetBusWakeUpActivityInterruptHandler		CODE           	5360	0000	10
		_CAN1_Receive  		CODE           	4BFE	0000	82
		_CAN1_SetRxBufferOverFlowInterruptHandler		CODE           	5342	0000	10
		_CAN1_RX_FIFO_ResetInfo		CODE           	4EF2	0000	46
		_CAN1_OperationModeSet		CODE           	47D4	0000	152
		_CAN1_SetModeChangeInterruptHandler		CODE           	534C	0000	10
		_CAN1_RXI_ISR  		CODE           	5006	0000	44
		_DefaultTxAttemptHandler		CODE           	540C	0000	2
		_DefaultModeChangeHandler		CODE           	5412	0000	2

mcc_generated_files/can1.c estimated size: 3338

C:\Program Files\Microchip\xc8\v2.31\pic\sources\c99\common\sprcadd.c
		___fladd       		CODE           	260E	0000	1216

C:\Program Files\Microchip\xc8\v2.31\pic\sources\c99\common\sprcadd.c estimated size: 1216

mcc_generated_files/pwm2_16bit.c
		_PWM2_16BIT_WritePeriodRegister		CODE           	529E	0000	12
		_PWM2_16BIT_Period_SetInterruptHandler		CODE           	52E8	0000	10
		_PWM2_16BIT_Slice1Output1_SetInterruptHandler		CODE           	52DE	0000	10
		_PWM2_16BIT_Slice1Output2_SetInterruptHandler		CODE           	52D4	0000	10
		_PWM2_16BIT_Initialize		CODE           	497A	0000	116
		_PWM2_16BIT_LoadBufferRegisters		CODE           	53F4	0000	4
		_PWM2_16BIT_SetSlice1Output1DutyCycleRegister		CODE           	52AA	0000	12

mcc_generated_files/pwm2_16bit.c estimated size: 174

TEMPORIZATIONS.c
		_TEMPORIZATION_1mins		CODE           	5404	0000	2
		_TEMPORIZATION_100ms		CODE           	4D7C	0000	62
		_TEMPORIZATION_500ms		CODE           	5400	0000	2
		_TEMPORIZATION_10s		CODE           	5406	0000	2
		_TEMPORIZATION_30s		CODE           	5402	0000	2
		_TEMPORIZATION_1s		CODE           	50FE	0000	36
		_TEMPORIZATION_10ms		CODE           	53FC	0000	2

TEMPORIZATIONS.c estimated size: 108

MESSAGES.c
		_CANWriteMessage		CODE           	43DE	0000	232
		_CANReadMessage		CODE           	31E4	0000	612

MESSAGES.c estimated size: 844

mcc_generated_files/tmr2.c
		_TMR2_ISR      		CODE           	527A	0000	12
		_TMR2_Initialize		CODE           	4EC2	0000	48
		_TMR2_SetInterruptHandler		CODE           	52B6	0000	10
		_TMR2_DefaultInterruptHandler		CODE           	53FA	0000	2
		_TMR2_CallBack 		CODE           	4F20	0000	46

mcc_generated_files/tmr2.c estimated size: 118

mcc_generated_files/interrupt_manager.c
		_INTERRUPT_Initialize		CODE           	53EC	0000	4
		_INTERRUPT_InterruptManager		CODE           	3F0A	0000	266

mcc_generated_files/interrupt_manager.c estimated size: 270

C:\Program Files\Microchip\xc8\v2.31\pic\sources\c99\common\xxtofl.c
		___xxtofl      		CODE           	3AF4	0000	436

C:\Program Files\Microchip\xc8\v2.31\pic\sources\c99\common\xxtofl.c estimated size: 436

mcc_generated_files/tmr0.c
		_TMR0_SetInterruptHandler		CODE           	52CA	0000	10
		_TMR0_StopTimer		CODE           	53D4	0000	6
		_TMR0_DefaultInterruptHandler		CODE           	5408	0000	2
		_TMR0_CallBack 		CODE           	4FD8	0000	46
		_TMR0_ISR      		CODE           	53C4	0000	8
		_TMR0_Initialize		CODE           	5086	0000	40

mcc_generated_files/tmr0.c estimated size: 112

mcc_generated_files/pin_manager.c
		_PIN_MANAGER_Initialize		CODE           	4AD6	0000	114

mcc_generated_files/pin_manager.c estimated size: 114

mcc_generated_files/adc.c
		_ADC_SelectContext		CODE           	53BA	0000	10
		_ADC_Initialize		CODE           	38CE	0000	550
		_ADC_DisableChannelSequencer		CODE           	53E0	0000	6
		_ADC_GetSingleConversion		CODE           	4E90	0000	50
		_ADC_SetActiveClockTuningInterruptHandler		CODE           	539C	0000	10
		_ADC_SetADIInterruptHandler		CODE           	53A6	0000	10
		_ADC_StopConversion		CODE           	53DA	0000	6
		_ADC_SetContext1ThresholdInterruptHandler		CODE           	5392	0000	10
		_ADC_SetContext2ThresholdInterruptHandler		CODE           	5388	0000	10
		_ADC_SetContext3ThresholdInterruptHandler		CODE           	537E	0000	10
		_ADC_SetContext4ThresholdInterruptHandler		CODE           	5374	0000	10

mcc_generated_files/adc.c estimated size: 682

mcc_generated_files/ext_int.c
		_INT0_SetInterruptHandler		CODE           	5310	0000	10
		_EXT_INT_Initialize		CODE           	51FA	0000	22
		_INT0_DefaultInterruptHandler		CODE           	540A	0000	2
		_INT0_CallBack 		CODE           	4E5E	0000	50
		_INT0_ISR      		CODE           	53CC	0000	8

mcc_generated_files/ext_int.c estimated size: 92

mcc_generated_files/pwm1_16bit.c
		_PWM1_16BIT_Period_SetInterruptHandler		CODE           	5306	0000	10
		_PWM1_16BIT_Slice1Output1_SetInterruptHandler		CODE           	52FC	0000	10
		_PWM1_16BIT_Slice1Output2_SetInterruptHandler		CODE           	52F2	0000	10
		_PWM1_16BIT_Initialize		CODE           	49EE	0000	116
		_PWM1_16BIT_LoadBufferRegisters		CODE           	53F0	0000	4
		_PWM1_16BIT_SetSlice1Output1DutyCycleRegister		CODE           	5292	0000	12
		_PWM1_16BIT_WritePeriodRegister		CODE           	5286	0000	12

mcc_generated_files/pwm1_16bit.c estimated size: 174

shared
		_FIFO          		SMALLCONST     	0000	0000	0
		_DLC_BYTES     		SMALLCONST     	2601	0000	9
		__initialization		CODE           	4D34	0000	66
		i2_CAN1_OperationModeGet		CODE           	53B0	0000	10

shared estimated size: 85

mcc_generated_files/mcc.c
		_PMD_Initialize		CODE           	50AE	0000	40
		_OSCILLATOR_Initialize		CODE           	51B2	0000	24
		_SYSTEM_Initialize		CODE           	4E2C	0000	50

mcc_generated_files/mcc.c estimated size: 114

C:\Program Files\Microchip\xc8\v2.31\pic\sources\c99\common\sprcmul.c
		___flmul       		CODE           	2ACE	0000	1102

C:\Program Files\Microchip\xc8\v2.31\pic\sources\c99\common\sprcmul.c estimated size: 1102

GPIO.c
		_GPIO_BrakePedalAtRest		CODE           	4DF8	0000	52
		_GPIO_PWM1_Control		CODE           	411A	0000	236
		_GPIO_PWM2_Control		CODE           	4206	0000	236
		_GPIO_Init     		CODE           	5144	0000	30

GPIO.c estimated size: 554

C:\Program Files\Microchip\xc8\v2.31\pic\sources\c99\common\lwdiv.c
		___lwdiv       		CODE           	4A62	0000	116

C:\Program Files\Microchip\xc8\v2.31\pic\sources\c99\common\lwdiv.c estimated size: 116

mcc_generated_files/tmr1.c
		_TMR1_Initialize		CODE           	4C50	0000	80
		_TMR1_SetInterruptHandler		CODE           	52C0	0000	10
		_TMR1_DefaultInterruptHandler		CODE           	53FE	0000	2
		_TMR1_CallBack 		CODE           	4F7C	0000	46
		_TMR1_WriteTimer		CODE           	4F4E	0000	46
		_TMR1_ISR      		CODE           	4668	0000	192

mcc_generated_files/tmr1.c estimated size: 376

C:\Program Files\Microchip\xc8\v2.31\pic\sources\c99\common\fltol.c
		___fltol       		CODE           	4014	0000	262

C:\Program Files\Microchip\xc8\v2.31\pic\sources\c99\common\fltol.c estimated size: 262

C:\Program Files\Microchip\xc8\v2.31\pic\sources\c99\common\memcpy.c
		_memcpy        		CODE           	4BA4	0000	90

C:\Program Files\Microchip\xc8\v2.31\pic\sources\c99\common\memcpy.c estimated size: 90

mcc_generated_files/delay.c
		_DELAY_milliseconds		CODE           	4FAA	0000	46

mcc_generated_files/delay.c estimated size: 46

C:\Program Files\Microchip\xc8\v2.31\pic\sources\c99\common\aldiv.c
		___aldiv       		CODE           	3DFE	0000	268

C:\Program Files\Microchip\xc8\v2.31\pic\sources\c99\common\aldiv.c estimated size: 268

C:\Program Files\Microchip\xc8\v2.31\pic\sources\c99\common\Umul16.c
		___wmul        		CODE           	505C	0000	42

C:\Program Files\Microchip\xc8\v2.31\pic\sources\c99\common\Umul16.c estimated size: 42

ANALOG.c
		_ANALOG_RedAll 		CODE           	4728	0000	172
		_ANALOG_GetVoltage		CODE           	2F1C	0000	712

ANALOG.c estimated size: 884

main.c
		_main          		CODE           	519A	0000	24

main.c estimated size: 24

SERVICEBRAKE.c
		_ETC_Move      		CODE           	4CEA	0000	74
		_SERVICEBRAKE_Move		CODE           	4CA0	0000	74

SERVICEBRAKE.c estimated size: 148

