Microchip MPLAB XC8 Compiler V2.32

Linker command line:

-W-3 --edf=C:\Program Files\Microchip\xc8\v2.32\pic\dat\en_msgs.txt \
  -pivt0x8=08h -cn -h+dist/default/production\ASB.X.production.sym \
  --cmf=dist/default/production\ASB.X.production.cmf -z -Q18F26Q84 \
  -oC:\Users\DAVIDJ\AppData\Local\Temp\xcAscrc.4 --defsym=__MPLAB_BUILD=1 \
  -Mdist/default/production/ASB.X.production.map -E1 -ver=XC8 Compiler \
  --acfsm=1493 -ASTACK=062Ah-025FFh -pstack=STACK -ACODE=00h-0FFFFh \
  -ACONST=00h-0FFFFh -ASMALLCONST=02600h-026FFhx218 \
  -AMEDIUMCONST=02600h-0FFFFh -ACOMRAM=0501h-055Fh -AABS1=0500h-025FFh \
  -ABIGRAM=0501h-025FFh -ARAM=0560h-05FFh,0600h-06FFhx32 \
  -ABANK5=0560h-05FFh -ABANK6=0600h-06FFh -ABANK7=0700h-07FFh \
  -ABANK8=0800h-08FFh -ABANK9=0900h-09FFh -ABANK10=0A00h-0AFFh \
  -ABANK11=0B00h-0BFFh -ABANK12=0C00h-0CFFh -ABANK13=0D00h-0DFFh \
  -ABANK14=0E00h-0EFFh -ABANK15=0F00h-0FFFh -ABANK16=01000h-010FFh \
  -ABANK17=01100h-011FFh -ABANK18=01200h-012FFh -ABANK19=01300h-013FFh \
  -ABANK20=01400h-014FFh -ABANK21=01500h-015FFh -ABANK22=01600h-016FFh \
  -ABANK23=01700h-017FFh -ABANK24=01800h-018FFh -ABANK25=01900h-019FFh \
  -ABANK26=01A00h-01AFFh -ABANK27=01B00h-01BFFh -ABANK28=01C00h-01CFFh \
  -ABANK29=01D00h-01DFFh -ABANK30=01E00h-01EFFh -ABANK31=01F00h-01FFFh \
  -ABANK32=02000h-020FFh -ABANK33=02100h-021FFh -ABANK34=02200h-022FFh \
  -ABANK35=02300h-023FFh -ABANK36=02400h-024FFh -ABANK37=02500h-025FFh \
  -ASFR=00h-0FFhx4,0400h-045Fh,0460h-04FFh -ACONFIG=0300000h-0300023h \
  -AIDLOC=0200000h-020001Fh -AEEDATA=0380000h-03803FFh -peeprom_data=EEDATA \
  -preset_vec=00h -ppowerup=CODE,init -pramtop=02600h \
  -psmallconst=SMALLCONST -pmediumconst=MEDIUMCONST -pconst=CONST \
  -AFARRAM=00h-00h \
  -prdata=COMRAM,nvrram=COMRAM,nvbit=COMRAM,rbss=COMRAM,rbit=COMRAM \
  -pfarbss=FARRAM,fardata=FARRAM,nvFARRAM=FARRAM \
  -pintsave_regs=BIGRAM,bigbss=BIGRAM,bigdata=BIGRAM -pbss=RAM \
  -pidata=CODE,irdata=CODE,ibigdata=CODE,ifardata=CODE -prparam=COMRAM \
  C:\Users\DAVIDJ\AppData\Local\Temp\xcAscrc.o \
  dist/default/production\ASB.X.production.o 

Object code version is 3.11

Machine type is 18F26Q84



                Name                               Link     Load   Length Selector   Space Scale
C:\Users\DAVIDJ\AppData\Local\Temp\xcAscrc.o
                idloc                            200000   200000       20        0       5
                config                           300000   300000       24        0       4
                init                                 1A       1A        4        4       0
                reset_vec                             0        0        4        0       0
dist/default/production\ASB.X.production.o
                idloc                            200000   200000       20        0       5
                config                           300000   300000       24        0       4
                smallconst                         2600     2600        E     1300       0
                ivt0x8                                8        8       12        4       0
                text119                            56C6     56C6        2     1307       0
                text118                            56C4     56C4        2     1307       0
                text117                            56C2     56C2        2     1307       0
                text116                            56C0     56C0        2     1307       0
                text115                            56BE     56BE        2     1307       0
                text114                            56BC     56BC        2     1307       0
                text113                            56BA     56BA        2     1307       0
                text112                            4174     4174      156     1307       0
                text111                            568C     568C        6     1307       0
                text110                            519A     519A       32     1307       0
                text109                            566C     566C        A     1307       0
                text108                            33DE     33DE      39A     1307       0
                text107                            2F90     2F90      44E     1307       0
                text106                            2AD0     2AD0      4C0     1307       0
                text105                            44E0     44E0      106     1307       0
                text104                            3FC0     3FC0      1B4     1307       0
                text103                            3BE4     3BE4      224     1307       0
                text102                            5168     5168       32     1307       0
                text101                            56B8     56B8        2     1307       0
                text100                            5136     5136       32     1307       0
                text99                             567E     567E        8     1307       0
                text98                             56B6     56B6        2     1307       0
                text97                             52B4     52B4       2E     1307       0
                text96                             5676     5676        8     1307       0
                text95                             4E78     4E78       62     1307       0
                text94                             54DA     54DA       16     1307       0
                text93                             54C4     54C4       16     1307       0
                text92                             5436     5436       1A     1307       0
                text91                             54AE     54AE       16     1307       0
                text90                             5480     5480       18     1307       0
                text89                             5662     5662        A     1307       0
                text88                             496C     496C       D8     1307       0
                text87                             4F92     4F92       5A     1307       0
                text86                             3778     3778      246     1307       0
                text85                             50C6     50C6       3E     1307       0
                text84                             4B9A     4B9A       94     1307       0
                text83                             5388     5388       28     1307       0
                text82                             45E6     45E6       E8     1307       0
                text81                             5088     5088       3E     1307       0
                text80                             56B4     56B4        2     1307       0
                text79                             56B2     56B2        2     1307       0
                text78                             53B0     53B0       24     1307       0
                text77                             56B0     56B0        2     1307       0
                text76                             56AE     56AE        2     1307       0
                text75                             56AC     56AC        2     1307       0
                text74                             5286     5286       2E     1307       0
                text73                             5258     5258       2E     1307       0
                text72                             4A44     4A44       BE     1307       0
                text71                             56AA     56AA        2     1307       0
                text70                             56A8     56A8        2     1307       0
                text69                             522A     522A       2E     1307       0
                text68                             555C     555C        C     1307       0
                text67                             46CE     46CE       E6     1307       0
                text66                             56A2     56A2        4     1307       0
                text65                             5542     5542        E     1307       0
                text64                             5534     5534        E     1307       0
                text63                             42CA     42CA      10E     1307       0
                text62                             260E     260E      4C2     1307       0
                text61                             43D8     43D8      108     1307       0
                text60                             4CA8     4CA8       76     1307       0
                text59                             52E2     52E2       2C     1307       0
                text58                             3E08     3E08      1B8     1307       0
                text57                             4890     4890       DC     1307       0
                text56                             569E     569E        4     1307       0
                text55                             569A     569A        4     1307       0
                text54                             4F36     4F36       5C     1307       0
                text53                             5550     5550        C     1307       0
                text52                             5418     5418       1E     1307       0
                text51                             5696     5696        4     1307       0
                text50                             5526     5526        E     1307       0
                text49                             5518     5518        E     1307       0
                text48                             47B4     47B4       DC     1307       0
                text47                             5468     5468       18     1307       0
                text46                             5658     5658        A     1307       0
                text45                             564E     564E        A     1307       0
                text44                             5644     5644        A     1307       0
                text43                             563A     563A        A     1307       0
                text42                             5630     5630        A     1307       0
                text41                             5626     5626        A     1307       0
                text40                             39BE     39BE      226     1307       0
                text39                             5504     5504       14     1307       0
                text38                             561C     561C        A     1307       0
                text37                             5612     5612        A     1307       0
                text36                             5608     5608        A     1307       0
                text35                             55FE     55FE        A     1307       0
                text34                             55F4     55F4        A     1307       0
                text33                             55EA     55EA        A     1307       0
                text32                             55E0     55E0        A     1307       0
                text31                             4C2E     4C2E       7A     1307       0
                text30                             55D6     55D6        A     1307       0
                text29                             4B02     4B02       98     1307       0
                text28                             55CC     55CC        A     1307       0
                text27                             530E     530E       2A     1307       0
                text26                             53F6     53F6       22     1307       0
                text25                             51FC     51FC       2E     1307       0
                text24                             54F0     54F0       14     1307       0
                text23                             4EDA     4EDA       5C     1307       0
                text22                             55C2     55C2        A     1307       0
                text21                             5498     5498       16     1307       0
                text20                             5692     5692        4     1307       0
                text19                             5450     5450       18     1307       0
                text18                             4E06     4E06       72     1307       0
                text17                             5360     5360       28     1307       0
                text16                             55B8     55B8        A     1307       0
                text15                             55AE     55AE        A     1307       0
                text14                             55A4     55A4        A     1307       0
                text13                             4D92     4D92       74     1307       0
                text12                             559A     559A        A     1307       0
                text11                             5590     5590        A     1307       0
                text10                             5586     5586        A     1307       0
                text9                              4D1E     4D1E       74     1307       0
                text8                              557C     557C        A     1307       0
                text7                              5338     5338       28     1307       0
                text6                              5572     5572        A     1307       0
                text5                              5040     5040       48     1307       0
                text4                              5568     5568        A     1307       0
                text3                              51CC     51CC       30     1307       0
                text2                              5104     5104       32     1307       0
                text1                              5686     5686        6     1307       0
                text0                              53D4     53D4       22     1307       0
                cstackCOMRAM                        501      501       4E      501       1
                cstackBANK5                         5B9      5B9       43      560       1
                bssBANK6                            61A      61A       10      600       1
                dataBANK5                           5FE      5FE        2      560       1
                bssBANK5                            560      560       59      560       1
                bssCOMRAM                           54F      54F        F      501       1
                cinit                              4FEC     4FEC       54     1307       0
                nvBANK6                             600      600       1A      600       1
                nvBANK5                             5FC      5FC        2      560       1
                idataBANK5                         56A6     56A6        2     1307       0

TOTAL           Name                               Link     Load   Length     Space
        CLASS   STACK          

        CLASS   CODE           
                init                                 1A       1A        4         0
                reset_vec                             0        0        4         0
                ivt0x8                                8        8       12         0
                text119                            56C6     56C6        2         0
                text118                            56C4     56C4        2         0
                text117                            56C2     56C2        2         0
                text116                            56C0     56C0        2         0
                text115                            56BE     56BE        2         0
                text114                            56BC     56BC        2         0
                text113                            56BA     56BA        2         0
                text112                            4174     4174      156         0
                text111                            568C     568C        6         0
                text110                            519A     519A       32         0
                text109                            566C     566C        A         0
                text108                            33DE     33DE      39A         0
                text107                            2F90     2F90      44E         0
                text106                            2AD0     2AD0      4C0         0
                text105                            44E0     44E0      106         0
                text104                            3FC0     3FC0      1B4         0
                text103                            3BE4     3BE4      224         0
                text102                            5168     5168       32         0
                text101                            56B8     56B8        2         0
                text100                            5136     5136       32         0
                text99                             567E     567E        8         0
                text98                             56B6     56B6        2         0
                text97                             52B4     52B4       2E         0
                text96                             5676     5676        8         0
                text95                             4E78     4E78       62         0
                text94                             54DA     54DA       16         0
                text93                             54C4     54C4       16         0
                text92                             5436     5436       1A         0
                text91                             54AE     54AE       16         0
                text90                             5480     5480       18         0
                text89                             5662     5662        A         0
                text88                             496C     496C       D8         0
                text87                             4F92     4F92       5A         0
                text86                             3778     3778      246         0
                text85                             50C6     50C6       3E         0
                text84                             4B9A     4B9A       94         0
                text83                             5388     5388       28         0
                text82                             45E6     45E6       E8         0
                text81                             5088     5088       3E         0
                text80                             56B4     56B4        2         0
                text79                             56B2     56B2        2         0
                text78                             53B0     53B0       24         0
                text77                             56B0     56B0        2         0
                text76                             56AE     56AE        2         0
                text75                             56AC     56AC        2         0
                text74                             5286     5286       2E         0
                text73                             5258     5258       2E         0
                text72                             4A44     4A44       BE         0
                text71                             56AA     56AA        2         0
                text70                             56A8     56A8        2         0
                text69                             522A     522A       2E         0
                text68                             555C     555C        C         0
                text67                             46CE     46CE       E6         0
                text66                             56A2     56A2        4         0
                text65                             5542     5542        E         0
                text64                             5534     5534        E         0
                text63                             42CA     42CA      10E         0
                text62                             260E     260E      4C2         0
                text61                             43D8     43D8      108         0
                text60                             4CA8     4CA8       76         0
                text59                             52E2     52E2       2C         0
                text58                             3E08     3E08      1B8         0
                text57                             4890     4890       DC         0
                text56                             569E     569E        4         0
                text55                             569A     569A        4         0
                text54                             4F36     4F36       5C         0
                text53                             5550     5550        C         0
                text52                             5418     5418       1E         0
                text51                             5696     5696        4         0
                text50                             5526     5526        E         0
                text49                             5518     5518        E         0
                text48                             47B4     47B4       DC         0
                text47                             5468     5468       18         0
                text46                             5658     5658        A         0
                text45                             564E     564E        A         0
                text44                             5644     5644        A         0
                text43                             563A     563A        A         0
                text42                             5630     5630        A         0
                text41                             5626     5626        A         0
                text40                             39BE     39BE      226         0
                text39                             5504     5504       14         0
                text38                             561C     561C        A         0
                text37                             5612     5612        A         0
                text36                             5608     5608        A         0
                text35                             55FE     55FE        A         0
                text34                             55F4     55F4        A         0
                text33                             55EA     55EA        A         0
                text32                             55E0     55E0        A         0
                text31                             4C2E     4C2E       7A         0
                text30                             55D6     55D6        A         0
                text29                             4B02     4B02       98         0
                text28                             55CC     55CC        A         0
                text27                             530E     530E       2A         0
                text26                             53F6     53F6       22         0
                text25                             51FC     51FC       2E         0
                text24                             54F0     54F0       14         0
                text23                             4EDA     4EDA       5C         0
                text22                             55C2     55C2        A         0
                text21                             5498     5498       16         0
                text20                             5692     5692        4         0
                text19                             5450     5450       18         0
                text18                             4E06     4E06       72         0
                text17                             5360     5360       28         0
                text16                             55B8     55B8        A         0
                text15                             55AE     55AE        A         0
                text14                             55A4     55A4        A         0
                text13                             4D92     4D92       74         0
                text12                             559A     559A        A         0
                text11                             5590     5590        A         0
                text10                             5586     5586        A         0
                text9                              4D1E     4D1E       74         0
                text8                              557C     557C        A         0
                text7                              5338     5338       28         0
                text6                              5572     5572        A         0
                text5                              5040     5040       48         0
                text4                              5568     5568        A         0
                text3                              51CC     51CC       30         0
                text2                              5104     5104       32         0
                text1                              5686     5686        6         0
                text0                              53D4     53D4       22         0
                cinit                              4FEC     4FEC       54         0
                idataBANK5                         56A6     56A6        2         0

        CLASS   CONST          

        CLASS   SMALLCONST     
                smallconst                         2600     2600        E         0

        CLASS   MEDIUMCONST    

        CLASS   COMRAM         
                cstackCOMRAM                        501      501       4E         1
                bssCOMRAM                           54F      54F        F         1

        CLASS   ABS1           

        CLASS   BIGRAM         

        CLASS   RAM            

        CLASS   BANK5          
                cstackBANK5                         5B9      5B9       43         1
                dataBANK5                           5FE      5FE        2         1
                bssBANK5                            560      560       59         1
                nvBANK5                             5FC      5FC        2         1

        CLASS   BANK6          
                bssBANK6                            61A      61A       10         1
                nvBANK6                             600      600       1A         1

        CLASS   BANK7          

        CLASS   BANK8          

        CLASS   BANK9          

        CLASS   BANK10         

        CLASS   BANK11         

        CLASS   BANK12         

        CLASS   BANK13         

        CLASS   BANK14         

        CLASS   BANK15         

        CLASS   BANK16         

        CLASS   BANK17         

        CLASS   BANK18         

        CLASS   BANK19         

        CLASS   BANK20         

        CLASS   BANK21         

        CLASS   BANK22         

        CLASS   BANK23         

        CLASS   BANK24         

        CLASS   BANK25         

        CLASS   BANK26         

        CLASS   BANK27         

        CLASS   BANK28         

        CLASS   BANK29         

        CLASS   BANK30         

        CLASS   BANK31         

        CLASS   BANK32         

        CLASS   BANK33         

        CLASS   BANK34         

        CLASS   BANK35         

        CLASS   BANK36         

        CLASS   BANK37         

        CLASS   SFR            

        CLASS   CONFIG         
                config                           300000   300000       24         4

        CLASS   IDLOC          
                idloc                            200000   200000       20         5

        CLASS   EEDATA         

        CLASS   FARRAM         



SEGMENTS        Name                           Load    Length   Top    Selector   Space  Class

                reset_vec                      000000  000004  000004         0       0  CODE    
                ivt0x8                         000008  000016  00001E         4       0  CODE    
                cstackCOMRAM                   000501  00005D  00055E       501       1  COMRAM  
                bssBANK5                       000560  0000A0  000600       560       1  BANK5   
                nvBANK6                        000600  00002A  00062A       600       1  BANK6   
                smallconst                     002600  00000E  00260E      1300       0  SMALLCON
                text62                         00260E  0030BA  0056C8      1307       0  CODE    


UNUSED ADDRESS RANGES

        Name                Unused          Largest block    Delta
        BANK10           000A00-000AFF              100
        BANK11           000B00-000BFF              100
        BANK12           000C00-000CFF              100
        BANK13           000D00-000DFF              100
        BANK14           000E00-000EFF              100
        BANK15           000F00-000FFF              100
        BANK16           001000-0010FF              100
        BANK17           001100-0011FF              100
        BANK18           001200-0012FF              100
        BANK19           001300-0013FF              100
        BANK20           001400-0014FF              100
        BANK21           001500-0015FF              100
        BANK22           001600-0016FF              100
        BANK23           001700-0017FF              100
        BANK24           001800-0018FF              100
        BANK25           001900-0019FF              100
        BANK26           001A00-001AFF              100
        BANK27           001B00-001BFF              100
        BANK28           001C00-001CFF              100
        BANK29           001D00-001DFF              100
        BANK30           001E00-001EFF              100
        BANK31           001F00-001FFF              100
        BANK32           002000-0020FF              100
        BANK33           002100-0021FF              100
        BANK34           002200-0022FF              100
        BANK35           002300-0023FF              100
        BANK36           002400-0024FF              100
        BANK37           002500-0025FF              100
        BANK6            00062A-0006FF               D6
        BANK7            000700-0007FF              100
        BANK8            000800-0008FF              100
        BANK9            000900-0009FF              100
        BIGRAM           00055E-00055F                2
                         00062A-0025FF             1FD6
        CODE             000004-000007                4
                         00001E-0025FF             25E2
                         0056C8-00FFFF             A938
        COMRAM           00055E-00055F                2
        CONST            000004-000007                4
                         00001E-0025FF             25E2
                         0056C8-00FFFF             A938
        EEDATA           380000-3803FF              400
        MEDIUMCONST      0056C8-00FFFF             A938
        RAM              00062A-0025FF              100
        SFR              000000-0004FF              100
        SMALLCONST       0056C8-00FFFF              100
        STACK            00062A-0025FF             1FD6

                                  Symbol Table

?_ADC_GetSingleConversion                                     cstackCOMRAM 000501
?___aldiv                                                     cstackBANK5  0005B9
?___fladd                                                     cstackBANK5  0005D5
?___fldiv                                                     cstackCOMRAM 00050F
?___flmul                                                     cstackCOMRAM 00050F
?___fltol                                                     cstackBANK5  0005E5
?___lwdiv                                                     cstackBANK5  0005B9
?___wmul                                                      cstackBANK5  0005C0
?___xxtofl                                                    cstackBANK5  0005C7
?i2___fladd                                                   cstackCOMRAM 000528
?i2___fltol                                                   cstackCOMRAM 000538
?i2___xxtofl                                                  cstackCOMRAM 000501
ADC_GetSingleConversion@channel                               cstackCOMRAM 000505
ADC_SelectContext@context                                     cstackCOMRAM 000501
ADC_SetADIInterruptHandler@InterruptHandler                   cstackBANK5  0005B9
ADC_SetActiveClockTuningInterruptHandler@InterruptHandler     cstackBANK5  0005B9
ADC_SetContext1ThresholdInterruptHandler@InterruptHandler     cstackBANK5  0005B9
ADC_SetContext2ThresholdInterruptHandler@InterruptHandler     cstackBANK5  0005B9
ADC_SetContext3ThresholdInterruptHandler@InterruptHandler     cstackBANK5  0005B9
ADC_SetContext4ThresholdInterruptHandler@InterruptHandler     cstackBANK5  0005B9
ANALOG_GetVoltage@ucEntradaAnalogica                          cstackCOMRAM 000544
ANALOG_GetVoltage@ucFlag                                      cstackCOMRAM 000549
ANALOG_GetVoltage@uiValorAnalog                               cstackCOMRAM 000547
ANALOG_GetVoltage@uiValorVoltage                              cstackCOMRAM 000545
CAN1_OperationModeSet@opMode                                  cstackBANK5  0005B9
CAN1_OperationModeSet@requestMode                             cstackBANK5  0005BB
CAN1_OperationModeSet@status                                  cstackBANK5  0005BA
CAN1_RX_FIFO_ResetInfo@index                                  cstackBANK5  0005B9
CAN1_SetBusErrorInterruptHandler@handler                      cstackBANK5  0005B9
CAN1_SetBusWakeUpActivityInterruptHandler@handler             cstackBANK5  0005B9
CAN1_SetFIFO1NotEmptyHandler@handler                          cstackBANK5  0005B9
CAN1_SetInvalidMessageInterruptHandler@handler                cstackBANK5  0005B9
CAN1_SetModeChangeInterruptHandler@handler                    cstackBANK5  0005B9
CAN1_SetRxBufferOverFlowInterruptHandler@handler              cstackBANK5  0005B9
CAN1_SetSystemErrorInterruptHandler@handler                   cstackBANK5  0005B9
CAN1_SetTxAttemptInterruptHandler@handler                     cstackBANK5  0005B9
CAN1_Transmit@fifoChannel                                     cstackCOMRAM 00051C
CAN1_Transmit@status                                          cstackCOMRAM 000519
CAN1_Transmit@txCanMsg                                        cstackCOMRAM 000517
CAN1_Transmit@txFifoObj                                       cstackCOMRAM 00051A
CAN1_TransmitFIFOStatusGet@fifoChannel                        cstackCOMRAM 000504
CAN1_TransmitFIFOStatusGet@status                             cstackCOMRAM 000503
CANWriteMessage@data1                                         cstackCOMRAM 000522
CANWriteMessage@data2                                         cstackCOMRAM 000523
CANWriteMessage@data3                                         cstackCOMRAM 000524
CANWriteMessage@data4                                         cstackCOMRAM 000525
CANWriteMessage@data5                                         cstackCOMRAM 000526
CANWriteMessage@data6                                         cstackCOMRAM 000527
CANWriteMessage@data7                                         cstackCOMRAM 000528
CANWriteMessage@data8                                         cstackCOMRAM 000529
CANWriteMessage@dataLength                                    cstackCOMRAM 000521
CANWriteMessage@id                                            cstackCOMRAM 00051D
EBS_Watchdog@ucWDState                                        cstackBANK5  0005FB
GPIO_PWM1_Control@uiConvertedDC                               cstackBANK5  0005F7
GPIO_PWM1_Control@uiConvertedPeriod                           cstackBANK5  0005F5
GPIO_PWM1_Control@uiDutyCycle                                 cstackBANK5  0005EF
GPIO_PWM1_Control@uiFreq                                      cstackBANK5  0005F1
GPIO_PWM2_Control@uiConvertedDC                               cstackBANK5  0005F7
GPIO_PWM2_Control@uiConvertedPeriod                           cstackBANK5  0005F5
GPIO_PWM2_Control@uiDutyCycle                                 cstackBANK5  0005EF
GPIO_PWM2_Control@uiFreq                                      cstackBANK5  0005F1
GetTxFifoStatus@validChannel                                  cstackCOMRAM 000501
INT0_SetInterruptHandler@InterruptHandler                     cstackBANK5  0005B9
IVTBASEH                                                      (abs)        00045E
IVTBASEL                                                      (abs)        00045D
IVTBASEU                                                      (abs)        00045F
PWM1_16BIT_Period_SetInterruptHandler@InterruptHandler        cstackBANK5  0005B9
PWM1_16BIT_SetSlice1Output1DutyCycleRegister@registerValue    cstackBANK5  0005B9
PWM1_16BIT_Slice1Output1_SetInterruptHandler@InterruptHandler cstackBANK5  0005B9
PWM1_16BIT_Slice1Output2_SetInterruptHandler@InterruptHandler cstackBANK5  0005B9
PWM1_16BIT_WritePeriodRegister@periodCount                    cstackBANK5  0005B9
PWM2_16BIT_Period_SetInterruptHandler@InterruptHandler        cstackBANK5  0005B9
PWM2_16BIT_SetSlice1Output1DutyCycleRegister@registerValue    cstackBANK5  0005B9
PWM2_16BIT_Slice1Output1_SetInterruptHandler@InterruptHandler cstackBANK5  0005B9
PWM2_16BIT_Slice1Output2_SetInterruptHandler@InterruptHandler cstackBANK5  0005B9
PWM2_16BIT_WritePeriodRegister@periodCount                    cstackBANK5  0005B9
TMR0_SetInterruptHandler@InterruptHandler                     cstackBANK5  0005B9
TMR1_SetInterruptHandler@InterruptHandler                     cstackBANK5  0005B9
TMR1_WriteTimer@timerVal                                      cstackCOMRAM 000501
TMR2_SetInterruptHandler@InterruptHandler                     cstackBANK5  0005B9
ValidateTransmission@field                                    cstackCOMRAM 000509
ValidateTransmission@txCanMsg                                 cstackCOMRAM 000502
ValidateTransmission@txMsgStatus                              cstackCOMRAM 000508
ValidateTransmission@validChannel                             cstackCOMRAM 000507
WriteMessageToFifo@msgId                                      cstackCOMRAM 000513
WriteMessageToFifo@status                                     cstackCOMRAM 000512
WriteMessageToFifo@txCanMsg                                   cstackCOMRAM 00050E
WriteMessageToFifo@txFifoObj                                  cstackCOMRAM 00050C
_ADACCH                                                       (abs)        0003E4
_ADACCL                                                       (abs)        0003E3
_ADACCU                                                       (abs)        0003E5
_ADACQH                                                       (abs)        0003EF
_ADACQL                                                       (abs)        0003EE
_ADACT                                                        (abs)        0003F9
_ADACTPPS                                                     (abs)        000269
_ADCAP                                                        (abs)        0003F0
_ADCLK                                                        (abs)        0003FA
_ADCNT                                                        (abs)        0003E6
_ADCON0                                                       (abs)        0003F3
_ADCON0bits                                                   (abs)        0003F3
_ADCON1                                                       (abs)        0003F4
_ADCON1bits                                                   (abs)        0003F4
_ADCON2                                                       (abs)        0003F5
_ADCON2bits                                                   (abs)        0003F5
_ADCON3                                                       (abs)        0003F6
_ADCON3bits                                                   (abs)        0003F6
_ADCP                                                         (abs)        0003D8
_ADCPbits                                                     (abs)        0003D8
_ADCSEL1                                                      (abs)        0003FC
_ADCSEL1bits                                                  (abs)        0003FC
_ADCSEL2                                                      (abs)        0003FD
_ADCSEL2bits                                                  (abs)        0003FD
_ADCSEL3                                                      (abs)        0003FE
_ADCSEL3bits                                                  (abs)        0003FE
_ADCSEL4                                                      (abs)        0003FF
_ADCSEL4bits                                                  (abs)        0003FF
_ADCTX                                                        (abs)        0003FB
_ADC_ActiveClockTuning_ISR                                    nvBANK6      00060C
_ADC_Context1Thereshld_ISR                                    nvBANK6      000614
_ADC_Context2Thereshld_ISR                                    nvBANK6      000612
_ADC_Context3Thereshld_ISR                                    nvBANK6      000610
_ADC_Context4Thereshld_ISR                                    nvBANK6      00060E
_ADC_ConversionComplete_ISR                                   nvBANK6      000616
_ADC_DefaultADI_ISR                                           (abs)        000000
_ADC_DefaultActiveClockTuning_ISR                             (abs)        000000
_ADC_DefaultContext1Threshold_ISR                             (abs)        000000
_ADC_DefaultContext2Threshold_ISR                             (abs)        000000
_ADC_DefaultContext3Threshold_ISR                             (abs)        000000
_ADC_DefaultContext4Threshold_ISR                             (abs)        000000
_ADC_DisableChannelSequencer                                  text111      00568C
_ADC_GetSingleConversion                                      text110      00519A
_ADC_Initialize                                               text40       0039BE
_ADC_SelectContext                                            text109      00566C
_ADC_SetADIInterruptHandler                                   text46       005658
_ADC_SetActiveClockTuningInterruptHandler                     text45       00564E
_ADC_SetContext1ThresholdInterruptHandler                     text44       005644
_ADC_SetContext2ThresholdInterruptHandler                     text43       00563A
_ADC_SetContext3ThresholdInterruptHandler                     text42       005630
_ADC_SetContext4ThresholdInterruptHandler                     text41       005626
_ADERRH                                                       (abs)        0003DE
_ADERRL                                                       (abs)        0003DD
_ADFLTRH                                                      (abs)        0003E2
_ADFLTRL                                                      (abs)        0003E1
_ADLTHH                                                       (abs)        0003DA
_ADLTHL                                                       (abs)        0003D9
_ADPCH                                                        (abs)        0003EC
_ADPREH                                                       (abs)        0003F2
_ADPREL                                                       (abs)        0003F1
_ADPREVH                                                      (abs)        0003E9
_ADPREVL                                                      (abs)        0003E8
_ADREF                                                        (abs)        0003F8
_ADRESH                                                       (abs)        0003EB
_ADRESL                                                       (abs)        0003EA
_ADRPT                                                        (abs)        0003E7
_ADSTAT                                                       (abs)        0003F7
_ADSTATbits                                                   (abs)        0003F7
_ADSTPTH                                                      (abs)        0003E0
_ADSTPTL                                                      (abs)        0003DF
_ADUTHH                                                       (abs)        0003DC
_ADUTHL                                                       (abs)        0003DB
_ANALOG_GetVoltage                                            text103      003BE4
_ANALOG_RedAll                                                text95       004E78
_ANSELA                                                       (abs)        000400
_ANSELAbits                                                   (abs)        000400
_ANSELB                                                       (abs)        000408
_ANSELC                                                       (abs)        000410
_ANSELCbits                                                   (abs)        000410
_C1CONH                                                       (abs)        000101
_C1CONHbits                                                   (abs)        000101
_C1CONL                                                       (abs)        000100
_C1CONTbits                                                   (abs)        000103
_C1CONU                                                       (abs)        000102
_C1CONUbits                                                   (abs)        000102
_C1FIFOBA                                                     (abs)        00014C
_C1FIFOCON1H                                                  (abs)        00015D
_C1FIFOCON1L                                                  (abs)        00015C
_C1FIFOCON1T                                                  (abs)        00015F
_C1FIFOCON1U                                                  (abs)        00015E
_C1FIFOSTA1Lbits                                              (abs)        000160
_C1FLTCON0H                                                   (abs)        000181
_C1FLTOBJ1H                                                   (abs)        000195
_C1FLTOBJ1L                                                   (abs)        000194
_C1FLTOBJ1T                                                   (abs)        000197
_C1FLTOBJ1U                                                   (abs)        000196
_C1INTH                                                       (abs)        00011D
_C1INTHbits                                                   (abs)        00011D
_C1INTL                                                       (abs)        00011C
_C1INTLbits                                                   (abs)        00011C
_C1INTT                                                       (abs)        00011F
_C1INTTbits                                                   (abs)        00011F
_C1INTU                                                       (abs)        00011E
_C1INTUbits                                                   (abs)        00011E
_C1MASK1H                                                     (abs)        000199
_C1MASK1L                                                     (abs)        000198
_C1MASK1T                                                     (abs)        00019B
_C1MASK1U                                                     (abs)        00019A
_C1NBTCFGH                                                    (abs)        000105
_C1NBTCFGL                                                    (abs)        000104
_C1NBTCFGT                                                    (abs)        000107
_C1NBTCFGU                                                    (abs)        000106
_C1TRECUbits                                                  (abs)        000136
_C1TXQCONH                                                    (abs)        000151
_C1TXQCONL                                                    (abs)        000150
_C1TXQCONT                                                    (abs)        000153
_C1TXQCONU                                                    (abs)        000152
_C1TXQSTALbits                                                (abs)        000154
_CAN1_BitRateConfiguration                                    text39       005504
_CAN1_BusErrorHandler                                         bssBANK5     000586
_CAN1_BusWakeUpActivityHandler                                bssBANK5     000588
_CAN1_ErrorNotificationInterruptEnable                        text31       004C2E
_CAN1_FIFO1NotEmptyHandler                                    bssBANK5     00058C
_CAN1_ISR                                                     text112      004174
_CAN1_Initialize                                              text23       004EDA
_CAN1_InvalidMessageHandler                                   bssBANK5     00058A
_CAN1_IsBusOff                                                text94       0054DA
_CAN1_IsTxErrorActive                                         text92       005436
_CAN1_IsTxErrorPassive                                        text93       0054C4
_CAN1_IsTxErrorWarning                                        text91       0054AE
_CAN1_ModeChangeHandler                                       bssBANK5     000584
_CAN1_OperationModeGet                                        text30       0055D6
_CAN1_OperationModeSet                                        text29       004B02
_CAN1_RX_FIFO_Configuration                                   text27       00530E
_CAN1_RX_FIFO_FilterMaskConfiguration                         text26       0053F6
_CAN1_RX_FIFO_ResetInfo                                       text25       0051FC
_CAN1_RxBufferOverflowHandler                                 bssBANK5     00057E
_CAN1_SetBusErrorInterruptHandler                             text38       00561C
_CAN1_SetBusWakeUpActivityInterruptHandler                    text37       005612
_CAN1_SetFIFO1NotEmptyHandler                                 text28       0055CC
_CAN1_SetInvalidMessageInterruptHandler                       text36       005608
_CAN1_SetModeChangeInterruptHandler                           text35       0055FE
_CAN1_SetRxBufferOverFlowInterruptHandler                     text34       0055F4
_CAN1_SetSystemErrorInterruptHandler                          text33       0055EA
_CAN1_SetTxAttemptInterruptHandler                            text32       0055E0
_CAN1_SystemErrorHandler                                      bssBANK5     000582
_CAN1_TX_FIFO_Configuration                                   text24       0054F0
_CAN1_Transmit                                                text84       004B9A
_CAN1_TransmitFIFOStatusGet                                   text83       005388
_CAN1_TxAttemptHandler                                        bssBANK5     000580
_CANDATAdata                                                  bssBANK6     00061A
_CANRXPPS                                                     (abs)        00023D
_CANWriteMessage                                              text82       0045E6
_DLC_BYTES                                                    smallconst   002601
_DefaultBusErrorHandler                                       text119      0056C6
_DefaultBusWakeUpActivityHandler                              text118      0056C4
_DefaultFIFO1NotEmptyHandler                                  (abs)        000000
_DefaultInvalidMessageHandler                                 text117      0056C2
_DefaultModeChangeHandler                                     text116      0056C0
_DefaultRxBufferOverflowHandler                               text115      0056BE
_DefaultSystemErrorHandler                                    text114      0056BC
_DefaultTxAttemptHandler                                      text113      0056BA
_EBS_Init                                                     text53       005550
_EBS_Watchdog                                                 text54       004F36
_EXT_INT_Initialize                                           text21       005498
_GPIO_BrakePedalAtRest                                        text102      005168
_GPIO_Init                                                    text52       005418
_GPIO_PWM1_Control                                            text48       0047B4
_GPIO_PWM2_Control                                            text57       004890
_GetTxFifoStatus                                              text90       005480
_HDRPRES_max                                                  bssCOMRAM    000552
_HDRPRES_min                                                  bssCOMRAM    000553
_INLVLA                                                       (abs)        000404
_INLVLB                                                       (abs)        00040C
_INLVLC                                                       (abs)        000414
_INLVLE                                                       (abs)        000424
_INT0PPS                                                      (abs)        00023E
_INT0_CallBack                                                text100      005136
_INT0_DefaultInterruptHandler                                 text101      0056B8
_INT0_ISR                                                     text99       00567E
_INT0_InterruptHandler                                        nvBANK6      000618
_INT0_SetInterruptHandler                                     text22       0055C2
_INTCON0bits                                                  (abs)        0004D6
_INTERRUPT_Initialize                                         text20       005692
_INTERRUPT_InterruptManager                                   text67       0046CE
_LATA                                                         (abs)        0004BE
_LATAbits                                                     (abs)        0004BE
_LATB                                                         (abs)        0004BF
_LATBbits                                                     (abs)        0004BF
_LATC                                                         (abs)        0004C0
_NPRES_max                                                    bssBANK5     000594
_NPRES_min                                                    bssCOMRAM    000551
_ODCONA                                                       (abs)        000402
_ODCONB                                                       (abs)        00040A
_ODCONC                                                       (abs)        000412
_OSCCON1                                                      (abs)        0000AD
_OSCCON3                                                      (abs)        0000AF
_OSCEN                                                        (abs)        0000B3
_OSCFRQ                                                       (abs)        0000B1
_OSCILLATOR_Initialize                                        text19       005450
_OSCTUNE                                                      (abs)        0000B0
_PIE0bits                                                     (abs)        00049E
_PIE1bits                                                     (abs)        00049F
_PIE3bits                                                     (abs)        0004A1
_PIE4bits                                                     (abs)        0004A2
_PIE5bits                                                     (abs)        0004A3
_PIN_MANAGER_Initialize                                       text18       004E06
_PIR0bits                                                     (abs)        0004AE
_PIR1bits                                                     (abs)        0004AF
_PIR2bits                                                     (abs)        0004B0
_PIR3bits                                                     (abs)        0004B1
_PIR4bits                                                     (abs)        0004B2
_PIR5bits                                                     (abs)        0004B3
_PMD0                                                         (abs)        000060
_PMD1                                                         (abs)        000061
_PMD2                                                         (abs)        000062
_PMD3                                                         (abs)        000063
_PMD4                                                         (abs)        000064
_PMD5                                                         (abs)        000065
_PMD6                                                         (abs)        000066
_PMD7                                                         (abs)        000067
_PMD8                                                         (abs)        000068
_PMD_Initialize                                               text17       005360
_PORTAbits                                                    (abs)        0004CE
_PORTCbits                                                    (abs)        0004D0
_PR2                                                          (abs)        000323
_PWM1CLK                                                      (abs)        000461
_PWM1CON                                                      (abs)        000469
_PWM1CONbits                                                  (abs)        000469
_PWM1CPRE                                                     (abs)        000465
_PWM1ERS                                                      (abs)        000460
_PWM1GIE                                                      (abs)        000468
_PWM1GIEbits                                                  (abs)        000468
_PWM1GIR                                                      (abs)        000467
_PWM1GIRbits                                                  (abs)        000467
_PWM1LDS                                                      (abs)        000462
_PWM1PIPOS                                                    (abs)        000466
_PWM1PRH                                                      (abs)        000464
_PWM1PRL                                                      (abs)        000463
_PWM1S1CFG                                                    (abs)        00046A
_PWM1S1P1H                                                    (abs)        00046C
_PWM1S1P1L                                                    (abs)        00046B
_PWM1S1P2H                                                    (abs)        00046E
_PWM1S1P2L                                                    (abs)        00046D
_PWM1_16BIT_Initialize                                        text13       004D92
_PWM1_16BIT_LoadBufferRegisters                               text51       005696
_PWM1_16BIT_Period_DefaultInterruptHandler                    (abs)        000000
_PWM1_16BIT_Period_InterruptHandler                           bssBANK5     00058E
_PWM1_16BIT_Period_SetInterruptHandler                        text16       0055B8
_PWM1_16BIT_SetSlice1Output1DutyCycleRegister                 text50       005526
_PWM1_16BIT_Slice1Output1_DefaultInterruptHandler             (abs)        000000
_PWM1_16BIT_Slice1Output1_InterruptHandler                    bssBANK5     000592
_PWM1_16BIT_Slice1Output1_SetInterruptHandler                 text15       0055AE
_PWM1_16BIT_Slice1Output2_DefaultInterruptHandler             (abs)        000000
_PWM1_16BIT_Slice1Output2_InterruptHandler                    bssBANK5     000590
_PWM1_16BIT_Slice1Output2_SetInterruptHandler                 text14       0055A4
_PWM1_16BIT_WritePeriodRegister                               text49       005518
_PWM2CLK                                                      (abs)        000470
_PWM2CON                                                      (abs)        000478
_PWM2CONbits                                                  (abs)        000478
_PWM2CPRE                                                     (abs)        000474
_PWM2ERS                                                      (abs)        00046F
_PWM2GIE                                                      (abs)        000477
_PWM2GIEbits                                                  (abs)        000477
_PWM2GIR                                                      (abs)        000476
_PWM2GIRbits                                                  (abs)        000476
_PWM2LDS                                                      (abs)        000471
_PWM2PIPOS                                                    (abs)        000475
_PWM2PRH                                                      (abs)        000473
_PWM2PRL                                                      (abs)        000472
_PWM2S1CFG                                                    (abs)        000479
_PWM2S1P1H                                                    (abs)        00047B
_PWM2S1P1L                                                    (abs)        00047A
_PWM2S1P2H                                                    (abs)        00047D
_PWM2S1P2L                                                    (abs)        00047C
_PWM2_16BIT_Disable                                           text56       00569E
_PWM2_16BIT_Enable                                            text55       00569A
_PWM2_16BIT_Initialize                                        text9        004D1E
_PWM2_16BIT_LoadBufferRegisters                               text66       0056A2
_PWM2_16BIT_Period_DefaultInterruptHandler                    (abs)        000000
_PWM2_16BIT_Period_InterruptHandler                           nvBANK6      000606
_PWM2_16BIT_Period_SetInterruptHandler                        text12       00559A
_PWM2_16BIT_SetSlice1Output1DutyCycleRegister                 text65       005542
_PWM2_16BIT_Slice1Output1_DefaultInterruptHandler             (abs)        000000
_PWM2_16BIT_Slice1Output1_InterruptHandler                    nvBANK6      00060A
_PWM2_16BIT_Slice1Output1_SetInterruptHandler                 text11       005590
_PWM2_16BIT_Slice1Output2_DefaultInterruptHandler             (abs)        000000
_PWM2_16BIT_Slice1Output2_InterruptHandler                    nvBANK6      000608
_PWM2_16BIT_Slice1Output2_SetInterruptHandler                 text10       005586
_PWM2_16BIT_WritePeriodRegister                               text64       005534
_RB4PPS                                                       (abs)        00020D
_RC0PPS                                                       (abs)        000211
_RC1PPS                                                       (abs)        000212
_SERVICEBRAKE_Init                                            text47       005468
_SLRCONA                                                      (abs)        000403
_SLRCONB                                                      (abs)        00040B
_SLRCONC                                                      (abs)        000413
_SYSTEM_Initialize                                            text2        005104
_T0CON0                                                       (abs)        00031A
_T0CON0bits                                                   (abs)        00031A
_T0CON1                                                       (abs)        00031B
_T1CLK                                                        (abs)        000321
_T1CON                                                        (abs)        00031E
_T1CONbits                                                    (abs)        00031E
_T1GATE                                                       (abs)        000320
_T1GCON                                                       (abs)        00031F
_T1GCONbits                                                   (abs)        00031F
_T2CLKCON                                                     (abs)        000326
_T2CON                                                        (abs)        000324
_T2CONbits                                                    (abs)        000324
_T2HLT                                                        (abs)        000325
_T2HLTbits                                                    (abs)        000325
_T2PR                                                         (abs)        000323
_T2RST                                                        (abs)        000327
_T2RSTbits                                                    (abs)        000327
_T2TMR                                                        (abs)        000322
_TEMPORIZATION_100ms                                          text81       005088
_TEMPORIZATION_10ms                                           text71       0056AA
_TEMPORIZATION_10s                                            text80       0056B4
_TEMPORIZATION_1mins                                          text79       0056B2
_TEMPORIZATION_1s                                             text78       0053B0
_TEMPORIZATION_30s                                            text77       0056B0
_TEMPORIZATION_500ms                                          text76       0056AE
_TMR0H                                                        (abs)        000319
_TMR0L                                                        (abs)        000318
_TMR0_CallBack                                                text97       0052B4
_TMR0_DefaultInterruptHandler                                 text98       0056B6
_TMR0_ISR                                                     text96       005676
_TMR0_Initialize                                              text7        005338
_TMR0_InterruptHandler                                        nvBANK6      000600
_TMR0_SetInterruptHandler                                     text8        00557C
_TMR0_StopTimer                                               text1        005686
_TMR1H                                                        (abs)        00031D
_TMR1L                                                        (abs)        00031C
_TMR1_CallBack                                                text74       005286
_TMR1_DefaultInterruptHandler                                 text75       0056AC
_TMR1_ISR                                                     text72       004A44
_TMR1_Initialize                                              text5        005040
_TMR1_InterruptHandler                                        nvBANK6      000604
_TMR1_SetInterruptHandler                                     text6        005572
_TMR1_WriteTimer                                              text73       005258
_TMR2                                                         (abs)        000322
_TMR2_CallBack                                                text69       00522A
_TMR2_DefaultInterruptHandler                                 text70       0056A8
_TMR2_ISR                                                     text68       00555C
_TMR2_Initialize                                              text3        0051CC
_TMR2_InterruptHandler                                        nvBANK6      000602
_TMR2_SetInterruptHandler                                     text4        005568
_TRISA                                                        (abs)        0004C6
_TRISAbits                                                    (abs)        0004C6
_TRISB                                                        (abs)        0004C7
_TRISBbits                                                    (abs)        0004C7
_TRISC                                                        (abs)        0004C8
_TRISCbits                                                    (abs)        0004C8
_TRISE                                                        (abs)        0004CA
_ValidateTransmission                                         text88       00496C
_WPUA                                                         (abs)        000401
_WPUB                                                         (abs)        000409
_WPUC                                                         (abs)        000411
_WPUE                                                         (abs)        000421
_WriteMessageToFifo                                           text86       003778
__HRAM                                                        (abs)        000000
__Habs1                                                       abs1         000000
__Hbank10                                                     bank10       000000
__Hbank11                                                     bank11       000000
__Hbank12                                                     bank12       000000
__Hbank13                                                     bank13       000000
__Hbank14                                                     bank14       000000
__Hbank15                                                     bank15       000000
__Hbank16                                                     bank16       000000
__Hbank17                                                     bank17       000000
__Hbank18                                                     bank18       000000
__Hbank19                                                     bank19       000000
__Hbank20                                                     bank20       000000
__Hbank21                                                     bank21       000000
__Hbank22                                                     bank22       000000
__Hbank23                                                     bank23       000000
__Hbank24                                                     bank24       000000
__Hbank25                                                     bank25       000000
__Hbank26                                                     bank26       000000
__Hbank27                                                     bank27       000000
__Hbank28                                                     bank28       000000
__Hbank29                                                     bank29       000000
__Hbank30                                                     bank30       000000
__Hbank31                                                     bank31       000000
__Hbank32                                                     bank32       000000
__Hbank33                                                     bank33       000000
__Hbank34                                                     bank34       000000
__Hbank35                                                     bank35       000000
__Hbank36                                                     bank36       000000
__Hbank37                                                     bank37       000000
__Hbank5                                                      bank5        000000
__Hbank6                                                      bank6        000000
__Hbank7                                                      bank7        000000
__Hbank8                                                      bank8        000000
__Hbank9                                                      bank9        000000
__Hbigbss                                                     bigbss       000000
__Hbigdata                                                    bigdata      000000
__Hbigram                                                     bigram       000000
__Hbss                                                        bss          000000
__HbssBANK5                                                   bssBANK5     000000
__HbssBANK6                                                   bssBANK6     000000
__HbssCOMRAM                                                  bssCOMRAM    000000
__Hcinit                                                      cinit        000000
__Hclrtext                                                    clrtext      000000
__Hcomram                                                     comram       000000
__Hconfig                                                     config       300024
__Hconst                                                      const        000000
__HcstackBANK5                                                cstackBANK5  000000
__HcstackCOMRAM                                               cstackCOMRAM 000000
__Hdata                                                       data         000000
__HdataBANK5                                                  dataBANK5    000000
__Heeprom_data                                                eeprom_data  000000
__Hfarbss                                                     farbss       000000
__Hfardata                                                    fardata      000000
__Hibigdata                                                   ibigdata     000000
__Hidata                                                      idata        000000
__HidataBANK5                                                 idataBANK5   000000
__Hidloc                                                      idloc        200020
__Hifardata                                                   ifardata     000000
__Hinit                                                       init         00001E
__Hintsave_regs                                               intsave_regs 000000
__Hirdata                                                     irdata       000000
__Hivt0x8                                                     ivt0x8       00001A
__Hmediumconst                                                mediumconst  000000
__HnvBANK5                                                    nvBANK5      000000
__HnvBANK6                                                    nvBANK6      000000
__HnvFARRAM                                                   nvFARRAM     000000
__Hnvbit                                                      nvbit        000000
__Hnvrram                                                     nvrram       000000
__Hparam                                                      rparam       000000
__Hpowerup                                                    powerup      000000
__Hram                                                        ram          000000
__Hramtop                                                     ramtop       002600
__Hrbit                                                       rbit         000000
__Hrbss                                                       rbss         000000
__Hrdata                                                      rdata        000000
__Hreset_vec                                                  reset_vec    000004
__Hrparam                                                     rparam       000000
__Hsfr                                                        sfr          000000
__Hsmallconst                                                 smallconst   00260E
__Hspace_0                                                    (abs)        0056C8
__Hspace_1                                                    (abs)        00062A
__Hspace_2                                                    (abs)        000000
__Hspace_4                                                    (abs)        600024
__Hstack                                                      stack        000000
__Hstruct                                                     struct       000000
__Htemp                                                       temp         000000
__Htext                                                       text         000000
__Htext0                                                      text0        000000
__Htext1                                                      text1        000000
__Htext10                                                     text10       000000
__Htext100                                                    text100      000000
__Htext101                                                    text101      000000
__Htext102                                                    text102      000000
__Htext103                                                    text103      000000
__Htext104                                                    text104      000000
__Htext105                                                    text105      000000
__Htext106                                                    text106      000000
__Htext107                                                    text107      000000
__Htext108                                                    text108      000000
__Htext109                                                    text109      000000
__Htext11                                                     text11       000000
__Htext110                                                    text110      000000
__Htext111                                                    text111      000000
__Htext112                                                    text112      000000
__Htext113                                                    text113      000000
__Htext114                                                    text114      000000
__Htext115                                                    text115      000000
__Htext116                                                    text116      000000
__Htext117                                                    text117      000000
__Htext118                                                    text118      000000
__Htext119                                                    text119      000000
__Htext12                                                     text12       000000
__Htext120                                                    text120      000000
__Htext13                                                     text13       000000
__Htext14                                                     text14       000000
__Htext15                                                     text15       000000
__Htext16                                                     text16       000000
__Htext17                                                     text17       000000
__Htext18                                                     text18       000000
__Htext19                                                     text19       000000
__Htext2                                                      text2        000000
__Htext20                                                     text20       000000
__Htext21                                                     text21       000000
__Htext22                                                     text22       000000
__Htext23                                                     text23       000000
__Htext24                                                     text24       000000
__Htext25                                                     text25       000000
__Htext26                                                     text26       000000
__Htext27                                                     text27       000000
__Htext28                                                     text28       000000
__Htext29                                                     text29       000000
__Htext3                                                      text3        000000
__Htext30                                                     text30       000000
__Htext31                                                     text31       000000
__Htext32                                                     text32       000000
__Htext33                                                     text33       000000
__Htext34                                                     text34       000000
__Htext35                                                     text35       000000
__Htext36                                                     text36       000000
__Htext37                                                     text37       000000
__Htext38                                                     text38       000000
[...]
__size_of_TMR0_Initialize                                     (abs)        000000
__size_of_TMR0_SetInterruptHandler                            (abs)        000000
__size_of_TMR0_StopTimer                                      (abs)        000000
__size_of_TMR1_CallBack                                       (abs)        000000
__size_of_TMR1_DefaultInterruptHandler                        (abs)        000000
__size_of_TMR1_ISR                                            (abs)        000000
__size_of_TMR1_Initialize                                     (abs)        000000
__size_of_TMR1_SetInterruptHandler                            (abs)        000000
__size_of_TMR1_WriteTimer                                     (abs)        000000
__size_of_TMR2_CallBack                                       (abs)        000000
__size_of_TMR2_DefaultInterruptHandler                        (abs)        000000
__size_of_TMR2_ISR                                            (abs)        000000
__size_of_TMR2_Initialize                                     (abs)        000000
__size_of_TMR2_SetInterruptHandler                            (abs)        000000
__size_of_ValidateTransmission                                (abs)        000000
__size_of_WriteMessageToFifo                                  (abs)        000000
__size_of___aldiv                                             (abs)        000000
__size_of___fladd                                             (abs)        000000
__size_of___fldiv                                             (abs)        000000
__size_of___flmul                                             (abs)        000000
__size_of___fltol                                             (abs)        000000
__size_of___lwdiv                                             (abs)        000000
__size_of___wmul                                              (abs)        000000
__size_of___xxtofl                                            (abs)        000000
__size_of_isTxChannel                                         (abs)        000000
__size_of_main                                                (abs)        000000
__size_of_memcpy                                              (abs)        000000
__size_ofi2_CAN1_OperationModeGet                             (abs)        000000
__size_ofi2___fladd                                           (abs)        000000
__size_ofi2___fltol                                           (abs)        000000
__size_ofi2___xxtofl                                          (abs)        000000
__smallconst                                                  smallconst   002600
_isTxChannel                                                  text85       0050C6
_isTxChannel$1956                                             cstackCOMRAM 000501
_main                                                         text0        0053D4
_memcpy                                                       text87       004F92
_msgReceipt                                                   bssBANK5     0005AB
_msgTransmit                                                  bssBANK5     0005B2
_rxFifos                                                      dataBANK5    0005FE
_rxMsgData                                                    bssBANK6     000622
_timer1ReloadVal                                              nvBANK5      0005FC
_ucAMI_state                                                  bssBANK5     0005A7
_ucAN1                                                        bssBANK5     000562
_ucAN2                                                        bssBANK5     000560
_ucASBState                                                   bssBANK5     00059A
_ucASRequesState                                              bssCOMRAM    000555
_ucAS_state                                                   bssBANK5     0005A9
_ucBrake_hydr_actual                                          bssBANK5     00059E
_ucBrake_hydr_target                                          bssBANK5     00059D
_ucCones_count_actual                                         bssBANK5     0005A3
_ucCount10s                                                   bssCOMRAM    00055B
_ucCount1s                                                    bssCOMRAM    00055C
_ucCount500ms                                                 bssCOMRAM    00055D
_ucEBS_state                                                  bssBANK5     0005A8
_ucLEDState                                                   bssCOMRAM    00055A
_ucLap_counter                                                bssBANK5     0005A4
_ucMotor_moment_actual                                        bssBANK5     00059C
_ucMotor_moment_target                                        bssBANK5     00059B
_ucPICHDRPRES1                                                bssBANK5     00056E
_ucPICHDRPRES1min                                             bssBANK5     000598
_ucPICHDRPRES2                                                bssBANK5     00056C
_ucPICHDRPRES2min                                             bssBANK5     000597
_ucPICNPRES1                                                  bssBANK5     00056A
_ucPICNPRES2                                                  bssBANK5     000568
_ucPICNPRES3                                                  bssBANK5     000566
_ucPICNPRES4                                                  bssBANK5     000564
_ucPedalPos                                                   bssCOMRAM    000554
_ucService_brake                                              bssBANK5     0005A5
_ucServoLDif                                                  bssBANK5     000595
_ucServoLmax                                                  bssBANK5     000596
_ucServoLmin                                                  bssBANK5     000599
_ucSpeed_actual                                               bssBANK5     0005A2
_ucSpeed_target                                               bssBANK5     0005A1
_ucSteering_angle_actual                                      bssBANK5     0005A0
_ucSteering_angle_target                                      bssBANK5     00059F
_ucSteering_state                                             bssBANK5     0005A6
_ucTargetAccelerator                                          bssCOMRAM    000559
_ucTargetBrake                                                bssCOMRAM    000557
_ucTargetClutch                                               bssCOMRAM    000558
_ucTargetDirection                                            bssCOMRAM    000556
_ucTargetGear                                                 bssBANK5     0005AA
_uiAcc_lateral                                                bssBANK5     000572
_uiAcc_longitudinal                                           bssBANK5     000574
_uiCones_count_all                                            bssBANK5     000576
_uiCount1min                                                  bssBANK5     00057A
_uiCount30s                                                   bssBANK5     00057C
_uiDutyServomotor                                             bssCOMRAM    00054F
_uiIndex                                                      bssBANK5     000578
_uiYaw_rate                                                   bssBANK5     000570
end_of_initialization                                         cinit        00503A
i2_CAN1_OperationModeGet                                      text89       005662
i2___fladd                                                    text106      002AD0
i2___fladd@a                                                  cstackCOMRAM 00052C
i2___fladd@aexp                                               cstackCOMRAM 000535
i2___fladd@b                                                  cstackCOMRAM 000528
i2___fladd@bexp                                               cstackCOMRAM 000536
i2___fladd@grs                                                cstackCOMRAM 000537
i2___fladd@signs                                              cstackCOMRAM 000534
i2___fltol                                                    text105      0044E0
i2___fltol@exp1                                               cstackCOMRAM 000541
i2___fltol@f1                                                 cstackCOMRAM 000538
i2___fltol@sign1                                              cstackCOMRAM 000540
i2___xxtofl                                                   text104      003FC0
i2___xxtofl@arg                                               cstackCOMRAM 00050B
i2___xxtofl@exp                                               cstackCOMRAM 00050A
i2___xxtofl@sign                                              cstackCOMRAM 000509
i2___xxtofl@val                                               cstackCOMRAM 000501
intlevel0                                                     text         000000
intlevel1                                                     text         000000
intlevel2                                                     text         000000
intlevel3                                                     text         000000
isTxChannel@channel                                           cstackCOMRAM 000502
isa$std                                                       (abs)        000001
isa$xinst                                                     (abs)        000000
ivt0x8_base                                                   ivt0x8       000008
memcpy@d                                                      cstackCOMRAM 000507
memcpy@d1                                                     cstackCOMRAM 000501
memcpy@n                                                      cstackCOMRAM 000505
memcpy@s                                                      cstackCOMRAM 000509
memcpy@s1                                                     cstackCOMRAM 000503
memcpy@tmp                                                    cstackCOMRAM 00050B
stackhi                                                       (abs)        0025FF
stacklo                                                       (abs)        00062A
start                                                         init         00001A
start_initialization                                          cinit        004FEC


MODULE INFORMATION

Module		Function		Class		Link	Load	Size
mcc_generated_files/can1.c
		_ValidateTransmission		CODE           	496C	0000	216
		_CAN1_IsTxErrorPassive		CODE           	54C4	0000	22
		_CAN1_BitRateConfiguration		CODE           	5504	0000	20
		_CAN1_SetTxAttemptInterruptHandler		CODE           	55E0	0000	10
		_CAN1_SetInvalidMessageInterruptHandler		CODE           	5608	0000	10
		_CAN1_TX_FIFO_Configuration		CODE           	54F0	0000	20
		_CAN1_ISR      		CODE           	4174	0000	342
		_DefaultBusErrorHandler		CODE           	56C6	0000	2
		_CAN1_OperationModeGet		CODE           	55D6	0000	10
		_CAN1_IsBusOff 		CODE           	54DA	0000	22
		_CAN1_Initialize		CODE           	4EDA	0000	92
		_DefaultInvalidMessageHandler		CODE           	56C2	0000	2
		_CAN1_SetFIFO1NotEmptyHandler		CODE           	55CC	0000	10
		_DefaultBusWakeUpActivityHandler		CODE           	56C4	0000	2
		_CAN1_TransmitFIFOStatusGet		CODE           	5388	0000	40
		_CAN1_Transmit 		CODE           	4B9A	0000	148
		_CAN1_RX_FIFO_FilterMaskConfiguration		CODE           	53F6	0000	34
		_CAN1_RX_FIFO_Configuration		CODE           	530E	0000	42
		_CAN1_IsTxErrorActive		CODE           	5436	0000	26
		_CAN1_SetBusErrorInterruptHandler		CODE           	561C	0000	10
		_CAN1_SetSystemErrorInterruptHandler		CODE           	55EA	0000	10
		_DefaultSystemErrorHandler		CODE           	56BC	0000	2
		_CAN1_IsTxErrorWarning		CODE           	54AE	0000	22
		_isTxChannel   		CODE           	50C6	0000	62
		_GetTxFifoStatus		CODE           	5480	0000	24
		_WriteMessageToFifo		CODE           	3778	0000	582
		_DefaultRxBufferOverflowHandler		CODE           	56BE	0000	2
		_CAN1_ErrorNotificationInterruptEnable		CODE           	4C2E	0000	122
		_CAN1_SetBusWakeUpActivityInterruptHandler		CODE           	5612	0000	10
		_CAN1_SetRxBufferOverFlowInterruptHandler		CODE           	55F4	0000	10
		_CAN1_RX_FIFO_ResetInfo		CODE           	51FC	0000	46
		_CAN1_OperationModeSet		CODE           	4B02	0000	152
		_CAN1_SetModeChangeInterruptHandler		CODE           	55FE	0000	10
		_DefaultTxAttemptHandler		CODE           	56BA	0000	2
		_DefaultModeChangeHandler		CODE           	56C0	0000	2

mcc_generated_files/can1.c estimated size: 2138

C:\Program Files\Microchip\xc8\v2.32\pic\sources\c99\common\sprcadd.c
		___fladd       		CODE           	260E	0000	1218

C:\Program Files\Microchip\xc8\v2.32\pic\sources\c99\common\sprcadd.c estimated size: 1218

C:\Program Files\Microchip\xc8\v2.32\pic\sources\c99\common\aldiv.c
		___aldiv       		CODE           	42CA	0000	270

C:\Program Files\Microchip\xc8\v2.32\pic\sources\c99\common\aldiv.c estimated size: 270

mcc_generated_files/pwm2_16bit.c
		_PWM2_16BIT_WritePeriodRegister		CODE           	5534	0000	14
		_PWM2_16BIT_Disable		CODE           	569E	0000	4
		_PWM2_16BIT_Period_SetInterruptHandler		CODE           	559A	0000	10
		_PWM2_16BIT_Slice1Output1_SetInterruptHandler		CODE           	5590	0000	10
		_PWM2_16BIT_Slice1Output2_SetInterruptHandler		CODE           	5586	0000	10
		_PWM2_16BIT_Initialize		CODE           	4D1E	0000	116
		_PWM2_16BIT_LoadBufferRegisters		CODE           	56A2	0000	4
		_PWM2_16BIT_SetSlice1Output1DutyCycleRegister		CODE           	5542	0000	14
		_PWM2_16BIT_Enable		CODE           	569A	0000	4

mcc_generated_files/pwm2_16bit.c estimated size: 186

TEMPORIZATIONS.c
		_TEMPORIZATION_1mins		CODE           	56B2	0000	2
		_TEMPORIZATION_100ms		CODE           	5088	0000	62
		_TEMPORIZATION_500ms		CODE           	56AE	0000	2
		_TEMPORIZATION_10s		CODE           	56B4	0000	2
		_TEMPORIZATION_30s		CODE           	56B0	0000	2
		_TEMPORIZATION_1s		CODE           	53B0	0000	36
		_TEMPORIZATION_10ms		CODE           	56AA	0000	2

TEMPORIZATIONS.c estimated size: 108

MESSAGES.c
		_CANWriteMessage		CODE           	45E6	0000	232

MESSAGES.c estimated size: 232

mcc_generated_files/tmr2.c
		_TMR2_ISR      		CODE           	555C	0000	12
		_TMR2_Initialize		CODE           	51CC	0000	48
		_TMR2_SetInterruptHandler		CODE           	5568	0000	10
		_TMR2_DefaultInterruptHandler		CODE           	56A8	0000	2
		_TMR2_CallBack 		CODE           	522A	0000	46

mcc_generated_files/tmr2.c estimated size: 118

mcc_generated_files/interrupt_manager.c
		_INTERRUPT_Initialize		CODE           	5692	0000	4
		_INTERRUPT_InterruptManager		CODE           	46CE	0000	230

mcc_generated_files/interrupt_manager.c estimated size: 234

mcc_generated_files/tmr0.c
		_TMR0_SetInterruptHandler		CODE           	557C	0000	10
		_TMR0_StopTimer		CODE           	5686	0000	6
		_TMR0_DefaultInterruptHandler		CODE           	56B6	0000	2
		_TMR0_CallBack 		CODE           	52B4	0000	46
		_TMR0_ISR      		CODE           	5676	0000	8
		_TMR0_Initialize		CODE           	5338	0000	40

mcc_generated_files/tmr0.c estimated size: 112

mcc_generated_files/pin_manager.c
		_PIN_MANAGER_Initialize		CODE           	4E06	0000	114

mcc_generated_files/pin_manager.c estimated size: 114

C:\Program Files\Microchip\xc8\v2.32\pic\sources\c99\common\memcpy.c
		_memcpy        		CODE           	4F92	0000	90

C:\Program Files\Microchip\xc8\v2.32\pic\sources\c99\common\memcpy.c estimated size: 90

mcc_generated_files/adc.c
		_ADC_SelectContext		CODE           	566C	0000	10
		_ADC_Initialize		CODE           	39BE	0000	550
		_ADC_DisableChannelSequencer		CODE           	568C	0000	6
		_ADC_GetSingleConversion		CODE           	519A	0000	50
		_ADC_SetActiveClockTuningInterruptHandler		CODE           	564E	0000	10
		_ADC_SetADIInterruptHandler		CODE           	5658	0000	10
		_ADC_SetContext1ThresholdInterruptHandler		CODE           	5644	0000	10
		_ADC_SetContext2ThresholdInterruptHandler		CODE           	563A	0000	10
		_ADC_SetContext3ThresholdInterruptHandler		CODE           	5630	0000	10
		_ADC_SetContext4ThresholdInterruptHandler		CODE           	5626	0000	10

mcc_generated_files/adc.c estimated size: 676

C:\Program Files\Microchip\xc8\v2.32\pic\sources\c99\common\Umul16.c
		___wmul        		CODE           	52E2	0000	44

C:\Program Files\Microchip\xc8\v2.32\pic\sources\c99\common\Umul16.c estimated size: 44

mcc_generated_files/ext_int.c
		_INT0_SetInterruptHandler		CODE           	55C2	0000	10
		_EXT_INT_Initialize		CODE           	5498	0000	22
		_INT0_DefaultInterruptHandler		CODE           	56B8	0000	2
		_INT0_CallBack 		CODE           	5136	0000	50
		_INT0_ISR      		CODE           	567E	0000	8

mcc_generated_files/ext_int.c estimated size: 92

mcc_generated_files/pwm1_16bit.c
		_PWM1_16BIT_Period_SetInterruptHandler		CODE           	55B8	0000	10
		_PWM1_16BIT_Slice1Output1_SetInterruptHandler		CODE           	55AE	0000	10
		_PWM1_16BIT_Slice1Output2_SetInterruptHandler		CODE           	55A4	0000	10
		_PWM1_16BIT_Initialize		CODE           	4D92	0000	116
		_PWM1_16BIT_LoadBufferRegisters		CODE           	5696	0000	4
		_PWM1_16BIT_SetSlice1Output1DutyCycleRegister		CODE           	5526	0000	14
		_PWM1_16BIT_WritePeriodRegister		CODE           	5518	0000	14

mcc_generated_files/pwm1_16bit.c estimated size: 178

shared
		_FIFO          		SMALLCONST     	0000	0000	0
		_DLC_BYTES     		SMALLCONST     	2601	0000	9
		i2___fladd     		CODE           	2AD0	0000	1216
		i2___fltol     		CODE           	44E0	0000	262
		__initialization		CODE           	4FEC	0000	78
		i2___xxtofl    		CODE           	3FC0	0000	436
		i2_CAN1_OperationModeGet		CODE           	5662	0000	10

shared estimated size: 2011

C:\Program Files\Microchip\xc8\v2.32\pic\sources\c99\common\sprcmul.c
		___flmul       		CODE           	2F90	0000	1102

C:\Program Files\Microchip\xc8\v2.32\pic\sources\c99\common\sprcmul.c estimated size: 1102

mcc_generated_files/mcc.c
		_PMD_Initialize		CODE           	5360	0000	40
		_OSCILLATOR_Initialize		CODE           	5450	0000	24
		_SYSTEM_Initialize		CODE           	5104	0000	50

mcc_generated_files/mcc.c estimated size: 114

EBS.c
		_EBS_Watchdog  		CODE           	4F36	0000	92
		_EBS_Init      		CODE           	5550	0000	12

EBS.c estimated size: 104

C:\Program Files\Microchip\xc8\v2.32\pic\sources\c99\common\sprcdiv.c
		___fldiv       		CODE           	33DE	0000	922

C:\Program Files\Microchip\xc8\v2.32\pic\sources\c99\common\sprcdiv.c estimated size: 922

GPIO.c
		_GPIO_BrakePedalAtRest		CODE           	5168	0000	50
		_GPIO_PWM1_Control		CODE           	47B4	0000	220
		_GPIO_PWM2_Control		CODE           	4890	0000	220
		_GPIO_Init     		CODE           	5418	0000	30

GPIO.c estimated size: 520

mcc_generated_files/tmr1.c
		_TMR1_Initialize		CODE           	5040	0000	72
		_TMR1_SetInterruptHandler		CODE           	5572	0000	10
		_TMR1_DefaultInterruptHandler		CODE           	56AC	0000	2
		_TMR1_CallBack 		CODE           	5286	0000	46
		_TMR1_WriteTimer		CODE           	5258	0000	46
		_TMR1_ISR      		CODE           	4A44	0000	190

mcc_generated_files/tmr1.c estimated size: 366

C:\Program Files\Microchip\xc8\v2.32\pic\sources\c99\common\lwdiv.c
		___lwdiv       		CODE           	4CA8	0000	118

C:\Program Files\Microchip\xc8\v2.32\pic\sources\c99\common\lwdiv.c estimated size: 118

C:\Program Files\Microchip\xc8\v2.32\pic\sources\c99\common\fltol.c
		___fltol       		CODE           	43D8	0000	264

C:\Program Files\Microchip\xc8\v2.32\pic\sources\c99\common\fltol.c estimated size: 264

C:\Program Files\Microchip\xc8\v2.32\pic\sources\c99\common\xxtofl.c
		___xxtofl      		CODE           	3E08	0000	440

C:\Program Files\Microchip\xc8\v2.32\pic\sources\c99\common\xxtofl.c estimated size: 440

ANALOG.c
		_ANALOG_RedAll 		CODE           	4E78	0000	98
		_ANALOG_GetVoltage		CODE           	3BE4	0000	548

ANALOG.c estimated size: 646

main.c
		_main          		CODE           	53D4	0000	34

main.c estimated size: 34

SERVICEBRAKE.c
		_SERVICEBRAKE_Init		CODE           	5468	0000	24

SERVICEBRAKE.c estimated size: 24

