Microchip MPLAB XC8 Compiler V2.32

Linker command line:

-W-3 --edf=C:\Program Files\Microchip\xc8\v2.32\pic\dat\en_msgs.txt \
  -pivt0x8=08h -cn -h+dist/default/production\ASB.X.production.sym \
  --cmf=dist/default/production\ASB.X.production.cmf -z -Q18F26Q84 \
  -oC:\Users\LUC\AppData\Local\Temp\xcAsgc8.4 --defsym=__MPLAB_BUILD=1 \
  -Mdist/default/production/ASB.X.production.map -E1 -ver=XC8 Compiler \
  --acfsm=1493 -ASTACK=0580h-025FFh -pstack=STACK -ACODE=00h-0FFFFh \
  -ACONST=00h-0FFFFh -ASMALLCONST=02600h-026FFhx218 \
  -AMEDIUMCONST=02600h-0FFFFh -ACOMRAM=0501h-055Fh -AABS1=0500h-025FFh \
  -ABIGRAM=0501h-025FFh -ARAM=0560h-05FFh,0600h-06FFhx32 \
  -ABANK5=0560h-05FFh -ABANK6=0600h-06FFh -ABANK7=0700h-07FFh \
  -ABANK8=0800h-08FFh -ABANK9=0900h-09FFh -ABANK10=0A00h-0AFFh \
  -ABANK11=0B00h-0BFFh -ABANK12=0C00h-0CFFh -ABANK13=0D00h-0DFFh \
  -ABANK14=0E00h-0EFFh -ABANK15=0F00h-0FFFh -ABANK16=01000h-010FFh \
  -ABANK17=01100h-011FFh -ABANK18=01200h-012FFh -ABANK19=01300h-013FFh \
  -ABANK20=01400h-014FFh -ABANK21=01500h-015FFh -ABANK22=01600h-016FFh \
  -ABANK23=01700h-017FFh -ABANK24=01800h-018FFh -ABANK25=01900h-019FFh \
  -ABANK26=01A00h-01AFFh -ABANK27=01B00h-01BFFh -ABANK28=01C00h-01CFFh \
  -ABANK29=01D00h-01DFFh -ABANK30=01E00h-01EFFh -ABANK31=01F00h-01FFFh \
  -ABANK32=02000h-020FFh -ABANK33=02100h-021FFh -ABANK34=02200h-022FFh \
  -ABANK35=02300h-023FFh -ABANK36=02400h-024FFh -ABANK37=02500h-025FFh \
  -ASFR=00h-0FFhx4,0400h-045Fh,0460h-04FFh -ACONFIG=0300000h-0300023h \
  -AIDLOC=0200000h-020001Fh -AEEDATA=0380000h-03803FFh -peeprom_data=EEDATA \
  -preset_vec=00h -ppowerup=CODE,init -pramtop=02600h \
  -psmallconst=SMALLCONST -pmediumconst=MEDIUMCONST -pconst=CONST \
  -AFARRAM=00h-00h \
  -prdata=COMRAM,nvrram=COMRAM,nvbit=COMRAM,rbss=COMRAM,rbit=COMRAM \
  -pfarbss=FARRAM,fardata=FARRAM,nvFARRAM=FARRAM \
  -pintsave_regs=BIGRAM,bigbss=BIGRAM,bigdata=BIGRAM -pbss=RAM \
  -pidata=CODE,irdata=CODE,ibigdata=CODE,ifardata=CODE -prparam=COMRAM \
  C:\Users\LUC\AppData\Local\Temp\xcAsgc8.o \
  dist/default/production\ASB.X.production.o 

Object code version is 3.11

Machine type is 18F26Q84



                Name                               Link     Load   Length Selector   Space Scale
C:\Users\LUC\AppData\Local\Temp\xcAsgc8.o
                idloc                            200000   200000       20        0       5
                config                           300000   300000       24        0       4
                init                                 1A       1A        4        4       0
                reset_vec                             0        0        4        0       0
dist/default/production\ASB.X.production.o
                idloc                            200000   200000       20        0       5
                config                           300000   300000       24        0       4
                smallconst                         2600     2600        E     1300       0
                ivt0x8                                8        8       12        4       0
                text52                             32B6     32B6        2     1307       0
                text51                             3096     3096       2C     1307       0
                text50                             32A4     32A4        8     1307       0
                text49                             32B4     32B4        2     1307       0
                text48                             306A     306A       2C     1307       0
                text47                             329C     329C        8     1307       0
                text46                             32B2     32B2        2     1307       0
                text45                             303E     303E       2C     1307       0
                text44                             2FE4     2FE4       2E     1307       0
                text43                             31FC     31FC       14     1307       0
                text42                             32B0     32B0        2     1307       0
                text41                             3012     3012       2C     1307       0
                text40                             30C2     30C2       2A     1307       0
                text39                             2B66     2B66       92     1307       0
                text38                             3292     3292        A     1307       0
                text37                             2BF8     2BF8       88     1307       0
                text36                             31A8     31A8       18     1307       0
                text35                             294E     294E       D8     1307       0
                text34                             2DD2     2DD2       5A     1307       0
                text33                             260E     260E      246     1307       0
                text32                             2F46     2F46       3E     1307       0
                text31                             2AD2     2AD2       94     1307       0
                text30                             3114     3114       28     1307       0
                text29                             2854     2854       FA     1307       0
                text28                             3288     3288        A     1307       0
                text27                             327E     327E        A     1307       0
                text26                             3274     3274        A     1307       0
                text25                             2A26     2A26       AC     1307       0
                text24                             31E8     31E8       14     1307       0
                text23                             31D4     31D4       14     1307       0
                text22                             2E78     2E78       48     1307       0
                text21                             326A     326A        A     1307       0
                text20                             31C0     31C0       14     1307       0
                text19                             32AC     32AC        4     1307       0
                text18                             3162     3162       26     1307       0
                text17                             2C80     2C80       76     1307       0
                text16                             30EC     30EC       28     1307       0
                text15                             3260     3260        A     1307       0
                text14                             3256     3256        A     1307       0
                text13                             324C     324C        A     1307       0
                text12                             2D64     2D64       6E     1307       0
                text11                             3242     3242        A     1307       0
                text10                             3238     3238        A     1307       0
                text9                              322E     322E        A     1307       0
                text8                              2CF6     2CF6       6E     1307       0
                text7                              3224     3224        A     1307       0
                text6                              313C     313C       26     1307       0
                text5                              321A     321A        A     1307       0
                text4                              2EC0     2EC0       46     1307       0
                text3                              3210     3210        A     1307       0
                text2                              2FB6     2FB6       2E     1307       0
                text1                              2F84     2F84       32     1307       0
                text0                              2E2C     2E2C       4C     1307       0
                cstackCOMRAM                        501      501       35      501       1
                dataBANK5                           560      560       20      560       1
                bssCOMRAM                           536      536       1F      501       1
                cinit                              2F06     2F06       40     1307       0
                nvCOMRAM                            555      555        6      501       1
                idataBANK5                         3188     3188       20     1307       0

TOTAL           Name                               Link     Load   Length     Space
        CLASS   STACK          

        CLASS   CODE           
                init                                 1A       1A        4         0
                reset_vec                             0        0        4         0
                ivt0x8                                8        8       12         0
                text52                             32B6     32B6        2         0
                text51                             3096     3096       2C         0
                text50                             32A4     32A4        8         0
                text49                             32B4     32B4        2         0
                text48                             306A     306A       2C         0
                text47                             329C     329C        8         0
                text46                             32B2     32B2        2         0
                text45                             303E     303E       2C         0
                text44                             2FE4     2FE4       2E         0
                text43                             31FC     31FC       14         0
                text42                             32B0     32B0        2         0
                text41                             3012     3012       2C         0
                text40                             30C2     30C2       2A         0
                text39                             2B66     2B66       92         0
                text38                             3292     3292        A         0
                text37                             2BF8     2BF8       88         0
                text36                             31A8     31A8       18         0
                text35                             294E     294E       D8         0
                text34                             2DD2     2DD2       5A         0
                text33                             260E     260E      246         0
                text32                             2F46     2F46       3E         0
                text31                             2AD2     2AD2       94         0
                text30                             3114     3114       28         0
                text29                             2854     2854       FA         0
                text28                             3288     3288        A         0
                text27                             327E     327E        A         0
                text26                             3274     3274        A         0
                text25                             2A26     2A26       AC         0
                text24                             31E8     31E8       14         0
                text23                             31D4     31D4       14         0
                text22                             2E78     2E78       48         0
                text21                             326A     326A        A         0
                text20                             31C0     31C0       14         0
                text19                             32AC     32AC        4         0
                text18                             3162     3162       26         0
                text17                             2C80     2C80       76         0
                text16                             30EC     30EC       28         0
                text15                             3260     3260        A         0
                text14                             3256     3256        A         0
                text13                             324C     324C        A         0
                text12                             2D64     2D64       6E         0
                text11                             3242     3242        A         0
                text10                             3238     3238        A         0
                text9                              322E     322E        A         0
                text8                              2CF6     2CF6       6E         0
                text7                              3224     3224        A         0
                text6                              313C     313C       26         0
                text5                              321A     321A        A         0
                text4                              2EC0     2EC0       46         0
                text3                              3210     3210        A         0
                text2                              2FB6     2FB6       2E         0
                text1                              2F84     2F84       32         0
                text0                              2E2C     2E2C       4C         0
                cinit                              2F06     2F06       40         0
                idataBANK5                         3188     3188       20         0

        CLASS   CONST          

        CLASS   SMALLCONST     
                smallconst                         2600     2600        E         0

        CLASS   MEDIUMCONST    

        CLASS   COMRAM         
                cstackCOMRAM                        501      501       35         1
                bssCOMRAM                           536      536       1F         1
                nvCOMRAM                            555      555        6         1

        CLASS   ABS1           

        CLASS   BIGRAM         

        CLASS   RAM            

        CLASS   BANK5          
                dataBANK5                           560      560       20         1

        CLASS   BANK6          

        CLASS   BANK7          

        CLASS   BANK8          

        CLASS   BANK9          

        CLASS   BANK10         

        CLASS   BANK11         

        CLASS   BANK12         

        CLASS   BANK13         

        CLASS   BANK14         

        CLASS   BANK15         

        CLASS   BANK16         

        CLASS   BANK17         

        CLASS   BANK18         

        CLASS   BANK19         

        CLASS   BANK20         

        CLASS   BANK21         

        CLASS   BANK22         

        CLASS   BANK23         

        CLASS   BANK24         

        CLASS   BANK25         

        CLASS   BANK26         

        CLASS   BANK27         

        CLASS   BANK28         

        CLASS   BANK29         

        CLASS   BANK30         

        CLASS   BANK31         

        CLASS   BANK32         

        CLASS   BANK33         

        CLASS   BANK34         

        CLASS   BANK35         

        CLASS   BANK36         

        CLASS   BANK37         

        CLASS   SFR            

        CLASS   CONFIG         
                config                           300000   300000       24         4

        CLASS   IDLOC          
                idloc                            200000   200000       20         5

        CLASS   EEDATA         

        CLASS   FARRAM         



SEGMENTS        Name                           Load    Length   Top    Selector   Space  Class

                reset_vec                      000000  000004  000004         0       0  CODE    
                ivt0x8                         000008  000016  00001E         4       0  CODE    
                cstackCOMRAM                   000501  00005A  00055B       501       1  COMRAM  
                dataBANK5                      000560  000020  000580       560       1  BANK5   
                smallconst                     002600  00000E  00260E      1300       0  SMALLCON
                text33                         00260E  000CAA  0032B8      1307       0  CODE    


UNUSED ADDRESS RANGES

        Name                Unused          Largest block    Delta
        BANK10           000A00-000AFF              100
        BANK11           000B00-000BFF              100
        BANK12           000C00-000CFF              100
        BANK13           000D00-000DFF              100
        BANK14           000E00-000EFF              100
        BANK15           000F00-000FFF              100
        BANK16           001000-0010FF              100
        BANK17           001100-0011FF              100
        BANK18           001200-0012FF              100
        BANK19           001300-0013FF              100
        BANK20           001400-0014FF              100
        BANK21           001500-0015FF              100
        BANK22           001600-0016FF              100
        BANK23           001700-0017FF              100
        BANK24           001800-0018FF              100
        BANK25           001900-0019FF              100
        BANK26           001A00-001AFF              100
        BANK27           001B00-001BFF              100
        BANK28           001C00-001CFF              100
        BANK29           001D00-001DFF              100
        BANK30           001E00-001EFF              100
        BANK31           001F00-001FFF              100
        BANK32           002000-0020FF              100
        BANK33           002100-0021FF              100
        BANK34           002200-0022FF              100
        BANK35           002300-0023FF              100
        BANK36           002400-0024FF              100
        BANK37           002500-0025FF              100
        BANK5            000580-0005FF               80
        BANK6            000600-0006FF              100
        BANK7            000700-0007FF              100
        BANK8            000800-0008FF              100
        BANK9            000900-0009FF              100
        BIGRAM           00055B-00055F                5
                         000580-0025FF             2080
        CODE             000004-000007                4
                         00001E-0025FF             25E2
                         0032B8-00FFFF             CD48
        COMRAM           00055B-00055F                5
        CONST            000004-000007                4
                         00001E-0025FF             25E2
                         0032B8-00FFFF             CD48
        EEDATA           380000-3803FF              400
        MEDIUMCONST      0032B8-00FFFF             CD48
        RAM              000580-0025FF              100
        SFR              000000-0004FF              100
        SMALLCONST       0032B8-00FFFF              100
        STACK            000580-0025FF             2080

                                  Symbol Table

ADC_SetADIInterruptHandler@InterruptHandler                   cstackCOMRAM 000503
ADC_SetActiveClockTuningInterruptHandler@InterruptHandler     cstackCOMRAM 000503
ADC_SetContext1ThresholdInterruptHandler@InterruptHandler     cstackCOMRAM 000503
CAN1_OperationModeSet@opMode                                  cstackCOMRAM 000503
CAN1_OperationModeSet@requestMode                             cstackCOMRAM 000505
CAN1_OperationModeSet@status                                  cstackCOMRAM 000504
CAN1_Transmit@fifoChannel                                     cstackCOMRAM 00051E
CAN1_Transmit@status                                          cstackCOMRAM 00051B
CAN1_Transmit@txCanMsg                                        cstackCOMRAM 000519
CAN1_Transmit@txFifoObj                                       cstackCOMRAM 00051C
CAN1_TransmitFIFOStatusGet@fifoChannel                        cstackCOMRAM 000506
CAN1_TransmitFIFOStatusGet@status                             cstackCOMRAM 000505
CANWriteMessage@data1                                         cstackCOMRAM 000524
CANWriteMessage@data2                                         cstackCOMRAM 000525
CANWriteMessage@data3                                         cstackCOMRAM 000526
CANWriteMessage@data4                                         cstackCOMRAM 000527
CANWriteMessage@data5                                         cstackCOMRAM 000528
CANWriteMessage@data6                                         cstackCOMRAM 000529
CANWriteMessage@data7                                         cstackCOMRAM 00052A
CANWriteMessage@data8                                         cstackCOMRAM 00052B
CANWriteMessage@dataLength                                    cstackCOMRAM 000523
CANWriteMessage@id                                            cstackCOMRAM 00051F
CANWriteMessage@uiData1                                       cstackCOMRAM 00052E
CANWriteMessage@uiData2                                       cstackCOMRAM 000530
CANWriteMessage@uiData3                                       cstackCOMRAM 000532
CANWriteMessage@uiData4                                       cstackCOMRAM 000534
GetTxFifoStatus@validChannel                                  cstackCOMRAM 000503
INT0_SetInterruptHandler@InterruptHandler                     cstackCOMRAM 000503
IVTBASEH                                                      (abs)        00045E
IVTBASEL                                                      (abs)        00045D
IVTBASEU                                                      (abs)        00045F
PWM1_16BIT_Period_SetInterruptHandler@InterruptHandler        cstackCOMRAM 000503
PWM1_16BIT_Slice1Output1_SetInterruptHandler@InterruptHandler cstackCOMRAM 000503
PWM1_16BIT_Slice1Output2_SetInterruptHandler@InterruptHandler cstackCOMRAM 000503
PWM2_16BIT_Period_SetInterruptHandler@InterruptHandler        cstackCOMRAM 000503
PWM2_16BIT_Slice1Output1_SetInterruptHandler@InterruptHandler cstackCOMRAM 000503
PWM2_16BIT_Slice1Output2_SetInterruptHandler@InterruptHandler cstackCOMRAM 000503
TMR0_SetInterruptHandler@InterruptHandler                     cstackCOMRAM 000503
TMR1_SetInterruptHandler@InterruptHandler                     cstackCOMRAM 000503
TMR1_WriteTimer@timerVal                                      cstackCOMRAM 000501
TMR2_ISR@CountCallBack                                        bssCOMRAM    000538
TMR2_SetInterruptHandler@InterruptHandler                     cstackCOMRAM 000503
ValidateTransmission@field                                    cstackCOMRAM 00050B
ValidateTransmission@txCanMsg                                 cstackCOMRAM 000504
ValidateTransmission@txMsgStatus                              cstackCOMRAM 00050A
ValidateTransmission@validChannel                             cstackCOMRAM 000509
WriteMessageToFifo@msgId                                      cstackCOMRAM 000515
WriteMessageToFifo@status                                     cstackCOMRAM 000514
WriteMessageToFifo@txCanMsg                                   cstackCOMRAM 000510
WriteMessageToFifo@txFifoObj                                  cstackCOMRAM 00050E
_ADACCH                                                       (abs)        0003E4
_ADACCL                                                       (abs)        0003E3
_ADACCU                                                       (abs)        0003E5
_ADACQH                                                       (abs)        0003EF
_ADACQL                                                       (abs)        0003EE
_ADACT                                                        (abs)        0003F9
_ADACTPPS                                                     (abs)        000269
_ADCAP                                                        (abs)        0003F0
_ADCLK                                                        (abs)        0003FA
_ADCNT                                                        (abs)        0003E6
_ADCON0                                                       (abs)        0003F3
_ADCON0bits                                                   (abs)        0003F3
_ADCON1                                                       (abs)        0003F4
_ADCON1bits                                                   (abs)        0003F4
_ADCON2                                                       (abs)        0003F5
_ADCON2bits                                                   (abs)        0003F5
_ADCON3                                                       (abs)        0003F6
_ADCON3bits                                                   (abs)        0003F6
_ADCP                                                         (abs)        0003D8
_ADCPbits                                                     (abs)        0003D8
_ADCSEL1                                                      (abs)        0003FC
_ADCSEL1bits                                                  (abs)        0003FC
_ADCTX                                                        (abs)        0003FB
_ADC_ActiveClockTuning_ISR                                    nvCOMRAM     000555
_ADC_Context1Thereshld_ISR                                    nvCOMRAM     000557
_ADC_ConversionComplete_ISR                                   nvCOMRAM     000559
_ADC_DefaultADI_ISR                                           (abs)        000000
_ADC_DefaultActiveClockTuning_ISR                             (abs)        000000
_ADC_DefaultContext1Threshold_ISR                             (abs)        000000
_ADC_Initialize                                               text25       002A26
_ADC_SetADIInterruptHandler                                   text28       003288
_ADC_SetActiveClockTuningInterruptHandler                     text27       00327E
_ADC_SetContext1ThresholdInterruptHandler                     text26       003274
_ADERRH                                                       (abs)        0003DE
_ADERRL                                                       (abs)        0003DD
_ADFLTRH                                                      (abs)        0003E2
_ADFLTRL                                                      (abs)        0003E1
_ADLTHH                                                       (abs)        0003DA
_ADLTHL                                                       (abs)        0003D9
_ADPCH                                                        (abs)        0003EC
_ADPREH                                                       (abs)        0003F2
_ADPREL                                                       (abs)        0003F1
_ADPREVH                                                      (abs)        0003E9
_ADPREVL                                                      (abs)        0003E8
_ADREF                                                        (abs)        0003F8
_ADRESH                                                       (abs)        0003EB
_ADRESL                                                       (abs)        0003EA
_ADRPT                                                        (abs)        0003E7
_ADSTAT                                                       (abs)        0003F7
_ADSTATbits                                                   (abs)        0003F7
_ADSTPTH                                                      (abs)        0003E0
_ADSTPTL                                                      (abs)        0003DF
_ADUTHH                                                       (abs)        0003DC
_ADUTHL                                                       (abs)        0003DB
_ANSELA                                                       (abs)        000400
_ANSELB                                                       (abs)        000408
_ANSELC                                                       (abs)        000410
_C1CONH                                                       (abs)        000101
_C1CONHbits                                                   (abs)        000101
_C1CONL                                                       (abs)        000100
_C1CONTbits                                                   (abs)        000103
_C1CONU                                                       (abs)        000102
_C1CONUbits                                                   (abs)        000102
_C1FIFOBA                                                     (abs)        00014C
_C1INTHbits                                                   (abs)        00011D
_C1INTTbits                                                   (abs)        00011F
_C1NBTCFGH                                                    (abs)        000105
_C1NBTCFGL                                                    (abs)        000104
_C1NBTCFGT                                                    (abs)        000107
_C1NBTCFGU                                                    (abs)        000106
_C1TRECUbits                                                  (abs)        000136
_C1TXQCONH                                                    (abs)        000151
_C1TXQCONL                                                    (abs)        000150
_C1TXQCONT                                                    (abs)        000153
_C1TXQCONU                                                    (abs)        000152
_CAN1_BitRateConfiguration                                    text24       0031E8
_CAN1_Initialize                                              text22       002E78
_CAN1_OperationModeGet                                        text38       003292
_CAN1_OperationModeSet                                        text37       002BF8
_CAN1_TX_FIFO_Configuration                                   text23       0031D4
_CAN1_Transmit                                                text31       002AD2
_CAN1_TransmitFIFOStatusGet                                   text30       003114
_CANDATAdata                                                  dataBANK5    000560
_CANRXPPS                                                     (abs)        00023D
_CANWriteMessage                                              text29       002854
_DLC_BYTES                                                    smallconst   002601
_EXT_INT_Initialize                                           text20       0031C0
_GetTxFifoStatus                                              text36       0031A8
_INLVLA                                                       (abs)        000404
_INLVLB                                                       (abs)        00040C
_INLVLC                                                       (abs)        000414
_INLVLE                                                       (abs)        000424
_INT0PPS                                                      (abs)        00023E
_INT0_CallBack                                                text51       003096
_INT0_DefaultInterruptHandler                                 text52       0032B6
_INT0_ISR                                                     text50       0032A4
_INT0_InterruptHandler                                        bssCOMRAM    00054C
_INT0_SetInterruptHandler                                     text21       00326A
_INTCON0bits                                                  (abs)        0004D6
_INTERRUPT_Initialize                                         text19       0032AC
_INTERRUPT_InterruptManager                                   text39       002B66
_LATA                                                         (abs)        0004BE
_LATB                                                         (abs)        0004BF
_LATBbits                                                     (abs)        0004BF
_LATC                                                         (abs)        0004C0
_ODCONA                                                       (abs)        000402
_ODCONB                                                       (abs)        00040A
_ODCONC                                                       (abs)        000412
_OSCCON1                                                      (abs)        0000AD
_OSCCON3                                                      (abs)        0000AF
_OSCEN                                                        (abs)        0000B3
_OSCFRQ                                                       (abs)        0000B1
_OSCILLATOR_Initialize                                        text18       003162
_OSCTUNE                                                      (abs)        0000B0
_PIE1bits                                                     (abs)        00049F
_PIE3bits                                                     (abs)        0004A1
_PIE4bits                                                     (abs)        0004A2
_PIE5bits                                                     (abs)        0004A3
_PIN_MANAGER_Initialize                                       text17       002C80
_PIR1bits                                                     (abs)        0004AF
_PIR2bits                                                     (abs)        0004B0
_PIR3bits                                                     (abs)        0004B1
_PIR4bits                                                     (abs)        0004B2
_PIR5bits                                                     (abs)        0004B3
_PLLR                                                         (abs)        000590
_PMD0                                                         (abs)        000060
_PMD1                                                         (abs)        000061
_PMD2                                                         (abs)        000062
_PMD3                                                         (abs)        000063
_PMD4                                                         (abs)        000064
_PMD5                                                         (abs)        000065
_PMD6                                                         (abs)        000066
_PMD7                                                         (abs)        000067
_PMD8                                                         (abs)        000068
_PMD_Initialize                                               text16       0030EC
_PR2                                                          (abs)        000323
_PWM1CLK                                                      (abs)        000461
_PWM1CON                                                      (abs)        000469
_PWM1CONbits                                                  (abs)        000469
_PWM1CPRE                                                     (abs)        000465
_PWM1ERS                                                      (abs)        000460
_PWM1GIE                                                      (abs)        000468
_PWM1GIEbits                                                  (abs)        000468
_PWM1GIR                                                      (abs)        000467
_PWM1GIRbits                                                  (abs)        000467
_PWM1LDS                                                      (abs)        000462
_PWM1PIPOS                                                    (abs)        000466
_PWM1PRH                                                      (abs)        000464
_PWM1PRL                                                      (abs)        000463
_PWM1S1CFG                                                    (abs)        00046A
_PWM1S1P1H                                                    (abs)        00046C
_PWM1S1P1L                                                    (abs)        00046B
_PWM1S1P2H                                                    (abs)        00046E
_PWM1S1P2L                                                    (abs)        00046D
_PWM1_16BIT_Initialize                                        text12       002D64
_PWM1_16BIT_Period_DefaultInterruptHandler                    (abs)        000000
_PWM1_16BIT_Period_InterruptHandler                           bssCOMRAM    000546
_PWM1_16BIT_Period_SetInterruptHandler                        text15       003260
_PWM1_16BIT_Slice1Output1_DefaultInterruptHandler             (abs)        000000
_PWM1_16BIT_Slice1Output1_InterruptHandler                    bssCOMRAM    00054A
_PWM1_16BIT_Slice1Output1_SetInterruptHandler                 text14       003256
_PWM1_16BIT_Slice1Output2_DefaultInterruptHandler             (abs)        000000
_PWM1_16BIT_Slice1Output2_InterruptHandler                    bssCOMRAM    000548
_PWM1_16BIT_Slice1Output2_SetInterruptHandler                 text13       00324C
_PWM2CLK                                                      (abs)        000470
_PWM2CON                                                      (abs)        000478
_PWM2CONbits                                                  (abs)        000478
_PWM2CPRE                                                     (abs)        000474
_PWM2ERS                                                      (abs)        00046F
_PWM2GIE                                                      (abs)        000477
_PWM2GIEbits                                                  (abs)        000477
_PWM2GIR                                                      (abs)        000476
_PWM2GIRbits                                                  (abs)        000476
_PWM2LDS                                                      (abs)        000471
_PWM2PIPOS                                                    (abs)        000475
_PWM2PRH                                                      (abs)        000473
_PWM2PRL                                                      (abs)        000472
_PWM2S1CFG                                                    (abs)        000479
_PWM2S1P1H                                                    (abs)        00047B
_PWM2S1P1L                                                    (abs)        00047A
_PWM2S1P2H                                                    (abs)        00047D
_PWM2S1P2L                                                    (abs)        00047C
_PWM2_16BIT_Initialize                                        text8        002CF6
_PWM2_16BIT_Period_DefaultInterruptHandler                    (abs)        000000
_PWM2_16BIT_Period_InterruptHandler                           bssCOMRAM    000540
_PWM2_16BIT_Period_SetInterruptHandler                        text11       003242
_PWM2_16BIT_Slice1Output1_DefaultInterruptHandler             (abs)        000000
_PWM2_16BIT_Slice1Output1_InterruptHandler                    bssCOMRAM    000544
_PWM2_16BIT_Slice1Output1_SetInterruptHandler                 text10       003238
_PWM2_16BIT_Slice1Output2_DefaultInterruptHandler             (abs)        000000
_PWM2_16BIT_Slice1Output2_InterruptHandler                    bssCOMRAM    000542
_PWM2_16BIT_Slice1Output2_SetInterruptHandler                 text9        00322E
_RB4PPS                                                       (abs)        00020D
_RC0PPS                                                       (abs)        000211
_RC1PPS                                                       (abs)        000212
_SLRCONA                                                      (abs)        000403
_SLRCONB                                                      (abs)        00040B
_SLRCONC                                                      (abs)        000413
_SYSTEM_Initialize                                            text1        002F84
_T0CON0                                                       (abs)        00031A
_T0CON0bits                                                   (abs)        00031A
_T0CON1                                                       (abs)        00031B
_T1CLK                                                        (abs)        000321
_T1CON                                                        (abs)        00031E
_T1CONbits                                                    (abs)        00031E
_T1GATE                                                       (abs)        000320
_T1GCON                                                       (abs)        00031F
_T1GCONbits                                                   (abs)        00031F
_T2CLKCON                                                     (abs)        000326
_T2CON                                                        (abs)        000324
_T2CONbits                                                    (abs)        000324
_T2HLT                                                        (abs)        000325
_T2HLTbits                                                    (abs)        000325
_T2PR                                                         (abs)        000323
_T2RST                                                        (abs)        000327
_T2RSTbits                                                    (abs)        000327
_T2TMR                                                        (abs)        000322
_TMR0H                                                        (abs)        000319
_TMR0L                                                        (abs)        000318
_TMR0_CallBack                                                text48       00306A
_TMR0_DefaultInterruptHandler                                 text49       0032B4
_TMR0_ISR                                                     text47       00329C
_TMR0_Initialize                                              text6        00313C
_TMR0_InterruptHandler                                        bssCOMRAM    000536
_TMR0_SetInterruptHandler                                     text7        003224
_TMR1H                                                        (abs)        00031D
_TMR1L                                                        (abs)        00031C
_TMR1_CallBack                                                text45       00303E
_TMR1_DefaultInterruptHandler                                 text46       0032B2
_TMR1_ISR                                                     text43       0031FC
_TMR1_Initialize                                              text4        002EC0
_TMR1_InterruptHandler                                        bssCOMRAM    00053C
_TMR1_SetInterruptHandler                                     text5        00321A
_TMR1_WriteTimer                                              text44       002FE4
_TMR2                                                         (abs)        000322
_TMR2_CallBack                                                text41       003012
_TMR2_DefaultInterruptHandler                                 text42       0032B0
_TMR2_ISR                                                     text40       0030C2
_TMR2_Initialize                                              text2        002FB6
_TMR2_InterruptHandler                                        bssCOMRAM    00053A
_TMR2_SetInterruptHandler                                     text3        003210
_TRISA                                                        (abs)        0004C6
_TRISB                                                        (abs)        0004C7
_TRISBbits                                                    (abs)        0004C7
_TRISC                                                        (abs)        0004C8
_TRISE                                                        (abs)        0004CA
_ValidateTransmission                                         text35       00294E
_WPUA                                                         (abs)        000401
_WPUB                                                         (abs)        000409
_WPUC                                                         (abs)        000411
_WPUE                                                         (abs)        000421
_WriteMessageToFifo                                           text33       00260E
__HRAM                                                        (abs)        000000
__Habs1                                                       abs1         000000
__Hbank10                                                     bank10       000000
__Hbank11                                                     bank11       000000
__Hbank12                                                     bank12       000000
__Hbank13                                                     bank13       000000
__Hbank14                                                     bank14       000000
__Hbank15                                                     bank15       000000
__Hbank16                                                     bank16       000000
__Hbank17                                                     bank17       000000
__Hbank18                                                     bank18       000000
__Hbank19                                                     bank19       000000
__Hbank20                                                     bank20       000000
__Hbank21                                                     bank21       000000
__Hbank22                                                     bank22       000000
__Hbank23                                                     bank23       000000
__Hbank24                                                     bank24       000000
__Hbank25                                                     bank25       000000
__Hbank26                                                     bank26       000000
__Hbank27                                                     bank27       000000
__Hbank28                                                     bank28       000000
__Hbank29                                                     bank29       000000
__Hbank30                                                     bank30       000000
__Hbank31                                                     bank31       000000
__Hbank32                                                     bank32       000000
__Hbank33                                                     bank33       000000
__Hbank34                                                     bank34       000000
__Hbank35                                                     bank35       000000
__Hbank36                                                     bank36       000000
__Hbank37                                                     bank37       000000
__Hbank5                                                      bank5        000000
__Hbank6                                                      bank6        000000
__Hbank7                                                      bank7        000000
__Hbank8                                                      bank8        000000
__Hbank9                                                      bank9        000000
__Hbigbss                                                     bigbss       000000
__Hbigdata                                                    bigdata      000000
__Hbigram                                                     bigram       000000
__Hbss                                                        bss          000000
__HbssCOMRAM                                                  bssCOMRAM    000000
__Hcinit                                                      cinit        000000
__Hclrtext                                                    clrtext      000000
__Hcomram                                                     comram       000000
__Hconfig                                                     config       300024
__Hconst                                                      const        000000
__HcstackCOMRAM                                               cstackCOMRAM 000000
__Hdata                                                       data         000000
__HdataBANK5                                                  dataBANK5    000000
__Heeprom_data                                                eeprom_data  000000
__Hfarbss                                                     farbss       000000
__Hfardata                                                    fardata      000000
__Hibigdata                                                   ibigdata     000000
__Hidata                                                      idata        000000
__HidataBANK5                                                 idataBANK5   000000
__Hidloc                                                      idloc        200020
__Hifardata                                                   ifardata     000000
__Hinit                                                       init         00001E
__Hintsave_regs                                               intsave_regs 000000
__Hirdata                                                     irdata       000000
__Hivt0x8                                                     ivt0x8       00001A
__Hmediumconst                                                mediumconst  000000
__HnvCOMRAM                                                   nvCOMRAM     000000
__HnvFARRAM                                                   nvFARRAM     000000
__Hnvbit                                                      nvbit        000000
__Hnvrram                                                     nvrram       000000
__Hparam                                                      rparam       000000
__Hpowerup                                                    powerup      000000
__Hram                                                        ram          000000
__Hramtop                                                     ramtop       002600
__Hrbit                                                       rbit         000000
__Hrbss                                                       rbss         000000
__Hrdata                                                      rdata        000000
__Hreset_vec                                                  reset_vec    000004
__Hrparam                                                     rparam       000000
__Hsfr                                                        sfr          000000
__Hsmallconst                                                 smallconst   00260E
__Hspace_0                                                    (abs)        0032B8
__Hspace_1                                                    (abs)        000580
__Hspace_2                                                    (abs)        000000
__Hspace_4                                                    (abs)        600024
__Hstack                                                      stack        000000
__Hstruct                                                     struct       000000
__Htemp                                                       temp         000000
__Htext                                                       text         000000
__Htext0                                                      text0        000000
__Htext1                                                      text1        000000
__Htext10                                                     text10       000000
__Htext11                                                     text11       000000
__Htext12                                                     text12       000000
__Htext13                                                     text13       000000
__Htext14                                                     text14       000000
__Htext15                                                     text15       000000
__Htext16                                                     text16       000000
__Htext17                                                     text17       000000
__Htext18                                                     text18       000000
__Htext19                                                     text19       000000
__Htext2                                                      text2        000000
__Htext20                                                     text20       000000
__Htext21                                                     text21       000000
__Htext22                                                     text22       000000
__Htext23                                                     text23       000000
__Htext24                                                     text24       000000
__Htext25                                                     text25       000000
__Htext26                                                     text26       000000
__Htext27                                                     text27       000000
__Htext28                                                     text28       000000
__Htext29                                                     text29       000000
__Htext3                                                      text3        000000
__Htext30                                                     text30       000000
__Htext31                                                     text31       000000
__Htext32                                                     text32       000000
__Htext33                                                     text33       000000
__Htext34                                                     text34       000000
__Htext35                                                     text35       000000
__Htext36                                                     text36       000000
__Htext37                                                     text37       000000
__Htext38                                                     text38       000000
__Htext39                                                     text39       000000
__Htext4                                                      text4        000000
__Htext40                                                     text40       000000
__Htext41                                                     text41       000000
__Htext42                                                     text42       000000
__Htext43                                                     text43       000000
__Htext44                                                     text44       000000
__Htext45                                                     text45       000000
__Htext46                                                     text46       000000
__Htext47                                                     text47       000000
__Htext48                                                     text48       000000
__Htext49                                                     text49       000000
__Htext5                                                      text5        000000
__Htext50                                                     text50       000000
__Htext51                                                     text51       000000
__Htext52                                                     text52       000000
__Htext53                                                     text53       000000
__Htext6                                                      text6        000000
__Htext7                                                      text7        000000
__Htext8                                                      text8        000000
__Htext9                                                      text9        000000
__LRAM                                                        (abs)        000001
__Labs1                                                       abs1         000000
__Lbank10                                                     bank10       000000
__Lbank11                                                     bank11       000000
__Lbank12                                                     bank12       000000
__Lbank13                                                     bank13       000000
__Lbank14                                                     bank14       000000
__Lbank15                                                     bank15       000000
__Lbank16                                                     bank16       000000
__Lbank17                                                     bank17       000000
__Lbank18                                                     bank18       000000
__Lbank19                                                     bank19       000000
__Lbank20                                                     bank20       000000
__Lbank21                                                     bank21       000000
__Lbank22                                                     bank22       000000
__Lbank23                                                     bank23       000000
__Lbank24                                                     bank24       000000
__Lbank25                                                     bank25       000000
__Lbank26                                                     bank26       000000
__Lbank27                                                     bank27       000000
__Lbank28                                                     bank28       000000
__Lbank29                                                     bank29       000000
__Lbank30                                                     bank30       000000
__Lbank31                                                     bank31       000000
__Lbank32                                                     bank32       000000
__Lbank33                                                     bank33       000000
__Lbank34                                                     bank34       000000
__Lbank35                                                     bank35       000000
__Lbank36                                                     bank36       000000
__Lbank37                                                     bank37       000000
__Lbank5                                                      bank5        000000
__Lbank6                                                      bank6        000000
__Lbank7                                                      bank7        000000
__Lbank8                                                      bank8        000000
__Lbank9                                                      bank9        000000
__Lbigbss                                                     bigbss       000000
__Lbigdata                                                    bigdata      000000
__Lbigram                                                     bigram       000000
__Lbss                                                        bss          000000
__LbssCOMRAM                                                  bssCOMRAM    000000
__Lcinit                                                      cinit        000000
__Lclrtext                                                    clrtext      000000
__Lcomram                                                     comram       000000
__Lconfig                                                     config       000000
__Lconst                                                      const        000000
__LcstackCOMRAM                                               cstackCOMRAM 000000
__Ldata                                                       data         000000
__LdataBANK5                                                  dataBANK5    000000
__Leeprom_data                                                eeprom_data  000000
__Lfarbss                                                     farbss       000000
__Lfardata                                                    fardata      000000
__Libigdata                                                   ibigdata     000000
__Lidata                                                      idata        000000
__LidataBANK5                                                 idataBANK5   000000
__Lidloc                                                      idloc        000000
__Lifardata                                                   ifardata     000000
__Linit                                                       init         00001A
__Lintsave_regs                                               intsave_regs 000000
__Lirdata                                                     irdata       000000
__Livt0x8                                                     ivt0x8       000008
__Lmediumconst                                                mediumconst  000000
__LnvCOMRAM                                                   nvCOMRAM     000000
__LnvFARRAM                                                   nvFARRAM     000000
__Lnvbit                                                      nvbit        000000
__Lnvrram                                                     nvrram       000000
__Lparam                                                      rparam       000000
__Lpowerup                                                    powerup      000000
__Lram                                                        ram          000000
__Lramtop                                                     ramtop       002600
__Lrbit                                                       rbit         000000
__Lrbss                                                       rbss         000000
__Lrdata                                                      rdata        000000
__Lreset_vec                                                  reset_vec    000000
__Lrparam                                                     rparam       000000
__Lsfr                                                        sfr          000000
__Lsmallconst                                                 smallconst   002600
__Lspace_0                                                    (abs)        000000
__Lspace_1                                                    (abs)        000000
__Lspace_2                                                    (abs)        000000
__Lspace_4                                                    (abs)        000000
__Lstack                                                      stack        000000
__Lstruct                                                     struct       000000
__Ltemp                                                       temp         000000
__Ltext                                                       text         000000
__Ltext0                                                      text0        000000
__Ltext1                                                      text1        000000
__Ltext10                                                     text10       000000
__Ltext11                                                     text11       000000
__Ltext12                                                     text12       000000
__Ltext13                                                     text13       000000
__Ltext14                                                     text14       000000
__Ltext15                                                     text15       000000
__Ltext16                                                     text16       000000
__Ltext17                                                     text17       000000
__Ltext18                                                     text18       000000
__Ltext19                                                     text19       000000
__Ltext2                                                      text2        000000
__Ltext20                                                     text20       000000
__Ltext21                                                     text21       000000
__Ltext22                                                     text22       000000
__Ltext23                                                     text23       000000
__Ltext24                                                     text24       000000
__Ltext25                                                     text25       000000
__Ltext26                                                     text26       000000
__Ltext27                                                     text27       000000
__Ltext28                                                     text28       000000
__Ltext29                                                     text29       000000
__Ltext3                                                      text3        000000
__Ltext30                                                     text30       000000
__Ltext31                                                     text31       000000
__Ltext32                                                     text32       000000
__Ltext33                                                     text33       000000
__Ltext34                                                     text34       000000
__Ltext35                                                     text35       000000
__Ltext36                                                     text36       000000
__Ltext37                                                     text37       000000
__Ltext38                                                     text38       000000
__Ltext39                                                     text39       000000
__Ltext4                                                      text4        000000
__Ltext40                                                     text40       000000
__Ltext41                                                     text41       000000
__Ltext42                                                     text42       000000
__Ltext43                                                     text43       000000
__Ltext44                                                     text44       000000
__Ltext45                                                     text45       000000
__Ltext46                                                     text46       000000
__Ltext47                                                     text47       000000
__Ltext48                                                     text48       000000
__Ltext49                                                     text49       000000
__Ltext5                                                      text5        000000
__Ltext50                                                     text50       000000
__Ltext51                                                     text51       000000
__Ltext52                                                     text52       000000
__Ltext53                                                     text53       000000
__Ltext6                                                      text6        000000
__Ltext7                                                      text7        000000
__Ltext8                                                      text8        000000
__Ltext9                                                      text9        000000
__S0                                                          (abs)        0032B8
__S1                                                          (abs)        000580
__S2                                                          (abs)        000000
__S4                                                          (abs)        000000
__S5                                                          (abs)        000000
___inthi_sp                                                   stack        000000
___intlo_sp                                                   stack        000000
___param_bank                                                 (abs)        000000
___rparam_used                                                (abs)        000001
___sp                                                         stack        000000
__accesstop                                                   (abs)        000560
__activetblptr                                                (abs)        000003
__end_of_ADC_Initialize                                       text25       002AD2
__end_of_ADC_SetADIInterruptHandler                           text28       003292
__end_of_ADC_SetActiveClockTuningInterruptHandler             text27       003288
__end_of_ADC_SetContext1ThresholdInterruptHandler             text26       00327E
__end_of_CAN1_BitRateConfiguration                            text24       0031FC
__end_of_CAN1_Initialize                                      text22       002EC0
__end_of_CAN1_OperationModeGet                                text38       00329C
__end_of_CAN1_OperationModeSet                                text37       002C80
__end_of_CAN1_TX_FIFO_Configuration                           text23       0031E8
__end_of_CAN1_Transmit                                        text31       002B66
__end_of_CAN1_TransmitFIFOStatusGet                           text30       00313C
__end_of_CANWriteMessage                                      text29       00294E
__end_of_DLC_BYTES                                            smallconst   00260A
__end_of_EXT_INT_Initialize                                   text20       0031D4
__end_of_FIFO                                                 smallconst   00260C
__end_of_GetTxFifoStatus                                      text36       0031C0
__end_of_INT0_CallBack                                        text51       0030C2
__end_of_INT0_DefaultInterruptHandler                         text52       0032B8
__end_of_INT0_ISR                                             text50       0032AC
__end_of_INT0_SetInterruptHandler                             text21       003274
__end_of_INTERRUPT_Initialize                                 text19       0032B0
__end_of_INTERRUPT_InterruptManager                           text39       002BF8
__end_of_OSCILLATOR_Initialize                                text18       003188
__end_of_PIN_MANAGER_Initialize                               text17       002CF6
__end_of_PMD_Initialize                                       text16       003114
__end_of_PWM1_16BIT_Initialize                                text12       002DD2
__end_of_PWM1_16BIT_Period_SetInterruptHandler                text15       00326A
__end_of_PWM1_16BIT_Slice1Output1_SetInterruptHandler         text14       003260
__end_of_PWM1_16BIT_Slice1Output2_SetInterruptHandler         text13       003256
__end_of_PWM2_16BIT_Initialize                                text8        002D64
__end_of_PWM2_16BIT_Period_SetInterruptHandler                text11       00324C
__end_of_PWM2_16BIT_Slice1Output1_SetInterruptHandler         text10       003242
__end_of_PWM2_16BIT_Slice1Output2_SetInterruptHandler         text9        003238
__end_of_SYSTEM_Initialize                                    text1        002FB6
__end_of_TMR0_CallBack                                        text48       003096
__end_of_TMR0_DefaultInterruptHandler                         text49       0032B6
__end_of_TMR0_ISR                                             text47       0032A4
__end_of_TMR0_Initialize                                      text6        003162
__end_of_TMR0_SetInterruptHandler                             text7        00322E
__end_of_TMR1_CallBack                                        text45       00306A
__end_of_TMR1_DefaultInterruptHandler                         text46       0032B4
__end_of_TMR1_ISR                                             text43       003210
__end_of_TMR1_Initialize                                      text4        002F06
__end_of_TMR1_SetInterruptHandler                             text5        003224
__end_of_TMR1_WriteTimer                                      text44       003012
__end_of_TMR2_CallBack                                        text41       00303E
__end_of_TMR2_DefaultInterruptHandler                         text42       0032B2
__end_of_TMR2_ISR                                             text40       0030EC
__end_of_TMR2_Initialize                                      text2        002FE4
__end_of_TMR2_SetInterruptHandler                             text3        00321A
__end_of_ValidateTransmission                                 text35       002A26
__end_of_WriteMessageToFifo                                   text33       002854
__end_of__initialization                                      cinit        002F40
__end_of_isTxChannel                                          text32       002F84
__end_of_main                                                 text0        002E78
__end_of_memcpy                                               text34       002E2C
__initialization                                              cinit        002F06
__mediumconst                                                 mediumconst  000000
__pbssCOMRAM                                                  bssCOMRAM    000536
__pcinit                                                      cinit        002F06
__pcstackCOMRAM                                               cstackCOMRAM 000501
__pdataBANK5                                                  dataBANK5    000560
__pidataBANK5                                                 idataBANK5   003188
__pivt0x8                                                     ivt0x8       000008
__pnvCOMRAM                                                   nvCOMRAM     000555
__psmallconst                                                 smallconst   002600
__ptext0                                                      text0        002E2C
__ptext1                                                      text1        002F84
__ptext10                                                     text10       003238
__ptext11                                                     text11       003242
__ptext12                                                     text12       002D64
__ptext13                                                     text13       00324C
__ptext14                                                     text14       003256
__ptext15                                                     text15       003260
__ptext16                                                     text16       0030EC
__ptext17                                                     text17       002C80
__ptext18                                                     text18       003162
__ptext19                                                     text19       0032AC
__ptext2                                                      text2        002FB6
__ptext20                                                     text20       0031C0
__ptext21                                                     text21       00326A
__ptext22                                                     text22       002E78
__ptext23                                                     text23       0031D4
__ptext24                                                     text24       0031E8
__ptext25                                                     text25       002A26
__ptext26                                                     text26       003274
__ptext27                                                     text27       00327E
__ptext28                                                     text28       003288
__ptext29                                                     text29       002854
__ptext3                                                      text3        003210
__ptext30                                                     text30       003114
__ptext31                                                     text31       002AD2
__ptext32                                                     text32       002F46
__ptext33                                                     text33       00260E
__ptext34                                                     text34       002DD2
__ptext35                                                     text35       00294E
__ptext36                                                     text36       0031A8
__ptext37                                                     text37       002BF8
__ptext38                                                     text38       003292
__ptext39                                                     text39       002B66
__ptext4                                                      text4        002EC0
__ptext40                                                     text40       0030C2
__ptext41                                                     text41       003012
__ptext42                                                     text42       0032B0
__ptext43                                                     text43       0031FC
__ptext44                                                     text44       002FE4
__ptext45                                                     text45       00303E
__ptext46                                                     text46       0032B2
__ptext47                                                     text47       00329C
__ptext48                                                     text48       00306A
__ptext49                                                     text49       0032B4
__ptext5                                                      text5        00321A
__ptext50                                                     text50       0032A4
__ptext51                                                     text51       003096
__ptext52                                                     text52       0032B6
__ptext53                                                     text53       000000
__ptext6                                                      text6        00313C
__ptext7                                                      text7        003224
__ptext8                                                      text8        002CF6
__ptext9                                                      text9        00322E
__ramtop                                                      ramtop       002600
__size_of_ADC_Initialize                                      (abs)        000000
__size_of_ADC_SetADIInterruptHandler                          (abs)        000000
__size_of_ADC_SetActiveClockTuningInterruptHandler            (abs)        000000
__size_of_ADC_SetContext1ThresholdInterruptHandler            (abs)        000000
__size_of_CAN1_BitRateConfiguration                           (abs)        000000
__size_of_CAN1_Initialize                                     (abs)        000000
__size_of_CAN1_OperationModeGet                               (abs)        000000
__size_of_CAN1_OperationModeSet                               (abs)        000000
__size_of_CAN1_TX_FIFO_Configuration                          (abs)        000000
__size_of_CAN1_Transmit                                       (abs)        000000
__size_of_CAN1_TransmitFIFOStatusGet                          (abs)        000000
__size_of_CANWriteMessage                                     (abs)        000000
__size_of_EXT_INT_Initialize                                  (abs)        000000
__size_of_GetTxFifoStatus                                     (abs)        000000
__size_of_INT0_CallBack                                       (abs)        000000
__size_of_INT0_DefaultInterruptHandler                        (abs)        000000
__size_of_INT0_ISR                                            (abs)        000000
__size_of_INT0_SetInterruptHandler                            (abs)        000000
__size_of_INTERRUPT_Initialize                                (abs)        000000
__size_of_INTERRUPT_InterruptManager                          (abs)        000000
__size_of_OSCILLATOR_Initialize                               (abs)        000000
__size_of_PIN_MANAGER_Initialize                              (abs)        000000
__size_of_PMD_Initialize                                      (abs)        000000
__size_of_PWM1_16BIT_Initialize                               (abs)        000000
__size_of_PWM1_16BIT_Period_SetInterruptHandler               (abs)        000000
__size_of_PWM1_16BIT_Slice1Output1_SetInterruptHandler        (abs)        000000
__size_of_PWM1_16BIT_Slice1Output2_SetInterruptHandler        (abs)        000000
__size_of_PWM2_16BIT_Initialize                               (abs)        000000
__size_of_PWM2_16BIT_Period_SetInterruptHandler               (abs)        000000
__size_of_PWM2_16BIT_Slice1Output1_SetInterruptHandler        (abs)        000000
__size_of_PWM2_16BIT_Slice1Output2_SetInterruptHandler        (abs)        000000
__size_of_SYSTEM_Initialize                                   (abs)        000000
__size_of_TMR0_CallBack                                       (abs)        000000
__size_of_TMR0_DefaultInterruptHandler                        (abs)        000000
__size_of_TMR0_ISR                                            (abs)        000000
__size_of_TMR0_Initialize                                     (abs)        000000
__size_of_TMR0_SetInterruptHandler                            (abs)        000000
__size_of_TMR1_CallBack                                       (abs)        000000
__size_of_TMR1_DefaultInterruptHandler                        (abs)        000000
__size_of_TMR1_ISR                                            (abs)        000000
__size_of_TMR1_Initialize                                     (abs)        000000
__size_of_TMR1_SetInterruptHandler                            (abs)        000000
__size_of_TMR1_WriteTimer                                     (abs)        000000
__size_of_TMR2_CallBack                                       (abs)        000000
__size_of_TMR2_DefaultInterruptHandler                        (abs)        000000
__size_of_TMR2_ISR                                            (abs)        000000
__size_of_TMR2_Initialize                                     (abs)        000000
__size_of_TMR2_SetInterruptHandler                            (abs)        000000
__size_of_ValidateTransmission                                (abs)        000000
__size_of_WriteMessageToFifo                                  (abs)        000000
__size_of_isTxChannel                                         (abs)        000000
__size_of_main                                                (abs)        000000
__size_of_memcpy                                              (abs)        000000
__smallconst                                                  smallconst   002600
_isTxChannel                                                  text32       002F46
_isTxChannel$1442                                             cstackCOMRAM 000503
_main                                                         text0        002E2C
_memcpy                                                       text34       002DD2
_msg                                                          bssCOMRAM    00054E
_timer1ReloadVal                                              bssCOMRAM    00053E
end_of_initialization                                         cinit        002F40
intlevel0                                                     text         000000
intlevel1                                                     text         000000
intlevel2                                                     text         000000
intlevel3                                                     text         000000
isTxChannel@channel                                           cstackCOMRAM 000504
isa$std                                                       (abs)        000001
isa$xinst                                                     (abs)        000000
ivt0x8_base                                                   ivt0x8       000008
memcpy@d                                                      cstackCOMRAM 000509
memcpy@d1                                                     cstackCOMRAM 000503
memcpy@n                                                      cstackCOMRAM 000507
memcpy@s                                                      cstackCOMRAM 00050B
memcpy@s1                                                     cstackCOMRAM 000505
memcpy@tmp                                                    cstackCOMRAM 00050D
stackhi                                                       (abs)        0025FF
stacklo                                                       (abs)        000580
start                                                         init         00001A
start_initialization                                          cinit        002F06


MODULE INFORMATION

Module		Function		Class		Link	Load	Size
mcc_generated_files/can1.c
		_ValidateTransmission		CODE           	294E	0000	216
		_CAN1_BitRateConfiguration		CODE           	31E8	0000	20
		_CAN1_TX_FIFO_Configuration		CODE           	31D4	0000	20
		_CAN1_OperationModeGet		CODE           	3292	0000	10
		_CAN1_Initialize		CODE           	2E78	0000	72
		_CAN1_TransmitFIFOStatusGet		CODE           	3114	0000	40
		_CAN1_Transmit 		CODE           	2AD2	0000	148
		_isTxChannel   		CODE           	2F46	0000	62
		_GetTxFifoStatus		CODE           	31A8	0000	24
		_WriteMessageToFifo		CODE           	260E	0000	582
		_CAN1_OperationModeSet		CODE           	2BF8	0000	136

mcc_generated_files/can1.c estimated size: 1330

mcc_generated_files/pwm2_16bit.c
		_PWM2_16BIT_Period_SetInterruptHandler		CODE           	3242	0000	10
		_PWM2_16BIT_Slice1Output1_SetInterruptHandler		CODE           	3238	0000	10
		_PWM2_16BIT_Slice1Output2_SetInterruptHandler		CODE           	322E	0000	10
		_PWM2_16BIT_Initialize		CODE           	2CF6	0000	110

mcc_generated_files/pwm2_16bit.c estimated size: 140

MESSAGES.c
		_CANWriteMessage		CODE           	2854	0000	250

MESSAGES.c estimated size: 250

mcc_generated_files/tmr2.c
		_TMR2_ISR      		CODE           	30C2	0000	42
		_TMR2_Initialize		CODE           	2FB6	0000	46
		_TMR2_SetInterruptHandler		CODE           	3210	0000	10
		_TMR2_DefaultInterruptHandler		CODE           	32B0	0000	2
		_TMR2_CallBack 		CODE           	3012	0000	44

mcc_generated_files/tmr2.c estimated size: 144

mcc_generated_files/interrupt_manager.c
		_INTERRUPT_Initialize		CODE           	32AC	0000	4
		_INTERRUPT_InterruptManager		CODE           	2B66	0000	146

mcc_generated_files/interrupt_manager.c estimated size: 150

mcc_generated_files/tmr0.c
		_TMR0_SetInterruptHandler		CODE           	3224	0000	10
		_TMR0_DefaultInterruptHandler		CODE           	32B4	0000	2
		_TMR0_CallBack 		CODE           	306A	0000	44
		_TMR0_ISR      		CODE           	329C	0000	8
		_TMR0_Initialize		CODE           	313C	0000	38

mcc_generated_files/tmr0.c estimated size: 102

mcc_generated_files/pin_manager.c
		_PIN_MANAGER_Initialize		CODE           	2C80	0000	118

mcc_generated_files/pin_manager.c estimated size: 118

C:\Program Files\Microchip\xc8\v2.32\pic\sources\c99\common\memcpy.c
		_memcpy        		CODE           	2DD2	0000	90

C:\Program Files\Microchip\xc8\v2.32\pic\sources\c99\common\memcpy.c estimated size: 90

mcc_generated_files/adc.c
		_ADC_Initialize		CODE           	2A26	0000	172
		_ADC_SetActiveClockTuningInterruptHandler		CODE           	327E	0000	10
		_ADC_SetADIInterruptHandler		CODE           	3288	0000	10
		_ADC_SetContext1ThresholdInterruptHandler		CODE           	3274	0000	10

mcc_generated_files/adc.c estimated size: 202

mcc_generated_files/ext_int.c
		_INT0_SetInterruptHandler		CODE           	326A	0000	10
		_EXT_INT_Initialize		CODE           	31C0	0000	20
		_INT0_DefaultInterruptHandler		CODE           	32B6	0000	2
		_INT0_CallBack 		CODE           	3096	0000	44
		_INT0_ISR      		CODE           	32A4	0000	8

mcc_generated_files/ext_int.c estimated size: 84

mcc_generated_files/pwm1_16bit.c
		_PWM1_16BIT_Period_SetInterruptHandler		CODE           	3260	0000	10
		_PWM1_16BIT_Slice1Output1_SetInterruptHandler		CODE           	3256	0000	10
		_PWM1_16BIT_Slice1Output2_SetInterruptHandler		CODE           	324C	0000	10
		_PWM1_16BIT_Initialize		CODE           	2D64	0000	110

mcc_generated_files/pwm1_16bit.c estimated size: 140

shared
		_FIFO          		SMALLCONST     	0000	0000	0
		_DLC_BYTES     		SMALLCONST     	2601	0000	9
		__initialization		CODE           	2F06	0000	58

shared estimated size: 67

mcc_generated_files/mcc.c
		_PMD_Initialize		CODE           	30EC	0000	40
		_OSCILLATOR_Initialize		CODE           	3162	0000	38
		_SYSTEM_Initialize		CODE           	2F84	0000	50

mcc_generated_files/mcc.c estimated size: 128

mcc_generated_files/tmr1.c
		_TMR1_Initialize		CODE           	2EC0	0000	70
		_TMR1_SetInterruptHandler		CODE           	321A	0000	10
		_TMR1_DefaultInterruptHandler		CODE           	32B2	0000	2
		_TMR1_CallBack 		CODE           	303E	0000	44
		_TMR1_WriteTimer		CODE           	2FE4	0000	46
		_TMR1_ISR      		CODE           	31FC	0000	20

mcc_generated_files/tmr1.c estimated size: 192

main.c
		_main          		CODE           	2E2C	0000	76

main.c estimated size: 76

