Microchip MPLAB XC8 Compiler V2.30

Linker command line:

-W-3 --edf=C:\Program Files\Microchip\xc8\v2.30\pic\dat\en_msgs.txt \
  -pivt0x8=08h -cn -h+dist/default/production\ASB.X.production.sym \
  --cmf=dist/default/production\ASB.X.production.cmf -z -Q18F26Q84 \
  -oC:\Users\panze\AppData\Local\Temp\spnkx2 --defsym=__MPLAB_BUILD=1 \
  -Mdist/default/production/ASB.X.production.map -E1 -ver=XC8 Compiler \
  --acfsm=1493 -ASTACK=0560h-025FFh -pstack=STACK -ACODE=00h-0FFFFh \
  -ACONST=00h-0FFFFh -ASMALLCONST=02600h-026FFhx218 \
  -AMEDIUMCONST=02600h-0FFFFh -ACOMRAM=0501h-055Fh -AABS1=0500h-025FFh \
  -ABIGRAM=0501h-025FFh -ARAM=0560h-05FFh,0600h-06FFhx32 \
  -ABANK5=0560h-05FFh -ABANK6=0600h-06FFh -ABANK7=0700h-07FFh \
  -ABANK8=0800h-08FFh -ABANK9=0900h-09FFh -ABANK10=0A00h-0AFFh \
  -ABANK11=0B00h-0BFFh -ABANK12=0C00h-0CFFh -ABANK13=0D00h-0DFFh \
  -ABANK14=0E00h-0EFFh -ABANK15=0F00h-0FFFh -ABANK16=01000h-010FFh \
  -ABANK17=01100h-011FFh -ABANK18=01200h-012FFh -ABANK19=01300h-013FFh \
  -ABANK20=01400h-014FFh -ABANK21=01500h-015FFh -ABANK22=01600h-016FFh \
  -ABANK23=01700h-017FFh -ABANK24=01800h-018FFh -ABANK25=01900h-019FFh \
  -ABANK26=01A00h-01AFFh -ABANK27=01B00h-01BFFh -ABANK28=01C00h-01CFFh \
  -ABANK29=01D00h-01DFFh -ABANK30=01E00h-01EFFh -ABANK31=01F00h-01FFFh \
  -ABANK32=02000h-020FFh -ABANK33=02100h-021FFh -ABANK34=02200h-022FFh \
  -ABANK35=02300h-023FFh -ABANK36=02400h-024FFh -ABANK37=02500h-025FFh \
  -ASFR=00h-0FFhx4,0400h-045Fh,0460h-04FFh -ACONFIG=0300000h-0300023h \
  -AIDLOC=0200000h-020001Fh -AEEDATA=0380000h-03803FFh -peeprom_data=EEDATA \
  -preset_vec=00h -ppowerup=CODE,init -pramtop=02600h \
  -psmallconst=SMALLCONST -pmediumconst=MEDIUMCONST -pconst=CONST \
  -AFARRAM=00h-00h \
  -prdata=COMRAM,nvrram=COMRAM,nvbit=COMRAM,rbss=COMRAM,rbit=COMRAM \
  -pfarbss=FARRAM,fardata=FARRAM,nvFARRAM=FARRAM \
  -pintsave_regs=BIGRAM,bigbss=BIGRAM,bigdata=BIGRAM -pbss=RAM \
  -pidata=CODE,irdata=CODE,ibigdata=CODE,ifardata=CODE -prparam=COMRAM \
  C:\Users\panze\AppData\Local\Temp\spnkx8.o \
  dist/default/production\ASB.X.production.o 

Object code version is 3.11

Machine type is 18F26Q84



                Name                               Link     Load   Length Selector   Space Scale
C:\Users\panze\AppData\Local\Temp\spnkx8.o
                idloc                            200000   200000       20        0       5
                config                           300000   300000       24        0       4
                init                                 1A       1A        4        4       0
                reset_vec                             0        0        4        0       0
dist/default/production\ASB.X.production.o
                idloc                            200000   200000       20        0       5
                config                           300000   300000       24        0       4
                smallconst                         2600     2600        E     1300       0
                ivt0x8                                8        8       12        4       0
                text56                             2EB0     2EB0        2     1307       0
                text55                             2EAE     2EAE        2     1307       0
                text54                             2EAC     2EAC        2     1307       0
                text53                             2EAA     2EAA        2     1307       0
                text52                             2EA8     2EA8        2     1307       0
                text51                             260E     260E       D8     1307       0
                text50                             2EA6     2EA6        2     1307       0
                text49                             2CB6     2CB6       2C     1307       0
                text48                             2E94     2E94        8     1307       0
                text47                             2EA4     2EA4        2     1307       0
                text46                             2C8A     2C8A       2C     1307       0
                text45                             2E8C     2E8C        8     1307       0
                text44                             2EA2     2EA2        2     1307       0
                text43                             2C5E     2C5E       2C     1307       0
                text42                             2C04     2C04       2E     1307       0
                text41                             2DBA     2DBA       14     1307       0
                text40                             2EA0     2EA0        2     1307       0
                text39                             2C32     2C32       2C     1307       0
                text38                             2CE2     2CE2       2A     1307       0
                text37                             26E6     26E6       B6     1307       0
                text36                             2BD6     2BD6       2E     1307       0
                text35                             2E82     2E82        A     1307       0
                text34                             2E78     2E78        A     1307       0
                text33                             2E6E     2E6E        A     1307       0
                text32                             279C     279C       AC     1307       0
                text31                             2DA6     2DA6       14     1307       0
                text30                             2E64     2E64        A     1307       0
                text29                             2E5A     2E5A        A     1307       0
                text28                             2E50     2E50        A     1307       0
                text27                             2E46     2E46        A     1307       0
                text26                             2E3C     2E3C        A     1307       0
                text25                             2A94     2A94       54     1307       0
                text24                             2E32     2E32        A     1307       0
                text23                             2A3C     2A3C       58     1307       0
                text22                             2AE8     2AE8       48     1307       0
                text21                             2E28     2E28        A     1307       0
                text20                             2D92     2D92       14     1307       0
                text19                             2E9C     2E9C        4     1307       0
                text18                             2D7A     2D7A       18     1307       0
                text17                             28EE     28EE       72     1307       0
                text16                             2D0C     2D0C       28     1307       0
                text15                             2E1E     2E1E        A     1307       0
                text14                             2E14     2E14        A     1307       0
                text13                             2E0A     2E0A        A     1307       0
                text12                             29CE     29CE       6E     1307       0
                text11                             2E00     2E00        A     1307       0
                text10                             2DF6     2DF6        A     1307       0
                text9                              2DEC     2DEC        A     1307       0
                text8                              2960     2960       6E     1307       0
                text7                              2DE2     2DE2        A     1307       0
                text6                              2D34     2D34       26     1307       0
                text5                              2DD8     2DD8        A     1307       0
                text4                              2B30     2B30       46     1307       0
                text3                              2DCE     2DCE        A     1307       0
                text2                              2BA8     2BA8       2E     1307       0
                text1                              2B76     2B76       32     1307       0
                text0                              2848     2848       A6     1307       0
                cstackCOMRAM                        529      529        7      501       1
                bssCOMRAM                           517      517       12      501       1
                cinit                              2D5A     2D5A       20     1307       0
                nvCOMRAM                            501      501       16      501       1

TOTAL           Name                               Link     Load   Length     Space
        CLASS   STACK          

        CLASS   CODE           
                init                                 1A       1A        4         0
                reset_vec                             0        0        4         0
                ivt0x8                                8        8       12         0
                text56                             2EB0     2EB0        2         0
                text55                             2EAE     2EAE        2         0
                text54                             2EAC     2EAC        2         0
                text53                             2EAA     2EAA        2         0
                text52                             2EA8     2EA8        2         0
                text51                             260E     260E       D8         0
                text50                             2EA6     2EA6        2         0
                text49                             2CB6     2CB6       2C         0
                text48                             2E94     2E94        8         0
                text47                             2EA4     2EA4        2         0
                text46                             2C8A     2C8A       2C         0
                text45                             2E8C     2E8C        8         0
                text44                             2EA2     2EA2        2         0
                text43                             2C5E     2C5E       2C         0
                text42                             2C04     2C04       2E         0
                text41                             2DBA     2DBA       14         0
                text40                             2EA0     2EA0        2         0
                text39                             2C32     2C32       2C         0
                text38                             2CE2     2CE2       2A         0
                text37                             26E6     26E6       B6         0
                text36                             2BD6     2BD6       2E         0
                text35                             2E82     2E82        A         0
                text34                             2E78     2E78        A         0
                text33                             2E6E     2E6E        A         0
                text32                             279C     279C       AC         0
                text31                             2DA6     2DA6       14         0
                text30                             2E64     2E64        A         0
                text29                             2E5A     2E5A        A         0
                text28                             2E50     2E50        A         0
                text27                             2E46     2E46        A         0
                text26                             2E3C     2E3C        A         0
                text25                             2A94     2A94       54         0
                text24                             2E32     2E32        A         0
                text23                             2A3C     2A3C       58         0
                text22                             2AE8     2AE8       48         0
                text21                             2E28     2E28        A         0
                text20                             2D92     2D92       14         0
                text19                             2E9C     2E9C        4         0
                text18                             2D7A     2D7A       18         0
                text17                             28EE     28EE       72         0
                text16                             2D0C     2D0C       28         0
                text15                             2E1E     2E1E        A         0
                text14                             2E14     2E14        A         0
                text13                             2E0A     2E0A        A         0
                text12                             29CE     29CE       6E         0
                text11                             2E00     2E00        A         0
                text10                             2DF6     2DF6        A         0
                text9                              2DEC     2DEC        A         0
                text8                              2960     2960       6E         0
                text7                              2DE2     2DE2        A         0
                text6                              2D34     2D34       26         0
                text5                              2DD8     2DD8        A         0
                text4                              2B30     2B30       46         0
                text3                              2DCE     2DCE        A         0
                text2                              2BA8     2BA8       2E         0
                text1                              2B76     2B76       32         0
                text0                              2848     2848       A6         0
                cinit                              2D5A     2D5A       20         0

        CLASS   CONST          

        CLASS   SMALLCONST     
                smallconst                         2600     2600        E         0

        CLASS   MEDIUMCONST    

        CLASS   COMRAM         
                cstackCOMRAM                        529      529        7         1
                bssCOMRAM                           517      517       12         1
                nvCOMRAM                            501      501       16         1

        CLASS   ABS1           

        CLASS   BIGRAM         

        CLASS   RAM            

        CLASS   BANK5          

        CLASS   BANK6          

        CLASS   BANK7          

        CLASS   BANK8          

        CLASS   BANK9          

        CLASS   BANK10         

        CLASS   BANK11         

        CLASS   BANK12         

        CLASS   BANK13         

        CLASS   BANK14         

        CLASS   BANK15         

        CLASS   BANK16         

        CLASS   BANK17         

        CLASS   BANK18         

        CLASS   BANK19         

        CLASS   BANK20         

        CLASS   BANK21         

        CLASS   BANK22         

        CLASS   BANK23         

        CLASS   BANK24         

        CLASS   BANK25         

        CLASS   BANK26         

        CLASS   BANK27         

        CLASS   BANK28         

        CLASS   BANK29         

        CLASS   BANK30         

        CLASS   BANK31         

        CLASS   BANK32         

        CLASS   BANK33         

        CLASS   BANK34         

        CLASS   BANK35         

        CLASS   BANK36         

        CLASS   BANK37         

        CLASS   SFR            

        CLASS   CONFIG         
                config                           300000   300000       24         4

        CLASS   IDLOC          
                idloc                            200000   200000       20         5

        CLASS   EEDATA         

        CLASS   FARRAM         



SEGMENTS        Name                           Load    Length   Top    Selector   Space  Class

                reset_vec                      000000  000004  000004         0       0  CODE    
                ivt0x8                         000008  000016  00001E         4       0  CODE    
                nvCOMRAM                       000501  00002F  000530       501       1  COMRAM  
                smallconst                     002600  00000E  00260E      1300       0  SMALLCON
                text51                         00260E  0008A4  002EB2      1307       0  CODE    


UNUSED ADDRESS RANGES

        Name                Unused          Largest block    Delta
        BANK10           000A00-000AFF              100
        BANK11           000B00-000BFF              100
        BANK12           000C00-000CFF              100
        BANK13           000D00-000DFF              100
        BANK14           000E00-000EFF              100
        BANK15           000F00-000FFF              100
        BANK16           001000-0010FF              100
        BANK17           001100-0011FF              100
        BANK18           001200-0012FF              100
        BANK19           001300-0013FF              100
        BANK20           001400-0014FF              100
        BANK21           001500-0015FF              100
        BANK22           001600-0016FF              100
        BANK23           001700-0017FF              100
        BANK24           001800-0018FF              100
        BANK25           001900-0019FF              100
        BANK26           001A00-001AFF              100
        BANK27           001B00-001BFF              100
        BANK28           001C00-001CFF              100
        BANK29           001D00-001DFF              100
        BANK30           001E00-001EFF              100
        BANK31           001F00-001FFF              100
        BANK32           002000-0020FF              100
        BANK33           002100-0021FF              100
        BANK34           002200-0022FF              100
        BANK35           002300-0023FF              100
        BANK36           002400-0024FF              100
        BANK37           002500-0025FF              100
        BANK5            000560-0005FF               A0
        BANK6            000600-0006FF              100
        BANK7            000700-0007FF              100
        BANK8            000800-0008FF              100
        BANK9            000900-0009FF              100
        BIGRAM           000530-0025FF             20D0
        CODE             000004-000007                4
                         00001E-0025FF             25E2
                         002EB2-00FFFF             D14E
        COMRAM           000530-00055F               30
        CONST            000004-000007                4
                         00001E-0025FF             25E2
                         002EB2-00FFFF             D14E
        EEDATA           380000-3803FF              400
        MEDIUMCONST      002EB2-00FFFF             D14E
        RAM              000560-0025FF              100
        SFR              000000-0004FF              100
        SMALLCONST       002EB2-00FFFF              100
        STACK            000560-0025FF             20A0

                                  Symbol Table

ADC_SetADIInterruptHandler@InterruptHandler                   cstackCOMRAM 00052B
ADC_SetActiveClockTuningInterruptHandler@InterruptHandler     cstackCOMRAM 00052B
ADC_SetContext1ThresholdInterruptHandler@InterruptHandler     cstackCOMRAM 00052B
CAN1_OperationModeSet@opMode                                  cstackCOMRAM 00052B
CAN1_OperationModeSet@requestMode                             cstackCOMRAM 00052D
CAN1_OperationModeSet@status                                  cstackCOMRAM 00052C
CAN1_SetBusErrorInterruptHandler@handler                      cstackCOMRAM 00052B
CAN1_SetBusWakeUpActivityInterruptHandler@handler             cstackCOMRAM 00052B
CAN1_SetInvalidMessageInterruptHandler@handler                cstackCOMRAM 00052B
CAN1_SetModeChangeInterruptHandler@handler                    cstackCOMRAM 00052B
CAN1_SetSystemErrorInterruptHandler@handler                   cstackCOMRAM 00052B
DELAY_milliseconds@milliseconds                               cstackCOMRAM 00052B
INT0_SetInterruptHandler@InterruptHandler                     cstackCOMRAM 00052B
IVTBASEH                                                      (abs)        00045E
IVTBASEL                                                      (abs)        00045D
IVTBASEU                                                      (abs)        00045F
PWM1_16BIT_Period_SetInterruptHandler@InterruptHandler        cstackCOMRAM 00052B
PWM1_16BIT_Slice1Output1_SetInterruptHandler@InterruptHandler cstackCOMRAM 00052B
PWM1_16BIT_Slice1Output2_SetInterruptHandler@InterruptHandler cstackCOMRAM 00052B
PWM2_16BIT_Period_SetInterruptHandler@InterruptHandler        cstackCOMRAM 00052B
PWM2_16BIT_Slice1Output1_SetInterruptHandler@InterruptHandler cstackCOMRAM 00052B
PWM2_16BIT_Slice1Output2_SetInterruptHandler@InterruptHandler cstackCOMRAM 00052B
TMR0_SetInterruptHandler@InterruptHandler                     cstackCOMRAM 00052B
TMR1_SetInterruptHandler@InterruptHandler                     cstackCOMRAM 00052B
TMR1_WriteTimer@timerVal                                      cstackCOMRAM 000529
TMR2_ISR@CountCallBack                                        bssCOMRAM    000517
TMR2_SetInterruptHandler@InterruptHandler                     cstackCOMRAM 00052B
_ADACCH                                                       (abs)        0003E4
_ADACCL                                                       (abs)        0003E3
_ADACCU                                                       (abs)        0003E5
_ADACQH                                                       (abs)        0003EF
_ADACQL                                                       (abs)        0003EE
_ADACT                                                        (abs)        0003F9
_ADACTPPS                                                     (abs)        000269
_ADCAP                                                        (abs)        0003F0
_ADCLK                                                        (abs)        0003FA
_ADCNT                                                        (abs)        0003E6
_ADCON0                                                       (abs)        0003F3
_ADCON0bits                                                   (abs)        0003F3
_ADCON1                                                       (abs)        0003F4
_ADCON1bits                                                   (abs)        0003F4
_ADCON2                                                       (abs)        0003F5
_ADCON2bits                                                   (abs)        0003F5
_ADCON3                                                       (abs)        0003F6
_ADCON3bits                                                   (abs)        0003F6
_ADCP                                                         (abs)        0003D8
_ADCPbits                                                     (abs)        0003D8
_ADCSEL1                                                      (abs)        0003FC
_ADCSEL1bits                                                  (abs)        0003FC
_ADCTX                                                        (abs)        0003FB
_ADC_ActiveClockTuning_ISR                                    nvCOMRAM     00050F
_ADC_Context1Thereshld_ISR                                    nvCOMRAM     000511
_ADC_ConversionComplete_ISR                                   nvCOMRAM     000513
_ADC_DefaultADI_ISR                                           (abs)        000000
_ADC_DefaultActiveClockTuning_ISR                             (abs)        000000
_ADC_DefaultContext1Threshold_ISR                             (abs)        000000
_ADC_Initialize                                               text32       00279C
_ADC_SetADIInterruptHandler                                   text35       002E82
_ADC_SetActiveClockTuningInterruptHandler                     text34       002E78
_ADC_SetContext1ThresholdInterruptHandler                     text33       002E6E
_ADERRH                                                       (abs)        0003DE
_ADERRL                                                       (abs)        0003DD
_ADFLTRH                                                      (abs)        0003E2
_ADFLTRL                                                      (abs)        0003E1
_ADLTHH                                                       (abs)        0003DA
_ADLTHL                                                       (abs)        0003D9
_ADPCH                                                        (abs)        0003EC
_ADPREH                                                       (abs)        0003F2
_ADPREL                                                       (abs)        0003F1
_ADPREVH                                                      (abs)        0003E9
_ADPREVL                                                      (abs)        0003E8
_ADREF                                                        (abs)        0003F8
_ADRESH                                                       (abs)        0003EB
_ADRESL                                                       (abs)        0003EA
_ADRPT                                                        (abs)        0003E7
_ADSTAT                                                       (abs)        0003F7
_ADSTATbits                                                   (abs)        0003F7
_ADSTPTH                                                      (abs)        0003E0
_ADSTPTL                                                      (abs)        0003DF
_ADUTHH                                                       (abs)        0003DC
_ADUTHL                                                       (abs)        0003DB
_ANSELA                                                       (abs)        000400
_ANSELB                                                       (abs)        000408
_ANSELC                                                       (abs)        000410
_C1CONH                                                       (abs)        000101
_C1CONHbits                                                   (abs)        000101
_C1CONL                                                       (abs)        000100
_C1CONTbits                                                   (abs)        000103
_C1CONU                                                       (abs)        000102
_C1CONUbits                                                   (abs)        000102
_C1FIFOBA                                                     (abs)        00014C
_C1INTH                                                       (abs)        00011D
_C1INTHbits                                                   (abs)        00011D
_C1INTL                                                       (abs)        00011C
_C1INTLbits                                                   (abs)        00011C
_C1INTT                                                       (abs)        00011F
_C1INTTbits                                                   (abs)        00011F
_C1INTU                                                       (abs)        00011E
_C1NBTCFGH                                                    (abs)        000105
_C1NBTCFGL                                                    (abs)        000104
_C1NBTCFGT                                                    (abs)        000107
_C1NBTCFGU                                                    (abs)        000106
_C1TRECUbits                                                  (abs)        000136
_CAN1_BitRateConfiguration                                    text31       002DA6
_CAN1_BusErrorHandler                                         bssCOMRAM    00051D
_CAN1_BusWakeUpActivityHandler                                bssCOMRAM    00051F
_CAN1_ErrorNotificationInterruptEnable                        text25       002A94
_CAN1_ISR                                                     text51       00260E
_CAN1_Initialize                                              text22       002AE8
_CAN1_InvalidMessageHandler                                   bssCOMRAM    000521
_CAN1_ModeChangeHandler                                       bssCOMRAM    00051B
_CAN1_OperationModeGet                                        text24       002E32
_CAN1_OperationModeSet                                        text23       002A3C
_CAN1_SetBusErrorInterruptHandler                             text30       002E64
_CAN1_SetBusWakeUpActivityInterruptHandler                    text29       002E5A
_CAN1_SetInvalidMessageInterruptHandler                       text28       002E50
_CAN1_SetModeChangeInterruptHandler                           text27       002E46
_CAN1_SetSystemErrorInterruptHandler                          text26       002E3C
_CAN1_SystemErrorHandler                                      bssCOMRAM    000519
_CANRXPPS                                                     (abs)        00023D
_DELAY_milliseconds                                           text36       002BD6
_DefaultBusErrorHandler                                       text56       002EB0
_DefaultBusWakeUpActivityHandler                              text55       002EAE
_DefaultInvalidMessageHandler                                 text54       002EAC
_DefaultModeChangeHandler                                     text53       002EAA
_DefaultSystemErrorHandler                                    text52       002EA8
_EXT_INT_Initialize                                           text20       002D92
_INLVLA                                                       (abs)        000404
_INLVLB                                                       (abs)        00040C
_INLVLC                                                       (abs)        000414
_INLVLE                                                       (abs)        000424
_INT0PPS                                                      (abs)        00023E
_INT0_CallBack                                                text49       002CB6
_INT0_DefaultInterruptHandler                                 text50       002EA6
_INT0_ISR                                                     text48       002E94
_INT0_InterruptHandler                                        nvCOMRAM     000515
_INT0_SetInterruptHandler                                     text21       002E28
_INTCON0bits                                                  (abs)        0004D6
_INTERRUPT_Initialize                                         text19       002E9C
_INTERRUPT_InterruptManager                                   text37       0026E6
_LATA                                                         (abs)        0004BE
_LATAbits                                                     (abs)        0004BE
_LATB                                                         (abs)        0004BF
_LATBbits                                                     (abs)        0004BF
_LATC                                                         (abs)        0004C0
_LATCbits                                                     (abs)        0004C0
_ODCONA                                                       (abs)        000402
_ODCONB                                                       (abs)        00040A
_ODCONC                                                       (abs)        000412
_OSCCON1                                                      (abs)        0000AD
_OSCCON3                                                      (abs)        0000AF
_OSCEN                                                        (abs)        0000B3
_OSCFRQ                                                       (abs)        0000B1
_OSCILLATOR_Initialize                                        text18       002D7A
_OSCTUNE                                                      (abs)        0000B0
_PIE0bits                                                     (abs)        00049E
_PIE1bits                                                     (abs)        00049F
_PIE3bits                                                     (abs)        0004A1
_PIE4bits                                                     (abs)        0004A2
_PIE5bits                                                     (abs)        0004A3
_PIN_MANAGER_Initialize                                       text17       0028EE
_PIR0bits                                                     (abs)        0004AE
_PIR1bits                                                     (abs)        0004AF
_PIR2bits                                                     (abs)        0004B0
_PIR3bits                                                     (abs)        0004B1
_PIR4bits                                                     (abs)        0004B2
_PIR5bits                                                     (abs)        0004B3
_PMD0                                                         (abs)        000060
_PMD1                                                         (abs)        000061
_PMD2                                                         (abs)        000062
_PMD3                                                         (abs)        000063
_PMD4                                                         (abs)        000064
_PMD5                                                         (abs)        000065
_PMD6                                                         (abs)        000066
_PMD7                                                         (abs)        000067
_PMD8                                                         (abs)        000068
_PMD_Initialize                                               text16       002D0C
_PR2                                                          (abs)        000323
_PWM1CLK                                                      (abs)        000461
_PWM1CON                                                      (abs)        000469
_PWM1CONbits                                                  (abs)        000469
_PWM1CPRE                                                     (abs)        000465
_PWM1ERS                                                      (abs)        000460
_PWM1GIE                                                      (abs)        000468
_PWM1GIEbits                                                  (abs)        000468
_PWM1GIR                                                      (abs)        000467
_PWM1GIRbits                                                  (abs)        000467
_PWM1LDS                                                      (abs)        000462
_PWM1PIPOS                                                    (abs)        000466
_PWM1PRH                                                      (abs)        000464
_PWM1PRL                                                      (abs)        000463
_PWM1S1CFG                                                    (abs)        00046A
_PWM1S1P1H                                                    (abs)        00046C
_PWM1S1P1L                                                    (abs)        00046B
_PWM1S1P2H                                                    (abs)        00046E
_PWM1S1P2L                                                    (abs)        00046D
_PWM1_16BIT_Initialize                                        text12       0029CE
_PWM1_16BIT_Period_DefaultInterruptHandler                    (abs)        000000
_PWM1_16BIT_Period_InterruptHandler                           bssCOMRAM    000523
_PWM1_16BIT_Period_SetInterruptHandler                        text15       002E1E
_PWM1_16BIT_Slice1Output1_DefaultInterruptHandler             (abs)        000000
_PWM1_16BIT_Slice1Output1_InterruptHandler                    bssCOMRAM    000527
_PWM1_16BIT_Slice1Output1_SetInterruptHandler                 text14       002E14
_PWM1_16BIT_Slice1Output2_DefaultInterruptHandler             (abs)        000000
_PWM1_16BIT_Slice1Output2_InterruptHandler                    bssCOMRAM    000525
_PWM1_16BIT_Slice1Output2_SetInterruptHandler                 text13       002E0A
_PWM2CLK                                                      (abs)        000470
_PWM2CON                                                      (abs)        000478
_PWM2CONbits                                                  (abs)        000478
_PWM2CPRE                                                     (abs)        000474
_PWM2ERS                                                      (abs)        00046F
_PWM2GIE                                                      (abs)        000477
_PWM2GIEbits                                                  (abs)        000477
_PWM2GIR                                                      (abs)        000476
_PWM2GIRbits                                                  (abs)        000476
_PWM2LDS                                                      (abs)        000471
_PWM2PIPOS                                                    (abs)        000475
_PWM2PRH                                                      (abs)        000473
_PWM2PRL                                                      (abs)        000472
_PWM2S1CFG                                                    (abs)        000479
_PWM2S1P1H                                                    (abs)        00047B
_PWM2S1P1L                                                    (abs)        00047A
_PWM2S1P2H                                                    (abs)        00047D
_PWM2S1P2L                                                    (abs)        00047C
_PWM2_16BIT_Initialize                                        text8        002960
_PWM2_16BIT_Period_DefaultInterruptHandler                    (abs)        000000
_PWM2_16BIT_Period_InterruptHandler                           nvCOMRAM     000509
_PWM2_16BIT_Period_SetInterruptHandler                        text11       002E00
_PWM2_16BIT_Slice1Output1_DefaultInterruptHandler             (abs)        000000
_PWM2_16BIT_Slice1Output1_InterruptHandler                    nvCOMRAM     00050D
_PWM2_16BIT_Slice1Output1_SetInterruptHandler                 text10       002DF6
_PWM2_16BIT_Slice1Output2_DefaultInterruptHandler             (abs)        000000
_PWM2_16BIT_Slice1Output2_InterruptHandler                    nvCOMRAM     00050B
_PWM2_16BIT_Slice1Output2_SetInterruptHandler                 text9        002DEC
_RB4PPS                                                       (abs)        00020D
_RC0PPS                                                       (abs)        000211
_RC1PPS                                                       (abs)        000212
_SLRCONA                                                      (abs)        000403
_SLRCONB                                                      (abs)        00040B
_SLRCONC                                                      (abs)        000413
_SYSTEM_Initialize                                            text1        002B76
_T0CON0                                                       (abs)        00031A
_T0CON0bits                                                   (abs)        00031A
_T0CON1                                                       (abs)        00031B
_T1CLK                                                        (abs)        000321
_T1CON                                                        (abs)        00031E
_T1CONbits                                                    (abs)        00031E
_T1GATE                                                       (abs)        000320
_T1GCON                                                       (abs)        00031F
_T1GCONbits                                                   (abs)        00031F
_T2CLKCON                                                     (abs)        000326
_T2CON                                                        (abs)        000324
_T2CONbits                                                    (abs)        000324
_T2HLT                                                        (abs)        000325
_T2HLTbits                                                    (abs)        000325
_T2PR                                                         (abs)        000323
_T2RST                                                        (abs)        000327
_T2RSTbits                                                    (abs)        000327
_T2TMR                                                        (abs)        000322
_TMR0H                                                        (abs)        000319
_TMR0L                                                        (abs)        000318
_TMR0_CallBack                                                text46       002C8A
_TMR0_DefaultInterruptHandler                                 text47       002EA4
_TMR0_ISR                                                     text45       002E8C
_TMR0_Initialize                                              text6        002D34
_TMR0_InterruptHandler                                        nvCOMRAM     000501
_TMR0_SetInterruptHandler                                     text7        002DE2
_TMR1H                                                        (abs)        00031D
_TMR1L                                                        (abs)        00031C
_TMR1_CallBack                                                text43       002C5E
_TMR1_DefaultInterruptHandler                                 text44       002EA2
_TMR1_ISR                                                     text41       002DBA
_TMR1_Initialize                                              text4        002B30
_TMR1_InterruptHandler                                        nvCOMRAM     000505
_TMR1_SetInterruptHandler                                     text5        002DD8
_TMR1_WriteTimer                                              text42       002C04
_TMR2                                                         (abs)        000322
_TMR2_CallBack                                                text39       002C32
_TMR2_DefaultInterruptHandler                                 text40       002EA0
_TMR2_ISR                                                     text38       002CE2
_TMR2_Initialize                                              text2        002BA8
_TMR2_InterruptHandler                                        nvCOMRAM     000503
_TMR2_SetInterruptHandler                                     text3        002DCE
_TRISA                                                        (abs)        0004C6
_TRISB                                                        (abs)        0004C7
_TRISC                                                        (abs)        0004C8
_TRISE                                                        (abs)        0004CA
_WPUA                                                         (abs)        000401
_WPUB                                                         (abs)        000409
_WPUC                                                         (abs)        000411
_WPUE                                                         (abs)        000421
__HRAM                                                        (abs)        000000
__Habs1                                                       abs1         000000
__Hbank10                                                     bank10       000000
__Hbank11                                                     bank11       000000
__Hbank12                                                     bank12       000000
__Hbank13                                                     bank13       000000
__Hbank14                                                     bank14       000000
__Hbank15                                                     bank15       000000
__Hbank16                                                     bank16       000000
__Hbank17                                                     bank17       000000
__Hbank18                                                     bank18       000000
__Hbank19                                                     bank19       000000
__Hbank20                                                     bank20       000000
__Hbank21                                                     bank21       000000
__Hbank22                                                     bank22       000000
__Hbank23                                                     bank23       000000
__Hbank24                                                     bank24       000000
__Hbank25                                                     bank25       000000
__Hbank26                                                     bank26       000000
__Hbank27                                                     bank27       000000
__Hbank28                                                     bank28       000000
__Hbank29                                                     bank29       000000
__Hbank30                                                     bank30       000000
__Hbank31                                                     bank31       000000
__Hbank32                                                     bank32       000000
__Hbank33                                                     bank33       000000
__Hbank34                                                     bank34       000000
__Hbank35                                                     bank35       000000
__Hbank36                                                     bank36       000000
__Hbank37                                                     bank37       000000
__Hbank5                                                      bank5        000000
__Hbank6                                                      bank6        000000
__Hbank7                                                      bank7        000000
__Hbank8                                                      bank8        000000
__Hbank9                                                      bank9        000000
__Hbigbss                                                     bigbss       000000
__Hbigdata                                                    bigdata      000000
__Hbigram                                                     bigram       000000
__Hbss                                                        bss          000000
__HbssCOMRAM                                                  bssCOMRAM    000000
__Hcinit                                                      cinit        000000
__Hclrtext                                                    clrtext      000000
__Hcomram                                                     comram       000000
__Hconfig                                                     config       300024
__Hconst                                                      const        000000
__HcstackCOMRAM                                               cstackCOMRAM 000000
__Hdata                                                       data         000000
__Heeprom_data                                                eeprom_data  000000
__Hfarbss                                                     farbss       000000
__Hfardata                                                    fardata      000000
__Hibigdata                                                   ibigdata     000000
__Hidata                                                      idata        000000
__Hidloc                                                      idloc        200020
__Hifardata                                                   ifardata     000000
__Hinit                                                       init         00001E
__Hintsave_regs                                               intsave_regs 000000
__Hirdata                                                     irdata       000000
__Hivt0x8                                                     ivt0x8       00001A
__Hmediumconst                                                mediumconst  000000
__HnvCOMRAM                                                   nvCOMRAM     000000
__HnvFARRAM                                                   nvFARRAM     000000
__Hnvbit                                                      nvbit        000000
__Hnvrram                                                     nvrram       000000
__Hparam                                                      rparam       000000
__Hpowerup                                                    powerup      000000
__Hram                                                        ram          000000
__Hramtop                                                     ramtop       002600
__Hrbit                                                       rbit         000000
__Hrbss                                                       rbss         000000
__Hrdata                                                      rdata        000000
__Hreset_vec                                                  reset_vec    000004
__Hrparam                                                     rparam       000000
__Hsfr                                                        sfr          000000
__Hsmallconst                                                 smallconst   00260E
__Hspace_0                                                    (abs)        002EB2
__Hspace_1                                                    (abs)        000530
__Hspace_2                                                    (abs)        000000
__Hspace_4                                                    (abs)        600024
__Hstack                                                      stack        000000
__Hstruct                                                     struct       000000
__Htemp                                                       temp         000000
__Htext                                                       text         000000
__Htext0                                                      text0        000000
__Htext1                                                      text1        000000
__Htext10                                                     text10       000000
__Htext11                                                     text11       000000
__Htext12                                                     text12       000000
__Htext13                                                     text13       000000
__Htext14                                                     text14       000000
__Htext15                                                     text15       000000
__Htext16                                                     text16       000000
__Htext17                                                     text17       000000
__Htext18                                                     text18       000000
__Htext19                                                     text19       000000
__Htext2                                                      text2        000000
__Htext20                                                     text20       000000
__Htext21                                                     text21       000000
__Htext22                                                     text22       000000
__Htext23                                                     text23       000000
__Htext24                                                     text24       000000
__Htext25                                                     text25       000000
__Htext26                                                     text26       000000
__Htext27                                                     text27       000000
__Htext28                                                     text28       000000
__Htext29                                                     text29       000000
__Htext3                                                      text3        000000
__Htext30                                                     text30       000000
__Htext31                                                     text31       000000
__Htext32                                                     text32       000000
__Htext33                                                     text33       000000
__Htext34                                                     text34       000000
__Htext35                                                     text35       000000
__Htext36                                                     text36       000000
__Htext37                                                     text37       000000
__Htext38                                                     text38       000000
__Htext39                                                     text39       000000
__Htext4                                                      text4        000000
__Htext40                                                     text40       000000
__Htext41                                                     text41       000000
__Htext42                                                     text42       000000
__Htext43                                                     text43       000000
__Htext44                                                     text44       000000
__Htext45                                                     text45       000000
__Htext46                                                     text46       000000
__Htext47                                                     text47       000000
__Htext48                                                     text48       000000
__Htext49                                                     text49       000000
__Htext5                                                      text5        000000
__Htext50                                                     text50       000000
__Htext51                                                     text51       000000
__Htext52                                                     text52       000000
__Htext53                                                     text53       000000
__Htext54                                                     text54       000000
__Htext55                                                     text55       000000
__Htext56                                                     text56       000000
__Htext57                                                     text57       000000
__Htext6                                                      text6        000000
__Htext7                                                      text7        000000
__Htext8                                                      text8        000000
__Htext9                                                      text9        000000
__LRAM                                                        (abs)        000001
__Labs1                                                       abs1         000000
__Lbank10                                                     bank10       000000
__Lbank11                                                     bank11       000000
__Lbank12                                                     bank12       000000
__Lbank13                                                     bank13       000000
__Lbank14                                                     bank14       000000
__Lbank15                                                     bank15       000000
__Lbank16                                                     bank16       000000
__Lbank17                                                     bank17       000000
__Lbank18                                                     bank18       000000
__Lbank19                                                     bank19       000000
__Lbank20                                                     bank20       000000
__Lbank21                                                     bank21       000000
__Lbank22                                                     bank22       000000
__Lbank23                                                     bank23       000000
__Lbank24                                                     bank24       000000
__Lbank25                                                     bank25       000000
__Lbank26                                                     bank26       000000
__Lbank27                                                     bank27       000000
__Lbank28                                                     bank28       000000
__Lbank29                                                     bank29       000000
__Lbank30                                                     bank30       000000
__Lbank31                                                     bank31       000000
__Lbank32                                                     bank32       000000
__Lbank33                                                     bank33       000000
__Lbank34                                                     bank34       000000
__Lbank35                                                     bank35       000000
__Lbank36                                                     bank36       000000
__Lbank37                                                     bank37       000000
__Lbank5                                                      bank5        000000
__Lbank6                                                      bank6        000000
__Lbank7                                                      bank7        000000
__Lbank8                                                      bank8        000000
__Lbank9                                                      bank9        000000
__Lbigbss                                                     bigbss       000000
__Lbigdata                                                    bigdata      000000
__Lbigram                                                     bigram       000000
__Lbss                                                        bss          000000
__LbssCOMRAM                                                  bssCOMRAM    000000
__Lcinit                                                      cinit        000000
__Lclrtext                                                    clrtext      000000
__Lcomram                                                     comram       000000
__Lconfig                                                     config       000000
__Lconst                                                      const        000000
__LcstackCOMRAM                                               cstackCOMRAM 000000
__Ldata                                                       data         000000
__Leeprom_data                                                eeprom_data  000000
__Lfarbss                                                     farbss       000000
__Lfardata                                                    fardata      000000
__Libigdata                                                   ibigdata     000000
__Lidata                                                      idata        000000
__Lidloc                                                      idloc        000000
__Lifardata                                                   ifardata     000000
__Linit                                                       init         00001A
__Lintsave_regs                                               intsave_regs 000000
__Lirdata                                                     irdata       000000
__Livt0x8                                                     ivt0x8       000008
__Lmediumconst                                                mediumconst  000000
__LnvCOMRAM                                                   nvCOMRAM     000000
__LnvFARRAM                                                   nvFARRAM     000000
__Lnvbit                                                      nvbit        000000
__Lnvrram                                                     nvrram       000000
__Lparam                                                      rparam       000000
__Lpowerup                                                    powerup      000000
__Lram                                                        ram          000000
__Lramtop                                                     ramtop       002600
__Lrbit                                                       rbit         000000
__Lrbss                                                       rbss         000000
__Lrdata                                                      rdata        000000
__Lreset_vec                                                  reset_vec    000000
__Lrparam                                                     rparam       000000
__Lsfr                                                        sfr          000000
__Lsmallconst                                                 smallconst   002600
__Lspace_0                                                    (abs)        000000
__Lspace_1                                                    (abs)        000000
__Lspace_2                                                    (abs)        000000
__Lspace_4                                                    (abs)        000000
__Lstack                                                      stack        000000
__Lstruct                                                     struct       000000
__Ltemp                                                       temp         000000
__Ltext                                                       text         000000
__Ltext0                                                      text0        000000
__Ltext1                                                      text1        000000
__Ltext10                                                     text10       000000
__Ltext11                                                     text11       000000
__Ltext12                                                     text12       000000
__Ltext13                                                     text13       000000
__Ltext14                                                     text14       000000
__Ltext15                                                     text15       000000
__Ltext16                                                     text16       000000
__Ltext17                                                     text17       000000
__Ltext18                                                     text18       000000
__Ltext19                                                     text19       000000
__Ltext2                                                      text2        000000
__Ltext20                                                     text20       000000
__Ltext21                                                     text21       000000
__Ltext22                                                     text22       000000
__Ltext23                                                     text23       000000
__Ltext24                                                     text24       000000
__Ltext25                                                     text25       000000
__Ltext26                                                     text26       000000
__Ltext27                                                     text27       000000
__Ltext28                                                     text28       000000
__Ltext29                                                     text29       000000
__Ltext3                                                      text3        000000
__Ltext30                                                     text30       000000
__Ltext31                                                     text31       000000
__Ltext32                                                     text32       000000
__Ltext33                                                     text33       000000
__Ltext34                                                     text34       000000
__Ltext35                                                     text35       000000
__Ltext36                                                     text36       000000
__Ltext37                                                     text37       000000
__Ltext38                                                     text38       000000
__Ltext39                                                     text39       000000
__Ltext4                                                      text4        000000
__Ltext40                                                     text40       000000
__Ltext41                                                     text41       000000
__Ltext42                                                     text42       000000
__Ltext43                                                     text43       000000
__Ltext44                                                     text44       000000
__Ltext45                                                     text45       000000
__Ltext46                                                     text46       000000
__Ltext47                                                     text47       000000
__Ltext48                                                     text48       000000
__Ltext49                                                     text49       000000
__Ltext5                                                      text5        000000
__Ltext50                                                     text50       000000
__Ltext51                                                     text51       000000
__Ltext52                                                     text52       000000
__Ltext53                                                     text53       000000
__Ltext54                                                     text54       000000
__Ltext55                                                     text55       000000
__Ltext56                                                     text56       000000
__Ltext57                                                     text57       000000
__Ltext6                                                      text6        000000
__Ltext7                                                      text7        000000
__Ltext8                                                      text8        000000
__Ltext9                                                      text9        000000
__S0                                                          (abs)        002EB2
__S1                                                          (abs)        000530
__S2                                                          (abs)        000000
__S4                                                          (abs)        000000
__S5                                                          (abs)        000000
___inthi_sp                                                   stack        000000
___intlo_sp                                                   stack        000000
___param_bank                                                 (abs)        000000
___rparam_used                                                (abs)        000001
___sp                                                         stack        000000
__accesstop                                                   (abs)        000560
__activetblptr                                                (abs)        000003
__end_of_ADC_Initialize                                       text32       002848
__end_of_ADC_SetADIInterruptHandler                           text35       002E8C
__end_of_ADC_SetActiveClockTuningInterruptHandler             text34       002E82
__end_of_ADC_SetContext1ThresholdInterruptHandler             text33       002E78
__end_of_CAN1_BitRateConfiguration                            text31       002DBA
__end_of_CAN1_ErrorNotificationInterruptEnable                text25       002AE8
__end_of_CAN1_ISR                                             text51       0026E6
__end_of_CAN1_Initialize                                      text22       002B30
__end_of_CAN1_OperationModeGet                                text24       002E3C
__end_of_CAN1_OperationModeSet                                text23       002A94
__end_of_CAN1_SetBusErrorInterruptHandler                     text30       002E6E
__end_of_CAN1_SetBusWakeUpActivityInterruptHandler            text29       002E64
__end_of_CAN1_SetInvalidMessageInterruptHandler               text28       002E5A
__end_of_CAN1_SetModeChangeInterruptHandler                   text27       002E50
__end_of_CAN1_SetSystemErrorInterruptHandler                  text26       002E46
__end_of_DELAY_milliseconds                                   text36       002C04
__end_of_DLC_BYTES                                            smallconst   00260A
__end_of_DefaultBusErrorHandler                               text56       002EB2
__end_of_DefaultBusWakeUpActivityHandler                      text55       002EB0
__end_of_DefaultInvalidMessageHandler                         text54       002EAE
__end_of_DefaultModeChangeHandler                             text53       002EAC
__end_of_DefaultSystemErrorHandler                            text52       002EAA
__end_of_EXT_INT_Initialize                                   text20       002DA6
__end_of_FIFO                                                 smallconst   00260C
__end_of_INT0_CallBack                                        text49       002CE2
__end_of_INT0_DefaultInterruptHandler                         text50       002EA8
__end_of_INT0_ISR                                             text48       002E9C
__end_of_INT0_SetInterruptHandler                             text21       002E32
__end_of_INTERRUPT_Initialize                                 text19       002EA0
__end_of_INTERRUPT_InterruptManager                           text37       00279C
__end_of_OSCILLATOR_Initialize                                text18       002D92
__end_of_PIN_MANAGER_Initialize                               text17       002960
__end_of_PMD_Initialize                                       text16       002D34
__end_of_PWM1_16BIT_Initialize                                text12       002A3C
__end_of_PWM1_16BIT_Period_SetInterruptHandler                text15       002E28
__end_of_PWM1_16BIT_Slice1Output1_SetInterruptHandler         text14       002E1E
__end_of_PWM1_16BIT_Slice1Output2_SetInterruptHandler         text13       002E14
__end_of_PWM2_16BIT_Initialize                                text8        0029CE
__end_of_PWM2_16BIT_Period_SetInterruptHandler                text11       002E0A
__end_of_PWM2_16BIT_Slice1Output1_SetInterruptHandler         text10       002E00
__end_of_PWM2_16BIT_Slice1Output2_SetInterruptHandler         text9        002DF6
__end_of_SYSTEM_Initialize                                    text1        002BA8
__end_of_TMR0_CallBack                                        text46       002CB6
__end_of_TMR0_DefaultInterruptHandler                         text47       002EA6
__end_of_TMR0_ISR                                             text45       002E94
__end_of_TMR0_Initialize                                      text6        002D5A
__end_of_TMR0_SetInterruptHandler                             text7        002DEC
__end_of_TMR1_CallBack                                        text43       002C8A
__end_of_TMR1_DefaultInterruptHandler                         text44       002EA4
__end_of_TMR1_ISR                                             text41       002DCE
__end_of_TMR1_Initialize                                      text4        002B76
__end_of_TMR1_SetInterruptHandler                             text5        002DE2
__end_of_TMR1_WriteTimer                                      text42       002C32
__end_of_TMR2_CallBack                                        text39       002C5E
__end_of_TMR2_DefaultInterruptHandler                         text40       002EA2
__end_of_TMR2_ISR                                             text38       002D0C
__end_of_TMR2_Initialize                                      text2        002BD6
__end_of_TMR2_SetInterruptHandler                             text3        002DD8
__end_of__initialization                                      cinit        002D74
__end_of_main                                                 text0        0028EE
__initialization                                              cinit        002D5A
__mediumconst                                                 mediumconst  000000
__pbssCOMRAM                                                  bssCOMRAM    000517
__pcinit                                                      cinit        002D5A
__pcstackCOMRAM                                               cstackCOMRAM 000529
__pivt0x8                                                     ivt0x8       000008
__pnvCOMRAM                                                   nvCOMRAM     000501
__psmallconst                                                 smallconst   002600
__ptext0                                                      text0        002848
__ptext1                                                      text1        002B76
__ptext10                                                     text10       002DF6
__ptext11                                                     text11       002E00
__ptext12                                                     text12       0029CE
__ptext13                                                     text13       002E0A
__ptext14                                                     text14       002E14
__ptext15                                                     text15       002E1E
__ptext16                                                     text16       002D0C
__ptext17                                                     text17       0028EE
__ptext18                                                     text18       002D7A
__ptext19                                                     text19       002E9C
__ptext2                                                      text2        002BA8
__ptext20                                                     text20       002D92
__ptext21                                                     text21       002E28
__ptext22                                                     text22       002AE8
__ptext23                                                     text23       002A3C
__ptext24                                                     text24       002E32
__ptext25                                                     text25       002A94
__ptext26                                                     text26       002E3C
__ptext27                                                     text27       002E46
__ptext28                                                     text28       002E50
__ptext29                                                     text29       002E5A
__ptext3                                                      text3        002DCE
__ptext30                                                     text30       002E64
__ptext31                                                     text31       002DA6
__ptext32                                                     text32       00279C
__ptext33                                                     text33       002E6E
__ptext34                                                     text34       002E78
__ptext35                                                     text35       002E82
__ptext36                                                     text36       002BD6
__ptext37                                                     text37       0026E6
__ptext38                                                     text38       002CE2
__ptext39                                                     text39       002C32
__ptext4                                                      text4        002B30
__ptext40                                                     text40       002EA0
__ptext41                                                     text41       002DBA
__ptext42                                                     text42       002C04
__ptext43                                                     text43       002C5E
__ptext44                                                     text44       002EA2
__ptext45                                                     text45       002E8C
__ptext46                                                     text46       002C8A
__ptext47                                                     text47       002EA4
__ptext48                                                     text48       002E94
__ptext49                                                     text49       002CB6
__ptext5                                                      text5        002DD8
__ptext50                                                     text50       002EA6
__ptext51                                                     text51       00260E
__ptext52                                                     text52       002EA8
__ptext53                                                     text53       002EAA
__ptext54                                                     text54       002EAC
__ptext55                                                     text55       002EAE
__ptext56                                                     text56       002EB0
__ptext57                                                     text57       000000
__ptext6                                                      text6        002D34
__ptext7                                                      text7        002DE2
__ptext8                                                      text8        002960
__ptext9                                                      text9        002DEC
__ramtop                                                      ramtop       002600
__size_of_ADC_Initialize                                      (abs)        000000
__size_of_ADC_SetADIInterruptHandler                          (abs)        000000
__size_of_ADC_SetActiveClockTuningInterruptHandler            (abs)        000000
__size_of_ADC_SetContext1ThresholdInterruptHandler            (abs)        000000
__size_of_CAN1_BitRateConfiguration                           (abs)        000000
__size_of_CAN1_ErrorNotificationInterruptEnable               (abs)        000000
__size_of_CAN1_ISR                                            (abs)        000000
__size_of_CAN1_Initialize                                     (abs)        000000
__size_of_CAN1_OperationModeGet                               (abs)        000000
__size_of_CAN1_OperationModeSet                               (abs)        000000
__size_of_CAN1_SetBusErrorInterruptHandler                    (abs)        000000
__size_of_CAN1_SetBusWakeUpActivityInterruptHandler           (abs)        000000
__size_of_CAN1_SetInvalidMessageInterruptHandler              (abs)        000000
__size_of_CAN1_SetModeChangeInterruptHandler                  (abs)        000000
__size_of_CAN1_SetSystemErrorInterruptHandler                 (abs)        000000
__size_of_DELAY_milliseconds                                  (abs)        000000
__size_of_DefaultBusErrorHandler                              (abs)        000000
__size_of_DefaultBusWakeUpActivityHandler                     (abs)        000000
__size_of_DefaultInvalidMessageHandler                        (abs)        000000
__size_of_DefaultModeChangeHandler                            (abs)        000000
__size_of_DefaultSystemErrorHandler                           (abs)        000000
__size_of_EXT_INT_Initialize                                  (abs)        000000
__size_of_INT0_CallBack                                       (abs)        000000
__size_of_INT0_DefaultInterruptHandler                        (abs)        000000
__size_of_INT0_ISR                                            (abs)        000000
__size_of_INT0_SetInterruptHandler                            (abs)        000000
__size_of_INTERRUPT_Initialize                                (abs)        000000
__size_of_INTERRUPT_InterruptManager                          (abs)        000000
__size_of_OSCILLATOR_Initialize                               (abs)        000000
__size_of_PIN_MANAGER_Initialize                              (abs)        000000
__size_of_PMD_Initialize                                      (abs)        000000
[...]
      Temps:          0       0       0       0       0       0       0       0       0       0       0       0       0       0       0       0       0       0       0       0       0       0       0       0       0       0       0       0       0       0       0       0       0       0
      Totals:         0       0       0       0       0       0       0       0       0       0       0       0       0       0       0       0       0       0       0       0       0       0       0       0       0       0       0       0       0       0       0       0       0       0
Total ram usage:        0 bytes
 Hardware stack levels used:    1
 Hardware stack levels required when called:    1
 This function calls:
		Absolute function
		_INT0_DefaultInterruptHandler
 This function is called by:
		_INT0_ISR
 This function uses a non-reentrant model


 *************** function _INT0_DefaultInterruptHandler *****************
 Defined at:
		line 54 in file "mcc_generated_files/ext_int.c"
 Parameters:    Size  Location     Type
		None
 Auto vars:     Size  Location     Type
		None
 Return value:  Size  Location     Type
                  1    wreg      void 
 Registers used:
		None
 Tracked objects:
		On entry : 
		On exit  : 
		Unchanged: 
 Data sizes:     COMRAM   BANK5   BANK6   BANK7   BANK8   BANK9  BANK10  BANK11  BANK12  BANK13  BANK14  BANK15  BANK16  BANK17  BANK18  BANK19  BANK20  BANK21  BANK22  BANK23  BANK24  BANK25  BANK26  BANK27  BANK28  BANK29  BANK30  BANK31  BANK32  BANK33  BANK34  BANK35  BANK36  BANK37
      Params:         0       0       0       0       0       0       0       0       0       0       0       0       0       0       0       0       0       0       0       0       0       0       0       0       0       0       0       0       0       0       0       0       0       0
      Locals:         0       0       0       0       0       0       0       0       0       0       0       0       0       0       0       0       0       0       0       0       0       0       0       0       0       0       0       0       0       0       0       0       0       0
      Temps:          0       0       0       0       0       0       0       0       0       0       0       0       0       0       0       0       0       0       0       0       0       0       0       0       0       0       0       0       0       0       0       0       0       0
      Totals:         0       0       0       0       0       0       0       0       0       0       0       0       0       0       0       0       0       0       0       0       0       0       0       0       0       0       0       0       0       0       0       0       0       0
Total ram usage:        0 bytes
 Hardware stack levels used:    1
 This function calls:
		Nothing
 This function is called by:
		_EXT_INT_Initialize
		_INT0_CallBack
 This function uses a non-reentrant model


 *************** function _CAN1_ISR *****************
 Defined at:
		line 282 in file "mcc_generated_files/can1.c"
 Parameters:    Size  Location     Type
		None
 Auto vars:     Size  Location     Type
		None
 Return value:  Size  Location     Type
                  1    wreg      void 
 Registers used:
		wreg, pclath, tosl, cstack
 Tracked objects:
		On entry : 
		On exit  : 
		Unchanged: 
 Data sizes:     COMRAM   BANK5   BANK6   BANK7   BANK8   BANK9  BANK10  BANK11  BANK12  BANK13  BANK14  BANK15  BANK16  BANK17  BANK18  BANK19  BANK20  BANK21  BANK22  BANK23  BANK24  BANK25  BANK26  BANK27  BANK28  BANK29  BANK30  BANK31  BANK32  BANK33  BANK34  BANK35  BANK36  BANK37
      Params:         0       0       0       0       0       0       0       0       0       0       0       0       0       0       0       0       0       0       0       0       0       0       0       0       0       0       0       0       0       0       0       0       0       0
      Locals:         0       0       0       0       0       0       0       0       0       0       0       0       0       0       0       0       0       0       0       0       0       0       0       0       0       0       0       0       0       0       0       0       0       0
      Temps:          0       0       0       0       0       0       0       0       0       0       0       0       0       0       0       0       0       0       0       0       0       0       0       0       0       0       0       0       0       0       0       0       0       0
      Totals:         0       0       0       0       0       0       0       0       0       0       0       0       0       0       0       0       0       0       0       0       0       0       0       0       0       0       0       0       0       0       0       0       0       0
Total ram usage:        0 bytes
 Hardware stack levels used:    1
 Hardware stack levels required when called:    1
 This function calls:
		Absolute function
		_DefaultBusErrorHandler
		_DefaultBusWakeUpActivityHandler
		_DefaultInvalidMessageHandler
		_DefaultModeChangeHandler
		_DefaultSystemErrorHandler
 This function is called by:
		_INTERRUPT_InterruptManager
 This function uses a non-reentrant model


 *************** function _DefaultSystemErrorHandler *****************
 Defined at:
		line 107 in file "mcc_generated_files/can1.c"
 Parameters:    Size  Location     Type
		None
 Auto vars:     Size  Location     Type
		None
 Return value:  Size  Location     Type
                  1    wreg      void 
 Registers used:
		None
 Tracked objects:
		On entry : 
		On exit  : 
		Unchanged: 
 Data sizes:     COMRAM   BANK5   BANK6   BANK7   BANK8   BANK9  BANK10  BANK11  BANK12  BANK13  BANK14  BANK15  BANK16  BANK17  BANK18  BANK19  BANK20  BANK21  BANK22  BANK23  BANK24  BANK25  BANK26  BANK27  BANK28  BANK29  BANK30  BANK31  BANK32  BANK33  BANK34  BANK35  BANK36  BANK37
      Params:         0       0       0       0       0       0       0       0       0       0       0       0       0       0       0       0       0       0       0       0       0       0       0       0       0       0       0       0       0       0       0       0       0       0
      Locals:         0       0       0       0       0       0       0       0       0       0       0       0       0       0       0       0       0       0       0       0       0       0       0       0       0       0       0       0       0       0       0       0       0       0
      Temps:          0       0       0       0       0       0       0       0       0       0       0       0       0       0       0       0       0       0       0       0       0       0       0       0       0       0       0       0       0       0       0       0       0       0
      Totals:         0       0       0       0       0       0       0       0       0       0       0       0       0       0       0       0       0       0       0       0       0       0       0       0       0       0       0       0       0       0       0       0       0       0
Total ram usage:        0 bytes
 Hardware stack levels used:    1
 This function calls:
		Nothing
 This function is called by:
		_CAN1_ErrorNotificationInterruptEnable
		_CAN1_ISR
 This function uses a non-reentrant model


 *************** function _DefaultModeChangeHandler *****************
 Defined at:
		line 103 in file "mcc_generated_files/can1.c"
 Parameters:    Size  Location     Type
		None
 Auto vars:     Size  Location     Type
		None
 Return value:  Size  Location     Type
                  1    wreg      void 
 Registers used:
		None
 Tracked objects:
		On entry : 
		On exit  : 
		Unchanged: 
 Data sizes:     COMRAM   BANK5   BANK6   BANK7   BANK8   BANK9  BANK10  BANK11  BANK12  BANK13  BANK14  BANK15  BANK16  BANK17  BANK18  BANK19  BANK20  BANK21  BANK22  BANK23  BANK24  BANK25  BANK26  BANK27  BANK28  BANK29  BANK30  BANK31  BANK32  BANK33  BANK34  BANK35  BANK36  BANK37
      Params:         0       0       0       0       0       0       0       0       0       0       0       0       0       0       0       0       0       0       0       0       0       0       0       0       0       0       0       0       0       0       0       0       0       0
      Locals:         0       0       0       0       0       0       0       0       0       0       0       0       0       0       0       0       0       0       0       0       0       0       0       0       0       0       0       0       0       0       0       0       0       0
      Temps:          0       0       0       0       0       0       0       0       0       0       0       0       0       0       0       0       0       0       0       0       0       0       0       0       0       0       0       0       0       0       0       0       0       0
      Totals:         0       0       0       0       0       0       0       0       0       0       0       0       0       0       0       0       0       0       0       0       0       0       0       0       0       0       0       0       0       0       0       0       0       0
Total ram usage:        0 bytes
 Hardware stack levels used:    1
 This function calls:
		Nothing
 This function is called by:
		_CAN1_ErrorNotificationInterruptEnable
		_CAN1_ISR
 This function uses a non-reentrant model


 *************** function _DefaultInvalidMessageHandler *****************
 Defined at:
		line 91 in file "mcc_generated_files/can1.c"
 Parameters:    Size  Location     Type
		None
 Auto vars:     Size  Location     Type
		None
 Return value:  Size  Location     Type
                  1    wreg      void 
 Registers used:
		None
 Tracked objects:
		On entry : 
		On exit  : 
		Unchanged: 
 Data sizes:     COMRAM   BANK5   BANK6   BANK7   BANK8   BANK9  BANK10  BANK11  BANK12  BANK13  BANK14  BANK15  BANK16  BANK17  BANK18  BANK19  BANK20  BANK21  BANK22  BANK23  BANK24  BANK25  BANK26  BANK27  BANK28  BANK29  BANK30  BANK31  BANK32  BANK33  BANK34  BANK35  BANK36  BANK37
      Params:         0       0       0       0       0       0       0       0       0       0       0       0       0       0       0       0       0       0       0       0       0       0       0       0       0       0       0       0       0       0       0       0       0       0
      Locals:         0       0       0       0       0       0       0       0       0       0       0       0       0       0       0       0       0       0       0       0       0       0       0       0       0       0       0       0       0       0       0       0       0       0
      Temps:          0       0       0       0       0       0       0       0       0       0       0       0       0       0       0       0       0       0       0       0       0       0       0       0       0       0       0       0       0       0       0       0       0       0
      Totals:         0       0       0       0       0       0       0       0       0       0       0       0       0       0       0       0       0       0       0       0       0       0       0       0       0       0       0       0       0       0       0       0       0       0
Total ram usage:        0 bytes
 Hardware stack levels used:    1
 This function calls:
		Nothing
 This function is called by:
		_CAN1_ErrorNotificationInterruptEnable
		_CAN1_ISR
 This function uses a non-reentrant model


 *************** function _DefaultBusWakeUpActivityHandler *****************
 Defined at:
		line 95 in file "mcc_generated_files/can1.c"
 Parameters:    Size  Location     Type
		None
 Auto vars:     Size  Location     Type
		None
 Return value:  Size  Location     Type
                  1    wreg      void 
 Registers used:
		None
 Tracked objects:
		On entry : 
		On exit  : 
		Unchanged: 
 Data sizes:     COMRAM   BANK5   BANK6   BANK7   BANK8   BANK9  BANK10  BANK11  BANK12  BANK13  BANK14  BANK15  BANK16  BANK17  BANK18  BANK19  BANK20  BANK21  BANK22  BANK23  BANK24  BANK25  BANK26  BANK27  BANK28  BANK29  BANK30  BANK31  BANK32  BANK33  BANK34  BANK35  BANK36  BANK37
      Params:         0       0       0       0       0       0       0       0       0       0       0       0       0       0       0       0       0       0       0       0       0       0       0       0       0       0       0       0       0       0       0       0       0       0
      Locals:         0       0       0       0       0       0       0       0       0       0       0       0       0       0       0       0       0       0       0       0       0       0       0       0       0       0       0       0       0       0       0       0       0       0
      Temps:          0       0       0       0       0       0       0       0       0       0       0       0       0       0       0       0       0       0       0       0       0       0       0       0       0       0       0       0       0       0       0       0       0       0
      Totals:         0       0       0       0       0       0       0       0       0       0       0       0       0       0       0       0       0       0       0       0       0       0       0       0       0       0       0       0       0       0       0       0       0       0
Total ram usage:        0 bytes
 Hardware stack levels used:    1
 This function calls:
		Nothing
 This function is called by:
		_CAN1_ErrorNotificationInterruptEnable
		_CAN1_ISR
 This function uses a non-reentrant model


 *************** function _DefaultBusErrorHandler *****************
 Defined at:
		line 99 in file "mcc_generated_files/can1.c"
 Parameters:    Size  Location     Type
		None
 Auto vars:     Size  Location     Type
		None
 Return value:  Size  Location     Type
                  1    wreg      void 
 Registers used:
		None
 Tracked objects:
		On entry : 
		On exit  : 
		Unchanged: 
 Data sizes:     COMRAM   BANK5   BANK6   BANK7   BANK8   BANK9  BANK10  BANK11  BANK12  BANK13  BANK14  BANK15  BANK16  BANK17  BANK18  BANK19  BANK20  BANK21  BANK22  BANK23  BANK24  BANK25  BANK26  BANK27  BANK28  BANK29  BANK30  BANK31  BANK32  BANK33  BANK34  BANK35  BANK36  BANK37
      Params:         0       0       0       0       0       0       0       0       0       0       0       0       0       0       0       0       0       0       0       0       0       0       0       0       0       0       0       0       0       0       0       0       0       0
      Locals:         0       0       0       0       0       0       0       0       0       0       0       0       0       0       0       0       0       0       0       0       0       0       0       0       0       0       0       0       0       0       0       0       0       0
      Temps:          0       0       0       0       0       0       0       0       0       0       0       0       0       0       0       0       0       0       0       0       0       0       0       0       0       0       0       0       0       0       0       0       0       0
      Totals:         0       0       0       0       0       0       0       0       0       0       0       0       0       0       0       0       0       0       0       0       0       0       0       0       0       0       0       0       0       0       0       0       0       0
Total ram usage:        0 bytes
 Hardware stack levels used:    1
 This function calls:
		Nothing
 This function is called by:
		_CAN1_ErrorNotificationInterruptEnable
		_CAN1_ISR
 This function uses a non-reentrant model



MODULE INFORMATION

Module		Function		Class		Link	Load	Size
mcc_generated_files/can1.c
		_CAN1_BitRateConfiguration		CODE           	2DA6	0000	20
		_CAN1_SetInvalidMessageInterruptHandler		CODE           	2E50	0000	10
		_CAN1_ISR      		CODE           	260E	0000	216
		_DefaultBusErrorHandler		CODE           	2EB0	0000	2
		_CAN1_OperationModeGet		CODE           	2E32	0000	10
		_CAN1_Initialize		CODE           	2AE8	0000	72
		_DefaultInvalidMessageHandler		CODE           	2EAC	0000	2
		_DefaultBusWakeUpActivityHandler		CODE           	2EAE	0000	2
		_CAN1_SetBusErrorInterruptHandler		CODE           	2E64	0000	10
		_CAN1_SetSystemErrorInterruptHandler		CODE           	2E3C	0000	10
		_DefaultSystemErrorHandler		CODE           	2EA8	0000	2
		_CAN1_ErrorNotificationInterruptEnable		CODE           	2A94	0000	84
		_CAN1_SetBusWakeUpActivityInterruptHandler		CODE           	2E5A	0000	10
		_CAN1_OperationModeSet		CODE           	2A3C	0000	88
		_CAN1_SetModeChangeInterruptHandler		CODE           	2E46	0000	10
		_DefaultModeChangeHandler		CODE           	2EAA	0000	2

mcc_generated_files/can1.c estimated size: 550

mcc_generated_files/pwm2_16bit.c
		_PWM2_16BIT_Period_SetInterruptHandler		CODE           	2E00	0000	10
		_PWM2_16BIT_Slice1Output1_SetInterruptHandler		CODE           	2DF6	0000	10
		_PWM2_16BIT_Slice1Output2_SetInterruptHandler		CODE           	2DEC	0000	10
		_PWM2_16BIT_Initialize		CODE           	2960	0000	110

mcc_generated_files/pwm2_16bit.c estimated size: 140

mcc_generated_files/tmr2.c
		_TMR2_ISR      		CODE           	2CE2	0000	42
		_TMR2_Initialize		CODE           	2BA8	0000	46
		_TMR2_SetInterruptHandler		CODE           	2DCE	0000	10
		_TMR2_DefaultInterruptHandler		CODE           	2EA0	0000	2
		_TMR2_CallBack 		CODE           	2C32	0000	44

mcc_generated_files/tmr2.c estimated size: 144

mcc_generated_files/interrupt_manager.c
		_INTERRUPT_Initialize		CODE           	2E9C	0000	4
		_INTERRUPT_InterruptManager		CODE           	26E6	0000	182

mcc_generated_files/interrupt_manager.c estimated size: 186

mcc_generated_files/tmr0.c
		_TMR0_SetInterruptHandler		CODE           	2DE2	0000	10
		_TMR0_DefaultInterruptHandler		CODE           	2EA4	0000	2
		_TMR0_CallBack 		CODE           	2C8A	0000	44
		_TMR0_ISR      		CODE           	2E8C	0000	8
		_TMR0_Initialize		CODE           	2D34	0000	38

mcc_generated_files/tmr0.c estimated size: 102

mcc_generated_files/pin_manager.c
		_PIN_MANAGER_Initialize		CODE           	28EE	0000	114

mcc_generated_files/pin_manager.c estimated size: 114

mcc_generated_files/adc.c
		_ADC_Initialize		CODE           	279C	0000	172
		_ADC_SetActiveClockTuningInterruptHandler		CODE           	2E78	0000	10
		_ADC_SetADIInterruptHandler		CODE           	2E82	0000	10
		_ADC_SetContext1ThresholdInterruptHandler		CODE           	2E6E	0000	10

mcc_generated_files/adc.c estimated size: 202

mcc_generated_files/ext_int.c
		_INT0_SetInterruptHandler		CODE           	2E28	0000	10
		_EXT_INT_Initialize		CODE           	2D92	0000	20
		_INT0_DefaultInterruptHandler		CODE           	2EA6	0000	2
		_INT0_CallBack 		CODE           	2CB6	0000	44
		_INT0_ISR      		CODE           	2E94	0000	8

mcc_generated_files/ext_int.c estimated size: 84

mcc_generated_files/pwm1_16bit.c
		_PWM1_16BIT_Period_SetInterruptHandler		CODE           	2E1E	0000	10
		_PWM1_16BIT_Slice1Output1_SetInterruptHandler		CODE           	2E14	0000	10
		_PWM1_16BIT_Slice1Output2_SetInterruptHandler		CODE           	2E0A	0000	10
		_PWM1_16BIT_Initialize		CODE           	29CE	0000	110

mcc_generated_files/pwm1_16bit.c estimated size: 140

shared
		_FIFO          		SMALLCONST     	0000	0000	0
		_DLC_BYTES     		SMALLCONST     	0000	0000	0
		__initialization		CODE           	2D5A	0000	26

shared estimated size: 26

mcc_generated_files/mcc.c
		_PMD_Initialize		CODE           	2D0C	0000	40
		_OSCILLATOR_Initialize		CODE           	2D7A	0000	24
		_SYSTEM_Initialize		CODE           	2B76	0000	50

mcc_generated_files/mcc.c estimated size: 114

mcc_generated_files/tmr1.c
		_TMR1_Initialize		CODE           	2B30	0000	70
		_TMR1_SetInterruptHandler		CODE           	2DD8	0000	10
		_TMR1_DefaultInterruptHandler		CODE           	2EA2	0000	2
		_TMR1_CallBack 		CODE           	2C5E	0000	44
		_TMR1_WriteTimer		CODE           	2C04	0000	46
		_TMR1_ISR      		CODE           	2DBA	0000	20

mcc_generated_files/tmr1.c estimated size: 192

mcc_generated_files/delay.c
		_DELAY_milliseconds		CODE           	2BD6	0000	46

mcc_generated_files/delay.c estimated size: 46

main.c
		_main          		CODE           	2848	0000	166

main.c estimated size: 166

